0
X22.fasta.ref,Len:5099034,GC:64.6959
20HP1591.fasta,Len:5210450,GC:64.6474
20HP1594.fasta,Len:5154741,GC:64.6863
20HP1597.fasta,Len:5301053,GC:64.6478
20HP1608-1.fasta,Len:5266980,GC:64.6614
20HP1608-2.fasta,Len:5266499,GC:64.6612
20HP1614.fasta,Len:5266569,GC:64.6612
20HP1615.fasta,Len:5302204,GC:64.6477
62XEKK5.fasta,Len:5205009,GC:64.6552
66b.fasta,Len:5425672,GC:64.5558
69-1.fasta,Len:5219494,GC:64.669
87-13.fasta,Len:5353429,GC:64.5291
87-7.fasta,Len:5355706,GC:64.5466
90-13.fasta,Len:5464415,GC:64.463
DC99P1A1.fasta,Len:5336277,GC:64.5399
DC99P1B1.fasta,Len:5338775,GC:64.5395
DOA-1721.fasta,Len:5148520,GC:64.6916
DOA-1726.fasta,Len:5186411,GC:64.6571
DOA-2036.fasta,Len:5169080,GC:64.6763
DOA-2983.fasta,Len:5170136,GC:64.669
DOA-2987.fasta,Len:5192007,GC:64.6535
DOA-2989.fasta,Len:5193182,GC:64.6517
Tu-10.fasta,Len:5154094,GC:64.685
VTM10.fasta,Len:5200389,GC:64.6276
VTM12.fasta,Len:5222390,GC:64.63
VTM15.fasta,Len:5201434,GC:64.626
VTM16.fasta,Len:5272880,GC:64.6555
VTM4.fasta,Len:5203775,GC:64.6483
X13.fasta,Len:5309709,GC:64.5664
X31.fasta,Len:5118264,GC:64.6975
XCVCP-C-43.fasta,Len:5209870,GC:64.6545
XCVCP-C-51.fasta,Len:5163987,GC:64.683
XCVKK-C-1.fasta,Len:5163737,GC:64.6834
XCVKK-C-2.fasta,Len:5212093,GC:64.6533
XCVKK-C-3.fasta,Len:5211535,GC:64.6533
XCVKK-C-4.fasta,Len:5208540,GC:64.6549
XCVKK-C-5.fasta,Len:5211204,GC:64.6536
Xcv_DC_96-3.fasta,Len:5127967,GC:64.6932
Xcv_DC_96-5.fasta,Len:5130044,GC:64.6931
Xcv_DC_97_P1A.fasta,Len:5292497,GC:64.5652
Xe173.fasta,Len:5355868,GC:64.5355
        Finished processing input sequences, elapsed time: 6 seconds

                 Compressed suffix graph construction elapsed time: 0 seconds

parsnp_X22
parsnp_X22/all.mumi
                 MUMi pairwise distance calculation finished: 180 seconds

