
WARNING: The number of threads is currently set to 1
You can specify the number of threads to run via -T numberOfThreads
NumberOfThreads must be set to an integer value greater than 1

RAxML, will now set the number of threads automatically to 2 !

Warning, you specified a working directory via "-w"
Keep in mind that RAxML only accepts absolute path names, not relative ones!

RAxML can't, parse the alignment file as phylip file 
it will now try to parse it as FASTA file



IMPORTANT WARNING: Sequences 20HP1608-1.fasta and 20HP1608-2.fasta are exactly identical


IMPORTANT WARNING: Sequences XCVCP-C-51.fasta and XCVKK-C-5.fasta are exactly identical


IMPORTANT WARNING: Sequences XCVCP-C-51.fasta and XCVKK-C-1.fasta are exactly identical


IMPORTANT WARNING: Sequences XCVKK-C-3.fasta and 62XEKK5.fasta are exactly identical


IMPORTANT WARNING: Sequences 20HP1597.fasta and 20HP1615.fasta are exactly identical

IMPORTANT WARNING
Found 5 sequences that are exactly identical to other sequences in the alignment.
Normally they should be excluded from the analysis.

Just in case you might need it, an alignment file with 
sequence duplicates removed is printed to file parsnp_X22/parsnp.snps.mblocks.reduced


Using BFGS method to optimize GTR rate parameters, to disable this specify "--no-bfgs" 


This is the RAxML Master Pthread

This is RAxML Worker Pthread Number: 1


This is RAxML version 8.2.12 released by Alexandros Stamatakis on May 2018.

With greatly appreciated code contributions by:
Andre Aberer      (HITS)
Simon Berger      (HITS)
Alexey Kozlov     (HITS)
Kassian Kobert    (HITS)
David Dao         (KIT and HITS)
Sarah Lutteropp   (KIT and HITS)
Nick Pattengale   (Sandia)
Wayne Pfeiffer    (SDSC)
Akifumi S. Tanabe (NRIFS)
Charlie Taylor    (UF)


Alignment has 457 distinct alignment patterns

Proportion of gaps and completely undetermined characters in this alignment: 0.00%

RAxML rapid hill-climbing mode

Using 1 distinct models/data partitions with joint branch length optimization


Executing 1 inferences on the original alignment using 1 distinct randomized MP trees

All free model parameters will be estimated by RAxML
ML estimate of 25 per site rate categories

Likelihood of final tree will be evaluated and optimized under GAMMA

GAMMA Model parameters will be estimated up to an accuracy of 0.1000000000 Log Likelihood units

Partition: 0
Alignment Patterns: 457
Name: No Name Provided
DataType: DNA
Substitution Matrix: GTR




RAxML was called as follows:

raxmlHPC-PTHREADS -m GTRCAT -p 12345 -T 1 -s parsnp_X22/parsnp.snps.mblocks -w /data/djs217/tmp/tmpsml422wq -n OUTPUT 


Partition: 0 with name: No Name Provided
Base frequencies: 0.216 0.269 0.299 0.216 

Inference[0]: Time 0.913758 CAT-based likelihood -13855.654561, best rearrangement setting 5


Conducting final model optimizations on all 1 trees under GAMMA-based models ....


WARNING the alpha parameter with a value of 12.879614 estimated by RAxML for partition number 0 with the name "No Name Provided"
is larger than 10.000000. You should do a model test and confirm that you actually need to incorporate a model of rate heterogeneity!
You can run inferences with a plain substitution model (without rate heterogeneity) by specifyng the CAT model and the "-V" option!


WARNING the alpha parameter with a value of 29.699451 estimated by RAxML for partition number 0 with the name "No Name Provided"
is larger than 10.000000. You should do a model test and confirm that you actually need to incorporate a model of rate heterogeneity!
You can run inferences with a plain substitution model (without rate heterogeneity) by specifyng the CAT model and the "-V" option!


WARNING the alpha parameter with a value of 68.516607 estimated by RAxML for partition number 0 with the name "No Name Provided"
is larger than 10.000000. You should do a model test and confirm that you actually need to incorporate a model of rate heterogeneity!
You can run inferences with a plain substitution model (without rate heterogeneity) by specifyng the CAT model and the "-V" option!


WARNING the alpha parameter with a value of 148.915198 estimated by RAxML for partition number 0 with the name "No Name Provided"
is larger than 10.000000. You should do a model test and confirm that you actually need to incorporate a model of rate heterogeneity!
You can run inferences with a plain substitution model (without rate heterogeneity) by specifyng the CAT model and the "-V" option!


WARNING the alpha parameter with a value of 334.538816 estimated by RAxML for partition number 0 with the name "No Name Provided"
is larger than 10.000000. You should do a model test and confirm that you actually need to incorporate a model of rate heterogeneity!
You can run inferences with a plain substitution model (without rate heterogeneity) by specifyng the CAT model and the "-V" option!


WARNING the alpha parameter with a value of 763.092257 estimated by RAxML for partition number 0 with the name "No Name Provided"
is larger than 10.000000. You should do a model test and confirm that you actually need to incorporate a model of rate heterogeneity!
You can run inferences with a plain substitution model (without rate heterogeneity) by specifyng the CAT model and the "-V" option!


WARNING the alpha parameter with a value of 1000.000000 estimated by RAxML for partition number 0 with the name "No Name Provided"
is larger than 10.000000. You should do a model test and confirm that you actually need to incorporate a model of rate heterogeneity!
You can run inferences with a plain substitution model (without rate heterogeneity) by specifyng the CAT model and the "-V" option!


WARNING the alpha parameter with a value of 1000.000000 estimated by RAxML for partition number 0 with the name "No Name Provided"
is larger than 10.000000. You should do a model test and confirm that you actually need to incorporate a model of rate heterogeneity!
You can run inferences with a plain substitution model (without rate heterogeneity) by specifyng the CAT model and the "-V" option!

Inference[0] final GAMMA-based Likelihood: -13871.392570 tree written to file /data/djs217/tmp/tmpsml422wq/RAxML_result.OUTPUT


Starting final GAMMA-based thorough Optimization on tree 0 likelihood -13871.392570 .... 

Final GAMMA-based Score of best tree -13871.392525

Program execution info written to /data/djs217/tmp/tmpsml422wq/RAxML_info.OUTPUT
Best-scoring ML tree written to: /data/djs217/tmp/tmpsml422wq/RAxML_bestTree.OUTPUT

Overall execution time: 2.800612 secs or 0.000778 hours or 0.000032 days

