
========================[ Aug 19, 2025  7:35 PM ]========================
Version 2.2.26 [Sep-21-2011]
Started database file "66b.fasta"
Formatted 384 sequences in volume 0
SUCCESS: formatted database 66b.fasta

========================[ Aug 19, 2025  7:35 PM ]========================
Version 2.2.26 [Sep-21-2011]
Started database file "71-21.fasta"
Formatted 108 sequences in volume 0
SUCCESS: formatted database 71-21.fasta

========================[ Aug 19, 2025  7:35 PM ]========================
Version 2.2.26 [Sep-21-2011]
Started database file "75-3.fasta"
Formatted 133 sequences in volume 0
SUCCESS: formatted database 75-3.fasta

========================[ Aug 19, 2025  7:35 PM ]========================
Version 2.2.26 [Sep-21-2011]
Started database file "83M.fasta"
Formatted 317 sequences in volume 0
SUCCESS: formatted database 83M.fasta

========================[ Aug 19, 2025  7:35 PM ]========================
Version 2.2.26 [Sep-21-2011]
Started database file "85-10.fasta"
Formatted 5 sequences in volume 0
SUCCESS: formatted database 85-10.fasta

========================[ Aug 19, 2025  7:35 PM ]========================
Version 2.2.26 [Sep-21-2011]
Started database file "85-16.fasta"
Formatted 150 sequences in volume 0
SUCCESS: formatted database 85-16.fasta

========================[ Aug 19, 2025  7:35 PM ]========================
Version 2.2.26 [Sep-21-2011]
Started database file "86-2.fasta"
Formatted 163 sequences in volume 0
SUCCESS: formatted database 86-2.fasta

========================[ Aug 19, 2025  7:35 PM ]========================
Version 2.2.26 [Sep-21-2011]
Started database file "86-22.fasta"
Formatted 143 sequences in volume 0
SUCCESS: formatted database 86-22.fasta

========================[ Aug 19, 2025  7:35 PM ]========================
Version 2.2.26 [Sep-21-2011]
Started database file "86-46.fasta"
Formatted 151 sequences in volume 0
SUCCESS: formatted database 86-46.fasta

========================[ Aug 19, 2025  7:35 PM ]========================
Version 2.2.26 [Sep-21-2011]
Started database file "87-21.fasta"
Formatted 97 sequences in volume 0
SUCCESS: formatted database 87-21.fasta

========================[ Aug 19, 2025  7:35 PM ]========================
Version 2.2.26 [Sep-21-2011]
Started database file "87-47.fasta"
Formatted 127 sequences in volume 0
SUCCESS: formatted database 87-47.fasta

========================[ Aug 19, 2025  7:35 PM ]========================
Version 2.2.26 [Sep-21-2011]
Started database file "89-10.fasta"
Formatted 118 sequences in volume 0
SUCCESS: formatted database 89-10.fasta

========================[ Aug 19, 2025  7:35 PM ]========================
Version 2.2.26 [Sep-21-2011]
Started database file "ATCC_11633.fasta"
Formatted 121 sequences in volume 0
SUCCESS: formatted database ATCC_11633.fasta

========================[ Aug 19, 2025  7:35 PM ]========================
Version 2.2.26 [Sep-21-2011]
Started database file "DC99P1A1.fasta"
Formatted 109 sequences in volume 0
SUCCESS: formatted database DC99P1A1.fasta

========================[ Aug 19, 2025  7:35 PM ]========================
Version 2.2.26 [Sep-21-2011]
Started database file "DC99P1B1.fasta"
Formatted 105 sequences in volume 0
SUCCESS: formatted database DC99P1B1.fasta

========================[ Aug 19, 2025  7:35 PM ]========================
Version 2.2.26 [Sep-21-2011]
Started database file "E3.fasta"
Formatted 127 sequences in volume 0
SUCCESS: formatted database E3.fasta

========================[ Aug 19, 2025  7:35 PM ]========================
Version 2.2.26 [Sep-21-2011]
Started database file "FB570.fasta"
Formatted 115 sequences in volume 0
SUCCESS: formatted database FB570.fasta

========================[ Aug 19, 2025  7:35 PM ]========================
Version 2.2.26 [Sep-21-2011]
Started database file "LMG_27970.fasta"
Formatted 1491 sequences in volume 0
SUCCESS: formatted database LMG_27970.fasta

========================[ Aug 19, 2025  7:35 PM ]========================
Version 2.2.26 [Sep-21-2011]
Started database file "LMG_667.fasta"
Formatted 375 sequences in volume 0
SUCCESS: formatted database LMG_667.fasta

========================[ Aug 19, 2025  7:35 PM ]========================
Version 2.2.26 [Sep-21-2011]
Started database file "LMG_905.fasta"
Formatted 399 sequences in volume 0
SUCCESS: formatted database LMG_905.fasta

========================[ Aug 19, 2025  7:35 PM ]========================
Version 2.2.26 [Sep-21-2011]
Started database file "LMG_909.fasta"
Formatted 380 sequences in volume 0
SUCCESS: formatted database LMG_909.fasta

========================[ Aug 19, 2025  7:35 PM ]========================
Version 2.2.26 [Sep-21-2011]
Started database file "LMG_930.fasta"
Formatted 5 sequences in volume 0
SUCCESS: formatted database LMG_930.fasta

========================[ Aug 19, 2025  7:35 PM ]========================
Version 2.2.26 [Sep-21-2011]
Started database file "LMG_933.fasta"
Formatted 498 sequences in volume 0
SUCCESS: formatted database LMG_933.fasta

========================[ Aug 19, 2025  7:35 PM ]========================
Version 2.2.26 [Sep-21-2011]
Started database file "Ps-1.fasta"
Formatted 120 sequences in volume 0
SUCCESS: formatted database Ps-1.fasta

========================[ Aug 19, 2025  7:35 PM ]========================
Version 2.2.26 [Sep-21-2011]
Started database file "Ps-7.fasta"
Formatted 130 sequences in volume 0
SUCCESS: formatted database Ps-7.fasta

========================[ Aug 19, 2025  7:35 PM ]========================
Version 2.2.26 [Sep-21-2011]
Started database file "Tu-06.fasta"
Formatted 64 sequences in volume 0
SUCCESS: formatted database Tu-06.fasta

========================[ Aug 19, 2025  7:35 PM ]========================
Version 2.2.26 [Sep-21-2011]
Started database file "Tu-08.fasta"
Formatted 76 sequences in volume 0
SUCCESS: formatted database Tu-08.fasta

========================[ Aug 19, 2025  7:35 PM ]========================
Version 2.2.26 [Sep-21-2011]
Started database file "Tu-10.fasta"
Formatted 90 sequences in volume 0
SUCCESS: formatted database Tu-10.fasta

========================[ Aug 19, 2025  7:35 PM ]========================
Version 2.2.26 [Sep-21-2011]
Started database file "Tu-11.fasta"
Formatted 58 sequences in volume 0
SUCCESS: formatted database Tu-11.fasta

========================[ Aug 19, 2025  7:35 PM ]========================
Version 2.2.26 [Sep-21-2011]
Started database file "VTM10.fasta"
Formatted 90 sequences in volume 0
SUCCESS: formatted database VTM10.fasta

========================[ Aug 19, 2025  7:35 PM ]========================
Version 2.2.26 [Sep-21-2011]
Started database file "VTM12.fasta"
Formatted 95 sequences in volume 0
SUCCESS: formatted database VTM12.fasta

========================[ Aug 19, 2025  7:35 PM ]========================
Version 2.2.26 [Sep-21-2011]
Started database file "VTM15.fasta"
Formatted 94 sequences in volume 0
SUCCESS: formatted database VTM15.fasta

========================[ Aug 19, 2025  7:35 PM ]========================
Version 2.2.26 [Sep-21-2011]
Started database file "VTM16.fasta"
Formatted 93 sequences in volume 0
SUCCESS: formatted database VTM16.fasta

========================[ Aug 19, 2025  7:35 PM ]========================
Version 2.2.26 [Sep-21-2011]
Started database file "VTM17.fasta"
Formatted 65 sequences in volume 0
SUCCESS: formatted database VTM17.fasta

========================[ Aug 19, 2025  7:35 PM ]========================
Version 2.2.26 [Sep-21-2011]
Started database file "VTM4.fasta"
Formatted 89 sequences in volume 0
SUCCESS: formatted database VTM4.fasta

========================[ Aug 19, 2025  7:35 PM ]========================
Version 2.2.26 [Sep-21-2011]
Started database file "WHRI_8301.fasta"
Formatted 3 sequences in volume 0
SUCCESS: formatted database WHRI_8301.fasta

========================[ Aug 19, 2025  7:35 PM ]========================
Version 2.2.26 [Sep-21-2011]
Started database file "X13.fasta"
Formatted 98 sequences in volume 0
SUCCESS: formatted database X13.fasta

========================[ Aug 19, 2025  7:35 PM ]========================
Version 2.2.26 [Sep-21-2011]
Started database file "X22.fasta"
Formatted 76 sequences in volume 0
SUCCESS: formatted database X22.fasta

========================[ Aug 19, 2025  7:35 PM ]========================
Version 2.2.26 [Sep-21-2011]
Started database file "X31.fasta"
Formatted 76 sequences in volume 0
SUCCESS: formatted database X31.fasta

========================[ Aug 19, 2025  7:35 PM ]========================
Version 2.2.26 [Sep-21-2011]
Started database file "Xcv_DC_93-6.fasta"
Formatted 99 sequences in volume 0
SUCCESS: formatted database Xcv_DC_93-6.fasta

========================[ Aug 19, 2025  7:35 PM ]========================
Version 2.2.26 [Sep-21-2011]
Started database file "Xcv_DC_93-7.fasta"
Formatted 82 sequences in volume 0
SUCCESS: formatted database Xcv_DC_93-7.fasta

========================[ Aug 19, 2025  7:35 PM ]========================
Version 2.2.26 [Sep-21-2011]
Started database file "Xcv_DC_93-8.fasta"
Formatted 79 sequences in volume 0
SUCCESS: formatted database Xcv_DC_93-8.fasta

========================[ Aug 19, 2025  7:35 PM ]========================
Version 2.2.26 [Sep-21-2011]
Started database file "Xcv_DC_93-9.fasta"
Formatted 89 sequences in volume 0
SUCCESS: formatted database Xcv_DC_93-9.fasta

========================[ Aug 19, 2025  7:35 PM ]========================
Version 2.2.26 [Sep-21-2011]
Started database file "Xcv_DC_96-1.fasta"
Formatted 90 sequences in volume 0
SUCCESS: formatted database Xcv_DC_96-1.fasta

========================[ Aug 19, 2025  7:35 PM ]========================
Version 2.2.26 [Sep-21-2011]
Started database file "Xcv_DC_96-2.fasta"
Formatted 90 sequences in volume 0
SUCCESS: formatted database Xcv_DC_96-2.fasta

========================[ Aug 19, 2025  7:36 PM ]========================
Version 2.2.26 [Sep-21-2011]
Started database file "Xcv_DC_96-3.fasta"
Formatted 97 sequences in volume 0
SUCCESS: formatted database Xcv_DC_96-3.fasta

========================[ Aug 19, 2025  7:36 PM ]========================
Version 2.2.26 [Sep-21-2011]
Started database file "Xcv_DC_96-4.fasta"
Formatted 98 sequences in volume 0
SUCCESS: formatted database Xcv_DC_96-4.fasta

========================[ Aug 19, 2025  7:36 PM ]========================
Version 2.2.26 [Sep-21-2011]
Started database file "Xcv_DC_96-5.fasta"
Formatted 93 sequences in volume 0
SUCCESS: formatted database Xcv_DC_96-5.fasta

========================[ Aug 19, 2025  7:36 PM ]========================
Version 2.2.26 [Sep-21-2011]
Started database file "Xcv_DC_97_P1A.fasta"
Formatted 118 sequences in volume 0
SUCCESS: formatted database Xcv_DC_97_P1A.fasta

========================[ Aug 19, 2025  7:36 PM ]========================
Version 2.2.26 [Sep-21-2011]
Started database file "Xcv_DC_97_P2A.fasta"
Formatted 96 sequences in volume 0
SUCCESS: formatted database Xcv_DC_97_P2A.fasta

========================[ Aug 19, 2025  7:36 PM ]========================
Version 2.2.26 [Sep-21-2011]
Started database file "Xcv_DC_97_P3A.fasta"
Formatted 73 sequences in volume 0
SUCCESS: formatted database Xcv_DC_97_P3A.fasta

========================[ Aug 19, 2025  7:36 PM ]========================
Version 2.2.26 [Sep-21-2011]
Started database file "Xcv_DC_98_P2A.fasta"
Formatted 93 sequences in volume 0
SUCCESS: formatted database Xcv_DC_98_P2A.fasta

========================[ Aug 19, 2025  7:36 PM ]========================
Version 2.2.26 [Sep-21-2011]
Started database file "Xcv_Sspep_92.fasta"
Formatted 79 sequences in volume 0
SUCCESS: formatted database Xcv_Sspep_92.fasta

========================[ Aug 19, 2025  7:36 PM ]========================
Version 2.2.26 [Sep-21-2011]
Started database file "Xv157.fasta"
Formatted 113 sequences in volume 0
SUCCESS: formatted database Xv157.fasta

========================[ Aug 19, 2025  7:36 PM ]========================
Version 2.2.26 [Sep-21-2011]
Started database file "Xv_72.fasta"
Formatted 124 sequences in volume 0
SUCCESS: formatted database Xv_72.fasta

========================[ Aug 19, 2025  7:36 PM ]========================
Version 2.2.26 [Sep-21-2011]
Started database file "Xv_79.fasta"
Formatted 114 sequences in volume 0
SUCCESS: formatted database Xv_79.fasta
