
Running self-nucmer on /data/djs217/PROJECTS/42_Xanthomonas/xanthomonas-euvesicatoria-serbia/01_phylogenomics/03_subset_of_cluster_6/03_workdir/files/66b.fna
[RUNNING:] nucmer --maxmatch --nosimplify --prefix=seq_seq601584 /data/djs217/PROJECTS/42_Xanthomonas/xanthomonas-euvesicatoria-serbia/01_phylogenomics/03_subset_of_cluster_6/03_workdir/files/66b.fna /data/djs217/PROJECTS/42_Xanthomonas/xanthomonas-euvesicatoria-serbia/01_phylogenomics/03_subset_of_cluster_6/03_workdir/files/66b.fna 2>/dev/null
[RUNNING:] show-coords -r -I 97 -L 75 -T seq_seq601584.delta | awk '$1 != $3 || $2 != $4 && $8==$9 {print}' > seq_seq601584.coords

Repeat coords for all references found.
Self-NUCmer complete
==================================================================
Aligning to the reference genome /data/djs217/PROJECTS/42_Xanthomonas/xanthomonas-euvesicatoria-serbia/01_phylogenomics/03_subset_of_cluster_6/03_workdir/files/66b.fna

Running nucmer on 66b_66b

NUCmer on all reference genomes complete.
==================================================================

runContigNUCmer.pl -r /data/djs217/PROJECTS/42_Xanthomonas/xanthomonas-euvesicatoria-serbia/01_phylogenomics/03_subset_of_cluster_6/03_workdir/files/66b.fna -q /data/djs217/PROJECTS/42_Xanthomonas/xanthomonas-euvesicatoria-serbia/01_phylogenomics/03_subset_of_cluster_6/03_workdir -d /data/djs217/PROJECTS/42_Xanthomonas/xanthomonas-euvesicatoria-serbia/01_phylogenomics/03_subset_of_cluster_6/03_workdir/results -l /data/djs217/PROJECTS/42_Xanthomonas/xanthomonas-euvesicatoria-serbia/01_phylogenomics/03_subset_of_cluster_6/03_workdir/contigs_list.txt -t 1 -y 2 2>>/data/djs217/PROJECTS/42_Xanthomonas/xanthomonas-euvesicatoria-serbia/01_phylogenomics/03_subset_of_cluster_6/03_workdir/results/Xeu_cluster6_subset.error >> /data/djs217/PROJECTS/42_Xanthomonas/xanthomonas-euvesicatoria-serbia/01_phylogenomics/03_subset_of_cluster_6/03_workdir/results/Xeu_cluster6_subset.log


Using given reference:  /data/djs217/PROJECTS/42_Xanthomonas/xanthomonas-euvesicatoria-serbia/01_phylogenomics/03_subset_of_cluster_6/03_workdir/files/66b.fna
Running nucmer on 66b_X31_contig
Running nucmer on 66b_VTM15_contig
Running nucmer on 66b_X13_contig
Running nucmer on 66b_Tu_10_contig
Running nucmer on 66b_VTM12_contig
Running nucmer on 66b_VTM4_contig
Running nucmer on 66b_Xcv_DC_96_5_contig
Running nucmer on 66b_VTM10_contig
Running nucmer on 66b_X22_contig
Running nucmer on 66b_Xcv_DC_97_P1A_contig
Running nucmer on 66b_DC99P1A1_contig
Running nucmer on 66b_DC99P1B1_contig
Running nucmer on 66b_VTM16_contig
Running nucmer on 66b_Xcv_DC_96_3_contig
NUCmer on all contig/draft genomes complete.


buildSNPDB.pl -i /data/djs217/PROJECTS/42_Xanthomonas/xanthomonas-euvesicatoria-serbia/01_phylogenomics/03_subset_of_cluster_6/03_workdir/results -r /data/djs217/PROJECTS/42_Xanthomonas/xanthomonas-euvesicatoria-serbia/01_phylogenomics/03_subset_of_cluster_6/03_workdir/files/66b.fna -l /data/djs217/PROJECTS/42_Xanthomonas/xanthomonas-euvesicatoria-serbia/01_phylogenomics/03_subset_of_cluster_6/03_workdir/working_list.txt -p Xeu_cluster6_subset -c 0 -g 0.1 2>>/data/djs217/PROJECTS/42_Xanthomonas/xanthomonas-euvesicatoria-serbia/01_phylogenomics/03_subset_of_cluster_6/03_workdir/results/Xeu_cluster6_subset.error >> /data/djs217/PROJECTS/42_Xanthomonas/xanthomonas-euvesicatoria-serbia/01_phylogenomics/03_subset_of_cluster_6/03_workdir/results/Xeu_cluster6_subset.log

Reading Gaps file.
Xcv_DC_97_P1A_contig covered 0.99684 of the 66b (<cutoff = 0.1). It will be used to build SNP tree and matrix.
Xcv_DC_96_3_contig covered 0.96704 of the 66b (<cutoff = 0.1). It will be used to build SNP tree and matrix.
Tu_10_contig covered 0.96972 of the 66b (<cutoff = 0.1). It will be used to build SNP tree and matrix.
VTM4_contig covered 0.96870 of the 66b (<cutoff = 0.1). It will be used to build SNP tree and matrix.
DC99P1B1_contig covered 0.99719 of the 66b (<cutoff = 0.1). It will be used to build SNP tree and matrix.
Xcv_DC_96_5_contig covered 0.96766 of the 66b (<cutoff = 0.1). It will be used to build SNP tree and matrix.
VTM15_contig covered 0.96967 of the 66b (<cutoff = 0.1). It will be used to build SNP tree and matrix.
X22_contig covered 0.96757 of the 66b (<cutoff = 0.1). It will be used to build SNP tree and matrix.
DC99P1A1_contig covered 0.99712 of the 66b (<cutoff = 0.1). It will be used to build SNP tree and matrix.
X13_contig covered 0.99646 of the 66b (<cutoff = 0.1). It will be used to build SNP tree and matrix.
VTM10_contig covered 0.96967 of the 66b (<cutoff = 0.1). It will be used to build SNP tree and matrix.
X31_contig covered 0.96592 of the 66b (<cutoff = 0.1). It will be used to build SNP tree and matrix.
66b covered 0.99992 of the 66b (<cutoff = 0.1). It will be used to build SNP tree and matrix.
VTM16_contig covered 0.97015 of the 66b (<cutoff = 0.1). It will be used to build SNP tree and matrix.
REPEATS covered 0.98211 of the 66b (<cutoff = 0.1). It will be used to build SNP tree and matrix.
VTM12_contig covered 0.96987 of the 66b (<cutoff = 0.1). It will be used to build SNP tree and matrix.
Printing Summary Statistics.
Creating SNP alignment.
Creating SNP stats file. 
SNP alignment complete.
Reconstructing phylogeny using FastTree
export OMP_NUM_THREADS=1; FastTree -quiet -nt -gtr < /data/djs217/PROJECTS/42_Xanthomonas/xanthomonas-euvesicatoria-serbia/01_phylogenomics/03_subset_of_cluster_6/03_workdir/results/Xeu_cluster6_subset_all_snp_alignment.fna > /data/djs217/PROJECTS/42_Xanthomonas/xanthomonas-euvesicatoria-serbia/01_phylogenomics/03_subset_of_cluster_6/03_workdir/results/Xeu_cluster6_subset_all.fasttree 2>>/data/djs217/PROJECTS/42_Xanthomonas/xanthomonas-euvesicatoria-serbia/01_phylogenomics/03_subset_of_cluster_6/03_workdir/results/Xeu_cluster6_subset.error 

Tree phylogeny complete.
