
========================[ Dec 23, 2025 11:07 AM ]========================
Version 2.2.26 [Sep-21-2011]
Started database file "20HP1591.contig"
Formatted 125 sequences in volume 0
SUCCESS: formatted database 20HP1591.contig

========================[ Dec 23, 2025 11:07 AM ]========================
Version 2.2.26 [Sep-21-2011]
Started database file "20HP1594.contig"
Formatted 119 sequences in volume 0
SUCCESS: formatted database 20HP1594.contig

========================[ Dec 23, 2025 11:07 AM ]========================
Version 2.2.26 [Sep-21-2011]
Started database file "20HP1597.contig"
Formatted 158 sequences in volume 0
SUCCESS: formatted database 20HP1597.contig

========================[ Dec 23, 2025 11:07 AM ]========================
Version 2.2.26 [Sep-21-2011]
Started database file "20HP1608-1.contig"
Formatted 125 sequences in volume 0
SUCCESS: formatted database 20HP1608-1.contig

========================[ Dec 23, 2025 11:07 AM ]========================
Version 2.2.26 [Sep-21-2011]
Started database file "20HP1608-2.contig"
Formatted 125 sequences in volume 0
SUCCESS: formatted database 20HP1608-2.contig

========================[ Dec 23, 2025 11:07 AM ]========================
Version 2.2.26 [Sep-21-2011]
Started database file "20HP1609-2.contig"
Formatted 126 sequences in volume 0
SUCCESS: formatted database 20HP1609-2.contig

========================[ Dec 23, 2025 11:07 AM ]========================
Version 2.2.26 [Sep-21-2011]
Started database file "20HP1613.contig"
Formatted 116 sequences in volume 0
SUCCESS: formatted database 20HP1613.contig

========================[ Dec 23, 2025 11:07 AM ]========================
Version 2.2.26 [Sep-21-2011]
Started database file "20HP1614.contig"
Formatted 126 sequences in volume 0
SUCCESS: formatted database 20HP1614.contig

========================[ Dec 23, 2025 11:07 AM ]========================
Version 2.2.26 [Sep-21-2011]
Started database file "20HP1615.contig"
Formatted 162 sequences in volume 0
SUCCESS: formatted database 20HP1615.contig

========================[ Dec 23, 2025 11:07 AM ]========================
Version 2.2.26 [Sep-21-2011]
Started database file "62XEKK5.contig"
Formatted 113 sequences in volume 0
SUCCESS: formatted database 62XEKK5.contig

========================[ Dec 23, 2025 11:07 AM ]========================
Version 2.2.26 [Sep-21-2011]
Started database file "65XENP1.contig"
Formatted 100 sequences in volume 0
SUCCESS: formatted database 65XENP1.contig

========================[ Dec 23, 2025 11:07 AM ]========================
Version 2.2.26 [Sep-21-2011]
Started database file "65XENP2.contig"
Formatted 102 sequences in volume 0
SUCCESS: formatted database 65XENP2.contig

========================[ Dec 23, 2025 11:07 AM ]========================
Version 2.2.26 [Sep-21-2011]
Started database file "65XENP3.contig"
Formatted 99 sequences in volume 0
SUCCESS: formatted database 65XENP3.contig

========================[ Dec 23, 2025 11:07 AM ]========================
Version 2.2.26 [Sep-21-2011]
Started database file "66b.contig"
Formatted 384 sequences in volume 0
SUCCESS: formatted database 66b.contig

========================[ Dec 23, 2025 11:07 AM ]========================
Version 2.2.26 [Sep-21-2011]
Started database file "69-1.contig"
Formatted 118 sequences in volume 0
SUCCESS: formatted database 69-1.contig

========================[ Dec 23, 2025 11:07 AM ]========================
Version 2.2.26 [Sep-21-2011]
Started database file "69-24.contig"
Formatted 108 sequences in volume 0
SUCCESS: formatted database 69-24.contig

========================[ Dec 23, 2025 11:07 AM ]========================
Version 2.2.26 [Sep-21-2011]
Started database file "70-7.contig"
Formatted 118 sequences in volume 0
SUCCESS: formatted database 70-7.contig

========================[ Dec 23, 2025 11:07 AM ]========================
Version 2.2.26 [Sep-21-2011]
Started database file "71-21.contig"
Formatted 82 sequences in volume 0
SUCCESS: formatted database 71-21.contig

========================[ Dec 23, 2025 11:07 AM ]========================
Version 2.2.26 [Sep-21-2011]
Started database file "72-7.contig"
Formatted 102 sequences in volume 0
SUCCESS: formatted database 72-7.contig

========================[ Dec 23, 2025 11:07 AM ]========================
Version 2.2.26 [Sep-21-2011]
Started database file "75-3.contig"
Formatted 133 sequences in volume 0
SUCCESS: formatted database 75-3.contig

========================[ Dec 23, 2025 11:07 AM ]========================
Version 2.2.26 [Sep-21-2011]
Started database file "80-5.contig"
Formatted 69 sequences in volume 0
SUCCESS: formatted database 80-5.contig

========================[ Dec 23, 2025 11:07 AM ]========================
Version 2.2.26 [Sep-21-2011]
Started database file "83M.contig"
Formatted 317 sequences in volume 0
SUCCESS: formatted database 83M.contig

========================[ Dec 23, 2025 11:07 AM ]========================
Version 2.2.26 [Sep-21-2011]
Started database file "85-10.contig"
Formatted 5 sequences in volume 0
SUCCESS: formatted database 85-10.contig

========================[ Dec 23, 2025 11:07 AM ]========================
Version 2.2.26 [Sep-21-2011]
Started database file "85-16.contig"
Formatted 150 sequences in volume 0
SUCCESS: formatted database 85-16.contig

========================[ Dec 23, 2025 11:07 AM ]========================
Version 2.2.26 [Sep-21-2011]
Started database file "86-2.contig"
Formatted 163 sequences in volume 0
SUCCESS: formatted database 86-2.contig

========================[ Dec 23, 2025 11:07 AM ]========================
Version 2.2.26 [Sep-21-2011]
Started database file "86-22.contig"
Formatted 143 sequences in volume 0
SUCCESS: formatted database 86-22.contig

========================[ Dec 23, 2025 11:07 AM ]========================
Version 2.2.26 [Sep-21-2011]
Started database file "86-46.contig"
Formatted 151 sequences in volume 0
SUCCESS: formatted database 86-46.contig

========================[ Dec 23, 2025 11:07 AM ]========================
Version 2.2.26 [Sep-21-2011]
Started database file "87-13.contig"
Formatted 119 sequences in volume 0
SUCCESS: formatted database 87-13.contig

========================[ Dec 23, 2025 11:07 AM ]========================
Version 2.2.26 [Sep-21-2011]
Started database file "87-21.contig"
Formatted 97 sequences in volume 0
SUCCESS: formatted database 87-21.contig

========================[ Dec 23, 2025 11:07 AM ]========================
Version 2.2.26 [Sep-21-2011]
Started database file "87-47.contig"
Formatted 127 sequences in volume 0
SUCCESS: formatted database 87-47.contig

========================[ Dec 23, 2025 11:07 AM ]========================
Version 2.2.26 [Sep-21-2011]
Started database file "87-7.contig"
Formatted 135 sequences in volume 0
SUCCESS: formatted database 87-7.contig

========================[ Dec 23, 2025 11:07 AM ]========================
Version 2.2.26 [Sep-21-2011]
Started database file "89-10.contig"
Formatted 118 sequences in volume 0
SUCCESS: formatted database 89-10.contig

========================[ Dec 23, 2025 11:07 AM ]========================
Version 2.2.26 [Sep-21-2011]
Started database file "89-16.contig"
Formatted 95 sequences in volume 0
SUCCESS: formatted database 89-16.contig

========================[ Dec 23, 2025 11:07 AM ]========================
Version 2.2.26 [Sep-21-2011]
Started database file "90-13.contig"
Formatted 141 sequences in volume 0
SUCCESS: formatted database 90-13.contig

========================[ Dec 23, 2025 11:07 AM ]========================
Version 2.2.26 [Sep-21-2011]
Started database file "ATCC_11633.contig"
Formatted 121 sequences in volume 0
SUCCESS: formatted database ATCC_11633.contig

========================[ Dec 23, 2025 11:07 AM ]========================
Version 2.2.26 [Sep-21-2011]
Started database file "DC99P1A1.contig"
Formatted 109 sequences in volume 0
SUCCESS: formatted database DC99P1A1.contig

========================[ Dec 23, 2025 11:07 AM ]========================
Version 2.2.26 [Sep-21-2011]
Started database file "DC99P1B1.contig"
Formatted 105 sequences in volume 0
SUCCESS: formatted database DC99P1B1.contig

========================[ Dec 23, 2025 11:07 AM ]========================
Version 2.2.26 [Sep-21-2011]
Started database file "DOA-1721.contig"
Formatted 103 sequences in volume 0
SUCCESS: formatted database DOA-1721.contig

========================[ Dec 23, 2025 11:07 AM ]========================
Version 2.2.26 [Sep-21-2011]
Started database file "DOA-1726.contig"
Formatted 113 sequences in volume 0
SUCCESS: formatted database DOA-1726.contig

========================[ Dec 23, 2025 11:07 AM ]========================
Version 2.2.26 [Sep-21-2011]
Started database file "DOA-2036.contig"
Formatted 120 sequences in volume 0
SUCCESS: formatted database DOA-2036.contig

========================[ Dec 23, 2025 11:07 AM ]========================
Version 2.2.26 [Sep-21-2011]
Started database file "DOA-2983.contig"
Formatted 114 sequences in volume 0
SUCCESS: formatted database DOA-2983.contig

========================[ Dec 23, 2025 11:07 AM ]========================
Version 2.2.26 [Sep-21-2011]
Started database file "DOA-2987.contig"
Formatted 123 sequences in volume 0
SUCCESS: formatted database DOA-2987.contig

========================[ Dec 23, 2025 11:07 AM ]========================
Version 2.2.26 [Sep-21-2011]
Started database file "DOA-2989.contig"
Formatted 118 sequences in volume 0
SUCCESS: formatted database DOA-2989.contig

========================[ Dec 23, 2025 11:07 AM ]========================
Version 2.2.26 [Sep-21-2011]
Started database file "DOA-2990.contig"
Formatted 105 sequences in volume 0
SUCCESS: formatted database DOA-2990.contig

========================[ Dec 23, 2025 11:07 AM ]========================
Version 2.2.26 [Sep-21-2011]
Started database file "E3.contig"
Formatted 127 sequences in volume 0
SUCCESS: formatted database E3.contig

========================[ Dec 23, 2025 11:07 AM ]========================
Version 2.2.26 [Sep-21-2011]
Started database file "FB570.contig"
Formatted 115 sequences in volume 0
SUCCESS: formatted database FB570.contig

========================[ Dec 23, 2025 11:07 AM ]========================
Version 2.2.26 [Sep-21-2011]
Started database file "LMG_27970.contig"
Formatted 1491 sequences in volume 0
SUCCESS: formatted database LMG_27970.contig

========================[ Dec 23, 2025 11:07 AM ]========================
Version 2.2.26 [Sep-21-2011]
Started database file "LMG_667.contig"
Formatted 375 sequences in volume 0
SUCCESS: formatted database LMG_667.contig

========================[ Dec 23, 2025 11:07 AM ]========================
Version 2.2.26 [Sep-21-2011]
Started database file "LMG_905.contig"
Formatted 399 sequences in volume 0
SUCCESS: formatted database LMG_905.contig

========================[ Dec 23, 2025 11:07 AM ]========================
Version 2.2.26 [Sep-21-2011]
Started database file "LMG_909.contig"
Formatted 380 sequences in volume 0
SUCCESS: formatted database LMG_909.contig

========================[ Dec 23, 2025 11:07 AM ]========================
Version 2.2.26 [Sep-21-2011]
Started database file "LMG_930.contig"
Formatted 5 sequences in volume 0
SUCCESS: formatted database LMG_930.contig

========================[ Dec 23, 2025 11:07 AM ]========================
Version 2.2.26 [Sep-21-2011]
Started database file "LMG_933.contig"
Formatted 498 sequences in volume 0
SUCCESS: formatted database LMG_933.contig

========================[ Dec 23, 2025 11:07 AM ]========================
Version 2.2.26 [Sep-21-2011]
Started database file "Ps-1.contig"
Formatted 120 sequences in volume 0
SUCCESS: formatted database Ps-1.contig

========================[ Dec 23, 2025 11:07 AM ]========================
Version 2.2.26 [Sep-21-2011]
Started database file "Ps-7.contig"
Formatted 130 sequences in volume 0
SUCCESS: formatted database Ps-7.contig

========================[ Dec 23, 2025 11:07 AM ]========================
Version 2.2.26 [Sep-21-2011]
Started database file "Tabasco1.contig"
Formatted 78 sequences in volume 0
SUCCESS: formatted database Tabasco1.contig

========================[ Dec 23, 2025 11:07 AM ]========================
Version 2.2.26 [Sep-21-2011]
Started database file "Tu-06.contig"
Formatted 64 sequences in volume 0
SUCCESS: formatted database Tu-06.contig

========================[ Dec 23, 2025 11:07 AM ]========================
Version 2.2.26 [Sep-21-2011]
Started database file "Tu-08.contig"
Formatted 76 sequences in volume 0
SUCCESS: formatted database Tu-08.contig

========================[ Dec 23, 2025 11:07 AM ]========================
Version 2.2.26 [Sep-21-2011]
Started database file "Tu-10.contig"
Formatted 90 sequences in volume 0
SUCCESS: formatted database Tu-10.contig

========================[ Dec 23, 2025 11:07 AM ]========================
Version 2.2.26 [Sep-21-2011]
Started database file "Tu-11.contig"
Formatted 58 sequences in volume 0
SUCCESS: formatted database Tu-11.contig

========================[ Dec 23, 2025 11:07 AM ]========================
Version 2.2.26 [Sep-21-2011]
Started database file "VTM10.contig"
Formatted 90 sequences in volume 0
SUCCESS: formatted database VTM10.contig

========================[ Dec 23, 2025 11:07 AM ]========================
Version 2.2.26 [Sep-21-2011]
Started database file "VTM12.contig"
Formatted 95 sequences in volume 0
SUCCESS: formatted database VTM12.contig

========================[ Dec 23, 2025 11:07 AM ]========================
Version 2.2.26 [Sep-21-2011]
Started database file "VTM15.contig"
Formatted 94 sequences in volume 0
SUCCESS: formatted database VTM15.contig

========================[ Dec 23, 2025 11:07 AM ]========================
Version 2.2.26 [Sep-21-2011]
Started database file "VTM16.contig"
Formatted 93 sequences in volume 0
SUCCESS: formatted database VTM16.contig

========================[ Dec 23, 2025 11:07 AM ]========================
Version 2.2.26 [Sep-21-2011]
Started database file "VTM17.contig"
Formatted 65 sequences in volume 0
SUCCESS: formatted database VTM17.contig

========================[ Dec 23, 2025 11:07 AM ]========================
Version 2.2.26 [Sep-21-2011]
Started database file "VTM4.contig"
Formatted 89 sequences in volume 0
SUCCESS: formatted database VTM4.contig

========================[ Dec 23, 2025 11:07 AM ]========================
Version 2.2.26 [Sep-21-2011]
Started database file "WHRI_8301.contig"
Formatted 3 sequences in volume 0
SUCCESS: formatted database WHRI_8301.contig

========================[ Dec 23, 2025 11:07 AM ]========================
Version 2.2.26 [Sep-21-2011]
Started database file "X13.contig"
Formatted 98 sequences in volume 0
SUCCESS: formatted database X13.contig

========================[ Dec 23, 2025 11:07 AM ]========================
Version 2.2.26 [Sep-21-2011]
Started database file "X22.contig"
Formatted 76 sequences in volume 0
SUCCESS: formatted database X22.contig

========================[ Dec 23, 2025 11:07 AM ]========================
Version 2.2.26 [Sep-21-2011]
Started database file "X31.contig"
Formatted 76 sequences in volume 0
SUCCESS: formatted database X31.contig

========================[ Dec 23, 2025 11:07 AM ]========================
Version 2.2.26 [Sep-21-2011]
Started database file "X82-8P.contig"
Formatted 84 sequences in volume 0
SUCCESS: formatted database X82-8P.contig

========================[ Dec 23, 2025 11:07 AM ]========================
Version 2.2.26 [Sep-21-2011]
Started database file "X82-8P_C1.contig"
Formatted 90 sequences in volume 0
SUCCESS: formatted database X82-8P_C1.contig

========================[ Dec 23, 2025 11:07 AM ]========================
Version 2.2.26 [Sep-21-2011]
Started database file "X82-8P_C2.contig"
Formatted 91 sequences in volume 0
SUCCESS: formatted database X82-8P_C2.contig

========================[ Dec 23, 2025 11:07 AM ]========================
Version 2.2.26 [Sep-21-2011]
Started database file "X82-8P_C3.contig"
Formatted 86 sequences in volume 0
SUCCESS: formatted database X82-8P_C3.contig

========================[ Dec 23, 2025 11:07 AM ]========================
Version 2.2.26 [Sep-21-2011]
Started database file "X82-8P_C4.contig"
Formatted 102 sequences in volume 0
SUCCESS: formatted database X82-8P_C4.contig

========================[ Dec 23, 2025 11:07 AM ]========================
Version 2.2.26 [Sep-21-2011]
Started database file "X82-8P_C5.contig"
Formatted 88 sequences in volume 0
SUCCESS: formatted database X82-8P_C5.contig

========================[ Dec 23, 2025 11:07 AM ]========================
Version 2.2.26 [Sep-21-2011]
Started database file "X82-8P_C6.contig"
Formatted 92 sequences in volume 0
SUCCESS: formatted database X82-8P_C6.contig

========================[ Dec 23, 2025 11:07 AM ]========================
Version 2.2.26 [Sep-21-2011]
Started database file "XCVCP-C-43.contig"
Formatted 132 sequences in volume 0
SUCCESS: formatted database XCVCP-C-43.contig

========================[ Dec 23, 2025 11:07 AM ]========================
Version 2.2.26 [Sep-21-2011]
Started database file "XCVCP-C-51.contig"
Formatted 120 sequences in volume 0
SUCCESS: formatted database XCVCP-C-51.contig

========================[ Dec 23, 2025 11:07 AM ]========================
Version 2.2.26 [Sep-21-2011]
Started database file "XCVKK-C-1.contig"
Formatted 118 sequences in volume 0
SUCCESS: formatted database XCVKK-C-1.contig

========================[ Dec 23, 2025 11:07 AM ]========================
Version 2.2.26 [Sep-21-2011]
Started database file "XCVKK-C-2.contig"
Formatted 130 sequences in volume 0
SUCCESS: formatted database XCVKK-C-2.contig

========================[ Dec 23, 2025 11:07 AM ]========================
Version 2.2.26 [Sep-21-2011]
Started database file "XCVKK-C-3.contig"
Formatted 127 sequences in volume 0
SUCCESS: formatted database XCVKK-C-3.contig

========================[ Dec 23, 2025 11:07 AM ]========================
Version 2.2.26 [Sep-21-2011]
Started database file "XCVKK-C-4.contig"
Formatted 126 sequences in volume 0
SUCCESS: formatted database XCVKK-C-4.contig

========================[ Dec 23, 2025 11:07 AM ]========================
Version 2.2.26 [Sep-21-2011]
Started database file "XCVKK-C-5.contig"
Formatted 124 sequences in volume 0
SUCCESS: formatted database XCVKK-C-5.contig

========================[ Dec 23, 2025 11:07 AM ]========================
Version 2.2.26 [Sep-21-2011]
Started database file "XVP-102.contig"
Formatted 88 sequences in volume 0
SUCCESS: formatted database XVP-102.contig

========================[ Dec 23, 2025 11:07 AM ]========================
Version 2.2.26 [Sep-21-2011]
Started database file "XVP-104.contig"
Formatted 88 sequences in volume 0
SUCCESS: formatted database XVP-104.contig

========================[ Dec 23, 2025 11:07 AM ]========================
Version 2.2.26 [Sep-21-2011]
Started database file "XVP-112.contig"
Formatted 85 sequences in volume 0
SUCCESS: formatted database XVP-112.contig

========================[ Dec 23, 2025 11:07 AM ]========================
Version 2.2.26 [Sep-21-2011]
Started database file "XVP-128.contig"
Formatted 110 sequences in volume 0
SUCCESS: formatted database XVP-128.contig

========================[ Dec 23, 2025 11:07 AM ]========================
Version 2.2.26 [Sep-21-2011]
Started database file "XVP-139.contig"
Formatted 80 sequences in volume 0
SUCCESS: formatted database XVP-139.contig

========================[ Dec 23, 2025 11:07 AM ]========================
Version 2.2.26 [Sep-21-2011]
Started database file "XVP-155.contig"
Formatted 106 sequences in volume 0
SUCCESS: formatted database XVP-155.contig

========================[ Dec 23, 2025 11:07 AM ]========================
Version 2.2.26 [Sep-21-2011]
Started database file "XVP-156.contig"
Formatted 109 sequences in volume 0
SUCCESS: formatted database XVP-156.contig

========================[ Dec 23, 2025 11:07 AM ]========================
Version 2.2.26 [Sep-21-2011]
Started database file "XVP-157.contig"
Formatted 105 sequences in volume 0
SUCCESS: formatted database XVP-157.contig

========================[ Dec 23, 2025 11:07 AM ]========================
Version 2.2.26 [Sep-21-2011]
Started database file "XVP-158.contig"
Formatted 106 sequences in volume 0
SUCCESS: formatted database XVP-158.contig

========================[ Dec 23, 2025 11:07 AM ]========================
Version 2.2.26 [Sep-21-2011]
Started database file "XVP-160.contig"
Formatted 110 sequences in volume 0
SUCCESS: formatted database XVP-160.contig

========================[ Dec 23, 2025 11:07 AM ]========================
Version 2.2.26 [Sep-21-2011]
Started database file "XVP-161.contig"
Formatted 99 sequences in volume 0
SUCCESS: formatted database XVP-161.contig

========================[ Dec 23, 2025 11:07 AM ]========================
Version 2.2.26 [Sep-21-2011]
Started database file "XVP-162.contig"
Formatted 101 sequences in volume 0
SUCCESS: formatted database XVP-162.contig

========================[ Dec 23, 2025 11:07 AM ]========================
Version 2.2.26 [Sep-21-2011]
Started database file "XVP-163.contig"
Formatted 103 sequences in volume 0
SUCCESS: formatted database XVP-163.contig

========================[ Dec 23, 2025 11:07 AM ]========================
Version 2.2.26 [Sep-21-2011]
Started database file "XVP-164.contig"
Formatted 110 sequences in volume 0
SUCCESS: formatted database XVP-164.contig

========================[ Dec 23, 2025 11:07 AM ]========================
Version 2.2.26 [Sep-21-2011]
Started database file "XVP-165.contig"
Formatted 101 sequences in volume 0
SUCCESS: formatted database XVP-165.contig

========================[ Dec 23, 2025 11:07 AM ]========================
Version 2.2.26 [Sep-21-2011]
Started database file "XVP-166.contig"
Formatted 98 sequences in volume 0
SUCCESS: formatted database XVP-166.contig

========================[ Dec 23, 2025 11:07 AM ]========================
Version 2.2.26 [Sep-21-2011]
Started database file "XVP-168.contig"
Formatted 87 sequences in volume 0
SUCCESS: formatted database XVP-168.contig

========================[ Dec 23, 2025 11:07 AM ]========================
Version 2.2.26 [Sep-21-2011]
Started database file "XVP-170.contig"
Formatted 109 sequences in volume 0
SUCCESS: formatted database XVP-170.contig

========================[ Dec 23, 2025 11:07 AM ]========================
Version 2.2.26 [Sep-21-2011]
Started database file "XVP-174.contig"
Formatted 110 sequences in volume 0
SUCCESS: formatted database XVP-174.contig

========================[ Dec 23, 2025 11:07 AM ]========================
Version 2.2.26 [Sep-21-2011]
Started database file "XVP-178.contig"
Formatted 79 sequences in volume 0
SUCCESS: formatted database XVP-178.contig

========================[ Dec 23, 2025 11:07 AM ]========================
Version 2.2.26 [Sep-21-2011]
Started database file "XVP-179.contig"
Formatted 92 sequences in volume 0
SUCCESS: formatted database XVP-179.contig

========================[ Dec 23, 2025 11:07 AM ]========================
Version 2.2.26 [Sep-21-2011]
Started database file "XVP-181.contig"
Formatted 89 sequences in volume 0
SUCCESS: formatted database XVP-181.contig

========================[ Dec 23, 2025 11:07 AM ]========================
Version 2.2.26 [Sep-21-2011]
Started database file "XVP-183.contig"
Formatted 108 sequences in volume 0
SUCCESS: formatted database XVP-183.contig

========================[ Dec 23, 2025 11:07 AM ]========================
Version 2.2.26 [Sep-21-2011]
Started database file "XVP-187.contig"
Formatted 78 sequences in volume 0
SUCCESS: formatted database XVP-187.contig

========================[ Dec 23, 2025 11:07 AM ]========================
Version 2.2.26 [Sep-21-2011]
Started database file "XVP-189.contig"
Formatted 102 sequences in volume 0
SUCCESS: formatted database XVP-189.contig

========================[ Dec 23, 2025 11:07 AM ]========================
Version 2.2.26 [Sep-21-2011]
Started database file "XVP-192.contig"
Formatted 94 sequences in volume 0
SUCCESS: formatted database XVP-192.contig

========================[ Dec 23, 2025 11:07 AM ]========================
Version 2.2.26 [Sep-21-2011]
Started database file "XVP-194.contig"
Formatted 73 sequences in volume 0
SUCCESS: formatted database XVP-194.contig

========================[ Dec 23, 2025 11:07 AM ]========================
Version 2.2.26 [Sep-21-2011]
Started database file "XVP-195.contig"
Formatted 78 sequences in volume 0
SUCCESS: formatted database XVP-195.contig

========================[ Dec 23, 2025 11:07 AM ]========================
Version 2.2.26 [Sep-21-2011]
Started database file "XVP-207.contig"
Formatted 86 sequences in volume 0
SUCCESS: formatted database XVP-207.contig

========================[ Dec 23, 2025 11:07 AM ]========================
Version 2.2.26 [Sep-21-2011]
Started database file "XVP-216.contig"
Formatted 97 sequences in volume 0
SUCCESS: formatted database XVP-216.contig

========================[ Dec 23, 2025 11:07 AM ]========================
Version 2.2.26 [Sep-21-2011]
Started database file "XVP-220.contig"
Formatted 95 sequences in volume 0
SUCCESS: formatted database XVP-220.contig

========================[ Dec 23, 2025 11:07 AM ]========================
Version 2.2.26 [Sep-21-2011]
Started database file "XVP-222.contig"
Formatted 69 sequences in volume 0
SUCCESS: formatted database XVP-222.contig

========================[ Dec 23, 2025 11:07 AM ]========================
Version 2.2.26 [Sep-21-2011]
Started database file "XVP-224.contig"
Formatted 98 sequences in volume 0
SUCCESS: formatted database XVP-224.contig

========================[ Dec 23, 2025 11:07 AM ]========================
Version 2.2.26 [Sep-21-2011]
Started database file "XVP-226.contig"
Formatted 102 sequences in volume 0
SUCCESS: formatted database XVP-226.contig

========================[ Dec 23, 2025 11:07 AM ]========================
Version 2.2.26 [Sep-21-2011]
Started database file "XVP-228.contig"
Formatted 112 sequences in volume 0
SUCCESS: formatted database XVP-228.contig

========================[ Dec 23, 2025 11:07 AM ]========================
Version 2.2.26 [Sep-21-2011]
Started database file "XVP-232.contig"
Formatted 103 sequences in volume 0
SUCCESS: formatted database XVP-232.contig

========================[ Dec 23, 2025 11:07 AM ]========================
Version 2.2.26 [Sep-21-2011]
Started database file "XVP-234.contig"
Formatted 102 sequences in volume 0
SUCCESS: formatted database XVP-234.contig

========================[ Dec 23, 2025 11:07 AM ]========================
Version 2.2.26 [Sep-21-2011]
Started database file "XVP-235.contig"
Formatted 103 sequences in volume 0
SUCCESS: formatted database XVP-235.contig

========================[ Dec 23, 2025 11:07 AM ]========================
Version 2.2.26 [Sep-21-2011]
Started database file "XVP-238.contig"
Formatted 95 sequences in volume 0
SUCCESS: formatted database XVP-238.contig

========================[ Dec 23, 2025 11:07 AM ]========================
Version 2.2.26 [Sep-21-2011]
Started database file "XVP-240.contig"
Formatted 81 sequences in volume 0
SUCCESS: formatted database XVP-240.contig

========================[ Dec 23, 2025 11:07 AM ]========================
Version 2.2.26 [Sep-21-2011]
Started database file "XVP-242.contig"
Formatted 94 sequences in volume 0
SUCCESS: formatted database XVP-242.contig

========================[ Dec 23, 2025 11:07 AM ]========================
Version 2.2.26 [Sep-21-2011]
Started database file "XVP-25.contig"
Formatted 114 sequences in volume 0
SUCCESS: formatted database XVP-25.contig

========================[ Dec 23, 2025 11:07 AM ]========================
Version 2.2.26 [Sep-21-2011]
Started database file "XVP-251.contig"
Formatted 91 sequences in volume 0
SUCCESS: formatted database XVP-251.contig

========================[ Dec 23, 2025 11:07 AM ]========================
Version 2.2.26 [Sep-21-2011]
Started database file "XVP-253.contig"
Formatted 104 sequences in volume 0
SUCCESS: formatted database XVP-253.contig

========================[ Dec 23, 2025 11:07 AM ]========================
Version 2.2.26 [Sep-21-2011]
Started database file "XVP-255.contig"
Formatted 94 sequences in volume 0
SUCCESS: formatted database XVP-255.contig

========================[ Dec 23, 2025 11:07 AM ]========================
Version 2.2.26 [Sep-21-2011]
Started database file "XVP-257.contig"
Formatted 99 sequences in volume 0
SUCCESS: formatted database XVP-257.contig

========================[ Dec 23, 2025 11:07 AM ]========================
Version 2.2.26 [Sep-21-2011]
Started database file "XVP-259.contig"
Formatted 76 sequences in volume 0
SUCCESS: formatted database XVP-259.contig

========================[ Dec 23, 2025 11:07 AM ]========================
Version 2.2.26 [Sep-21-2011]
Started database file "XVP-262.contig"
Formatted 101 sequences in volume 0
SUCCESS: formatted database XVP-262.contig

========================[ Dec 23, 2025 11:07 AM ]========================
Version 2.2.26 [Sep-21-2011]
Started database file "XVP-275.contig"
Formatted 88 sequences in volume 0
SUCCESS: formatted database XVP-275.contig

========================[ Dec 23, 2025 11:07 AM ]========================
Version 2.2.26 [Sep-21-2011]
Started database file "XVP-278.contig"
Formatted 73 sequences in volume 0
SUCCESS: formatted database XVP-278.contig

========================[ Dec 23, 2025 11:07 AM ]========================
Version 2.2.26 [Sep-21-2011]
Started database file "XVP-281.contig"
Formatted 74 sequences in volume 0
SUCCESS: formatted database XVP-281.contig

========================[ Dec 23, 2025 11:07 AM ]========================
Version 2.2.26 [Sep-21-2011]
Started database file "XVP-285.contig"
Formatted 75 sequences in volume 0
SUCCESS: formatted database XVP-285.contig

========================[ Dec 23, 2025 11:07 AM ]========================
Version 2.2.26 [Sep-21-2011]
Started database file "XVP-287.contig"
Formatted 95 sequences in volume 0
SUCCESS: formatted database XVP-287.contig

========================[ Dec 23, 2025 11:07 AM ]========================
Version 2.2.26 [Sep-21-2011]
Started database file "XVP-290.contig"
Formatted 92 sequences in volume 0
SUCCESS: formatted database XVP-290.contig

========================[ Dec 23, 2025 11:07 AM ]========================
Version 2.2.26 [Sep-21-2011]
Started database file "XVP-295.contig"
Formatted 93 sequences in volume 0
SUCCESS: formatted database XVP-295.contig

========================[ Dec 23, 2025 11:07 AM ]========================
Version 2.2.26 [Sep-21-2011]
Started database file "XVP-304.contig"
Formatted 117 sequences in volume 0
SUCCESS: formatted database XVP-304.contig

========================[ Dec 23, 2025 11:07 AM ]========================
Version 2.2.26 [Sep-21-2011]
Started database file "XVP-306.contig"
Formatted 87 sequences in volume 0
SUCCESS: formatted database XVP-306.contig

========================[ Dec 23, 2025 11:07 AM ]========================
Version 2.2.26 [Sep-21-2011]
Started database file "XVP-310.contig"
Formatted 101 sequences in volume 0
SUCCESS: formatted database XVP-310.contig

========================[ Dec 23, 2025 11:07 AM ]========================
Version 2.2.26 [Sep-21-2011]
Started database file "XVP-312.contig"
Formatted 75 sequences in volume 0
SUCCESS: formatted database XVP-312.contig

========================[ Dec 23, 2025 11:07 AM ]========================
Version 2.2.26 [Sep-21-2011]
Started database file "XVP-318.contig"
Formatted 68 sequences in volume 0
SUCCESS: formatted database XVP-318.contig

========================[ Dec 23, 2025 11:07 AM ]========================
Version 2.2.26 [Sep-21-2011]
Started database file "XVP-320.contig"
Formatted 66 sequences in volume 0
SUCCESS: formatted database XVP-320.contig

========================[ Dec 23, 2025 11:07 AM ]========================
Version 2.2.26 [Sep-21-2011]
Started database file "XVP-40.contig"
Formatted 88 sequences in volume 0
SUCCESS: formatted database XVP-40.contig

========================[ Dec 23, 2025 11:07 AM ]========================
Version 2.2.26 [Sep-21-2011]
Started database file "XVP-42.contig"
Formatted 83 sequences in volume 0
SUCCESS: formatted database XVP-42.contig

========================[ Dec 23, 2025 11:07 AM ]========================
Version 2.2.26 [Sep-21-2011]
Started database file "XVP-51.contig"
Formatted 82 sequences in volume 0
SUCCESS: formatted database XVP-51.contig

========================[ Dec 23, 2025 11:07 AM ]========================
Version 2.2.26 [Sep-21-2011]
Started database file "XVP-56.contig"
Formatted 105 sequences in volume 0
SUCCESS: formatted database XVP-56.contig

========================[ Dec 23, 2025 11:07 AM ]========================
Version 2.2.26 [Sep-21-2011]
Started database file "XVP-66.contig"
Formatted 80 sequences in volume 0
SUCCESS: formatted database XVP-66.contig

========================[ Dec 23, 2025 11:07 AM ]========================
Version 2.2.26 [Sep-21-2011]
Started database file "XVP-71.contig"
Formatted 79 sequences in volume 0
SUCCESS: formatted database XVP-71.contig

========================[ Dec 23, 2025 11:07 AM ]========================
Version 2.2.26 [Sep-21-2011]
Started database file "XVP-77.contig"
Formatted 85 sequences in volume 0
SUCCESS: formatted database XVP-77.contig

========================[ Dec 23, 2025 11:07 AM ]========================
Version 2.2.26 [Sep-21-2011]
Started database file "XVP-81.contig"
Formatted 82 sequences in volume 0
SUCCESS: formatted database XVP-81.contig

========================[ Dec 23, 2025 11:07 AM ]========================
Version 2.2.26 [Sep-21-2011]
Started database file "XVP-82.contig"
Formatted 81 sequences in volume 0
SUCCESS: formatted database XVP-82.contig

========================[ Dec 23, 2025 11:07 AM ]========================
Version 2.2.26 [Sep-21-2011]
Started database file "XVP-88.contig"
Formatted 78 sequences in volume 0
SUCCESS: formatted database XVP-88.contig

========================[ Dec 23, 2025 11:07 AM ]========================
Version 2.2.26 [Sep-21-2011]
Started database file "XVP-91.contig"
Formatted 117 sequences in volume 0
SUCCESS: formatted database XVP-91.contig

========================[ Dec 23, 2025 11:07 AM ]========================
Version 2.2.26 [Sep-21-2011]
Started database file "XVP-96.contig"
Formatted 101 sequences in volume 0
SUCCESS: formatted database XVP-96.contig

========================[ Dec 23, 2025 11:07 AM ]========================
Version 2.2.26 [Sep-21-2011]
Started database file "XVP-99.contig"
Formatted 81 sequences in volume 0
SUCCESS: formatted database XVP-99.contig

========================[ Dec 23, 2025 11:07 AM ]========================
Version 2.2.26 [Sep-21-2011]
Started database file "XVP26.contig"
Formatted 50 sequences in volume 0
SUCCESS: formatted database XVP26.contig

========================[ Dec 23, 2025 11:07 AM ]========================
Version 2.2.26 [Sep-21-2011]
Started database file "Xcv_DC_93-6.contig"
Formatted 99 sequences in volume 0
SUCCESS: formatted database Xcv_DC_93-6.contig

========================[ Dec 23, 2025 11:07 AM ]========================
Version 2.2.26 [Sep-21-2011]
Started database file "Xcv_DC_93-7.contig"
Formatted 82 sequences in volume 0
SUCCESS: formatted database Xcv_DC_93-7.contig

========================[ Dec 23, 2025 11:07 AM ]========================
Version 2.2.26 [Sep-21-2011]
Started database file "Xcv_DC_93-8.contig"
Formatted 79 sequences in volume 0
SUCCESS: formatted database Xcv_DC_93-8.contig

========================[ Dec 23, 2025 11:07 AM ]========================
Version 2.2.26 [Sep-21-2011]
Started database file "Xcv_DC_93-9.contig"
Formatted 89 sequences in volume 0
SUCCESS: formatted database Xcv_DC_93-9.contig

========================[ Dec 23, 2025 11:07 AM ]========================
Version 2.2.26 [Sep-21-2011]
Started database file "Xcv_DC_96-1.contig"
Formatted 90 sequences in volume 0
SUCCESS: formatted database Xcv_DC_96-1.contig

========================[ Dec 23, 2025 11:07 AM ]========================
Version 2.2.26 [Sep-21-2011]
Started database file "Xcv_DC_96-2.contig"
Formatted 90 sequences in volume 0
SUCCESS: formatted database Xcv_DC_96-2.contig

========================[ Dec 23, 2025 11:07 AM ]========================
Version 2.2.26 [Sep-21-2011]
Started database file "Xcv_DC_96-3.contig"
Formatted 97 sequences in volume 0
SUCCESS: formatted database Xcv_DC_96-3.contig

========================[ Dec 23, 2025 11:07 AM ]========================
Version 2.2.26 [Sep-21-2011]
Started database file "Xcv_DC_96-4.contig"
Formatted 98 sequences in volume 0
SUCCESS: formatted database Xcv_DC_96-4.contig

========================[ Dec 23, 2025 11:07 AM ]========================
Version 2.2.26 [Sep-21-2011]
Started database file "Xcv_DC_96-5.contig"
Formatted 93 sequences in volume 0
SUCCESS: formatted database Xcv_DC_96-5.contig

========================[ Dec 23, 2025 11:07 AM ]========================
Version 2.2.26 [Sep-21-2011]
Started database file "Xcv_DC_97_P1A.contig"
Formatted 118 sequences in volume 0
SUCCESS: formatted database Xcv_DC_97_P1A.contig

========================[ Dec 23, 2025 11:07 AM ]========================
Version 2.2.26 [Sep-21-2011]
Started database file "Xcv_DC_97_P2A.contig"
Formatted 96 sequences in volume 0
SUCCESS: formatted database Xcv_DC_97_P2A.contig

========================[ Dec 23, 2025 11:07 AM ]========================
Version 2.2.26 [Sep-21-2011]
Started database file "Xcv_DC_97_P3A.contig"
Formatted 73 sequences in volume 0
SUCCESS: formatted database Xcv_DC_97_P3A.contig

========================[ Dec 23, 2025 11:07 AM ]========================
Version 2.2.26 [Sep-21-2011]
Started database file "Xcv_DC_98_P2A.contig"
Formatted 93 sequences in volume 0
SUCCESS: formatted database Xcv_DC_98_P2A.contig

========================[ Dec 23, 2025 11:07 AM ]========================
Version 2.2.26 [Sep-21-2011]
Started database file "Xcv_Sspep_92.contig"
Formatted 79 sequences in volume 0
SUCCESS: formatted database Xcv_Sspep_92.contig

========================[ Dec 23, 2025 11:07 AM ]========================
Version 2.2.26 [Sep-21-2011]
Started database file "Xe173.contig"
Formatted 5 sequences in volume 0
SUCCESS: formatted database Xe173.contig

========================[ Dec 23, 2025 11:07 AM ]========================
Version 2.2.26 [Sep-21-2011]
Started database file "Xv157.contig"
Formatted 113 sequences in volume 0
SUCCESS: formatted database Xv157.contig

========================[ Dec 23, 2025 11:07 AM ]========================
Version 2.2.26 [Sep-21-2011]
Started database file "Xv_72.contig"
Formatted 124 sequences in volume 0
SUCCESS: formatted database Xv_72.contig

========================[ Dec 23, 2025 11:07 AM ]========================
Version 2.2.26 [Sep-21-2011]
Started database file "Xv_79.contig"
Formatted 114 sequences in volume 0
SUCCESS: formatted database Xv_79.contig
