[2025-08-25 08:05:27] INFO: CheckM v1.2.4
[2025-08-25 08:05:27] INFO: checkm taxonomy_wf genus Xanthomonas . checkm_out
[2025-08-25 08:05:27] INFO: CheckM data: /data/djs217/miniconda3/envs/checkm_env/checkm_data
[2025-08-25 08:05:27] INFO: [CheckM - taxon_set] Generate taxonomic-specific marker set.
[2025-08-25 08:05:31] INFO: Marker set for Xanthomonas contains 1163 marker genes arranged in 401 sets.
[2025-08-25 08:05:31] INFO: Marker set inferred from 16 reference genomes.
[2025-08-25 08:05:31] INFO: Marker set for Xanthomonadaceae contains 540 marker genes arranged in 311 sets.
[2025-08-25 08:05:31] INFO: Marker set inferred from 58 reference genomes.
[2025-08-25 08:05:31] INFO: Marker set for Xanthomonadales contains 499 marker genes arranged in 264 sets.
[2025-08-25 08:05:31] INFO: Marker set inferred from 63 reference genomes.
[2025-08-25 08:05:31] INFO: Marker set for Gammaproteobacteria contains 280 marker genes arranged in 178 sets.
[2025-08-25 08:05:31] INFO: Marker set inferred from 1167 reference genomes.
[2025-08-25 08:05:31] INFO: Marker set for Proteobacteria contains 182 marker genes arranged in 119 sets.
[2025-08-25 08:05:31] INFO: Marker set inferred from 2343 reference genomes.
[2025-08-25 08:05:31] INFO: Marker set for Bacteria contains 104 marker genes arranged in 58 sets.
[2025-08-25 08:05:31] INFO: Marker set inferred from 5449 reference genomes.
[2025-08-25 08:05:31] INFO: Marker set written to: checkm_out/Xanthomonas.ms
[2025-08-25 08:05:31] INFO: { Current stage: 0:00:04.272 || Total: 0:00:04.272 }
[2025-08-25 08:05:31] INFO: [CheckM - analyze] Identifying marker genes in bins.
[2025-08-25 08:05:34] INFO: Identifying marker genes in 112 bins with 1 threads:
[2025-08-25 15:03:21] INFO: Saving HMM info to file.
[2025-08-25 15:03:29] INFO: { Current stage: 6:57:57.912 || Total: 6:58:02.184 }
[2025-08-25 15:03:29] INFO: Parsing HMM hits to marker genes:
[2025-08-25 15:04:25] INFO: Aligning marker genes with multiple hits in a single bin:
[2025-08-25 15:05:05] INFO: { Current stage: 0:01:35.964 || Total: 6:59:38.148 }
[2025-08-25 15:05:05] INFO: Calculating genome statistics for 112 bins with 1 threads:
[2025-08-25 15:05:29] INFO: { Current stage: 0:00:23.724 || Total: 7:00:01.873 }
[2025-08-25 15:05:29] INFO: [CheckM - qa] Tabulating genome statistics.
[2025-08-25 15:05:29] INFO: Calculating AAI between multi-copy marker genes.
[2025-08-25 15:05:29] INFO: Reading HMM info from file.
[2025-08-25 15:05:32] INFO: Parsing HMM hits to marker genes:
[2025-08-25 15:05:59] INFO: { Current stage: 0:00:30.561 || Total: 7:00:32.434 }
