
Running self-nucmer on /data/djs217/PROJECTS/53_Xeu/04-phylogenomics/01_all_xeu/03_workdir/files/ATCC_11633.fna
[RUNNING:] nucmer --maxmatch --nosimplify --prefix=seq_seq3420473 /data/djs217/PROJECTS/53_Xeu/04-phylogenomics/01_all_xeu/03_workdir/files/ATCC_11633.fna /data/djs217/PROJECTS/53_Xeu/04-phylogenomics/01_all_xeu/03_workdir/files/ATCC_11633.fna 2>/dev/null
[RUNNING:] show-coords -r -I 97 -L 75 -T seq_seq3420473.delta | awk '$1 != $3 || $2 != $4 && $8==$9 {print}' > seq_seq3420473.coords

Repeat coords for all references found.
Self-NUCmer complete
==================================================================
Aligning to the reference genome /data/djs217/PROJECTS/53_Xeu/04-phylogenomics/01_all_xeu/03_workdir/files/ATCC_11633.fna

Running nucmer on ATCC_11633_ATCC_11633

NUCmer on all reference genomes complete.
==================================================================

runContigNUCmer.pl -r /data/djs217/PROJECTS/53_Xeu/04-phylogenomics/01_all_xeu/03_workdir/files/ATCC_11633.fna -q /data/djs217/PROJECTS/53_Xeu/04-phylogenomics/01_all_xeu/03_workdir -d /data/djs217/PROJECTS/53_Xeu/04-phylogenomics/01_all_xeu/03_workdir/results -l /data/djs217/PROJECTS/53_Xeu/04-phylogenomics/01_all_xeu/03_workdir/contigs_list.txt -t 1 -y 2 2>>/data/djs217/PROJECTS/53_Xeu/04-phylogenomics/01_all_xeu/03_workdir/results/Xeu-all.error >> /data/djs217/PROJECTS/53_Xeu/04-phylogenomics/01_all_xeu/03_workdir/results/Xeu-all.log


Using given reference:  /data/djs217/PROJECTS/53_Xeu/04-phylogenomics/01_all_xeu/03_workdir/files/ATCC_11633.fna
Running nucmer on ATCC_11633_65XENP1_contig
Running nucmer on ATCC_11633_DOA_1721_contig
Running nucmer on ATCC_11633_DOA_2990_contig
Running nucmer on ATCC_11633_XVP_238_contig
Running nucmer on ATCC_11633_XVP_320_contig
Running nucmer on ATCC_11633_XVP_287_contig
Running nucmer on ATCC_11633_XVP_189_contig
Running nucmer on ATCC_11633_Xe173_contig
Running nucmer on ATCC_11633_XVP_156_contig
Running nucmer on ATCC_11633_86_46_contig
Running nucmer on ATCC_11633_X31_contig
Running nucmer on ATCC_11633_XVP_222_contig
Running nucmer on ATCC_11633_85_10_contig
Running nucmer on ATCC_11633_87_21_contig
Running nucmer on ATCC_11633_XVP_318_contig
Running nucmer on ATCC_11633_XVP_181_contig
Running nucmer on ATCC_11633_XVP_253_contig
Running nucmer on ATCC_11633_Tu_06_contig
Running nucmer on ATCC_11633_85_16_contig
Running nucmer on ATCC_11633_Xcv_DC_96_4_contig
Running nucmer on ATCC_11633_Xcv_DC_97_P3A_contig
Running nucmer on ATCC_11633_XVP_166_contig
Running nucmer on ATCC_11633_Xcv_DC_93_6_contig
Running nucmer on ATCC_11633_XVP_232_contig
Running nucmer on ATCC_11633_XVP_195_contig
Running nucmer on ATCC_11633_VTM15_contig
Running nucmer on ATCC_11633_89_16_contig
Running nucmer on ATCC_11633_XVP_51_contig
Running nucmer on ATCC_11633_XVP_192_contig
Running nucmer on ATCC_11633_72_7_contig
Running nucmer on ATCC_11633_XVP_312_contig
Running nucmer on ATCC_11633_XVP_155_contig
Running nucmer on ATCC_11633_XVP_42_contig
Running nucmer on ATCC_11633_X82_8P_C1_contig
Running nucmer on ATCC_11633_87_7_contig
Running nucmer on ATCC_11633_XVP_207_contig
Running nucmer on ATCC_11633_XVP_128_contig
Running nucmer on ATCC_11633_XVP_77_contig
Running nucmer on ATCC_11633_XVP_216_contig
Running nucmer on ATCC_11633_X13_contig
Running nucmer on ATCC_11633_Tu_10_contig
Running nucmer on ATCC_11633_E3_contig
Running nucmer on ATCC_11633_VTM12_contig
Running nucmer on ATCC_11633_X82_8P_C5_contig
Running nucmer on ATCC_11633_71_21_contig
Running nucmer on ATCC_11633_Xcv_DC_96_1_contig
Running nucmer on ATCC_11633_XVP_112_contig
Running nucmer on ATCC_11633_XVP_179_contig
Running nucmer on ATCC_11633_LMG_933_contig
Running nucmer on ATCC_11633_66b_contig
Running nucmer on ATCC_11633_FB570_contig
Running nucmer on ATCC_11633_XVP_262_contig
Running nucmer on ATCC_11633_XVP_259_contig
Running nucmer on ATCC_11633_XVP_255_contig
Running nucmer on ATCC_11633_65XENP3_contig
Running nucmer on ATCC_11633_Xv_72_contig
Running nucmer on ATCC_11633_Xcv_DC_93_9_contig
Running nucmer on ATCC_11633_LMG_930_contig
Running nucmer on ATCC_11633_XCVKK_C_4_contig
Running nucmer on ATCC_11633_XVP_162_contig
Running nucmer on ATCC_11633_Xcv_DC_93_7_contig
Running nucmer on ATCC_11633_X82_8P_C6_contig
Running nucmer on ATCC_11633_VTM4_contig
Running nucmer on ATCC_11633_XVP_257_contig
Running nucmer on ATCC_11633_Xcv_DC_93_8_contig
Running nucmer on ATCC_11633_LMG_909_contig
Running nucmer on ATCC_11633_DOA_2989_contig
Running nucmer on ATCC_11633_Xcv_DC_96_5_contig
Running nucmer on ATCC_11633_86_2_contig
Running nucmer on ATCC_11633_VTM10_contig
Running nucmer on ATCC_11633_XVP_251_contig
Running nucmer on ATCC_11633_XVP_304_contig
Running nucmer on ATCC_11633_XCVCP_C_43_contig
Running nucmer on ATCC_11633_20HP1614_contig
Running nucmer on ATCC_11633_XVP_228_contig
Running nucmer on ATCC_11633_XVP_310_contig
Running nucmer on ATCC_11633_LMG_667_contig
Running nucmer on ATCC_11633_86_22_contig
Running nucmer on ATCC_11633_DOA_2983_contig
Running nucmer on ATCC_11633_Xcv_DC_96_2_contig
Running nucmer on ATCC_11633_Xv157_contig
Running nucmer on ATCC_11633_83M_contig
Running nucmer on ATCC_11633_XVP_278_contig
Running nucmer on ATCC_11633_LMG_27970_contig
Running nucmer on ATCC_11633_XVP_91_contig
Running nucmer on ATCC_11633_X22_contig
Running nucmer on ATCC_11633_XVP26_contig
Running nucmer on ATCC_11633_69_24_contig
Running nucmer on ATCC_11633_80_5_contig
Running nucmer on ATCC_11633_Xcv_DC_97_P2A_contig
Running nucmer on ATCC_11633_XVP_187_contig
Running nucmer on ATCC_11633_20HP1594_contig
Running nucmer on ATCC_11633_Xcv_Sspep_92_contig
Running nucmer on ATCC_11633_DOA_2036_contig
Running nucmer on ATCC_11633_XVP_71_contig
Running nucmer on ATCC_11633_XCVKK_C_2_contig
Running nucmer on ATCC_11633_87_13_contig
Running nucmer on ATCC_11633_DOA_1726_contig
Running nucmer on ATCC_11633_20HP1591_contig
Running nucmer on ATCC_11633_XVP_82_contig
Running nucmer on ATCC_11633_XVP_139_contig
Running nucmer on ATCC_11633_XVP_174_contig
Running nucmer on ATCC_11633_XVP_164_contig
Running nucmer on ATCC_11633_20HP1609_2_contig
Running nucmer on ATCC_11633_XVP_25_contig
Running nucmer on ATCC_11633_XVP_102_contig
Running nucmer on ATCC_11633_XVP_178_contig
Running nucmer on ATCC_11633_20HP1613_contig
Running nucmer on ATCC_11633_65XENP2_contig
Running nucmer on ATCC_11633_Tu_11_contig
Running nucmer on ATCC_11633_XVP_81_contig
Running nucmer on ATCC_11633_XVP_168_contig
Running nucmer on ATCC_11633_XVP_290_contig
Running nucmer on ATCC_11633_XVP_240_contig
Running nucmer on ATCC_11633_XVP_275_contig
Running nucmer on ATCC_11633_62XEKK5_contig
Running nucmer on ATCC_11633_20HP1608_1_contig
Running nucmer on ATCC_11633_XVP_96_contig
Running nucmer on ATCC_11633_Xcv_DC_97_P1A_contig
Running nucmer on ATCC_11633_XVP_88_contig
Running nucmer on ATCC_11633_XVP_242_contig
Running nucmer on ATCC_11633_DC99P1A1_contig
Running nucmer on ATCC_11633_WHRI_8301_contig
Running nucmer on ATCC_11633_Ps_1_contig
Running nucmer on ATCC_11633_XVP_220_contig
Running nucmer on ATCC_11633_XVP_170_contig
Running nucmer on ATCC_11633_XVP_40_contig
Running nucmer on ATCC_11633_Tu_08_contig
Running nucmer on ATCC_11633_Xv_79_contig
Running nucmer on ATCC_11633_XVP_224_contig
Running nucmer on ATCC_11633_LMG_905_contig
Running nucmer on ATCC_11633_XCVKK_C_3_contig
Running nucmer on ATCC_11633_70_7_contig
Running nucmer on ATCC_11633_DC99P1B1_contig
Running nucmer on ATCC_11633_VTM17_contig
Running nucmer on ATCC_11633_Ps_7_contig
Running nucmer on ATCC_11633_90_13_contig
Running nucmer on ATCC_11633_69_1_contig
Running nucmer on ATCC_11633_XCVCP_C_51_contig
Running nucmer on ATCC_11633_Xcv_DC_98_P2A_contig
Running nucmer on ATCC_11633_XVP_183_contig
Running nucmer on ATCC_11633_20HP1597_contig
Running nucmer on ATCC_11633_XVP_295_contig
Running nucmer on ATCC_11633_XVP_226_contig
Running nucmer on ATCC_11633_VTM16_contig
Running nucmer on ATCC_11633_XVP_194_contig
Running nucmer on ATCC_11633_XVP_306_contig
Running nucmer on ATCC_11633_XVP_235_contig
Running nucmer on ATCC_11633_XVP_163_contig
Running nucmer on ATCC_11633_X82_8P_C2_contig
Running nucmer on ATCC_11633_XVP_157_contig
Running nucmer on ATCC_11633_Xcv_DC_96_3_contig
Running nucmer on ATCC_11633_75_3_contig
Running nucmer on ATCC_11633_XVP_281_contig
Running nucmer on ATCC_11633_XCVKK_C_5_contig
Running nucmer on ATCC_11633_XVP_66_contig
Running nucmer on ATCC_11633_XVP_234_contig
Running nucmer on ATCC_11633_XVP_158_contig
Running nucmer on ATCC_11633_X82_8P_C3_contig
Running nucmer on ATCC_11633_20HP1615_contig
Running nucmer on ATCC_11633_89_10_contig
Running nucmer on ATCC_11633_XVP_160_contig
Running nucmer on ATCC_11633_XVP_165_contig
Running nucmer on ATCC_11633_XVP_104_contig
Running nucmer on ATCC_11633_DOA_2987_contig
Running nucmer on ATCC_11633_87_47_contig
Running nucmer on ATCC_11633_XVP_161_contig
Running nucmer on ATCC_11633_X82_8P_C4_contig
Running nucmer on ATCC_11633_XVP_285_contig
Running nucmer on ATCC_11633_XVP_99_contig
Running nucmer on ATCC_11633_20HP1608_2_contig
Running nucmer on ATCC_11633_XVP_56_contig
Running nucmer on ATCC_11633_X82_8P_contig
Running nucmer on ATCC_11633_XCVKK_C_1_contig
Running nucmer on ATCC_11633_Tabasco1_contig
NUCmer on all contig/draft genomes complete.


buildSNPDB.pl -i /data/djs217/PROJECTS/53_Xeu/04-phylogenomics/01_all_xeu/03_workdir/results -r /data/djs217/PROJECTS/53_Xeu/04-phylogenomics/01_all_xeu/03_workdir/files/ATCC_11633.fna -l /data/djs217/PROJECTS/53_Xeu/04-phylogenomics/01_all_xeu/03_workdir/working_list.txt -p Xeu-all -c 0 -g 0.1 2>>/data/djs217/PROJECTS/53_Xeu/04-phylogenomics/01_all_xeu/03_workdir/results/Xeu-all.error >> /data/djs217/PROJECTS/53_Xeu/04-phylogenomics/01_all_xeu/03_workdir/results/Xeu-all.log

Reading Gaps file.
XVP_262_contig covered 0.94195 of the ATCC_11633 (<cutoff = 0.1). It will be used to build SNP tree and matrix.
20HP1615_contig covered 0.94895 of the ATCC_11633 (<cutoff = 0.1). It will be used to build SNP tree and matrix.
XVP_253_contig covered 0.95294 of the ATCC_11633 (<cutoff = 0.1). It will be used to build SNP tree and matrix.
65XENP3_contig covered 0.94889 of the ATCC_11633 (<cutoff = 0.1). It will be used to build SNP tree and matrix.
X31_contig covered 0.93943 of the ATCC_11633 (<cutoff = 0.1). It will be used to build SNP tree and matrix.
XVP_275_contig covered 0.94677 of the ATCC_11633 (<cutoff = 0.1). It will be used to build SNP tree and matrix.
XVP_320_contig covered 0.94071 of the ATCC_11633 (<cutoff = 0.1). It will be used to build SNP tree and matrix.
XVP_158_contig covered 0.97633 of the ATCC_11633 (<cutoff = 0.1). It will be used to build SNP tree and matrix.
LMG_909_contig covered 0.94203 of the ATCC_11633 (<cutoff = 0.1). It will be used to build SNP tree and matrix.
XVP_281_contig covered 0.93606 of the ATCC_11633 (<cutoff = 0.1). It will be used to build SNP tree and matrix.
VTM16_contig covered 0.94725 of the ATCC_11633 (<cutoff = 0.1). It will be used to build SNP tree and matrix.
Xcv_DC_97_P3A_contig covered 0.94191 of the ATCC_11633 (<cutoff = 0.1). It will be used to build SNP tree and matrix.
XVP_228_contig covered 0.96298 of the ATCC_11633 (<cutoff = 0.1). It will be used to build SNP tree and matrix.
66b_contig covered 0.94057 of the ATCC_11633 (<cutoff = 0.1). It will be used to build SNP tree and matrix.
XVP_25_contig covered 0.97677 of the ATCC_11633 (<cutoff = 0.1). It will be used to build SNP tree and matrix.
XVP_82_contig covered 0.94896 of the ATCC_11633 (<cutoff = 0.1). It will be used to build SNP tree and matrix.
Xcv_DC_98_P2A_contig covered 0.95344 of the ATCC_11633 (<cutoff = 0.1). It will be used to build SNP tree and matrix.
62XEKK5_contig covered 0.94161 of the ATCC_11633 (<cutoff = 0.1). It will be used to build SNP tree and matrix.
86_46_contig covered 0.97768 of the ATCC_11633 (<cutoff = 0.1). It will be used to build SNP tree and matrix.
XVP_287_contig covered 0.95430 of the ATCC_11633 (<cutoff = 0.1). It will be used to build SNP tree and matrix.
XVP_285_contig covered 0.93606 of the ATCC_11633 (<cutoff = 0.1). It will be used to build SNP tree and matrix.
Xcv_DC_96_4_contig covered 0.95391 of the ATCC_11633 (<cutoff = 0.1). It will be used to build SNP tree and matrix.
Xcv_DC_96_2_contig covered 0.94764 of the ATCC_11633 (<cutoff = 0.1). It will be used to build SNP tree and matrix.
70_7_contig covered 0.96038 of the ATCC_11633 (<cutoff = 0.1). It will be used to build SNP tree and matrix.
XVP_40_contig covered 0.94669 of the ATCC_11633 (<cutoff = 0.1). It will be used to build SNP tree and matrix.
90_13_contig covered 0.96579 of the ATCC_11633 (<cutoff = 0.1). It will be used to build SNP tree and matrix.
87_21_contig covered 0.94677 of the ATCC_11633 (<cutoff = 0.1). It will be used to build SNP tree and matrix.
XVP_51_contig covered 0.95432 of the ATCC_11633 (<cutoff = 0.1). It will be used to build SNP tree and matrix.
VTM10_contig covered 0.94237 of the ATCC_11633 (<cutoff = 0.1). It will be used to build SNP tree and matrix.
75_3_contig covered 0.95356 of the ATCC_11633 (<cutoff = 0.1). It will be used to build SNP tree and matrix.
Xcv_DC_97_P1A_contig covered 0.94090 of the ATCC_11633 (<cutoff = 0.1). It will be used to build SNP tree and matrix.
DOA_2983_contig covered 0.94231 of the ATCC_11633 (<cutoff = 0.1). It will be used to build SNP tree and matrix.
XVP_232_contig covered 0.95436 of the ATCC_11633 (<cutoff = 0.1). It will be used to build SNP tree and matrix.
Xcv_DC_93_7_contig covered 0.93802 of the ATCC_11633 (<cutoff = 0.1). It will be used to build SNP tree and matrix.
Xcv_DC_93_9_contig covered 0.93793 of the ATCC_11633 (<cutoff = 0.1). It will be used to build SNP tree and matrix.
X82_8P_C3_contig covered 0.95943 of the ATCC_11633 (<cutoff = 0.1). It will be used to build SNP tree and matrix.
REPEATS covered 0.99710 of the ATCC_11633 (<cutoff = 0.1). It will be used to build SNP tree and matrix.
XVP_77_contig covered 0.95436 of the ATCC_11633 (<cutoff = 0.1). It will be used to build SNP tree and matrix.
Xcv_DC_96_1_contig covered 0.95407 of the ATCC_11633 (<cutoff = 0.1). It will be used to build SNP tree and matrix.
20HP1597_contig covered 0.94895 of the ATCC_11633 (<cutoff = 0.1). It will be used to build SNP tree and matrix.
XVP_306_contig covered 0.94677 of the ATCC_11633 (<cutoff = 0.1). It will be used to build SNP tree and matrix.
20HP1614_contig covered 0.94723 of the ATCC_11633 (<cutoff = 0.1). It will be used to build SNP tree and matrix.
ATCC_11633 covered 1.00000 of the ATCC_11633 (<cutoff = 0.1). It will be used to build SNP tree and matrix.
XVP_166_contig covered 0.95309 of the ATCC_11633 (<cutoff = 0.1). It will be used to build SNP tree and matrix.
XVP_235_contig covered 0.95436 of the ATCC_11633 (<cutoff = 0.1). It will be used to build SNP tree and matrix.
XVP_155_contig covered 0.97666 of the ATCC_11633 (<cutoff = 0.1). It will be used to build SNP tree and matrix.
XVP_157_contig covered 0.97666 of the ATCC_11633 (<cutoff = 0.1). It will be used to build SNP tree and matrix.
X82_8P_C1_contig covered 0.95957 of the ATCC_11633 (<cutoff = 0.1). It will be used to build SNP tree and matrix.
Tu_10_contig covered 0.94118 of the ATCC_11633 (<cutoff = 0.1). It will be used to build SNP tree and matrix.
XVP_99_contig covered 0.95435 of the ATCC_11633 (<cutoff = 0.1). It will be used to build SNP tree and matrix.
XVP_163_contig covered 0.97669 of the ATCC_11633 (<cutoff = 0.1). It will be used to build SNP tree and matrix.
72_7_contig covered 0.95345 of the ATCC_11633 (<cutoff = 0.1). It will be used to build SNP tree and matrix.
XVP_242_contig covered 0.94196 of the ATCC_11633 (<cutoff = 0.1). It will be used to build SNP tree and matrix.
XVP_278_contig covered 0.93609 of the ATCC_11633 (<cutoff = 0.1). It will be used to build SNP tree and matrix.
XVP_240_contig covered 0.94247 of the ATCC_11633 (<cutoff = 0.1). It will be used to build SNP tree and matrix.
X82_8P_C5_contig covered 0.95957 of the ATCC_11633 (<cutoff = 0.1). It will be used to build SNP tree and matrix.
LMG_905_contig covered 0.93834 of the ATCC_11633 (<cutoff = 0.1). It will be used to build SNP tree and matrix.
XVP_220_contig covered 0.95309 of the ATCC_11633 (<cutoff = 0.1). It will be used to build SNP tree and matrix.
Tabasco1_contig covered 0.94881 of the ATCC_11633 (<cutoff = 0.1). It will be used to build SNP tree and matrix.
XVP_112_contig covered 0.95436 of the ATCC_11633 (<cutoff = 0.1). It will be used to build SNP tree and matrix.
XVP_222_contig covered 0.94069 of the ATCC_11633 (<cutoff = 0.1). It will be used to build SNP tree and matrix.
XVP_88_contig covered 0.94440 of the ATCC_11633 (<cutoff = 0.1). It will be used to build SNP tree and matrix.
XVP_66_contig covered 0.95436 of the ATCC_11633 (<cutoff = 0.1). It will be used to build SNP tree and matrix.
XVP_102_contig covered 0.94896 of the ATCC_11633 (<cutoff = 0.1). It will be used to build SNP tree and matrix.
XVP_183_contig covered 0.94745 of the ATCC_11633 (<cutoff = 0.1). It will be used to build SNP tree and matrix.
X13_contig covered 0.94004 of the ATCC_11633 (<cutoff = 0.1). It will be used to build SNP tree and matrix.
WHRI_8301_contig covered 0.95388 of the ATCC_11633 (<cutoff = 0.1). It will be used to build SNP tree and matrix.
LMG_667_contig covered 0.95212 of the ATCC_11633 (<cutoff = 0.1). It will be used to build SNP tree and matrix.
Xcv_DC_96_5_contig covered 0.94067 of the ATCC_11633 (<cutoff = 0.1). It will be used to build SNP tree and matrix.
XVP_174_contig covered 0.95920 of the ATCC_11633 (<cutoff = 0.1). It will be used to build SNP tree and matrix.
Tu_06_contig covered 0.94145 of the ATCC_11633 (<cutoff = 0.1). It will be used to build SNP tree and matrix.
XVP_91_contig covered 0.97663 of the ATCC_11633 (<cutoff = 0.1). It will be used to build SNP tree and matrix.
20HP1591_contig covered 0.94908 of the ATCC_11633 (<cutoff = 0.1). It will be used to build SNP tree and matrix.
X22_contig covered 0.94021 of the ATCC_11633 (<cutoff = 0.1). It will be used to build SNP tree and matrix.
XVP_304_contig covered 0.95786 of the ATCC_11633 (<cutoff = 0.1). It will be used to build SNP tree and matrix.
XVP_216_contig covered 0.95313 of the ATCC_11633 (<cutoff = 0.1). It will be used to build SNP tree and matrix.
XVP_164_contig covered 0.97668 of the ATCC_11633 (<cutoff = 0.1). It will be used to build SNP tree and matrix.
X82_8P_C6_contig covered 0.95957 of the ATCC_11633 (<cutoff = 0.1). It will be used to build SNP tree and matrix.
Xe173_contig covered 0.93841 of the ATCC_11633 (<cutoff = 0.1). It will be used to build SNP tree and matrix.
87_47_contig covered 0.95381 of the ATCC_11633 (<cutoff = 0.1). It will be used to build SNP tree and matrix.
XVP_195_contig covered 0.94453 of the ATCC_11633 (<cutoff = 0.1). It will be used to build SNP tree and matrix.
Tu_08_contig covered 0.94179 of the ATCC_11633 (<cutoff = 0.1). It will be used to build SNP tree and matrix.
XVP_238_contig covered 0.94688 of the ATCC_11633 (<cutoff = 0.1). It will be used to build SNP tree and matrix.
Tu_11_contig covered 0.94180 of the ATCC_11633 (<cutoff = 0.1). It will be used to build SNP tree and matrix.
E3_contig covered 0.97771 of the ATCC_11633 (<cutoff = 0.1). It will be used to build SNP tree and matrix.
DOA_2036_contig covered 0.94209 of the ATCC_11633 (<cutoff = 0.1). It will be used to build SNP tree and matrix.
LMG_933_contig covered 0.94106 of the ATCC_11633 (<cutoff = 0.1). It will be used to build SNP tree and matrix.
XVP_192_contig covered 0.94689 of the ATCC_11633 (<cutoff = 0.1). It will be used to build SNP tree and matrix.
VTM17_contig covered 0.94453 of the ATCC_11633 (<cutoff = 0.1). It will be used to build SNP tree and matrix.
X82_8P_C4_contig covered 0.95956 of the ATCC_11633 (<cutoff = 0.1). It will be used to build SNP tree and matrix.
20HP1609_2_contig covered 0.94723 of the ATCC_11633 (<cutoff = 0.1). It will be used to build SNP tree and matrix.
20HP1613_contig covered 0.95019 of the ATCC_11633 (<cutoff = 0.1). It will be used to build SNP tree and matrix.
XCVKK_C_2_contig covered 0.94172 of the ATCC_11633 (<cutoff = 0.1). It will be used to build SNP tree and matrix.
DC99P1A1_contig covered 0.94696 of the ATCC_11633 (<cutoff = 0.1). It will be used to build SNP tree and matrix.
XVP_234_contig covered 0.95430 of the ATCC_11633 (<cutoff = 0.1). It will be used to build SNP tree and matrix.
XVP_179_contig covered 0.95309 of the ATCC_11633 (<cutoff = 0.1). It will be used to build SNP tree and matrix.
86_2_contig covered 0.95653 of the ATCC_11633 (<cutoff = 0.1). It will be used to build SNP tree and matrix.
XVP_251_contig covered 0.95315 of the ATCC_11633 (<cutoff = 0.1). It will be used to build SNP tree and matrix.
XVP26_contig covered 0.93289 of the ATCC_11633 (<cutoff = 0.1). It will be used to build SNP tree and matrix.
X82_8P_contig covered 0.94786 of the ATCC_11633 (<cutoff = 0.1). It will be used to build SNP tree and matrix.
XVP_207_contig covered 0.94359 of the ATCC_11633 (<cutoff = 0.1). It will be used to build SNP tree and matrix.
VTM4_contig covered 0.94627 of the ATCC_11633 (<cutoff = 0.1). It will be used to build SNP tree and matrix.
65XENP1_contig covered 0.94889 of the ATCC_11633 (<cutoff = 0.1). It will be used to build SNP tree and matrix.
Xcv_DC_96_3_contig covered 0.94024 of the ATCC_11633 (<cutoff = 0.1). It will be used to build SNP tree and matrix.
87_7_contig covered 0.95271 of the ATCC_11633 (<cutoff = 0.1). It will be used to build SNP tree and matrix.
85_10_contig covered 0.94138 of the ATCC_11633 (<cutoff = 0.1). It will be used to build SNP tree and matrix.
XVP_318_contig covered 0.94074 of the ATCC_11633 (<cutoff = 0.1). It will be used to build SNP tree and matrix.
XVP_178_contig covered 0.95436 of the ATCC_11633 (<cutoff = 0.1). It will be used to build SNP tree and matrix.
FB570_contig covered 0.95389 of the ATCC_11633 (<cutoff = 0.1). It will be used to build SNP tree and matrix.
65XENP2_contig covered 0.94886 of the ATCC_11633 (<cutoff = 0.1). It will be used to build SNP tree and matrix.
Xcv_DC_97_P2A_contig covered 0.94176 of the ATCC_11633 (<cutoff = 0.1). It will be used to build SNP tree and matrix.
XCVKK_C_4_contig covered 0.94160 of the ATCC_11633 (<cutoff = 0.1). It will be used to build SNP tree and matrix.
XVP_168_contig covered 0.94852 of the ATCC_11633 (<cutoff = 0.1). It will be used to build SNP tree and matrix.
XVP_189_contig covered 0.94508 of the ATCC_11633 (<cutoff = 0.1). It will be used to build SNP tree and matrix.
89_10_contig covered 0.94768 of the ATCC_11633 (<cutoff = 0.1). It will be used to build SNP tree and matrix.
XVP_257_contig covered 0.95429 of the ATCC_11633 (<cutoff = 0.1). It will be used to build SNP tree and matrix.
XVP_255_contig covered 0.95428 of the ATCC_11633 (<cutoff = 0.1). It will be used to build SNP tree and matrix.
X82_8P_C2_contig covered 0.95119 of the ATCC_11633 (<cutoff = 0.1). It will be used to build SNP tree and matrix.
Xcv_Sspep_92_contig covered 0.94207 of the ATCC_11633 (<cutoff = 0.1). It will be used to build SNP tree and matrix.
XVP_56_contig covered 0.93892 of the ATCC_11633 (<cutoff = 0.1). It will be used to build SNP tree and matrix.
20HP1608_1_contig covered 0.94723 of the ATCC_11633 (<cutoff = 0.1). It will be used to build SNP tree and matrix.
XCVKK_C_1_contig covered 0.94154 of the ATCC_11633 (<cutoff = 0.1). It will be used to build SNP tree and matrix.
89_16_contig covered 0.95417 of the ATCC_11633 (<cutoff = 0.1). It will be used to build SNP tree and matrix.
XVP_290_contig covered 0.94667 of the ATCC_11633 (<cutoff = 0.1). It will be used to build SNP tree and matrix.
LMG_27970_contig covered 0.94541 of the ATCC_11633 (<cutoff = 0.1). It will be used to build SNP tree and matrix.
DOA_2990_contig covered 0.95003 of the ATCC_11633 (<cutoff = 0.1). It will be used to build SNP tree and matrix.
Xcv_DC_93_8_contig covered 0.93786 of the ATCC_11633 (<cutoff = 0.1). It will be used to build SNP tree and matrix.
XVP_295_contig covered 0.95307 of the ATCC_11633 (<cutoff = 0.1). It will be used to build SNP tree and matrix.
DOA_2987_contig covered 0.94639 of the ATCC_11633 (<cutoff = 0.1). It will be used to build SNP tree and matrix.
85_16_contig covered 0.93110 of the ATCC_11633 (<cutoff = 0.1). It will be used to build SNP tree and matrix.
69_24_contig covered 0.96928 of the ATCC_11633 (<cutoff = 0.1). It will be used to build SNP tree and matrix.
Xv_79_contig covered 0.94835 of the ATCC_11633 (<cutoff = 0.1). It will be used to build SNP tree and matrix.
XCVKK_C_5_contig covered 0.94172 of the ATCC_11633 (<cutoff = 0.1). It will be used to build SNP tree and matrix.
87_13_contig covered 0.94706 of the ATCC_11633 (<cutoff = 0.1). It will be used to build SNP tree and matrix.
71_21_contig covered 0.93587 of the ATCC_11633 (<cutoff = 0.1). It will be used to build SNP tree and matrix.
Xcv_DC_93_6_contig covered 0.95402 of the ATCC_11633 (<cutoff = 0.1). It will be used to build SNP tree and matrix.
XVP_156_contig covered 0.97669 of the ATCC_11633 (<cutoff = 0.1). It will be used to build SNP tree and matrix.
XVP_226_contig covered 0.94929 of the ATCC_11633 (<cutoff = 0.1). It will be used to build SNP tree and matrix.
DOA_1726_contig covered 0.94663 of the ATCC_11633 (<cutoff = 0.1). It will be used to build SNP tree and matrix.
Xv157_contig covered 0.94794 of the ATCC_11633 (<cutoff = 0.1). It will be used to build SNP tree and matrix.
XVP_71_contig covered 0.95425 of the ATCC_11633 (<cutoff = 0.1). It will be used to build SNP tree and matrix.
XVP_139_contig covered 0.94458 of the ATCC_11633 (<cutoff = 0.1). It will be used to build SNP tree and matrix.
DOA_1721_contig covered 0.94059 of the ATCC_11633 (<cutoff = 0.1). It will be used to build SNP tree and matrix.
XVP_81_contig covered 0.95436 of the ATCC_11633 (<cutoff = 0.1). It will be used to build SNP tree and matrix.
Xv_72_contig covered 0.95323 of the ATCC_11633 (<cutoff = 0.1). It will be used to build SNP tree and matrix.
XVP_161_contig covered 0.97635 of the ATCC_11633 (<cutoff = 0.1). It will be used to build SNP tree and matrix.
XCVCP_C_43_contig covered 0.94160 of the ATCC_11633 (<cutoff = 0.1). It will be used to build SNP tree and matrix.
XVP_187_contig covered 0.95436 of the ATCC_11633 (<cutoff = 0.1). It will be used to build SNP tree and matrix.
XVP_259_contig covered 0.94230 of the ATCC_11633 (<cutoff = 0.1). It will be used to build SNP tree and matrix.
83M_contig covered 0.94086 of the ATCC_11633 (<cutoff = 0.1). It will be used to build SNP tree and matrix.
VTM12_contig covered 0.94780 of the ATCC_11633 (<cutoff = 0.1). It will be used to build SNP tree and matrix.
XVP_128_contig covered 0.97669 of the ATCC_11633 (<cutoff = 0.1). It will be used to build SNP tree and matrix.
XVP_194_contig covered 0.94458 of the ATCC_11633 (<cutoff = 0.1). It will be used to build SNP tree and matrix.
DC99P1B1_contig covered 0.94700 of the ATCC_11633 (<cutoff = 0.1). It will be used to build SNP tree and matrix.
XVP_165_contig covered 0.93973 of the ATCC_11633 (<cutoff = 0.1). It will be used to build SNP tree and matrix.
XVP_170_contig covered 0.95919 of the ATCC_11633 (<cutoff = 0.1). It will be used to build SNP tree and matrix.
XVP_310_contig covered 0.94195 of the ATCC_11633 (<cutoff = 0.1). It will be used to build SNP tree and matrix.
Ps_7_contig covered 0.95334 of the ATCC_11633 (<cutoff = 0.1). It will be used to build SNP tree and matrix.
XVP_312_contig covered 0.93598 of the ATCC_11633 (<cutoff = 0.1). It will be used to build SNP tree and matrix.
XVP_181_contig covered 0.95308 of the ATCC_11633 (<cutoff = 0.1). It will be used to build SNP tree and matrix.
XVP_162_contig covered 0.97629 of the ATCC_11633 (<cutoff = 0.1). It will be used to build SNP tree and matrix.
XCVCP_C_51_contig covered 0.94151 of the ATCC_11633 (<cutoff = 0.1). It will be used to build SNP tree and matrix.
XCVKK_C_3_contig covered 0.94172 of the ATCC_11633 (<cutoff = 0.1). It will be used to build SNP tree and matrix.
Ps_1_contig covered 0.94192 of the ATCC_11633 (<cutoff = 0.1). It will be used to build SNP tree and matrix.
XVP_160_contig covered 0.97669 of the ATCC_11633 (<cutoff = 0.1). It will be used to build SNP tree and matrix.
XVP_224_contig covered 0.94790 of the ATCC_11633 (<cutoff = 0.1). It will be used to build SNP tree and matrix.
20HP1594_contig covered 0.94065 of the ATCC_11633 (<cutoff = 0.1). It will be used to build SNP tree and matrix.
69_1_contig covered 0.94591 of the ATCC_11633 (<cutoff = 0.1). It will be used to build SNP tree and matrix.
XVP_96_contig covered 0.95972 of the ATCC_11633 (<cutoff = 0.1). It will be used to build SNP tree and matrix.
XVP_104_contig covered 0.94890 of the ATCC_11633 (<cutoff = 0.1). It will be used to build SNP tree and matrix.
86_22_contig covered 0.93731 of the ATCC_11633 (<cutoff = 0.1). It will be used to build SNP tree and matrix.
80_5_contig covered 0.94756 of the ATCC_11633 (<cutoff = 0.1). It will be used to build SNP tree and matrix.
LMG_930_contig covered 0.97220 of the ATCC_11633 (<cutoff = 0.1). It will be used to build SNP tree and matrix.
VTM15_contig covered 0.94237 of the ATCC_11633 (<cutoff = 0.1). It will be used to build SNP tree and matrix.
DOA_2989_contig covered 0.94665 of the ATCC_11633 (<cutoff = 0.1). It will be used to build SNP tree and matrix.
20HP1608_2_contig covered 0.94721 of the ATCC_11633 (<cutoff = 0.1). It will be used to build SNP tree and matrix.
XVP_42_contig covered 0.95433 of the ATCC_11633 (<cutoff = 0.1). It will be used to build SNP tree and matrix.
Printing Summary Statistics.
Creating SNP alignment.
Creating SNP stats file. 
SNP alignment complete.
Reconstructing phylogeny using FastTree
export OMP_NUM_THREADS=1; FastTree -quiet -nt -gtr < /data/djs217/PROJECTS/53_Xeu/04-phylogenomics/01_all_xeu/03_workdir/results/Xeu-all_all_snp_alignment.fna > /data/djs217/PROJECTS/53_Xeu/04-phylogenomics/01_all_xeu/03_workdir/results/Xeu-all_all.fasttree 2>>/data/djs217/PROJECTS/53_Xeu/04-phylogenomics/01_all_xeu/03_workdir/results/Xeu-all.error 

Tree phylogeny complete.
