╭──────────────────────────────────────────────────────────────────────────────────────────────────────────────────────────────────────────────────────────────────────────╮
│  Executing geNomad summary (v1.11.2). This will summarize the results across modules into a classification report.                                                       │
│  ──────────────────────────────────────────────────────────────────────────────────────────────────────────────────────────────────────────────────────────────────────  │
│  Outputs:                                                                                                                                                                │
│    20HP1594_summary                                                                                                                                                      │
│    ├── 20HP1594_summary.json (execution parameters)                                                                                                                      │
│    ├── 20HP1594_virus_summary.tsv (virus classification summary)                                                                                                         │
│    ├── 20HP1594_plasmid_summary.tsv (plasmid classification summary)                                                                                                     │
│    ├── 20HP1594_virus.fna (virus nucleotide FASTA file)                                                                                                                  │
│    ├── 20HP1594_plasmid.fna (plasmid nucleotide FASTA file)                                                                                                              │
│    ├── 20HP1594_virus_proteins.faa (virus protein FASTA file)                                                                                                            │
│    ├── 20HP1594_plasmid_proteins.faa (plasmid protein FASTA file)                                                                                                        │
│    ├── 20HP1594_virus_genes.tsv (virus gene annotation data)                                                                                                             │
│    └── 20HP1594_plasmid_genes.tsv (plasmid gene annotation data)                                                                                                         │
╰──────────────────────────────────────────────────────────────────────────────────────────────────────────────────────────────────────────────────────────────────────────╯
[11:31:28] Executing genomad summary.                                                                                                                                       
[11:31:28] Creating the 20HP1594_summary directory.                                                                                                                         
[11:31:28] Using scores from aggregated-classification.                                                                                                                     
[11:31:28] 18 plasmid(s) and 1 virus(es) were identified.                                                                                                                   
[11:31:28] Nucleotide sequences were written to 20HP1594_plasmid.fna and 20HP1594_virus.fna.                                                                                
[11:31:28] Protein sequences were written to 20HP1594_plasmid_proteins.faa and 20HP1594_virus_proteins.faa.                                                                 
[11:31:28] Gene annotation data was written to 20HP1594_plasmid_genes.tsv and 20HP1594_virus_genes.tsv.                                                                     
[11:31:28] Summary files were written to 20HP1594_plasmid_summary.tsv and 20HP1594_virus_summary.tsv.                                                                       
[11:31:28] geNomad summary finished!                                                                                                                                        
