╭──────────────────────────────────────────────────────────────────────────────────────────────────────────────────────────────────────────────────────────────────────────╮
│  Executing geNomad aggregated-classification (v1.11.2). This will aggregate the results of the marker-classification and nn-classification modules to classify the       │
│  input sequences into chromosome, plasmid, or virus.                                                                                                                     │
│  ──────────────────────────────────────────────────────────────────────────────────────────────────────────────────────────────────────────────────────────────────────  │
│  Outputs:                                                                                                                                                                │
│    20HP1594_aggregated_classification                                                                                                                                    │
│    ├── 20HP1594_aggregated_classification.json (execution parameters)                                                                                                    │
│    ├── 20HP1594_aggregated_classification.tsv (sequence classification: tabular format)                                                                                  │
│    ├── 20HP1594_aggregated_classification.npz (sequence classification: binary format)                                                                                   │
│    ├── 20HP1594_provirus_aggregated_classification.tsv (provirus classification: tabular format)                                                                         │
│    └── 20HP1594_provirus_aggregated_classification.npz (provirus classification: binary format)                                                                          │
╰──────────────────────────────────────────────────────────────────────────────────────────────────────────────────────────────────────────────────────────────────────────╯
[11:31:28] Executing genomad aggregated-classification.                                                                                                                     
[11:31:28] Creating the 20HP1594_aggregated_classification directory.                                                                                                       
[11:31:28] The total marker frequencies of the input sequences were computed.                                                                                               
[11:31:28] Sequences classified.                                                                                                                                            
[11:31:28] Sequence classification in binary format written to 20HP1594_aggregated_classification.npz.                                                                      
[11:31:28] Sequence classification in tabular format written to 20HP1594_aggregated_classification.tsv.                                                                     
[11:31:28] Proviruses classified.                                                                                                                                           
[11:31:28] Provirus classification in binary format written to 20HP1594_provirus_aggregated_classification.npz.                                                             
[11:31:28] Provirus classification in tabular format written to 20HP1594_provirus_aggregated_classification.tsv.                                                            
[11:31:28] geNomad aggregated-classification finished!                                                                                                                      
