╭──────────────────────────────────────────────────────────────────────────────────────────────────────────────────────────────────────────────────────────────────────────╮
│  Executing geNomad summary (v1.11.2). This will summarize the results across modules into a classification report.                                                       │
│  ──────────────────────────────────────────────────────────────────────────────────────────────────────────────────────────────────────────────────────────────────────  │
│  Outputs:                                                                                                                                                                │
│    20HP1614_summary                                                                                                                                                      │
│    ├── 20HP1614_summary.json (execution parameters)                                                                                                                      │
│    ├── 20HP1614_virus_summary.tsv (virus classification summary)                                                                                                         │
│    ├── 20HP1614_plasmid_summary.tsv (plasmid classification summary)                                                                                                     │
│    ├── 20HP1614_virus.fna (virus nucleotide FASTA file)                                                                                                                  │
│    ├── 20HP1614_plasmid.fna (plasmid nucleotide FASTA file)                                                                                                              │
│    ├── 20HP1614_virus_proteins.faa (virus protein FASTA file)                                                                                                            │
│    ├── 20HP1614_plasmid_proteins.faa (plasmid protein FASTA file)                                                                                                        │
│    ├── 20HP1614_virus_genes.tsv (virus gene annotation data)                                                                                                             │
│    └── 20HP1614_plasmid_genes.tsv (plasmid gene annotation data)                                                                                                         │
╰──────────────────────────────────────────────────────────────────────────────────────────────────────────────────────────────────────────────────────────────────────────╯
[11:38:53] Executing genomad summary.                                                                                                                                       
[11:38:53] Creating the 20HP1614_summary directory.                                                                                                                         
[11:38:53] Using scores from aggregated-classification.                                                                                                                     
[11:38:53] 17 plasmid(s) and 5 virus(es) were identified.                                                                                                                   
[11:38:53] Nucleotide sequences were written to 20HP1614_plasmid.fna and 20HP1614_virus.fna.                                                                                
[11:38:53] Protein sequences were written to 20HP1614_plasmid_proteins.faa and 20HP1614_virus_proteins.faa.                                                                 
[11:38:53] Gene annotation data was written to 20HP1614_plasmid_genes.tsv and 20HP1614_virus_genes.tsv.                                                                     
[11:38:53] Summary files were written to 20HP1614_plasmid_summary.tsv and 20HP1614_virus_summary.tsv.                                                                       
[11:38:53] geNomad summary finished!                                                                                                                                        
