╭──────────────────────────────────────────────────────────────────────────────────────────────────────────────────────────────────────────────────────────────────────────╮
│  Executing geNomad marker-classification (v1.11.2). This will classify the input sequences into chromosome, plasmid, or virus based on the presence of geNomad markers   │
│  and other gene-related features.                                                                                                                                        │
│  ──────────────────────────────────────────────────────────────────────────────────────────────────────────────────────────────────────────────────────────────────────  │
│  Outputs:                                                                                                                                                                │
│    20HP1594_marker_classification                                                                                                                                        │
│    ├── 20HP1594_marker_classification.json (execution parameters)                                                                                                        │
│    ├── 20HP1594_features.tsv (sequence feature data: tabular format)                                                                                                     │
│    ├── 20HP1594_features.npz (sequence feature data: binary format)                                                                                                      │
│    ├── 20HP1594_marker_classification.tsv (sequence classification: tabular format)                                                                                      │
│    ├── 20HP1594_marker_classification.npz (sequence classification: binary format)                                                                                       │
│    ├── 20HP1594_provirus_features.tsv (provirus feature data: tabular format)                                                                                            │
│    ├── 20HP1594_provirus_features.npz (provirus feature data: binary format)                                                                                             │
│    ├── 20HP1594_provirus_marker_classification.tsv (provirus classification: tabular format)                                                                             │
│    └── 20HP1594_provirus_marker_classification.npz (provirus classification: binary format)                                                                              │
╰──────────────────────────────────────────────────────────────────────────────────────────────────────────────────────────────────────────────────────────────────────────╯
[11:31:14] Executing genomad marker-classification.                                                                                                                         
[11:31:14] Creating the 20HP1594_marker_classification directory.                                                                                                           
[11:31:14] Sequence features computed.                                                                                                                                      
[11:31:14] Sequence features in binary format written to 20HP1594_features.npz.                                                                                             
[11:31:14] Sequence features in tabular format written to 20HP1594_features.tsv.                                                                                            
[11:31:15] Provirus features computed.                                                                                                                                      
[11:31:15] Provirus features in binary format written to 20HP1594_provirus_features.npz.                                                                                    
[11:31:15] Provirus features in tabular format written to 20HP1594_provirus_features.tsv.                                                                                   
[11:31:15] Sequences classified.                                                                                                                                            
[11:31:15] Sequence classification in binary format written to 20HP1594_marker_classification.npz.                                                                          
[11:31:15] Sequence classification in tabular format written to 20HP1594_marker_classification.tsv.                                                                         
[11:31:15] Proviruses classified.                                                                                                                                           
[11:31:15] Provirus classification in binary format written to 20HP1594_provirus_marker_classification.npz.                                                                 
[11:31:15] Provirus classification in tabular format written to 20HP1594_provirus_marker_classification.tsv.                                                                
[11:31:15] geNomad marker-classification finished!                                                                                                                          
