╭──────────────────────────────────────────────────────────────────────────────────────────────────────────────────────────────────────────────────────────────────────────╮
│  Executing geNomad find-proviruses (v1.11.2). This will find putative proviral regions within the input sequences.                                                       │
│  ──────────────────────────────────────────────────────────────────────────────────────────────────────────────────────────────────────────────────────────────────────  │
│  Outputs:                                                                                                                                                                │
│    20HP1614_find_proviruses                                                                                                                                              │
│    ├── 20HP1614_find_proviruses.json (execution parameters)                                                                                                              │
│    ├── 20HP1614_provirus.tsv (provirus data)                                                                                                                             │
│    ├── 20HP1614_provirus.fna (provirus nucleotide sequences)                                                                                                             │
│    ├── 20HP1614_provirus_proteins.faa (provirus protein sequences)                                                                                                       │
│    ├── 20HP1614_provirus_genes.tsv (provirus gene annotation data)                                                                                                       │
│    ├── 20HP1614_provirus_taxonomy.tsv (provirus taxonomic assignment)                                                                                                    │
│    ├── 20HP1614_provirus_mmseqs2.tsv (MMseqs2 output file)                                                                                                               │
│    └── 20HP1614_provirus_aragorn.tsv (Aragorn output file)                                                                                                               │
╰──────────────────────────────────────────────────────────────────────────────────────────────────────────────────────────────────────────────────────────────────────────╯
[11:38:40] Executing genomad find-proviruses.                                                                                                                               
[11:38:40] Creating the 20HP1614_find_proviruses directory.                                                                                                                 
[11:38:42] Integrases identified with MMseqs2 and geNomad database (v1.9) were written to 20HP1614_provirus_mmseqs2.tsv.                                                    
[11:38:42] Deleting 20HP1614_provirus_mmseqs2.                                                                                                                              
[11:38:42] Deleting 20HP1614_provirus_mmseqs2_input.faa.                                                                                                                    
[11:38:43] tRNAs identified with Aragorn were written to 20HP1614_provirus_aragorn.tsv.                                                                                     
[11:38:43] Deleting 20HP1614_provirus_aragorn_input.fna.                                                                                                                    
[11:38:44] Provirus regions identified.                                                                                                                                     
[11:38:44] Provirus data was written to 20HP1614_provirus.tsv.                                                                                                              
[11:38:44] Provirus nucleotide sequences were written to 20HP1614_provirus.fna.                                                                                             
[11:38:44] Provirus protein sequences were written to 20HP1614_provirus_proteins.faa.                                                                                       
[11:38:44] Provirus gene data was written to 20HP1614_provirus_genes.tsv.                                                                                                   
[11:38:44] Taxonomic assignment data was written to 20HP1614_provirus_taxonomy.tsv.                                                                                         
[11:38:44] geNomad find-proviruses finished!                                                                                                                                
