╭──────────────────────────────────────────────────────────────────────────────────────────────────────────────────────────────────────────────────────────────────────────╮
│  Executing geNomad marker-classification (v1.11.2). This will classify the input sequences into chromosome, plasmid, or virus based on the presence of geNomad markers   │
│  and other gene-related features.                                                                                                                                        │
│  ──────────────────────────────────────────────────────────────────────────────────────────────────────────────────────────────────────────────────────────────────────  │
│  Outputs:                                                                                                                                                                │
│    20HP1614_marker_classification                                                                                                                                        │
│    ├── 20HP1614_marker_classification.json (execution parameters)                                                                                                        │
│    ├── 20HP1614_features.tsv (sequence feature data: tabular format)                                                                                                     │
│    ├── 20HP1614_features.npz (sequence feature data: binary format)                                                                                                      │
│    ├── 20HP1614_marker_classification.tsv (sequence classification: tabular format)                                                                                      │
│    └── 20HP1614_marker_classification.npz (sequence classification: binary format)                                                                                       │
╰──────────────────────────────────────────────────────────────────────────────────────────────────────────────────────────────────────────────────────────────────────────╯
[11:38:44] Executing genomad marker-classification.                                                                                                                         
[11:38:44] Creating the 20HP1614_marker_classification directory.                                                                                                           
[11:38:44] Sequence features computed.                                                                                                                                      
[11:38:44] Sequence features in binary format written to 20HP1614_features.npz.                                                                                             
[11:38:44] Sequence features in tabular format written to 20HP1614_features.tsv.                                                                                            
[11:38:44] Sequences classified.                                                                                                                                            
[11:38:44] Sequence classification in binary format written to 20HP1614_marker_classification.npz.                                                                          
[11:38:44] Sequence classification in tabular format written to 20HP1614_marker_classification.tsv.                                                                         
[11:38:44] geNomad marker-classification finished!                                                                                                                          
