╭──────────────────────────────────────────────────────────────────────────────────────────────────────────────────────────────────────────────────────────────────────────╮
│  Executing geNomad nn-classification (v1.11.2). This will classify the input sequences into chromosome, plasmid, or virus based on the nucleotide sequence.              │
│  ──────────────────────────────────────────────────────────────────────────────────────────────────────────────────────────────────────────────────────────────────────  │
│  Outputs:                                                                                                                                                                │
│    20HP1594_nn_classification                                                                                                                                            │
│    ├── 20HP1594_nn_classification.json (execution parameters)                                                                                                            │
│    ├── 20HP1594_encoded_sequences (directory containing encoded sequence data)                                                                                           │
│    ├── 20HP1594_nn_classification.tsv (contig classification: tabular format)                                                                                            │
│    ├── 20HP1594_nn_classification.npz (contig classification: binary format)                                                                                             │
│    ├── 20HP1594_encoded_proviruses (directory containing encoded sequence data)                                                                                          │
│    ├── 20HP1594_provirus_nn_classification.tsv (provirus classification: tabular format)                                                                                 │
│    └── 20HP1594_provirus_nn_classification.npz (provirus classification: binary format)                                                                                  │
╰──────────────────────────────────────────────────────────────────────────────────────────────────────────────────────────────────────────────────────────────────────────╯
[11:31:17] Executing genomad nn-classification.                                                                                                                             
[11:31:17] Creating the 20HP1594_nn_classification directory.                                                                                                               
[11:31:17] Creating the 20HP1594_nn_classification/20HP1594_encoded_sequences directory.                                                                                    
[11:31:18] Encoded sequence data written to 20HP1594_encoded_sequences.                                                                                                     
[11:31:18] Creating the 20HP1594_nn_classification/20HP1594_encoded_proviruses directory.                                                                                   
[11:31:18] Encoded provirus data written to 20HP1594_encoded_proviruses.                                                                                                    
[11:31:25] Sequences classified.                                                                                                                                            
[11:31:25] Sequence classification in binary format written to 20HP1594_nn_classification.npz.                                                                              
[11:31:25] Deleting encoded sequence data.                                                                                                                                  
[11:31:25] Sequence classification in tabular format written to 20HP1594_nn_classification.tsv.                                                                             
[11:31:28] Proviruses classified.                                                                                                                                           
[11:31:28] Provirus classification in binary format written to 20HP1594_provirus_nn_classification.npz.                                                                     
[11:31:28] Deleting encoded provirus data.                                                                                                                                  
[11:31:28] Provirus classification in tabular format written to 20HP1594_provirus_nn_classification.tsv.                                                                    
[11:31:28] geNomad nn-classification finished!                                                                                                                              
