╭──────────────────────────────────────────────────────────────────────────────────────────────────────────────────────────────────────────────────────────────────────────╮
│  Executing geNomad summary (v1.11.2). This will summarize the results across modules into a classification report.                                                       │
│  ──────────────────────────────────────────────────────────────────────────────────────────────────────────────────────────────────────────────────────────────────────  │
│  Outputs:                                                                                                                                                                │
│    20HP1608-2_summary                                                                                                                                                    │
│    ├── 20HP1608-2_summary.json (execution parameters)                                                                                                                    │
│    ├── 20HP1608-2_virus_summary.tsv (virus classification summary)                                                                                                       │
│    ├── 20HP1608-2_plasmid_summary.tsv (plasmid classification summary)                                                                                                   │
│    ├── 20HP1608-2_virus.fna (virus nucleotide FASTA file)                                                                                                                │
│    ├── 20HP1608-2_plasmid.fna (plasmid nucleotide FASTA file)                                                                                                            │
│    ├── 20HP1608-2_virus_proteins.faa (virus protein FASTA file)                                                                                                          │
│    ├── 20HP1608-2_plasmid_proteins.faa (plasmid protein FASTA file)                                                                                                      │
│    ├── 20HP1608-2_virus_genes.tsv (virus gene annotation data)                                                                                                           │
│    └── 20HP1608-2_plasmid_genes.tsv (plasmid gene annotation data)                                                                                                       │
╰──────────────────────────────────────────────────────────────────────────────────────────────────────────────────────────────────────────────────────────────────────────╯
[11:35:11] Executing genomad summary.                                                                                                                                       
[11:35:11] Creating the 20HP1608-2_summary directory.                                                                                                                       
[11:35:11] Using scores from aggregated-classification.                                                                                                                     
[11:35:11] 16 plasmid(s) and 7 virus(es) were identified.                                                                                                                   
[11:35:11] Nucleotide sequences were written to 20HP1608-2_plasmid.fna and 20HP1608-2_virus.fna.                                                                            
[11:35:11] Protein sequences were written to 20HP1608-2_plasmid_proteins.faa and 20HP1608-2_virus_proteins.faa.                                                             
[11:35:11] Gene annotation data was written to 20HP1608-2_plasmid_genes.tsv and 20HP1608-2_virus_genes.tsv.                                                                 
[11:35:11] Summary files were written to 20HP1608-2_plasmid_summary.tsv and 20HP1608-2_virus_summary.tsv.                                                                   
[11:35:11] geNomad summary finished!                                                                                                                                        
