╭──────────────────────────────────────────────────────────────────────────────────────────────────────────────────────────────────────────────────────────────────────────╮
│  Executing geNomad nn-classification (v1.11.2). This will classify the input sequences into chromosome, plasmid, or virus based on the nucleotide sequence.              │
│  ──────────────────────────────────────────────────────────────────────────────────────────────────────────────────────────────────────────────────────────────────────  │
│  Outputs:                                                                                                                                                                │
│    62XEKK5_nn_classification                                                                                                                                             │
│    ├── 62XEKK5_nn_classification.json (execution parameters)                                                                                                             │
│    ├── 62XEKK5_encoded_sequences (directory containing encoded sequence data)                                                                                            │
│    ├── 62XEKK5_nn_classification.tsv (contig classification: tabular format)                                                                                             │
│    ├── 62XEKK5_nn_classification.npz (contig classification: binary format)                                                                                              │
│    ├── 62XEKK5_encoded_proviruses (directory containing encoded sequence data)                                                                                           │
│    ├── 62XEKK5_provirus_nn_classification.tsv (provirus classification: tabular format)                                                                                  │
│    └── 62XEKK5_provirus_nn_classification.npz (provirus classification: binary format)                                                                                   │
╰──────────────────────────────────────────────────────────────────────────────────────────────────────────────────────────────────────────────────────────────────────────╯
[11:41:14] Executing genomad nn-classification.                                                                                                                             
[11:41:14] Creating the 62XEKK5_nn_classification directory.                                                                                                                
[11:41:14] Creating the 62XEKK5_nn_classification/62XEKK5_encoded_sequences directory.                                                                                      
[11:41:15] Encoded sequence data written to 62XEKK5_encoded_sequences.                                                                                                      
[11:41:15] Creating the 62XEKK5_nn_classification/62XEKK5_encoded_proviruses directory.                                                                                     
[11:41:15] Encoded provirus data written to 62XEKK5_encoded_proviruses.                                                                                                     
[11:41:22] Sequences classified.                                                                                                                                            
[11:41:22] Sequence classification in binary format written to 62XEKK5_nn_classification.npz.                                                                               
[11:41:22] Deleting encoded sequence data.                                                                                                                                  
[11:41:22] Sequence classification in tabular format written to 62XEKK5_nn_classification.tsv.                                                                              
[11:41:25] Proviruses classified.                                                                                                                                           
[11:41:25] Provirus classification in binary format written to 62XEKK5_provirus_nn_classification.npz.                                                                      
[11:41:25] Deleting encoded provirus data.                                                                                                                                  
[11:41:25] Provirus classification in tabular format written to 62XEKK5_provirus_nn_classification.tsv.                                                                     
[11:41:25] geNomad nn-classification finished!                                                                                                                              
