╭──────────────────────────────────────────────────────────────────────────────────────────────────────────────────────────────────────────────────────────────────────────╮
│  Executing geNomad summary (v1.11.2). This will summarize the results across modules into a classification report.                                                       │
│  ──────────────────────────────────────────────────────────────────────────────────────────────────────────────────────────────────────────────────────────────────────  │
│  Outputs:                                                                                                                                                                │
│    62XEKK5_summary                                                                                                                                                       │
│    ├── 62XEKK5_summary.json (execution parameters)                                                                                                                       │
│    ├── 62XEKK5_virus_summary.tsv (virus classification summary)                                                                                                          │
│    ├── 62XEKK5_plasmid_summary.tsv (plasmid classification summary)                                                                                                      │
│    ├── 62XEKK5_virus.fna (virus nucleotide FASTA file)                                                                                                                   │
│    ├── 62XEKK5_plasmid.fna (plasmid nucleotide FASTA file)                                                                                                               │
│    ├── 62XEKK5_virus_proteins.faa (virus protein FASTA file)                                                                                                             │
│    ├── 62XEKK5_plasmid_proteins.faa (plasmid protein FASTA file)                                                                                                         │
│    ├── 62XEKK5_virus_genes.tsv (virus gene annotation data)                                                                                                              │
│    └── 62XEKK5_plasmid_genes.tsv (plasmid gene annotation data)                                                                                                          │
╰──────────────────────────────────────────────────────────────────────────────────────────────────────────────────────────────────────────────────────────────────────────╯
[11:41:25] Executing genomad summary.                                                                                                                                       
[11:41:25] Creating the 62XEKK5_summary directory.                                                                                                                          
[11:41:25] Using scores from aggregated-classification.                                                                                                                     
[11:41:25] 21 plasmid(s) and 1 virus(es) were identified.                                                                                                                   
[11:41:25] Nucleotide sequences were written to 62XEKK5_plasmid.fna and 62XEKK5_virus.fna.                                                                                  
[11:41:25] Protein sequences were written to 62XEKK5_plasmid_proteins.faa and 62XEKK5_virus_proteins.faa.                                                                   
[11:41:25] Gene annotation data was written to 62XEKK5_plasmid_genes.tsv and 62XEKK5_virus_genes.tsv.                                                                       
[11:41:25] Summary files were written to 62XEKK5_plasmid_summary.tsv and 62XEKK5_virus_summary.tsv.                                                                         
[11:41:25] geNomad summary finished!                                                                                                                                        
