╭──────────────────────────────────────────────────────────────────────────────────────────────────────────────────────────────────────────────────────────────────────────╮
│  Executing geNomad aggregated-classification (v1.11.2). This will aggregate the results of the marker-classification and nn-classification modules to classify the       │
│  input sequences into chromosome, plasmid, or virus.                                                                                                                     │
│  ──────────────────────────────────────────────────────────────────────────────────────────────────────────────────────────────────────────────────────────────────────  │
│  Outputs:                                                                                                                                                                │
│    62XEKK5_aggregated_classification                                                                                                                                     │
│    ├── 62XEKK5_aggregated_classification.json (execution parameters)                                                                                                     │
│    ├── 62XEKK5_aggregated_classification.tsv (sequence classification: tabular format)                                                                                   │
│    ├── 62XEKK5_aggregated_classification.npz (sequence classification: binary format)                                                                                    │
│    ├── 62XEKK5_provirus_aggregated_classification.tsv (provirus classification: tabular format)                                                                          │
│    └── 62XEKK5_provirus_aggregated_classification.npz (provirus classification: binary format)                                                                           │
╰──────────────────────────────────────────────────────────────────────────────────────────────────────────────────────────────────────────────────────────────────────────╯
[11:41:25] Executing genomad aggregated-classification.                                                                                                                     
[11:41:25] Creating the 62XEKK5_aggregated_classification directory.                                                                                                        
[11:41:25] The total marker frequencies of the input sequences were computed.                                                                                               
[11:41:25] Sequences classified.                                                                                                                                            
[11:41:25] Sequence classification in binary format written to 62XEKK5_aggregated_classification.npz.                                                                       
[11:41:25] Sequence classification in tabular format written to 62XEKK5_aggregated_classification.tsv.                                                                      
[11:41:25] Proviruses classified.                                                                                                                                           
[11:41:25] Provirus classification in binary format written to 62XEKK5_provirus_aggregated_classification.npz.                                                              
[11:41:25] Provirus classification in tabular format written to 62XEKK5_provirus_aggregated_classification.tsv.                                                             
[11:41:25] geNomad aggregated-classification finished!                                                                                                                      
