╭──────────────────────────────────────────────────────────────────────────────────────────────────────────────────────────────────────────────────────────────────────────╮
│  Executing geNomad find-proviruses (v1.11.2). This will find putative proviral regions within the input sequences.                                                       │
│  ──────────────────────────────────────────────────────────────────────────────────────────────────────────────────────────────────────────────────────────────────────  │
│  Outputs:                                                                                                                                                                │
│    62XEKK5_find_proviruses                                                                                                                                               │
│    ├── 62XEKK5_find_proviruses.json (execution parameters)                                                                                                               │
│    ├── 62XEKK5_provirus.tsv (provirus data)                                                                                                                              │
│    ├── 62XEKK5_provirus.fna (provirus nucleotide sequences)                                                                                                              │
│    ├── 62XEKK5_provirus_proteins.faa (provirus protein sequences)                                                                                                        │
│    ├── 62XEKK5_provirus_genes.tsv (provirus gene annotation data)                                                                                                        │
│    ├── 62XEKK5_provirus_taxonomy.tsv (provirus taxonomic assignment)                                                                                                     │
│    ├── 62XEKK5_provirus_mmseqs2.tsv (MMseqs2 output file)                                                                                                                │
│    └── 62XEKK5_provirus_aragorn.tsv (Aragorn output file)                                                                                                                │
╰──────────────────────────────────────────────────────────────────────────────────────────────────────────────────────────────────────────────────────────────────────────╯
[11:41:07] Executing genomad find-proviruses.                                                                                                                               
[11:41:07] Creating the 62XEKK5_find_proviruses directory.                                                                                                                  
[11:41:09] Integrases identified with MMseqs2 and geNomad database (v1.9) were written to 62XEKK5_provirus_mmseqs2.tsv.                                                     
[11:41:09] Deleting 62XEKK5_provirus_mmseqs2.                                                                                                                               
[11:41:09] Deleting 62XEKK5_provirus_mmseqs2_input.faa.                                                                                                                     
[11:41:10] tRNAs identified with Aragorn were written to 62XEKK5_provirus_aragorn.tsv.                                                                                      
[11:41:10] Deleting 62XEKK5_provirus_aragorn_input.fna.                                                                                                                     
[11:41:11] Provirus regions identified.                                                                                                                                     
[11:41:11] Provirus data was written to 62XEKK5_provirus.tsv.                                                                                                               
[11:41:11] Provirus nucleotide sequences were written to 62XEKK5_provirus.fna.                                                                                              
[11:41:11] Provirus protein sequences were written to 62XEKK5_provirus_proteins.faa.                                                                                        
[11:41:11] Provirus gene data was written to 62XEKK5_provirus_genes.tsv.                                                                                                    
[11:41:11] Taxonomic assignment data was written to 62XEKK5_provirus_taxonomy.tsv.                                                                                          
[11:41:11] geNomad find-proviruses finished!                                                                                                                                
