╭──────────────────────────────────────────────────────────────────────────────────────────────────────────────────────────────────────────────────────────────────────────╮
│  Executing geNomad summary (v1.11.2). This will summarize the results across modules into a classification report.                                                       │
│  ──────────────────────────────────────────────────────────────────────────────────────────────────────────────────────────────────────────────────────────────────────  │
│  Outputs:                                                                                                                                                                │
│    65XENP2_summary                                                                                                                                                       │
│    ├── 65XENP2_summary.json (execution parameters)                                                                                                                       │
│    ├── 65XENP2_virus_summary.tsv (virus classification summary)                                                                                                          │
│    ├── 65XENP2_plasmid_summary.tsv (plasmid classification summary)                                                                                                      │
│    ├── 65XENP2_virus.fna (virus nucleotide FASTA file)                                                                                                                   │
│    ├── 65XENP2_plasmid.fna (plasmid nucleotide FASTA file)                                                                                                               │
│    ├── 65XENP2_virus_proteins.faa (virus protein FASTA file)                                                                                                             │
│    ├── 65XENP2_plasmid_proteins.faa (plasmid protein FASTA file)                                                                                                         │
│    ├── 65XENP2_virus_genes.tsv (virus gene annotation data)                                                                                                              │
│    └── 65XENP2_plasmid_genes.tsv (plasmid gene annotation data)                                                                                                          │
╰──────────────────────────────────────────────────────────────────────────────────────────────────────────────────────────────────────────────────────────────────────────╯
[11:43:58] Executing genomad summary.                                                                                                                                       
[11:43:58] Creating the 65XENP2_summary directory.                                                                                                                          
[11:43:58] Using scores from aggregated-classification.                                                                                                                     
[11:43:58] 12 plasmid(s) and 1 virus(es) were identified.                                                                                                                   
[11:43:58] Nucleotide sequences were written to 65XENP2_plasmid.fna and 65XENP2_virus.fna.                                                                                  
[11:43:58] Protein sequences were written to 65XENP2_plasmid_proteins.faa and 65XENP2_virus_proteins.faa.                                                                   
[11:43:58] Gene annotation data was written to 65XENP2_plasmid_genes.tsv and 65XENP2_virus_genes.tsv.                                                                       
[11:43:58] Summary files were written to 65XENP2_plasmid_summary.tsv and 65XENP2_virus_summary.tsv.                                                                         
[11:43:58] geNomad summary finished!                                                                                                                                        
