╭──────────────────────────────────────────────────────────────────────────────────────────────────────────────────────────────────────────────────────────────────────────╮
│  Executing geNomad find-proviruses (v1.11.2). This will find putative proviral regions within the input sequences.                                                       │
│  ──────────────────────────────────────────────────────────────────────────────────────────────────────────────────────────────────────────────────────────────────────  │
│  Outputs:                                                                                                                                                                │
│    65XENP1_find_proviruses                                                                                                                                               │
│    ├── 65XENP1_find_proviruses.json (execution parameters)                                                                                                               │
│    ├── 65XENP1_provirus.tsv (provirus data)                                                                                                                              │
│    ├── 65XENP1_provirus.fna (provirus nucleotide sequences)                                                                                                              │
│    ├── 65XENP1_provirus_proteins.faa (provirus protein sequences)                                                                                                        │
│    ├── 65XENP1_provirus_genes.tsv (provirus gene annotation data)                                                                                                        │
│    ├── 65XENP1_provirus_taxonomy.tsv (provirus taxonomic assignment)                                                                                                     │
│    ├── 65XENP1_provirus_mmseqs2.tsv (MMseqs2 output file)                                                                                                                │
│    └── 65XENP1_provirus_aragorn.tsv (Aragorn output file)                                                                                                                │
╰──────────────────────────────────────────────────────────────────────────────────────────────────────────────────────────────────────────────────────────────────────────╯
[11:42:24] Executing genomad find-proviruses.                                                                                                                               
[11:42:24] Creating the 65XENP1_find_proviruses directory.                                                                                                                  
[11:42:27] Integrases identified with MMseqs2 and geNomad database (v1.9) were written to 65XENP1_provirus_mmseqs2.tsv.                                                     
[11:42:27] Deleting 65XENP1_provirus_mmseqs2.                                                                                                                               
[11:42:27] Deleting 65XENP1_provirus_mmseqs2_input.faa.                                                                                                                     
[11:42:28] tRNAs identified with Aragorn were written to 65XENP1_provirus_aragorn.tsv.                                                                                      
[11:42:28] Deleting 65XENP1_provirus_aragorn_input.fna.                                                                                                                     
[11:42:28] Provirus regions identified.                                                                                                                                     
[11:42:28] Provirus data was written to 65XENP1_provirus.tsv.                                                                                                               
[11:42:28] Provirus nucleotide sequences were written to 65XENP1_provirus.fna.                                                                                              
[11:42:29] Provirus protein sequences were written to 65XENP1_provirus_proteins.faa.                                                                                        
[11:42:29] Provirus gene data was written to 65XENP1_provirus_genes.tsv.                                                                                                    
[11:42:29] Taxonomic assignment data was written to 65XENP1_provirus_taxonomy.tsv.                                                                                          
[11:42:29] geNomad find-proviruses finished!                                                                                                                                
