╭──────────────────────────────────────────────────────────────────────────────────────────────────────────────────────────────────────────────────────────────────────────╮
│  Executing geNomad marker-classification (v1.11.2). This will classify the input sequences into chromosome, plasmid, or virus based on the presence of geNomad markers   │
│  and other gene-related features.                                                                                                                                        │
│  ──────────────────────────────────────────────────────────────────────────────────────────────────────────────────────────────────────────────────────────────────────  │
│  Outputs:                                                                                                                                                                │
│    65XENP3_marker_classification                                                                                                                                         │
│    ├── 65XENP3_marker_classification.json (execution parameters)                                                                                                         │
│    ├── 65XENP3_features.tsv (sequence feature data: tabular format)                                                                                                      │
│    ├── 65XENP3_features.npz (sequence feature data: binary format)                                                                                                       │
│    ├── 65XENP3_marker_classification.tsv (sequence classification: tabular format)                                                                                       │
│    ├── 65XENP3_marker_classification.npz (sequence classification: binary format)                                                                                        │
│    ├── 65XENP3_provirus_features.tsv (provirus feature data: tabular format)                                                                                             │
│    ├── 65XENP3_provirus_features.npz (provirus feature data: binary format)                                                                                              │
│    ├── 65XENP3_provirus_marker_classification.tsv (provirus classification: tabular format)                                                                              │
│    └── 65XENP3_provirus_marker_classification.npz (provirus classification: binary format)                                                                               │
╰──────────────────────────────────────────────────────────────────────────────────────────────────────────────────────────────────────────────────────────────────────────╯
[11:45:02] Executing genomad marker-classification.                                                                                                                         
[11:45:02] Creating the 65XENP3_marker_classification directory.                                                                                                            
[11:45:02] Sequence features computed.                                                                                                                                      
[11:45:02] Sequence features in binary format written to 65XENP3_features.npz.                                                                                              
[11:45:02] Sequence features in tabular format written to 65XENP3_features.tsv.                                                                                             
[11:45:03] Provirus features computed.                                                                                                                                      
[11:45:03] Provirus features in binary format written to 65XENP3_provirus_features.npz.                                                                                     
[11:45:03] Provirus features in tabular format written to 65XENP3_provirus_features.tsv.                                                                                    
[11:45:03] Sequences classified.                                                                                                                                            
[11:45:03] Sequence classification in binary format written to 65XENP3_marker_classification.npz.                                                                           
[11:45:03] Sequence classification in tabular format written to 65XENP3_marker_classification.tsv.                                                                          
[11:45:03] Proviruses classified.                                                                                                                                           
[11:45:03] Provirus classification in binary format written to 65XENP3_provirus_marker_classification.npz.                                                                  
[11:45:03] Provirus classification in tabular format written to 65XENP3_provirus_marker_classification.tsv.                                                                 
[11:45:03] geNomad marker-classification finished!                                                                                                                          
