╭──────────────────────────────────────────────────────────────────────────────────────────────────────────────────────────────────────────────────────────────────────────╮
│  Executing geNomad nn-classification (v1.11.2). This will classify the input sequences into chromosome, plasmid, or virus based on the nucleotide sequence.              │
│  ──────────────────────────────────────────────────────────────────────────────────────────────────────────────────────────────────────────────────────────────────────  │
│  Outputs:                                                                                                                                                                │
│    65XENP1_nn_classification                                                                                                                                             │
│    ├── 65XENP1_nn_classification.json (execution parameters)                                                                                                             │
│    ├── 65XENP1_encoded_sequences (directory containing encoded sequence data)                                                                                            │
│    ├── 65XENP1_nn_classification.tsv (contig classification: tabular format)                                                                                             │
│    ├── 65XENP1_nn_classification.npz (contig classification: binary format)                                                                                              │
│    ├── 65XENP1_encoded_proviruses (directory containing encoded sequence data)                                                                                           │
│    ├── 65XENP1_provirus_nn_classification.tsv (provirus classification: tabular format)                                                                                  │
│    └── 65XENP1_provirus_nn_classification.npz (provirus classification: binary format)                                                                                   │
╰──────────────────────────────────────────────────────────────────────────────────────────────────────────────────────────────────────────────────────────────────────────╯
[11:42:32] Executing genomad nn-classification.                                                                                                                             
[11:42:32] Creating the 65XENP1_nn_classification directory.                                                                                                                
[11:42:32] Creating the 65XENP1_nn_classification/65XENP1_encoded_sequences directory.                                                                                      
[11:42:33] Encoded sequence data written to 65XENP1_encoded_sequences.                                                                                                      
[11:42:33] Creating the 65XENP1_nn_classification/65XENP1_encoded_proviruses directory.                                                                                     
[11:42:33] Encoded provirus data written to 65XENP1_encoded_proviruses.                                                                                                     
[11:42:39] Sequences classified.                                                                                                                                            
[11:42:39] Sequence classification in binary format written to 65XENP1_nn_classification.npz.                                                                               
[11:42:39] Deleting encoded sequence data.                                                                                                                                  
[11:42:40] Sequence classification in tabular format written to 65XENP1_nn_classification.tsv.                                                                              
[11:42:42] Proviruses classified.                                                                                                                                           
[11:42:42] Provirus classification in binary format written to 65XENP1_provirus_nn_classification.npz.                                                                      
[11:42:42] Deleting encoded provirus data.                                                                                                                                  
[11:42:42] Provirus classification in tabular format written to 65XENP1_provirus_nn_classification.tsv.                                                                     
[11:42:42] geNomad nn-classification finished!                                                                                                                              
