╭──────────────────────────────────────────────────────────────────────────────────────────────────────────────────────────────────────────────────────────────────────────╮
│  Executing geNomad nn-classification (v1.11.2). This will classify the input sequences into chromosome, plasmid, or virus based on the nucleotide sequence.              │
│  ──────────────────────────────────────────────────────────────────────────────────────────────────────────────────────────────────────────────────────────────────────  │
│  Outputs:                                                                                                                                                                │
│    66b_nn_classification                                                                                                                                                 │
│    ├── 66b_nn_classification.json (execution parameters)                                                                                                                 │
│    ├── 66b_encoded_sequences (directory containing encoded sequence data)                                                                                                │
│    ├── 66b_nn_classification.tsv (contig classification: tabular format)                                                                                                 │
│    ├── 66b_nn_classification.npz (contig classification: binary format)                                                                                                  │
│    ├── 66b_encoded_proviruses (directory containing encoded sequence data)                                                                                               │
│    ├── 66b_provirus_nn_classification.tsv (provirus classification: tabular format)                                                                                      │
│    └── 66b_provirus_nn_classification.npz (provirus classification: binary format)                                                                                       │
╰──────────────────────────────────────────────────────────────────────────────────────────────────────────────────────────────────────────────────────────────────────────╯
[11:46:23] Executing genomad nn-classification.                                                                                                                             
[11:46:23] Creating the 66b_nn_classification directory.                                                                                                                    
[11:46:23] Creating the 66b_nn_classification/66b_encoded_sequences directory.                                                                                              
[11:46:24] Encoded sequence data written to 66b_encoded_sequences.                                                                                                          
[11:46:24] Creating the 66b_nn_classification/66b_encoded_proviruses directory.                                                                                             
[11:46:24] Encoded provirus data written to 66b_encoded_proviruses.                                                                                                         
[11:46:30] Sequences classified.                                                                                                                                            
[11:46:30] Sequence classification in binary format written to 66b_nn_classification.npz.                                                                                   
[11:46:30] Deleting encoded sequence data.                                                                                                                                  
[11:46:31] Sequence classification in tabular format written to 66b_nn_classification.tsv.                                                                                  
[11:46:33] Proviruses classified.                                                                                                                                           
[11:46:33] Provirus classification in binary format written to 66b_provirus_nn_classification.npz.                                                                          
[11:46:33] Deleting encoded provirus data.                                                                                                                                  
[11:46:33] Provirus classification in tabular format written to 66b_provirus_nn_classification.tsv.                                                                         
[11:46:33] geNomad nn-classification finished!                                                                                                                              
