╭──────────────────────────────────────────────────────────────────────────────────────────────────────────────────────────────────────────────────────────────────────────╮
│  Executing geNomad find-proviruses (v1.11.2). This will find putative proviral regions within the input sequences.                                                       │
│  ──────────────────────────────────────────────────────────────────────────────────────────────────────────────────────────────────────────────────────────────────────  │
│  Outputs:                                                                                                                                                                │
│    66b_find_proviruses                                                                                                                                                   │
│    ├── 66b_find_proviruses.json (execution parameters)                                                                                                                   │
│    ├── 66b_provirus.tsv (provirus data)                                                                                                                                  │
│    ├── 66b_provirus.fna (provirus nucleotide sequences)                                                                                                                  │
│    ├── 66b_provirus_proteins.faa (provirus protein sequences)                                                                                                            │
│    ├── 66b_provirus_genes.tsv (provirus gene annotation data)                                                                                                            │
│    ├── 66b_provirus_taxonomy.tsv (provirus taxonomic assignment)                                                                                                         │
│    ├── 66b_provirus_mmseqs2.tsv (MMseqs2 output file)                                                                                                                    │
│    └── 66b_provirus_aragorn.tsv (Aragorn output file)                                                                                                                    │
╰──────────────────────────────────────────────────────────────────────────────────────────────────────────────────────────────────────────────────────────────────────────╯
[11:46:16] Executing genomad find-proviruses.                                                                                                                               
[11:46:16] Creating the 66b_find_proviruses directory.                                                                                                                      
[11:46:18] Integrases identified with MMseqs2 and geNomad database (v1.9) were written to 66b_provirus_mmseqs2.tsv.                                                         
[11:46:18] Deleting 66b_provirus_mmseqs2.                                                                                                                                   
[11:46:18] Deleting 66b_provirus_mmseqs2_input.faa.                                                                                                                         
[11:46:19] tRNAs identified with Aragorn were written to 66b_provirus_aragorn.tsv.                                                                                          
[11:46:19] Deleting 66b_provirus_aragorn_input.fna.                                                                                                                         
[11:46:19] Provirus regions identified.                                                                                                                                     
[11:46:19] Provirus data was written to 66b_provirus.tsv.                                                                                                                   
[11:46:19] Provirus nucleotide sequences were written to 66b_provirus.fna.                                                                                                  
[11:46:19] Provirus protein sequences were written to 66b_provirus_proteins.faa.                                                                                            
[11:46:19] Provirus gene data was written to 66b_provirus_genes.tsv.                                                                                                        
[11:46:19] Taxonomic assignment data was written to 66b_provirus_taxonomy.tsv.                                                                                              
[11:46:19] geNomad find-proviruses finished!                                                                                                                                
