╭──────────────────────────────────────────────────────────────────────────────────────────────────────────────────────────────────────────────────────────────────────────╮
│  Executing geNomad aggregated-classification (v1.11.2). This will aggregate the results of the marker-classification and nn-classification modules to classify the       │
│  input sequences into chromosome, plasmid, or virus.                                                                                                                     │
│  ──────────────────────────────────────────────────────────────────────────────────────────────────────────────────────────────────────────────────────────────────────  │
│  Outputs:                                                                                                                                                                │
│    66b_aggregated_classification                                                                                                                                         │
│    ├── 66b_aggregated_classification.json (execution parameters)                                                                                                         │
│    ├── 66b_aggregated_classification.tsv (sequence classification: tabular format)                                                                                       │
│    ├── 66b_aggregated_classification.npz (sequence classification: binary format)                                                                                        │
│    ├── 66b_provirus_aggregated_classification.tsv (provirus classification: tabular format)                                                                              │
│    └── 66b_provirus_aggregated_classification.npz (provirus classification: binary format)                                                                               │
╰──────────────────────────────────────────────────────────────────────────────────────────────────────────────────────────────────────────────────────────────────────────╯
[11:46:33] Executing genomad aggregated-classification.                                                                                                                     
[11:46:33] Creating the 66b_aggregated_classification directory.                                                                                                            
[11:46:33] The total marker frequencies of the input sequences were computed.                                                                                               
[11:46:33] Sequences classified.                                                                                                                                            
[11:46:33] Sequence classification in binary format written to 66b_aggregated_classification.npz.                                                                           
[11:46:33] Sequence classification in tabular format written to 66b_aggregated_classification.tsv.                                                                          
[11:46:33] Proviruses classified.                                                                                                                                           
[11:46:33] Provirus classification in binary format written to 66b_provirus_aggregated_classification.npz.                                                                  
[11:46:33] Provirus classification in tabular format written to 66b_provirus_aggregated_classification.tsv.                                                                 
[11:46:33] geNomad aggregated-classification finished!                                                                                                                      
