╭──────────────────────────────────────────────────────────────────────────────────────────────────────────────────────────────────────────────────────────────────────────╮
│  Executing geNomad summary (v1.11.2). This will summarize the results across modules into a classification report.                                                       │
│  ──────────────────────────────────────────────────────────────────────────────────────────────────────────────────────────────────────────────────────────────────────  │
│  Outputs:                                                                                                                                                                │
│    66b_summary                                                                                                                                                           │
│    ├── 66b_summary.json (execution parameters)                                                                                                                           │
│    ├── 66b_virus_summary.tsv (virus classification summary)                                                                                                              │
│    ├── 66b_plasmid_summary.tsv (plasmid classification summary)                                                                                                          │
│    ├── 66b_virus.fna (virus nucleotide FASTA file)                                                                                                                       │
│    ├── 66b_plasmid.fna (plasmid nucleotide FASTA file)                                                                                                                   │
│    ├── 66b_virus_proteins.faa (virus protein FASTA file)                                                                                                                 │
│    ├── 66b_plasmid_proteins.faa (plasmid protein FASTA file)                                                                                                             │
│    ├── 66b_virus_genes.tsv (virus gene annotation data)                                                                                                                  │
│    └── 66b_plasmid_genes.tsv (plasmid gene annotation data)                                                                                                              │
╰──────────────────────────────────────────────────────────────────────────────────────────────────────────────────────────────────────────────────────────────────────────╯
[11:46:33] Executing genomad summary.                                                                                                                                       
[11:46:33] Creating the 66b_summary directory.                                                                                                                              
[11:46:33] Using scores from aggregated-classification.                                                                                                                     
[11:46:33] 57 plasmid(s) and 1 virus(es) were identified.                                                                                                                   
[11:46:33] Nucleotide sequences were written to 66b_plasmid.fna and 66b_virus.fna.                                                                                          
[11:46:33] Protein sequences were written to 66b_plasmid_proteins.faa and 66b_virus_proteins.faa.                                                                           
[11:46:33] Gene annotation data was written to 66b_plasmid_genes.tsv and 66b_virus_genes.tsv.                                                                               
[11:46:33] Summary files were written to 66b_plasmid_summary.tsv and 66b_virus_summary.tsv.                                                                                 
[11:46:33] geNomad summary finished!                                                                                                                                        
