╭──────────────────────────────────────────────────────────────────────────────────────────────────────────────────────────────────────────────────────────────────────────╮
│  Executing geNomad summary (v1.11.2). This will summarize the results across modules into a classification report.                                                       │
│  ──────────────────────────────────────────────────────────────────────────────────────────────────────────────────────────────────────────────────────────────────────  │
│  Outputs:                                                                                                                                                                │
│    69-1_summary                                                                                                                                                          │
│    ├── 69-1_summary.json (execution parameters)                                                                                                                          │
│    ├── 69-1_virus_summary.tsv (virus classification summary)                                                                                                             │
│    ├── 69-1_plasmid_summary.tsv (plasmid classification summary)                                                                                                         │
│    ├── 69-1_virus.fna (virus nucleotide FASTA file)                                                                                                                      │
│    ├── 69-1_plasmid.fna (plasmid nucleotide FASTA file)                                                                                                                  │
│    ├── 69-1_virus_proteins.faa (virus protein FASTA file)                                                                                                                │
│    ├── 69-1_plasmid_proteins.faa (plasmid protein FASTA file)                                                                                                            │
│    ├── 69-1_virus_genes.tsv (virus gene annotation data)                                                                                                                 │
│    └── 69-1_plasmid_genes.tsv (plasmid gene annotation data)                                                                                                             │
╰──────────────────────────────────────────────────────────────────────────────────────────────────────────────────────────────────────────────────────────────────────────╯
[11:47:49] Executing genomad summary.                                                                                                                                       
[11:47:49] Creating the 69-1_summary directory.                                                                                                                             
[11:47:49] Using scores from aggregated-classification.                                                                                                                     
[11:47:49] 19 plasmid(s) and 1 virus(es) were identified.                                                                                                                   
[11:47:49] Nucleotide sequences were written to 69-1_plasmid.fna and 69-1_virus.fna.                                                                                        
[11:47:49] Protein sequences were written to 69-1_plasmid_proteins.faa and 69-1_virus_proteins.faa.                                                                         
[11:47:49] Gene annotation data was written to 69-1_plasmid_genes.tsv and 69-1_virus_genes.tsv.                                                                             
[11:47:49] Summary files were written to 69-1_plasmid_summary.tsv and 69-1_virus_summary.tsv.                                                                               
[11:47:49] geNomad summary finished!                                                                                                                                        
