╭──────────────────────────────────────────────────────────────────────────────────────────────────────────────────────────────────────────────────────────────────────────╮
│  Executing geNomad marker-classification (v1.11.2). This will classify the input sequences into chromosome, plasmid, or virus based on the presence of geNomad markers   │
│  and other gene-related features.                                                                                                                                        │
│  ──────────────────────────────────────────────────────────────────────────────────────────────────────────────────────────────────────────────────────────────────────  │
│  Outputs:                                                                                                                                                                │
│    69-24_marker_classification                                                                                                                                           │
│    ├── 69-24_marker_classification.json (execution parameters)                                                                                                           │
│    ├── 69-24_features.tsv (sequence feature data: tabular format)                                                                                                        │
│    ├── 69-24_features.npz (sequence feature data: binary format)                                                                                                         │
│    ├── 69-24_marker_classification.tsv (sequence classification: tabular format)                                                                                         │
│    ├── 69-24_marker_classification.npz (sequence classification: binary format)                                                                                          │
│    ├── 69-24_provirus_features.tsv (provirus feature data: tabular format)                                                                                               │
│    ├── 69-24_provirus_features.npz (provirus feature data: binary format)                                                                                                │
│    ├── 69-24_provirus_marker_classification.tsv (provirus classification: tabular format)                                                                                │
│    └── 69-24_provirus_marker_classification.npz (provirus classification: binary format)                                                                                 │
╰──────────────────────────────────────────────────────────────────────────────────────────────────────────────────────────────────────────────────────────────────────────╯
[11:48:51] Executing genomad marker-classification.                                                                                                                         
[11:48:51] Creating the 69-24_marker_classification directory.                                                                                                              
[11:48:52] Sequence features computed.                                                                                                                                      
[11:48:52] Sequence features in binary format written to 69-24_features.npz.                                                                                                
[11:48:52] Sequence features in tabular format written to 69-24_features.tsv.                                                                                               
[11:48:52] Provirus features computed.                                                                                                                                      
[11:48:52] Provirus features in binary format written to 69-24_provirus_features.npz.                                                                                       
[11:48:52] Provirus features in tabular format written to 69-24_provirus_features.tsv.                                                                                      
[11:48:53] Sequences classified.                                                                                                                                            
[11:48:53] Sequence classification in binary format written to 69-24_marker_classification.npz.                                                                             
[11:48:53] Sequence classification in tabular format written to 69-24_marker_classification.tsv.                                                                            
[11:48:53] Proviruses classified.                                                                                                                                           
[11:48:53] Provirus classification in binary format written to 69-24_provirus_marker_classification.npz.                                                                    
[11:48:53] Provirus classification in tabular format written to 69-24_provirus_marker_classification.tsv.                                                                   
[11:48:53] geNomad marker-classification finished!                                                                                                                          
