╭──────────────────────────────────────────────────────────────────────────────────────────────────────────────────────────────────────────────────────────────────────────╮
│  Executing geNomad summary (v1.11.2). This will summarize the results across modules into a classification report.                                                       │
│  ──────────────────────────────────────────────────────────────────────────────────────────────────────────────────────────────────────────────────────────────────────  │
│  Outputs:                                                                                                                                                                │
│    69-24_summary                                                                                                                                                         │
│    ├── 69-24_summary.json (execution parameters)                                                                                                                         │
│    ├── 69-24_virus_summary.tsv (virus classification summary)                                                                                                            │
│    ├── 69-24_plasmid_summary.tsv (plasmid classification summary)                                                                                                        │
│    ├── 69-24_virus.fna (virus nucleotide FASTA file)                                                                                                                     │
│    ├── 69-24_plasmid.fna (plasmid nucleotide FASTA file)                                                                                                                 │
│    ├── 69-24_virus_proteins.faa (virus protein FASTA file)                                                                                                               │
│    ├── 69-24_plasmid_proteins.faa (plasmid protein FASTA file)                                                                                                           │
│    ├── 69-24_virus_genes.tsv (virus gene annotation data)                                                                                                                │
│    └── 69-24_plasmid_genes.tsv (plasmid gene annotation data)                                                                                                            │
╰──────────────────────────────────────────────────────────────────────────────────────────────────────────────────────────────────────────────────────────────────────────╯
[11:49:04] Executing genomad summary.                                                                                                                                       
[11:49:04] Creating the 69-24_summary directory.                                                                                                                            
[11:49:04] Using scores from aggregated-classification.                                                                                                                     
[11:49:04] 17 plasmid(s) and 2 virus(es) were identified.                                                                                                                   
[11:49:04] Nucleotide sequences were written to 69-24_plasmid.fna and 69-24_virus.fna.                                                                                      
[11:49:04] Protein sequences were written to 69-24_plasmid_proteins.faa and 69-24_virus_proteins.faa.                                                                       
[11:49:04] Gene annotation data was written to 69-24_plasmid_genes.tsv and 69-24_virus_genes.tsv.                                                                           
[11:49:04] Summary files were written to 69-24_plasmid_summary.tsv and 69-24_virus_summary.tsv.                                                                             
[11:49:04] geNomad summary finished!                                                                                                                                        
