╭──────────────────────────────────────────────────────────────────────────────────────────────────────────────────────────────────────────────────────────────────────────╮
│  Executing geNomad aggregated-classification (v1.11.2). This will aggregate the results of the marker-classification and nn-classification modules to classify the       │
│  input sequences into chromosome, plasmid, or virus.                                                                                                                     │
│  ──────────────────────────────────────────────────────────────────────────────────────────────────────────────────────────────────────────────────────────────────────  │
│  Outputs:                                                                                                                                                                │
│    69-24_aggregated_classification                                                                                                                                       │
│    ├── 69-24_aggregated_classification.json (execution parameters)                                                                                                       │
│    ├── 69-24_aggregated_classification.tsv (sequence classification: tabular format)                                                                                     │
│    ├── 69-24_aggregated_classification.npz (sequence classification: binary format)                                                                                      │
│    ├── 69-24_provirus_aggregated_classification.tsv (provirus classification: tabular format)                                                                            │
│    └── 69-24_provirus_aggregated_classification.npz (provirus classification: binary format)                                                                             │
╰──────────────────────────────────────────────────────────────────────────────────────────────────────────────────────────────────────────────────────────────────────────╯
[11:49:04] Executing genomad aggregated-classification.                                                                                                                     
[11:49:04] Creating the 69-24_aggregated_classification directory.                                                                                                          
[11:49:04] The total marker frequencies of the input sequences were computed.                                                                                               
[11:49:04] Sequences classified.                                                                                                                                            
[11:49:04] Sequence classification in binary format written to 69-24_aggregated_classification.npz.                                                                         
[11:49:04] Sequence classification in tabular format written to 69-24_aggregated_classification.tsv.                                                                        
[11:49:04] Proviruses classified.                                                                                                                                           
[11:49:04] Provirus classification in binary format written to 69-24_provirus_aggregated_classification.npz.                                                                
[11:49:04] Provirus classification in tabular format written to 69-24_provirus_aggregated_classification.tsv.                                                               
[11:49:04] geNomad aggregated-classification finished!                                                                                                                      
