╭──────────────────────────────────────────────────────────────────────────────────────────────────────────────────────────────────────────────────────────────────────────╮
│  Executing geNomad nn-classification (v1.11.2). This will classify the input sequences into chromosome, plasmid, or virus based on the nucleotide sequence.              │
│  ──────────────────────────────────────────────────────────────────────────────────────────────────────────────────────────────────────────────────────────────────────  │
│  Outputs:                                                                                                                                                                │
│    69-24_nn_classification                                                                                                                                               │
│    ├── 69-24_nn_classification.json (execution parameters)                                                                                                               │
│    ├── 69-24_encoded_sequences (directory containing encoded sequence data)                                                                                              │
│    ├── 69-24_nn_classification.tsv (contig classification: tabular format)                                                                                               │
│    ├── 69-24_nn_classification.npz (contig classification: binary format)                                                                                                │
│    ├── 69-24_encoded_proviruses (directory containing encoded sequence data)                                                                                             │
│    ├── 69-24_provirus_nn_classification.tsv (provirus classification: tabular format)                                                                                    │
│    └── 69-24_provirus_nn_classification.npz (provirus classification: binary format)                                                                                     │
╰──────────────────────────────────────────────────────────────────────────────────────────────────────────────────────────────────────────────────────────────────────────╯
[11:48:54] Executing genomad nn-classification.                                                                                                                             
[11:48:54] Creating the 69-24_nn_classification directory.                                                                                                                  
[11:48:54] Creating the 69-24_nn_classification/69-24_encoded_sequences directory.                                                                                          
[11:48:55] Encoded sequence data written to 69-24_encoded_sequences.                                                                                                        
[11:48:55] Creating the 69-24_nn_classification/69-24_encoded_proviruses directory.                                                                                         
[11:48:55] Encoded provirus data written to 69-24_encoded_proviruses.                                                                                                       
[11:49:01] Sequences classified.                                                                                                                                            
[11:49:01] Sequence classification in binary format written to 69-24_nn_classification.npz.                                                                                 
[11:49:01] Deleting encoded sequence data.                                                                                                                                  
[11:49:01] Sequence classification in tabular format written to 69-24_nn_classification.tsv.                                                                                
[11:49:04] Proviruses classified.                                                                                                                                           
[11:49:04] Provirus classification in binary format written to 69-24_provirus_nn_classification.npz.                                                                        
[11:49:04] Deleting encoded provirus data.                                                                                                                                  
[11:49:04] Provirus classification in tabular format written to 69-24_provirus_nn_classification.tsv.                                                                       
[11:49:04] geNomad nn-classification finished!                                                                                                                              
