╭──────────────────────────────────────────────────────────────────────────────────────────────────────────────────────────────────────────────────────────────────────────╮
│  Executing geNomad nn-classification (v1.11.2). This will classify the input sequences into chromosome, plasmid, or virus based on the nucleotide sequence.              │
│  ──────────────────────────────────────────────────────────────────────────────────────────────────────────────────────────────────────────────────────────────────────  │
│  Outputs:                                                                                                                                                                │
│    70-7_nn_classification                                                                                                                                                │
│    ├── 70-7_nn_classification.json (execution parameters)                                                                                                                │
│    ├── 70-7_encoded_sequences (directory containing encoded sequence data)                                                                                               │
│    ├── 70-7_nn_classification.tsv (contig classification: tabular format)                                                                                                │
│    ├── 70-7_nn_classification.npz (contig classification: binary format)                                                                                                 │
│    ├── 70-7_encoded_proviruses (directory containing encoded sequence data)                                                                                              │
│    ├── 70-7_provirus_nn_classification.tsv (provirus classification: tabular format)                                                                                     │
│    └── 70-7_provirus_nn_classification.npz (provirus classification: binary format)                                                                                      │
╰──────────────────────────────────────────────────────────────────────────────────────────────────────────────────────────────────────────────────────────────────────────╯
[11:50:12] Executing genomad nn-classification.                                                                                                                             
[11:50:12] Creating the 70-7_nn_classification directory.                                                                                                                   
[11:50:12] Creating the 70-7_nn_classification/70-7_encoded_sequences directory.                                                                                            
[11:50:13] Encoded sequence data written to 70-7_encoded_sequences.                                                                                                         
[11:50:13] Creating the 70-7_nn_classification/70-7_encoded_proviruses directory.                                                                                           
[11:50:13] Encoded provirus data written to 70-7_encoded_proviruses.                                                                                                        
[11:50:19] Sequences classified.                                                                                                                                            
[11:50:19] Sequence classification in binary format written to 70-7_nn_classification.npz.                                                                                  
[11:50:19] Deleting encoded sequence data.                                                                                                                                  
[11:50:19] Sequence classification in tabular format written to 70-7_nn_classification.tsv.                                                                                 
[11:50:22] Proviruses classified.                                                                                                                                           
[11:50:22] Provirus classification in binary format written to 70-7_provirus_nn_classification.npz.                                                                         
[11:50:22] Deleting encoded provirus data.                                                                                                                                  
[11:50:22] Provirus classification in tabular format written to 70-7_provirus_nn_classification.tsv.                                                                        
[11:50:22] geNomad nn-classification finished!                                                                                                                              
