╭──────────────────────────────────────────────────────────────────────────────────────────────────────────────────────────────────────────────────────────────────────────╮
│  Executing geNomad summary (v1.11.2). This will summarize the results across modules into a classification report.                                                       │
│  ──────────────────────────────────────────────────────────────────────────────────────────────────────────────────────────────────────────────────────────────────────  │
│  Outputs:                                                                                                                                                                │
│    70-7_summary                                                                                                                                                          │
│    ├── 70-7_summary.json (execution parameters)                                                                                                                          │
│    ├── 70-7_virus_summary.tsv (virus classification summary)                                                                                                             │
│    ├── 70-7_plasmid_summary.tsv (plasmid classification summary)                                                                                                         │
│    ├── 70-7_virus.fna (virus nucleotide FASTA file)                                                                                                                      │
│    ├── 70-7_plasmid.fna (plasmid nucleotide FASTA file)                                                                                                                  │
│    ├── 70-7_virus_proteins.faa (virus protein FASTA file)                                                                                                                │
│    ├── 70-7_plasmid_proteins.faa (plasmid protein FASTA file)                                                                                                            │
│    ├── 70-7_virus_genes.tsv (virus gene annotation data)                                                                                                                 │
│    └── 70-7_plasmid_genes.tsv (plasmid gene annotation data)                                                                                                             │
╰──────────────────────────────────────────────────────────────────────────────────────────────────────────────────────────────────────────────────────────────────────────╯
[11:50:22] Executing genomad summary.                                                                                                                                       
[11:50:22] Creating the 70-7_summary directory.                                                                                                                             
[11:50:22] Using scores from aggregated-classification.                                                                                                                     
[11:50:22] 20 plasmid(s) and 1 virus(es) were identified.                                                                                                                   
[11:50:22] Nucleotide sequences were written to 70-7_plasmid.fna and 70-7_virus.fna.                                                                                        
[11:50:22] Protein sequences were written to 70-7_plasmid_proteins.faa and 70-7_virus_proteins.faa.                                                                         
[11:50:22] Gene annotation data was written to 70-7_plasmid_genes.tsv and 70-7_virus_genes.tsv.                                                                             
[11:50:22] Summary files were written to 70-7_plasmid_summary.tsv and 70-7_virus_summary.tsv.                                                                               
[11:50:22] geNomad summary finished!                                                                                                                                        
