╭──────────────────────────────────────────────────────────────────────────────────────────────────────────────────────────────────────────────────────────────────────────╮
│  Executing geNomad nn-classification (v1.11.2). This will classify the input sequences into chromosome, plasmid, or virus based on the nucleotide sequence.              │
│  ──────────────────────────────────────────────────────────────────────────────────────────────────────────────────────────────────────────────────────────────────────  │
│  Outputs:                                                                                                                                                                │
│    71-21_nn_classification                                                                                                                                               │
│    ├── 71-21_nn_classification.json (execution parameters)                                                                                                               │
│    ├── 71-21_encoded_sequences (directory containing encoded sequence data)                                                                                              │
│    ├── 71-21_nn_classification.tsv (contig classification: tabular format)                                                                                               │
│    ├── 71-21_nn_classification.npz (contig classification: binary format)                                                                                                │
│    ├── 71-21_encoded_proviruses (directory containing encoded sequence data)                                                                                             │
│    ├── 71-21_provirus_nn_classification.tsv (provirus classification: tabular format)                                                                                    │
│    └── 71-21_provirus_nn_classification.npz (provirus classification: binary format)                                                                                     │
╰──────────────────────────────────────────────────────────────────────────────────────────────────────────────────────────────────────────────────────────────────────────╯
[11:51:28] Executing genomad nn-classification.                                                                                                                             
[11:51:28] Creating the 71-21_nn_classification directory.                                                                                                                  
[11:51:28] Creating the 71-21_nn_classification/71-21_encoded_sequences directory.                                                                                          
[11:51:28] Encoded sequence data written to 71-21_encoded_sequences.                                                                                                        
[11:51:28] Creating the 71-21_nn_classification/71-21_encoded_proviruses directory.                                                                                         
[11:51:28] Encoded provirus data written to 71-21_encoded_proviruses.                                                                                                       
[11:51:34] Sequences classified.                                                                                                                                            
[11:51:34] Sequence classification in binary format written to 71-21_nn_classification.npz.                                                                                 
[11:51:34] Deleting encoded sequence data.                                                                                                                                  
[11:51:34] Sequence classification in tabular format written to 71-21_nn_classification.tsv.                                                                                
[11:51:36] Proviruses classified.                                                                                                                                           
[11:51:36] Provirus classification in binary format written to 71-21_provirus_nn_classification.npz.                                                                        
[11:51:36] Deleting encoded provirus data.                                                                                                                                  
[11:51:36] Provirus classification in tabular format written to 71-21_provirus_nn_classification.tsv.                                                                       
[11:51:36] geNomad nn-classification finished!                                                                                                                              
