╭──────────────────────────────────────────────────────────────────────────────────────────────────────────────────────────────────────────────────────────────────────────╮
│  Executing geNomad marker-classification (v1.11.2). This will classify the input sequences into chromosome, plasmid, or virus based on the presence of geNomad markers   │
│  and other gene-related features.                                                                                                                                        │
│  ──────────────────────────────────────────────────────────────────────────────────────────────────────────────────────────────────────────────────────────────────────  │
│  Outputs:                                                                                                                                                                │
│    72-7_marker_classification                                                                                                                                            │
│    ├── 72-7_marker_classification.json (execution parameters)                                                                                                            │
│    ├── 72-7_features.tsv (sequence feature data: tabular format)                                                                                                         │
│    ├── 72-7_features.npz (sequence feature data: binary format)                                                                                                          │
│    ├── 72-7_marker_classification.tsv (sequence classification: tabular format)                                                                                          │
│    ├── 72-7_marker_classification.npz (sequence classification: binary format)                                                                                           │
│    ├── 72-7_provirus_features.tsv (provirus feature data: tabular format)                                                                                                │
│    ├── 72-7_provirus_features.npz (provirus feature data: binary format)                                                                                                 │
│    ├── 72-7_provirus_marker_classification.tsv (provirus classification: tabular format)                                                                                 │
│    └── 72-7_provirus_marker_classification.npz (provirus classification: binary format)                                                                                  │
╰──────────────────────────────────────────────────────────────────────────────────────────────────────────────────────────────────────────────────────────────────────────╯
[11:52:39] Executing genomad marker-classification.                                                                                                                         
[11:52:39] Creating the 72-7_marker_classification directory.                                                                                                               
[11:52:40] Sequence features computed.                                                                                                                                      
[11:52:40] Sequence features in binary format written to 72-7_features.npz.                                                                                                 
[11:52:40] Sequence features in tabular format written to 72-7_features.tsv.                                                                                                
[11:52:41] Provirus features computed.                                                                                                                                      
[11:52:41] Provirus features in binary format written to 72-7_provirus_features.npz.                                                                                        
[11:52:41] Provirus features in tabular format written to 72-7_provirus_features.tsv.                                                                                       
[11:52:41] Sequences classified.                                                                                                                                            
[11:52:41] Sequence classification in binary format written to 72-7_marker_classification.npz.                                                                              
[11:52:41] Sequence classification in tabular format written to 72-7_marker_classification.tsv.                                                                             
[11:52:41] Proviruses classified.                                                                                                                                           
[11:52:41] Provirus classification in binary format written to 72-7_provirus_marker_classification.npz.                                                                     
[11:52:41] Provirus classification in tabular format written to 72-7_provirus_marker_classification.tsv.                                                                    
[11:52:41] geNomad marker-classification finished!                                                                                                                          
