╭──────────────────────────────────────────────────────────────────────────────────────────────────────────────────────────────────────────────────────────────────────────╮
│  Executing geNomad summary (v1.11.2). This will summarize the results across modules into a classification report.                                                       │
│  ──────────────────────────────────────────────────────────────────────────────────────────────────────────────────────────────────────────────────────────────────────  │
│  Outputs:                                                                                                                                                                │
│    72-7_summary                                                                                                                                                          │
│    ├── 72-7_summary.json (execution parameters)                                                                                                                          │
│    ├── 72-7_virus_summary.tsv (virus classification summary)                                                                                                             │
│    ├── 72-7_plasmid_summary.tsv (plasmid classification summary)                                                                                                         │
│    ├── 72-7_virus.fna (virus nucleotide FASTA file)                                                                                                                      │
│    ├── 72-7_plasmid.fna (plasmid nucleotide FASTA file)                                                                                                                  │
│    ├── 72-7_virus_proteins.faa (virus protein FASTA file)                                                                                                                │
│    ├── 72-7_plasmid_proteins.faa (plasmid protein FASTA file)                                                                                                            │
│    ├── 72-7_virus_genes.tsv (virus gene annotation data)                                                                                                                 │
│    └── 72-7_plasmid_genes.tsv (plasmid gene annotation data)                                                                                                             │
╰──────────────────────────────────────────────────────────────────────────────────────────────────────────────────────────────────────────────────────────────────────────╯
[11:52:52] Executing genomad summary.                                                                                                                                       
[11:52:52] Creating the 72-7_summary directory.                                                                                                                             
[11:52:52] Using scores from aggregated-classification.                                                                                                                     
[11:52:52] 11 plasmid(s) and 1 virus(es) were identified.                                                                                                                   
[11:52:52] Nucleotide sequences were written to 72-7_plasmid.fna and 72-7_virus.fna.                                                                                        
[11:52:52] Protein sequences were written to 72-7_plasmid_proteins.faa and 72-7_virus_proteins.faa.                                                                         
[11:52:52] Gene annotation data was written to 72-7_plasmid_genes.tsv and 72-7_virus_genes.tsv.                                                                             
[11:52:52] Summary files were written to 72-7_plasmid_summary.tsv and 72-7_virus_summary.tsv.                                                                               
[11:52:52] geNomad summary finished!                                                                                                                                        
