╭──────────────────────────────────────────────────────────────────────────────────────────────────────────────────────────────────────────────────────────────────────────╮
│  Executing geNomad nn-classification (v1.11.2). This will classify the input sequences into chromosome, plasmid, or virus based on the nucleotide sequence.              │
│  ──────────────────────────────────────────────────────────────────────────────────────────────────────────────────────────────────────────────────────────────────────  │
│  Outputs:                                                                                                                                                                │
│    72-7_nn_classification                                                                                                                                                │
│    ├── 72-7_nn_classification.json (execution parameters)                                                                                                                │
│    ├── 72-7_encoded_sequences (directory containing encoded sequence data)                                                                                               │
│    ├── 72-7_nn_classification.tsv (contig classification: tabular format)                                                                                                │
│    ├── 72-7_nn_classification.npz (contig classification: binary format)                                                                                                 │
│    ├── 72-7_encoded_proviruses (directory containing encoded sequence data)                                                                                              │
│    ├── 72-7_provirus_nn_classification.tsv (provirus classification: tabular format)                                                                                     │
│    └── 72-7_provirus_nn_classification.npz (provirus classification: binary format)                                                                                      │
╰──────────────────────────────────────────────────────────────────────────────────────────────────────────────────────────────────────────────────────────────────────────╯
[11:52:43] Executing genomad nn-classification.                                                                                                                             
[11:52:43] Creating the 72-7_nn_classification directory.                                                                                                                   
[11:52:43] Creating the 72-7_nn_classification/72-7_encoded_sequences directory.                                                                                            
[11:52:44] Encoded sequence data written to 72-7_encoded_sequences.                                                                                                         
[11:52:44] Creating the 72-7_nn_classification/72-7_encoded_proviruses directory.                                                                                           
[11:52:44] Encoded provirus data written to 72-7_encoded_proviruses.                                                                                                        
[11:52:50] Sequences classified.                                                                                                                                            
[11:52:50] Sequence classification in binary format written to 72-7_nn_classification.npz.                                                                                  
[11:52:50] Deleting encoded sequence data.                                                                                                                                  
[11:52:50] Sequence classification in tabular format written to 72-7_nn_classification.tsv.                                                                                 
[11:52:52] Proviruses classified.                                                                                                                                           
[11:52:52] Provirus classification in binary format written to 72-7_provirus_nn_classification.npz.                                                                         
[11:52:52] Deleting encoded provirus data.                                                                                                                                  
[11:52:52] Provirus classification in tabular format written to 72-7_provirus_nn_classification.tsv.                                                                        
[11:52:52] geNomad nn-classification finished!                                                                                                                              
