╭──────────────────────────────────────────────────────────────────────────────────────────────────────────────────────────────────────────────────────────────────────────╮
│  Executing geNomad find-proviruses (v1.11.2). This will find putative proviral regions within the input sequences.                                                       │
│  ──────────────────────────────────────────────────────────────────────────────────────────────────────────────────────────────────────────────────────────────────────  │
│  Outputs:                                                                                                                                                                │
│    72-7_find_proviruses                                                                                                                                                  │
│    ├── 72-7_find_proviruses.json (execution parameters)                                                                                                                  │
│    ├── 72-7_provirus.tsv (provirus data)                                                                                                                                 │
│    ├── 72-7_provirus.fna (provirus nucleotide sequences)                                                                                                                 │
│    ├── 72-7_provirus_proteins.faa (provirus protein sequences)                                                                                                           │
│    ├── 72-7_provirus_genes.tsv (provirus gene annotation data)                                                                                                           │
│    ├── 72-7_provirus_taxonomy.tsv (provirus taxonomic assignment)                                                                                                        │
│    ├── 72-7_provirus_mmseqs2.tsv (MMseqs2 output file)                                                                                                                   │
│    └── 72-7_provirus_aragorn.tsv (Aragorn output file)                                                                                                                   │
╰──────────────────────────────────────────────────────────────────────────────────────────────────────────────────────────────────────────────────────────────────────────╯
[11:52:35] Executing genomad find-proviruses.                                                                                                                               
[11:52:35] Creating the 72-7_find_proviruses directory.                                                                                                                     
[11:52:38] Integrases identified with MMseqs2 and geNomad database (v1.9) were written to 72-7_provirus_mmseqs2.tsv.                                                        
[11:52:38] Deleting 72-7_provirus_mmseqs2.                                                                                                                                  
[11:52:38] Deleting 72-7_provirus_mmseqs2_input.faa.                                                                                                                        
[11:52:39] tRNAs identified with Aragorn were written to 72-7_provirus_aragorn.tsv.                                                                                         
[11:52:39] Deleting 72-7_provirus_aragorn_input.fna.                                                                                                                        
[11:52:39] Provirus regions identified.                                                                                                                                     
[11:52:39] Provirus data was written to 72-7_provirus.tsv.                                                                                                                  
[11:52:39] Provirus nucleotide sequences were written to 72-7_provirus.fna.                                                                                                 
[11:52:39] Provirus protein sequences were written to 72-7_provirus_proteins.faa.                                                                                           
[11:52:39] Provirus gene data was written to 72-7_provirus_genes.tsv.                                                                                                       
[11:52:39] Taxonomic assignment data was written to 72-7_provirus_taxonomy.tsv.                                                                                             
[11:52:39] geNomad find-proviruses finished!                                                                                                                                
