╭──────────────────────────────────────────────────────────────────────────────────────────────────────────────────────────────────────────────────────────────────────────╮
│  Executing geNomad nn-classification (v1.11.2). This will classify the input sequences into chromosome, plasmid, or virus based on the nucleotide sequence.              │
│  ──────────────────────────────────────────────────────────────────────────────────────────────────────────────────────────────────────────────────────────────────────  │
│  Outputs:                                                                                                                                                                │
│    75-3_nn_classification                                                                                                                                                │
│    ├── 75-3_nn_classification.json (execution parameters)                                                                                                                │
│    ├── 75-3_encoded_sequences (directory containing encoded sequence data)                                                                                               │
│    ├── 75-3_nn_classification.tsv (contig classification: tabular format)                                                                                                │
│    ├── 75-3_nn_classification.npz (contig classification: binary format)                                                                                                 │
│    ├── 75-3_encoded_proviruses (directory containing encoded sequence data)                                                                                              │
│    ├── 75-3_provirus_nn_classification.tsv (provirus classification: tabular format)                                                                                     │
│    └── 75-3_provirus_nn_classification.npz (provirus classification: binary format)                                                                                      │
╰──────────────────────────────────────────────────────────────────────────────────────────────────────────────────────────────────────────────────────────────────────────╯
[11:53:59] Executing genomad nn-classification.                                                                                                                             
[11:53:59] Creating the 75-3_nn_classification directory.                                                                                                                   
[11:53:59] Creating the 75-3_nn_classification/75-3_encoded_sequences directory.                                                                                            
[11:54:00] Encoded sequence data written to 75-3_encoded_sequences.                                                                                                         
[11:54:00] Creating the 75-3_nn_classification/75-3_encoded_proviruses directory.                                                                                           
[11:54:00] Encoded provirus data written to 75-3_encoded_proviruses.                                                                                                        
[11:54:06] Sequences classified.                                                                                                                                            
[11:54:06] Sequence classification in binary format written to 75-3_nn_classification.npz.                                                                                  
[11:54:06] Deleting encoded sequence data.                                                                                                                                  
[11:54:06] Sequence classification in tabular format written to 75-3_nn_classification.tsv.                                                                                 
[11:54:09] Proviruses classified.                                                                                                                                           
[11:54:09] Provirus classification in binary format written to 75-3_provirus_nn_classification.npz.                                                                         
[11:54:09] Deleting encoded provirus data.                                                                                                                                  
[11:54:09] Provirus classification in tabular format written to 75-3_provirus_nn_classification.tsv.                                                                        
[11:54:09] geNomad nn-classification finished!                                                                                                                              
