╭──────────────────────────────────────────────────────────────────────────────────────────────────────────────────────────────────────────────────────────────────────────╮
│  Executing geNomad find-proviruses (v1.11.2). This will find putative proviral regions within the input sequences.                                                       │
│  ──────────────────────────────────────────────────────────────────────────────────────────────────────────────────────────────────────────────────────────────────────  │
│  Outputs:                                                                                                                                                                │
│    75-3_find_proviruses                                                                                                                                                  │
│    ├── 75-3_find_proviruses.json (execution parameters)                                                                                                                  │
│    ├── 75-3_provirus.tsv (provirus data)                                                                                                                                 │
│    ├── 75-3_provirus.fna (provirus nucleotide sequences)                                                                                                                 │
│    ├── 75-3_provirus_proteins.faa (provirus protein sequences)                                                                                                           │
│    ├── 75-3_provirus_genes.tsv (provirus gene annotation data)                                                                                                           │
│    ├── 75-3_provirus_taxonomy.tsv (provirus taxonomic assignment)                                                                                                        │
│    ├── 75-3_provirus_mmseqs2.tsv (MMseqs2 output file)                                                                                                                   │
│    └── 75-3_provirus_aragorn.tsv (Aragorn output file)                                                                                                                   │
╰──────────────────────────────────────────────────────────────────────────────────────────────────────────────────────────────────────────────────────────────────────────╯
[11:53:52] Executing genomad find-proviruses.                                                                                                                               
[11:53:52] Creating the 75-3_find_proviruses directory.                                                                                                                     
[11:53:54] Integrases identified with MMseqs2 and geNomad database (v1.9) were written to 75-3_provirus_mmseqs2.tsv.                                                        
[11:53:54] Deleting 75-3_provirus_mmseqs2.                                                                                                                                  
[11:53:54] Deleting 75-3_provirus_mmseqs2_input.faa.                                                                                                                        
[11:53:55] tRNAs identified with Aragorn were written to 75-3_provirus_aragorn.tsv.                                                                                         
[11:53:55] Deleting 75-3_provirus_aragorn_input.fna.                                                                                                                        
[11:53:56] Provirus regions identified.                                                                                                                                     
[11:53:56] Provirus data was written to 75-3_provirus.tsv.                                                                                                                  
[11:53:56] Provirus nucleotide sequences were written to 75-3_provirus.fna.                                                                                                 
[11:53:56] Provirus protein sequences were written to 75-3_provirus_proteins.faa.                                                                                           
[11:53:56] Provirus gene data was written to 75-3_provirus_genes.tsv.                                                                                                       
[11:53:56] Taxonomic assignment data was written to 75-3_provirus_taxonomy.tsv.                                                                                             
[11:53:56] geNomad find-proviruses finished!                                                                                                                                
