╭──────────────────────────────────────────────────────────────────────────────────────────────────────────────────────────────────────────────────────────────────────────╮
│  Executing geNomad nn-classification (v1.11.2). This will classify the input sequences into chromosome, plasmid, or virus based on the nucleotide sequence.              │
│  ──────────────────────────────────────────────────────────────────────────────────────────────────────────────────────────────────────────────────────────────────────  │
│  Outputs:                                                                                                                                                                │
│    80-5_nn_classification                                                                                                                                                │
│    ├── 80-5_nn_classification.json (execution parameters)                                                                                                                │
│    ├── 80-5_encoded_sequences (directory containing encoded sequence data)                                                                                               │
│    ├── 80-5_nn_classification.tsv (contig classification: tabular format)                                                                                                │
│    ├── 80-5_nn_classification.npz (contig classification: binary format)                                                                                                 │
│    ├── 80-5_encoded_proviruses (directory containing encoded sequence data)                                                                                              │
│    ├── 80-5_provirus_nn_classification.tsv (provirus classification: tabular format)                                                                                     │
│    └── 80-5_provirus_nn_classification.npz (provirus classification: binary format)                                                                                      │
╰──────────────────────────────────────────────────────────────────────────────────────────────────────────────────────────────────────────────────────────────────────────╯
[11:55:14] Executing genomad nn-classification.                                                                                                                             
[11:55:14] Creating the 80-5_nn_classification directory.                                                                                                                   
[11:55:14] Creating the 80-5_nn_classification/80-5_encoded_sequences directory.                                                                                            
[11:55:16] Encoded sequence data written to 80-5_encoded_sequences.                                                                                                         
[11:55:16] Creating the 80-5_nn_classification/80-5_encoded_proviruses directory.                                                                                           
[11:55:16] Encoded provirus data written to 80-5_encoded_proviruses.                                                                                                        
[11:55:22] Sequences classified.                                                                                                                                            
[11:55:22] Sequence classification in binary format written to 80-5_nn_classification.npz.                                                                                  
[11:55:22] Deleting encoded sequence data.                                                                                                                                  
[11:55:22] Sequence classification in tabular format written to 80-5_nn_classification.tsv.                                                                                 
[11:55:24] Proviruses classified.                                                                                                                                           
[11:55:24] Provirus classification in binary format written to 80-5_provirus_nn_classification.npz.                                                                         
[11:55:24] Deleting encoded provirus data.                                                                                                                                  
[11:55:24] Provirus classification in tabular format written to 80-5_provirus_nn_classification.tsv.                                                                        
[11:55:24] geNomad nn-classification finished!                                                                                                                              
