╭──────────────────────────────────────────────────────────────────────────────────────────────────────────────────────────────────────────────────────────────────────────╮
│  Executing geNomad aggregated-classification (v1.11.2). This will aggregate the results of the marker-classification and nn-classification modules to classify the       │
│  input sequences into chromosome, plasmid, or virus.                                                                                                                     │
│  ──────────────────────────────────────────────────────────────────────────────────────────────────────────────────────────────────────────────────────────────────────  │
│  Outputs:                                                                                                                                                                │
│    80-5_aggregated_classification                                                                                                                                        │
│    ├── 80-5_aggregated_classification.json (execution parameters)                                                                                                        │
│    ├── 80-5_aggregated_classification.tsv (sequence classification: tabular format)                                                                                      │
│    ├── 80-5_aggregated_classification.npz (sequence classification: binary format)                                                                                       │
│    ├── 80-5_provirus_aggregated_classification.tsv (provirus classification: tabular format)                                                                             │
│    └── 80-5_provirus_aggregated_classification.npz (provirus classification: binary format)                                                                              │
╰──────────────────────────────────────────────────────────────────────────────────────────────────────────────────────────────────────────────────────────────────────────╯
[11:55:24] Executing genomad aggregated-classification.                                                                                                                     
[11:55:24] Creating the 80-5_aggregated_classification directory.                                                                                                           
[11:55:24] The total marker frequencies of the input sequences were computed.                                                                                               
[11:55:24] Sequences classified.                                                                                                                                            
[11:55:24] Sequence classification in binary format written to 80-5_aggregated_classification.npz.                                                                          
[11:55:24] Sequence classification in tabular format written to 80-5_aggregated_classification.tsv.                                                                         
[11:55:24] Proviruses classified.                                                                                                                                           
[11:55:24] Provirus classification in binary format written to 80-5_provirus_aggregated_classification.npz.                                                                 
[11:55:24] Provirus classification in tabular format written to 80-5_provirus_aggregated_classification.tsv.                                                                
[11:55:24] geNomad aggregated-classification finished!                                                                                                                      
