╭──────────────────────────────────────────────────────────────────────────────────────────────────────────────────────────────────────────────────────────────────────────╮
│  Executing geNomad find-proviruses (v1.11.2). This will find putative proviral regions within the input sequences.                                                       │
│  ──────────────────────────────────────────────────────────────────────────────────────────────────────────────────────────────────────────────────────────────────────  │
│  Outputs:                                                                                                                                                                │
│    83M_find_proviruses                                                                                                                                                   │
│    ├── 83M_find_proviruses.json (execution parameters)                                                                                                                   │
│    ├── 83M_provirus.tsv (provirus data)                                                                                                                                  │
│    ├── 83M_provirus.fna (provirus nucleotide sequences)                                                                                                                  │
│    ├── 83M_provirus_proteins.faa (provirus protein sequences)                                                                                                            │
│    ├── 83M_provirus_genes.tsv (provirus gene annotation data)                                                                                                            │
│    ├── 83M_provirus_taxonomy.tsv (provirus taxonomic assignment)                                                                                                         │
│    ├── 83M_provirus_mmseqs2.tsv (MMseqs2 output file)                                                                                                                    │
│    └── 83M_provirus_aragorn.tsv (Aragorn output file)                                                                                                                    │
╰──────────────────────────────────────────────────────────────────────────────────────────────────────────────────────────────────────────────────────────────────────────╯
[11:56:24] Executing genomad find-proviruses.                                                                                                                               
[11:56:24] Creating the 83M_find_proviruses directory.                                                                                                                      
[11:56:27] Integrases identified with MMseqs2 and geNomad database (v1.9) were written to 83M_provirus_mmseqs2.tsv.                                                         
[11:56:27] Deleting 83M_provirus_mmseqs2.                                                                                                                                   
[11:56:27] Deleting 83M_provirus_mmseqs2_input.faa.                                                                                                                         
[11:56:27] tRNAs identified with Aragorn were written to 83M_provirus_aragorn.tsv.                                                                                          
[11:56:27] Deleting 83M_provirus_aragorn_input.fna.                                                                                                                         
[11:56:27] Provirus regions identified.                                                                                                                                     
[11:56:27] Provirus data was written to 83M_provirus.tsv.                                                                                                                   
[11:56:27] Provirus nucleotide sequences were written to 83M_provirus.fna.                                                                                                  
[11:56:27] Provirus protein sequences were written to 83M_provirus_proteins.faa.                                                                                            
[11:56:27] Provirus gene data was written to 83M_provirus_genes.tsv.                                                                                                        
[11:56:28] Taxonomic assignment data was written to 83M_provirus_taxonomy.tsv.                                                                                              
[11:56:28] geNomad find-proviruses finished!                                                                                                                                
