╭──────────────────────────────────────────────────────────────────────────────────────────────────────────────────────────────────────────────────────────────────────────╮
│  Executing geNomad nn-classification (v1.11.2). This will classify the input sequences into chromosome, plasmid, or virus based on the nucleotide sequence.              │
│  ──────────────────────────────────────────────────────────────────────────────────────────────────────────────────────────────────────────────────────────────────────  │
│  Outputs:                                                                                                                                                                │
│    83M_nn_classification                                                                                                                                                 │
│    ├── 83M_nn_classification.json (execution parameters)                                                                                                                 │
│    ├── 83M_encoded_sequences (directory containing encoded sequence data)                                                                                                │
│    ├── 83M_nn_classification.tsv (contig classification: tabular format)                                                                                                 │
│    ├── 83M_nn_classification.npz (contig classification: binary format)                                                                                                  │
│    ├── 83M_encoded_proviruses (directory containing encoded sequence data)                                                                                               │
│    ├── 83M_provirus_nn_classification.tsv (provirus classification: tabular format)                                                                                      │
│    └── 83M_provirus_nn_classification.npz (provirus classification: binary format)                                                                                       │
╰──────────────────────────────────────────────────────────────────────────────────────────────────────────────────────────────────────────────────────────────────────────╯
[11:56:30] Executing genomad nn-classification.                                                                                                                             
[11:56:30] Creating the 83M_nn_classification directory.                                                                                                                    
[11:56:30] Creating the 83M_nn_classification/83M_encoded_sequences directory.                                                                                              
[11:56:31] Encoded sequence data written to 83M_encoded_sequences.                                                                                                          
[11:56:31] Creating the 83M_nn_classification/83M_encoded_proviruses directory.                                                                                             
[11:56:31] Encoded provirus data written to 83M_encoded_proviruses.                                                                                                         
[11:56:38] Sequences classified.                                                                                                                                            
[11:56:38] Sequence classification in binary format written to 83M_nn_classification.npz.                                                                                   
[11:56:38] Deleting encoded sequence data.                                                                                                                                  
[11:56:38] Sequence classification in tabular format written to 83M_nn_classification.tsv.                                                                                  
[11:56:40] Proviruses classified.                                                                                                                                           
[11:56:40] Provirus classification in binary format written to 83M_provirus_nn_classification.npz.                                                                          
[11:56:40] Deleting encoded provirus data.                                                                                                                                  
[11:56:40] Provirus classification in tabular format written to 83M_provirus_nn_classification.tsv.                                                                         
[11:56:40] geNomad nn-classification finished!                                                                                                                              
