╭──────────────────────────────────────────────────────────────────────────────────────────────────────────────────────────────────────────────────────────────────────────╮
│  Executing geNomad marker-classification (v1.11.2). This will classify the input sequences into chromosome, plasmid, or virus based on the presence of geNomad markers   │
│  and other gene-related features.                                                                                                                                        │
│  ──────────────────────────────────────────────────────────────────────────────────────────────────────────────────────────────────────────────────────────────────────  │
│  Outputs:                                                                                                                                                                │
│    83M_marker_classification                                                                                                                                             │
│    ├── 83M_marker_classification.json (execution parameters)                                                                                                             │
│    ├── 83M_features.tsv (sequence feature data: tabular format)                                                                                                          │
│    ├── 83M_features.npz (sequence feature data: binary format)                                                                                                           │
│    ├── 83M_marker_classification.tsv (sequence classification: tabular format)                                                                                           │
│    ├── 83M_marker_classification.npz (sequence classification: binary format)                                                                                            │
│    ├── 83M_provirus_features.tsv (provirus feature data: tabular format)                                                                                                 │
│    ├── 83M_provirus_features.npz (provirus feature data: binary format)                                                                                                  │
│    ├── 83M_provirus_marker_classification.tsv (provirus classification: tabular format)                                                                                  │
│    └── 83M_provirus_marker_classification.npz (provirus classification: binary format)                                                                                   │
╰──────────────────────────────────────────────────────────────────────────────────────────────────────────────────────────────────────────────────────────────────────────╯
[11:56:28] Executing genomad marker-classification.                                                                                                                         
[11:56:28] Creating the 83M_marker_classification directory.                                                                                                                
[11:56:28] Sequence features computed.                                                                                                                                      
[11:56:28] Sequence features in binary format written to 83M_features.npz.                                                                                                  
[11:56:28] Sequence features in tabular format written to 83M_features.tsv.                                                                                                 
[11:56:29] Provirus features computed.                                                                                                                                      
[11:56:29] Provirus features in binary format written to 83M_provirus_features.npz.                                                                                         
[11:56:29] Provirus features in tabular format written to 83M_provirus_features.tsv.                                                                                        
[11:56:29] Sequences classified.                                                                                                                                            
[11:56:29] Sequence classification in binary format written to 83M_marker_classification.npz.                                                                               
[11:56:29] Sequence classification in tabular format written to 83M_marker_classification.tsv.                                                                              
[11:56:29] Proviruses classified.                                                                                                                                           
[11:56:29] Provirus classification in binary format written to 83M_provirus_marker_classification.npz.                                                                      
[11:56:29] Provirus classification in tabular format written to 83M_provirus_marker_classification.tsv.                                                                     
[11:56:29] geNomad marker-classification finished!                                                                                                                          
