╭──────────────────────────────────────────────────────────────────────────────────────────────────────────────────────────────────────────────────────────────────────────╮
│  Executing geNomad summary (v1.11.2). This will summarize the results across modules into a classification report.                                                       │
│  ──────────────────────────────────────────────────────────────────────────────────────────────────────────────────────────────────────────────────────────────────────  │
│  Outputs:                                                                                                                                                                │
│    83M_summary                                                                                                                                                           │
│    ├── 83M_summary.json (execution parameters)                                                                                                                           │
│    ├── 83M_virus_summary.tsv (virus classification summary)                                                                                                              │
│    ├── 83M_plasmid_summary.tsv (plasmid classification summary)                                                                                                          │
│    ├── 83M_virus.fna (virus nucleotide FASTA file)                                                                                                                       │
│    ├── 83M_plasmid.fna (plasmid nucleotide FASTA file)                                                                                                                   │
│    ├── 83M_virus_proteins.faa (virus protein FASTA file)                                                                                                                 │
│    ├── 83M_plasmid_proteins.faa (plasmid protein FASTA file)                                                                                                             │
│    ├── 83M_virus_genes.tsv (virus gene annotation data)                                                                                                                  │
│    └── 83M_plasmid_genes.tsv (plasmid gene annotation data)                                                                                                              │
╰──────────────────────────────────────────────────────────────────────────────────────────────────────────────────────────────────────────────────────────────────────────╯
[11:56:41] Executing genomad summary.                                                                                                                                       
[11:56:41] Creating the 83M_summary directory.                                                                                                                              
[11:56:41] Using scores from aggregated-classification.                                                                                                                     
[11:56:41] 42 plasmid(s) and 3 virus(es) were identified.                                                                                                                   
[11:56:41] Nucleotide sequences were written to 83M_plasmid.fna and 83M_virus.fna.                                                                                          
[11:56:41] Protein sequences were written to 83M_plasmid_proteins.faa and 83M_virus_proteins.faa.                                                                           
[11:56:41] Gene annotation data was written to 83M_plasmid_genes.tsv and 83M_virus_genes.tsv.                                                                               
[11:56:41] Summary files were written to 83M_plasmid_summary.tsv and 83M_virus_summary.tsv.                                                                                 
[11:56:41] geNomad summary finished!                                                                                                                                        
