╭──────────────────────────────────────────────────────────────────────────────────────────────────────────────────────────────────────────────────────────────────────────╮
│  Executing geNomad aggregated-classification (v1.11.2). This will aggregate the results of the marker-classification and nn-classification modules to classify the       │
│  input sequences into chromosome, plasmid, or virus.                                                                                                                     │
│  ──────────────────────────────────────────────────────────────────────────────────────────────────────────────────────────────────────────────────────────────────────  │
│  Outputs:                                                                                                                                                                │
│    85-10_aggregated_classification                                                                                                                                       │
│    ├── 85-10_aggregated_classification.json (execution parameters)                                                                                                       │
│    ├── 85-10_aggregated_classification.tsv (sequence classification: tabular format)                                                                                     │
│    ├── 85-10_aggregated_classification.npz (sequence classification: binary format)                                                                                      │
│    ├── 85-10_provirus_aggregated_classification.tsv (provirus classification: tabular format)                                                                            │
│    └── 85-10_provirus_aggregated_classification.npz (provirus classification: binary format)                                                                             │
╰──────────────────────────────────────────────────────────────────────────────────────────────────────────────────────────────────────────────────────────────────────────╯
[11:58:33] Executing genomad aggregated-classification.                                                                                                                     
[11:58:33] Creating the 85-10_aggregated_classification directory.                                                                                                          
[11:58:33] The total marker frequencies of the input sequences were computed.                                                                                               
[11:58:33] Sequences classified.                                                                                                                                            
[11:58:33] Sequence classification in binary format written to 85-10_aggregated_classification.npz.                                                                         
[11:58:33] Sequence classification in tabular format written to 85-10_aggregated_classification.tsv.                                                                        
[11:58:33] Proviruses classified.                                                                                                                                           
[11:58:33] Provirus classification in binary format written to 85-10_provirus_aggregated_classification.npz.                                                                
[11:58:33] Provirus classification in tabular format written to 85-10_provirus_aggregated_classification.tsv.                                                               
[11:58:33] geNomad aggregated-classification finished!                                                                                                                      
