╭──────────────────────────────────────────────────────────────────────────────────────────────────────────────────────────────────────────────────────────────────────────╮
│  Executing geNomad marker-classification (v1.11.2). This will classify the input sequences into chromosome, plasmid, or virus based on the presence of geNomad markers   │
│  and other gene-related features.                                                                                                                                        │
│  ──────────────────────────────────────────────────────────────────────────────────────────────────────────────────────────────────────────────────────────────────────  │
│  Outputs:                                                                                                                                                                │
│    85-10_marker_classification                                                                                                                                           │
│    ├── 85-10_marker_classification.json (execution parameters)                                                                                                           │
│    ├── 85-10_features.tsv (sequence feature data: tabular format)                                                                                                        │
│    ├── 85-10_features.npz (sequence feature data: binary format)                                                                                                         │
│    ├── 85-10_marker_classification.tsv (sequence classification: tabular format)                                                                                         │
│    ├── 85-10_marker_classification.npz (sequence classification: binary format)                                                                                          │
│    ├── 85-10_provirus_features.tsv (provirus feature data: tabular format)                                                                                               │
│    ├── 85-10_provirus_features.npz (provirus feature data: binary format)                                                                                                │
│    ├── 85-10_provirus_marker_classification.tsv (provirus classification: tabular format)                                                                                │
│    └── 85-10_provirus_marker_classification.npz (provirus classification: binary format)                                                                                 │
╰──────────────────────────────────────────────────────────────────────────────────────────────────────────────────────────────────────────────────────────────────────────╯
[11:58:20] Executing genomad marker-classification.                                                                                                                         
[11:58:20] Creating the 85-10_marker_classification directory.                                                                                                              
[11:58:21] Sequence features computed.                                                                                                                                      
[11:58:21] Sequence features in binary format written to 85-10_features.npz.                                                                                                
[11:58:21] Sequence features in tabular format written to 85-10_features.tsv.                                                                                               
[11:58:21] Provirus features computed.                                                                                                                                      
[11:58:21] Provirus features in binary format written to 85-10_provirus_features.npz.                                                                                       
[11:58:21] Provirus features in tabular format written to 85-10_provirus_features.tsv.                                                                                      
[11:58:21] Sequences classified.                                                                                                                                            
[11:58:21] Sequence classification in binary format written to 85-10_marker_classification.npz.                                                                             
[11:58:21] Sequence classification in tabular format written to 85-10_marker_classification.tsv.                                                                            
[11:58:21] Proviruses classified.                                                                                                                                           
[11:58:21] Provirus classification in binary format written to 85-10_provirus_marker_classification.npz.                                                                    
[11:58:21] Provirus classification in tabular format written to 85-10_provirus_marker_classification.tsv.                                                                   
[11:58:22] geNomad marker-classification finished!                                                                                                                          
