╭──────────────────────────────────────────────────────────────────────────────────────────────────────────────────────────────────────────────────────────────────────────╮
│  Executing geNomad summary (v1.11.2). This will summarize the results across modules into a classification report.                                                       │
│  ──────────────────────────────────────────────────────────────────────────────────────────────────────────────────────────────────────────────────────────────────────  │
│  Outputs:                                                                                                                                                                │
│    85-10_summary                                                                                                                                                         │
│    ├── 85-10_summary.json (execution parameters)                                                                                                                         │
│    ├── 85-10_virus_summary.tsv (virus classification summary)                                                                                                            │
│    ├── 85-10_plasmid_summary.tsv (plasmid classification summary)                                                                                                        │
│    ├── 85-10_virus.fna (virus nucleotide FASTA file)                                                                                                                     │
│    ├── 85-10_plasmid.fna (plasmid nucleotide FASTA file)                                                                                                                 │
│    ├── 85-10_virus_proteins.faa (virus protein FASTA file)                                                                                                               │
│    ├── 85-10_plasmid_proteins.faa (plasmid protein FASTA file)                                                                                                           │
│    ├── 85-10_virus_genes.tsv (virus gene annotation data)                                                                                                                │
│    └── 85-10_plasmid_genes.tsv (plasmid gene annotation data)                                                                                                            │
╰──────────────────────────────────────────────────────────────────────────────────────────────────────────────────────────────────────────────────────────────────────────╯
[11:58:33] Executing genomad summary.                                                                                                                                       
[11:58:33] Creating the 85-10_summary directory.                                                                                                                            
[11:58:33] Using scores from aggregated-classification.                                                                                                                     
[11:58:33] 3 plasmid(s) and 1 virus(es) were identified.                                                                                                                    
[11:58:33] Nucleotide sequences were written to 85-10_plasmid.fna and 85-10_virus.fna.                                                                                      
[11:58:33] Protein sequences were written to 85-10_plasmid_proteins.faa and 85-10_virus_proteins.faa.                                                                       
[11:58:33] Gene annotation data was written to 85-10_plasmid_genes.tsv and 85-10_virus_genes.tsv.                                                                           
[11:58:33] Summary files were written to 85-10_plasmid_summary.tsv and 85-10_virus_summary.tsv.                                                                             
[11:58:33] geNomad summary finished!                                                                                                                                        
