╭──────────────────────────────────────────────────────────────────────────────────────────────────────────────────────────────────────────────────────────────────────────╮
│  Executing geNomad nn-classification (v1.11.2). This will classify the input sequences into chromosome, plasmid, or virus based on the nucleotide sequence.              │
│  ──────────────────────────────────────────────────────────────────────────────────────────────────────────────────────────────────────────────────────────────────────  │
│  Outputs:                                                                                                                                                                │
│    85-10_nn_classification                                                                                                                                               │
│    ├── 85-10_nn_classification.json (execution parameters)                                                                                                               │
│    ├── 85-10_encoded_sequences (directory containing encoded sequence data)                                                                                              │
│    ├── 85-10_nn_classification.tsv (contig classification: tabular format)                                                                                               │
│    ├── 85-10_nn_classification.npz (contig classification: binary format)                                                                                                │
│    ├── 85-10_encoded_proviruses (directory containing encoded sequence data)                                                                                             │
│    ├── 85-10_provirus_nn_classification.tsv (provirus classification: tabular format)                                                                                    │
│    └── 85-10_provirus_nn_classification.npz (provirus classification: binary format)                                                                                     │
╰──────────────────────────────────────────────────────────────────────────────────────────────────────────────────────────────────────────────────────────────────────────╯
[11:58:23] Executing genomad nn-classification.                                                                                                                             
[11:58:23] Creating the 85-10_nn_classification directory.                                                                                                                  
[11:58:23] Creating the 85-10_nn_classification/85-10_encoded_sequences directory.                                                                                          
[11:58:25] Encoded sequence data written to 85-10_encoded_sequences.                                                                                                        
[11:58:25] Creating the 85-10_nn_classification/85-10_encoded_proviruses directory.                                                                                         
[11:58:25] Encoded provirus data written to 85-10_encoded_proviruses.                                                                                                       
[11:58:31] Sequences classified.                                                                                                                                            
[11:58:31] Sequence classification in binary format written to 85-10_nn_classification.npz.                                                                                 
[11:58:31] Deleting encoded sequence data.                                                                                                                                  
[11:58:31] Sequence classification in tabular format written to 85-10_nn_classification.tsv.                                                                                
[11:58:33] Proviruses classified.                                                                                                                                           
[11:58:33] Provirus classification in binary format written to 85-10_provirus_nn_classification.npz.                                                                        
[11:58:33] Deleting encoded provirus data.                                                                                                                                  
[11:58:33] Provirus classification in tabular format written to 85-10_provirus_nn_classification.tsv.                                                                       
[11:58:33] geNomad nn-classification finished!                                                                                                                              
