╭──────────────────────────────────────────────────────────────────────────────────────────────────────────────────────────────────────────────────────────────────────────╮
│  Executing geNomad nn-classification (v1.11.2). This will classify the input sequences into chromosome, plasmid, or virus based on the nucleotide sequence.              │
│  ──────────────────────────────────────────────────────────────────────────────────────────────────────────────────────────────────────────────────────────────────────  │
│  Outputs:                                                                                                                                                                │
│    85-16_nn_classification                                                                                                                                               │
│    ├── 85-16_nn_classification.json (execution parameters)                                                                                                               │
│    ├── 85-16_encoded_sequences (directory containing encoded sequence data)                                                                                              │
│    ├── 85-16_nn_classification.tsv (contig classification: tabular format)                                                                                               │
│    ├── 85-16_nn_classification.npz (contig classification: binary format)                                                                                                │
│    ├── 85-16_encoded_proviruses (directory containing encoded sequence data)                                                                                             │
│    ├── 85-16_provirus_nn_classification.tsv (provirus classification: tabular format)                                                                                    │
│    └── 85-16_provirus_nn_classification.npz (provirus classification: binary format)                                                                                     │
╰──────────────────────────────────────────────────────────────────────────────────────────────────────────────────────────────────────────────────────────────────────────╯
[11:59:40] Executing genomad nn-classification.                                                                                                                             
[11:59:40] Creating the 85-16_nn_classification directory.                                                                                                                  
[11:59:40] Creating the 85-16_nn_classification/85-16_encoded_sequences directory.                                                                                          
[11:59:41] Encoded sequence data written to 85-16_encoded_sequences.                                                                                                        
[11:59:41] Creating the 85-16_nn_classification/85-16_encoded_proviruses directory.                                                                                         
[11:59:41] Encoded provirus data written to 85-16_encoded_proviruses.                                                                                                       
[11:59:47] Sequences classified.                                                                                                                                            
[11:59:47] Sequence classification in binary format written to 85-16_nn_classification.npz.                                                                                 
[11:59:47] Deleting encoded sequence data.                                                                                                                                  
[11:59:47] Sequence classification in tabular format written to 85-16_nn_classification.tsv.                                                                                
[11:59:49] Proviruses classified.                                                                                                                                           
[11:59:49] Provirus classification in binary format written to 85-16_provirus_nn_classification.npz.                                                                        
[11:59:49] Deleting encoded provirus data.                                                                                                                                  
[11:59:49] Provirus classification in tabular format written to 85-16_provirus_nn_classification.tsv.                                                                       
[11:59:49] geNomad nn-classification finished!                                                                                                                              
