╭──────────────────────────────────────────────────────────────────────────────────────────────────────────────────────────────────────────────────────────────────────────╮
│  Executing geNomad marker-classification (v1.11.2). This will classify the input sequences into chromosome, plasmid, or virus based on the presence of geNomad markers   │
│  and other gene-related features.                                                                                                                                        │
│  ──────────────────────────────────────────────────────────────────────────────────────────────────────────────────────────────────────────────────────────────────────  │
│  Outputs:                                                                                                                                                                │
│    85-16_marker_classification                                                                                                                                           │
│    ├── 85-16_marker_classification.json (execution parameters)                                                                                                           │
│    ├── 85-16_features.tsv (sequence feature data: tabular format)                                                                                                        │
│    ├── 85-16_features.npz (sequence feature data: binary format)                                                                                                         │
│    ├── 85-16_marker_classification.tsv (sequence classification: tabular format)                                                                                         │
│    ├── 85-16_marker_classification.npz (sequence classification: binary format)                                                                                          │
│    ├── 85-16_provirus_features.tsv (provirus feature data: tabular format)                                                                                               │
│    ├── 85-16_provirus_features.npz (provirus feature data: binary format)                                                                                                │
│    ├── 85-16_provirus_marker_classification.tsv (provirus classification: tabular format)                                                                                │
│    └── 85-16_provirus_marker_classification.npz (provirus classification: binary format)                                                                                 │
╰──────────────────────────────────────────────────────────────────────────────────────────────────────────────────────────────────────────────────────────────────────────╯
[11:59:37] Executing genomad marker-classification.                                                                                                                         
[11:59:37] Creating the 85-16_marker_classification directory.                                                                                                              
[11:59:37] Sequence features computed.                                                                                                                                      
[11:59:37] Sequence features in binary format written to 85-16_features.npz.                                                                                                
[11:59:37] Sequence features in tabular format written to 85-16_features.tsv.                                                                                               
[11:59:38] Provirus features computed.                                                                                                                                      
[11:59:38] Provirus features in binary format written to 85-16_provirus_features.npz.                                                                                       
[11:59:38] Provirus features in tabular format written to 85-16_provirus_features.tsv.                                                                                      
[11:59:38] Sequences classified.                                                                                                                                            
[11:59:38] Sequence classification in binary format written to 85-16_marker_classification.npz.                                                                             
[11:59:38] Sequence classification in tabular format written to 85-16_marker_classification.tsv.                                                                            
[11:59:38] Proviruses classified.                                                                                                                                           
[11:59:38] Provirus classification in binary format written to 85-16_provirus_marker_classification.npz.                                                                    
[11:59:38] Provirus classification in tabular format written to 85-16_provirus_marker_classification.tsv.                                                                   
[11:59:38] geNomad marker-classification finished!                                                                                                                          
