╭──────────────────────────────────────────────────────────────────────────────────────────────────────────────────────────────────────────────────────────────────────────╮
│  Executing geNomad find-proviruses (v1.11.2). This will find putative proviral regions within the input sequences.                                                       │
│  ──────────────────────────────────────────────────────────────────────────────────────────────────────────────────────────────────────────────────────────────────────  │
│  Outputs:                                                                                                                                                                │
│    85-10_find_proviruses                                                                                                                                                 │
│    ├── 85-10_find_proviruses.json (execution parameters)                                                                                                                 │
│    ├── 85-10_provirus.tsv (provirus data)                                                                                                                                │
│    ├── 85-10_provirus.fna (provirus nucleotide sequences)                                                                                                                │
│    ├── 85-10_provirus_proteins.faa (provirus protein sequences)                                                                                                          │
│    ├── 85-10_provirus_genes.tsv (provirus gene annotation data)                                                                                                          │
│    ├── 85-10_provirus_taxonomy.tsv (provirus taxonomic assignment)                                                                                                       │
│    ├── 85-10_provirus_mmseqs2.tsv (MMseqs2 output file)                                                                                                                  │
│    └── 85-10_provirus_aragorn.tsv (Aragorn output file)                                                                                                                  │
╰──────────────────────────────────────────────────────────────────────────────────────────────────────────────────────────────────────────────────────────────────────────╯
[11:57:59] Executing genomad find-proviruses.                                                                                                                               
[11:57:59] Creating the 85-10_find_proviruses directory.                                                                                                                    
[11:58:02] Integrases identified with MMseqs2 and geNomad database (v1.9) were written to 85-10_provirus_mmseqs2.tsv.                                                       
[11:58:02] Deleting 85-10_provirus_mmseqs2.                                                                                                                                 
[11:58:02] Deleting 85-10_provirus_mmseqs2_input.faa.                                                                                                                       
[11:58:20] tRNAs identified with Aragorn were written to 85-10_provirus_aragorn.tsv.                                                                                        
[11:58:20] Deleting 85-10_provirus_aragorn_input.fna.                                                                                                                       
[11:58:20] Provirus regions identified.                                                                                                                                     
[11:58:20] Provirus data was written to 85-10_provirus.tsv.                                                                                                                 
[11:58:20] Provirus nucleotide sequences were written to 85-10_provirus.fna.                                                                                                
[11:58:20] Provirus protein sequences were written to 85-10_provirus_proteins.faa.                                                                                          
[11:58:20] Provirus gene data was written to 85-10_provirus_genes.tsv.                                                                                                      
[11:58:20] Taxonomic assignment data was written to 85-10_provirus_taxonomy.tsv.                                                                                            
[11:58:20] geNomad find-proviruses finished!                                                                                                                                
