╭──────────────────────────────────────────────────────────────────────────────────────────────────────────────────────────────────────────────────────────────────────────╮
│  Executing geNomad find-proviruses (v1.11.2). This will find putative proviral regions within the input sequences.                                                       │
│  ──────────────────────────────────────────────────────────────────────────────────────────────────────────────────────────────────────────────────────────────────────  │
│  Outputs:                                                                                                                                                                │
│    86-2_find_proviruses                                                                                                                                                  │
│    ├── 86-2_find_proviruses.json (execution parameters)                                                                                                                  │
│    ├── 86-2_provirus.tsv (provirus data)                                                                                                                                 │
│    ├── 86-2_provirus.fna (provirus nucleotide sequences)                                                                                                                 │
│    ├── 86-2_provirus_proteins.faa (provirus protein sequences)                                                                                                           │
│    ├── 86-2_provirus_genes.tsv (provirus gene annotation data)                                                                                                           │
│    ├── 86-2_provirus_taxonomy.tsv (provirus taxonomic assignment)                                                                                                        │
│    ├── 86-2_provirus_mmseqs2.tsv (MMseqs2 output file)                                                                                                                   │
│    └── 86-2_provirus_aragorn.tsv (Aragorn output file)                                                                                                                   │
╰──────────────────────────────────────────────────────────────────────────────────────────────────────────────────────────────────────────────────────────────────────────╯
[12:00:49] Executing genomad find-proviruses.                                                                                                                               
[12:00:49] Creating the 86-2_find_proviruses directory.                                                                                                                     
[12:00:52] Integrases identified with MMseqs2 and geNomad database (v1.9) were written to 86-2_provirus_mmseqs2.tsv.                                                        
[12:00:52] Deleting 86-2_provirus_mmseqs2.                                                                                                                                  
[12:00:52] Deleting 86-2_provirus_mmseqs2_input.faa.                                                                                                                        
[12:00:52] tRNAs identified with Aragorn were written to 86-2_provirus_aragorn.tsv.                                                                                         
[12:00:52] Deleting 86-2_provirus_aragorn_input.fna.                                                                                                                        
[12:00:53] Provirus regions identified.                                                                                                                                     
[12:00:53] Provirus data was written to 86-2_provirus.tsv.                                                                                                                  
[12:00:53] Provirus nucleotide sequences were written to 86-2_provirus.fna.                                                                                                 
[12:00:53] Provirus protein sequences were written to 86-2_provirus_proteins.faa.                                                                                           
[12:00:53] Provirus gene data was written to 86-2_provirus_genes.tsv.                                                                                                       
[12:00:53] Taxonomic assignment data was written to 86-2_provirus_taxonomy.tsv.                                                                                             
[12:00:53] geNomad find-proviruses finished!                                                                                                                                
