╭──────────────────────────────────────────────────────────────────────────────────────────────────────────────────────────────────────────────────────────────────────────╮
│  Executing geNomad summary (v1.11.2). This will summarize the results across modules into a classification report.                                                       │
│  ──────────────────────────────────────────────────────────────────────────────────────────────────────────────────────────────────────────────────────────────────────  │
│  Outputs:                                                                                                                                                                │
│    86-2_summary                                                                                                                                                          │
│    ├── 86-2_summary.json (execution parameters)                                                                                                                          │
│    ├── 86-2_virus_summary.tsv (virus classification summary)                                                                                                             │
│    ├── 86-2_plasmid_summary.tsv (plasmid classification summary)                                                                                                         │
│    ├── 86-2_virus.fna (virus nucleotide FASTA file)                                                                                                                      │
│    ├── 86-2_plasmid.fna (plasmid nucleotide FASTA file)                                                                                                                  │
│    ├── 86-2_virus_proteins.faa (virus protein FASTA file)                                                                                                                │
│    ├── 86-2_plasmid_proteins.faa (plasmid protein FASTA file)                                                                                                            │
│    ├── 86-2_virus_genes.tsv (virus gene annotation data)                                                                                                                 │
│    └── 86-2_plasmid_genes.tsv (plasmid gene annotation data)                                                                                                             │
╰──────────────────────────────────────────────────────────────────────────────────────────────────────────────────────────────────────────────────────────────────────────╯
[12:01:03] Executing genomad summary.                                                                                                                                       
[12:01:03] Creating the 86-2_summary directory.                                                                                                                             
[12:01:03] Using scores from aggregated-classification.                                                                                                                     
[12:01:03] 28 plasmid(s) and 7 virus(es) were identified.                                                                                                                   
[12:01:03] Nucleotide sequences were written to 86-2_plasmid.fna and 86-2_virus.fna.                                                                                        
[12:01:03] Protein sequences were written to 86-2_plasmid_proteins.faa and 86-2_virus_proteins.faa.                                                                         
[12:01:03] Gene annotation data was written to 86-2_plasmid_genes.tsv and 86-2_virus_genes.tsv.                                                                             
[12:01:03] Summary files were written to 86-2_plasmid_summary.tsv and 86-2_virus_summary.tsv.                                                                               
[12:01:03] geNomad summary finished!                                                                                                                                        
