╭──────────────────────────────────────────────────────────────────────────────────────────────────────────────────────────────────────────────────────────────────────────╮
│  Executing geNomad marker-classification (v1.11.2). This will classify the input sequences into chromosome, plasmid, or virus based on the presence of geNomad markers   │
│  and other gene-related features.                                                                                                                                        │
│  ──────────────────────────────────────────────────────────────────────────────────────────────────────────────────────────────────────────────────────────────────────  │
│  Outputs:                                                                                                                                                                │
│    86-2_marker_classification                                                                                                                                            │
│    ├── 86-2_marker_classification.json (execution parameters)                                                                                                            │
│    ├── 86-2_features.tsv (sequence feature data: tabular format)                                                                                                         │
│    ├── 86-2_features.npz (sequence feature data: binary format)                                                                                                          │
│    ├── 86-2_marker_classification.tsv (sequence classification: tabular format)                                                                                          │
│    └── 86-2_marker_classification.npz (sequence classification: binary format)                                                                                           │
╰──────────────────────────────────────────────────────────────────────────────────────────────────────────────────────────────────────────────────────────────────────────╯
[12:00:53] Executing genomad marker-classification.                                                                                                                         
[12:00:53] Creating the 86-2_marker_classification directory.                                                                                                               
[12:00:54] Sequence features computed.                                                                                                                                      
[12:00:54] Sequence features in binary format written to 86-2_features.npz.                                                                                                 
[12:00:54] Sequence features in tabular format written to 86-2_features.tsv.                                                                                                
[12:00:54] Sequences classified.                                                                                                                                            
[12:00:54] Sequence classification in binary format written to 86-2_marker_classification.npz.                                                                              
[12:00:54] Sequence classification in tabular format written to 86-2_marker_classification.tsv.                                                                             
[12:00:54] geNomad marker-classification finished!                                                                                                                          
