╭──────────────────────────────────────────────────────────────────────────────────────────────────────────────────────────────────────────────────────────────────────────╮
│  Executing geNomad aggregated-classification (v1.11.2). This will aggregate the results of the marker-classification and nn-classification modules to classify the       │
│  input sequences into chromosome, plasmid, or virus.                                                                                                                     │
│  ──────────────────────────────────────────────────────────────────────────────────────────────────────────────────────────────────────────────────────────────────────  │
│  Outputs:                                                                                                                                                                │
│    86-46_aggregated_classification                                                                                                                                       │
│    ├── 86-46_aggregated_classification.json (execution parameters)                                                                                                       │
│    ├── 86-46_aggregated_classification.tsv (sequence classification: tabular format)                                                                                     │
│    ├── 86-46_aggregated_classification.npz (sequence classification: binary format)                                                                                      │
│    ├── 86-46_provirus_aggregated_classification.tsv (provirus classification: tabular format)                                                                            │
│    └── 86-46_provirus_aggregated_classification.npz (provirus classification: binary format)                                                                             │
╰──────────────────────────────────────────────────────────────────────────────────────────────────────────────────────────────────────────────────────────────────────────╯
[12:03:37] Executing genomad aggregated-classification.                                                                                                                     
[12:03:37] Creating the 86-46_aggregated_classification directory.                                                                                                          
[12:03:37] The total marker frequencies of the input sequences were computed.                                                                                               
[12:03:37] Sequences classified.                                                                                                                                            
[12:03:37] Sequence classification in binary format written to 86-46_aggregated_classification.npz.                                                                         
[12:03:37] Sequence classification in tabular format written to 86-46_aggregated_classification.tsv.                                                                        
[12:03:37] Proviruses classified.                                                                                                                                           
[12:03:37] Provirus classification in binary format written to 86-46_provirus_aggregated_classification.npz.                                                                
[12:03:37] Provirus classification in tabular format written to 86-46_provirus_aggregated_classification.tsv.                                                               
[12:03:37] geNomad aggregated-classification finished!                                                                                                                      
