╭──────────────────────────────────────────────────────────────────────────────────────────────────────────────────────────────────────────────────────────────────────────╮
│  Executing geNomad nn-classification (v1.11.2). This will classify the input sequences into chromosome, plasmid, or virus based on the nucleotide sequence.              │
│  ──────────────────────────────────────────────────────────────────────────────────────────────────────────────────────────────────────────────────────────────────────  │
│  Outputs:                                                                                                                                                                │
│    86-46_nn_classification                                                                                                                                               │
│    ├── 86-46_nn_classification.json (execution parameters)                                                                                                               │
│    ├── 86-46_encoded_sequences (directory containing encoded sequence data)                                                                                              │
│    ├── 86-46_nn_classification.tsv (contig classification: tabular format)                                                                                               │
│    ├── 86-46_nn_classification.npz (contig classification: binary format)                                                                                                │
│    ├── 86-46_encoded_proviruses (directory containing encoded sequence data)                                                                                             │
│    ├── 86-46_provirus_nn_classification.tsv (provirus classification: tabular format)                                                                                    │
│    └── 86-46_provirus_nn_classification.npz (provirus classification: binary format)                                                                                     │
╰──────────────────────────────────────────────────────────────────────────────────────────────────────────────────────────────────────────────────────────────────────────╯
[12:03:27] Executing genomad nn-classification.                                                                                                                             
[12:03:27] Creating the 86-46_nn_classification directory.                                                                                                                  
[12:03:27] Creating the 86-46_nn_classification/86-46_encoded_sequences directory.                                                                                          
[12:03:28] Encoded sequence data written to 86-46_encoded_sequences.                                                                                                        
[12:03:28] Creating the 86-46_nn_classification/86-46_encoded_proviruses directory.                                                                                         
[12:03:28] Encoded provirus data written to 86-46_encoded_proviruses.                                                                                                       
[12:03:34] Sequences classified.                                                                                                                                            
[12:03:34] Sequence classification in binary format written to 86-46_nn_classification.npz.                                                                                 
[12:03:34] Deleting encoded sequence data.                                                                                                                                  
[12:03:34] Sequence classification in tabular format written to 86-46_nn_classification.tsv.                                                                                
[12:03:37] Proviruses classified.                                                                                                                                           
[12:03:37] Provirus classification in binary format written to 86-46_provirus_nn_classification.npz.                                                                        
[12:03:37] Deleting encoded provirus data.                                                                                                                                  
[12:03:37] Provirus classification in tabular format written to 86-46_provirus_nn_classification.tsv.                                                                       
[12:03:37] geNomad nn-classification finished!                                                                                                                              
