╭──────────────────────────────────────────────────────────────────────────────────────────────────────────────────────────────────────────────────────────────────────────╮
│  Executing geNomad summary (v1.11.2). This will summarize the results across modules into a classification report.                                                       │
│  ──────────────────────────────────────────────────────────────────────────────────────────────────────────────────────────────────────────────────────────────────────  │
│  Outputs:                                                                                                                                                                │
│    86-46_summary                                                                                                                                                         │
│    ├── 86-46_summary.json (execution parameters)                                                                                                                         │
│    ├── 86-46_virus_summary.tsv (virus classification summary)                                                                                                            │
│    ├── 86-46_plasmid_summary.tsv (plasmid classification summary)                                                                                                        │
│    ├── 86-46_virus.fna (virus nucleotide FASTA file)                                                                                                                     │
│    ├── 86-46_plasmid.fna (plasmid nucleotide FASTA file)                                                                                                                 │
│    ├── 86-46_virus_proteins.faa (virus protein FASTA file)                                                                                                               │
│    ├── 86-46_plasmid_proteins.faa (plasmid protein FASTA file)                                                                                                           │
│    ├── 86-46_virus_genes.tsv (virus gene annotation data)                                                                                                                │
│    └── 86-46_plasmid_genes.tsv (plasmid gene annotation data)                                                                                                            │
╰──────────────────────────────────────────────────────────────────────────────────────────────────────────────────────────────────────────────────────────────────────────╯
[12:03:37] Executing genomad summary.                                                                                                                                       
[12:03:37] Creating the 86-46_summary directory.                                                                                                                            
[12:03:37] Using scores from aggregated-classification.                                                                                                                     
[12:03:37] 30 plasmid(s) and 2 virus(es) were identified.                                                                                                                   
[12:03:37] Nucleotide sequences were written to 86-46_plasmid.fna and 86-46_virus.fna.                                                                                      
[12:03:37] Protein sequences were written to 86-46_plasmid_proteins.faa and 86-46_virus_proteins.faa.                                                                       
[12:03:37] Gene annotation data was written to 86-46_plasmid_genes.tsv and 86-46_virus_genes.tsv.                                                                           
[12:03:37] Summary files were written to 86-46_plasmid_summary.tsv and 86-46_virus_summary.tsv.                                                                             
[12:03:37] geNomad summary finished!                                                                                                                                        
