╭──────────────────────────────────────────────────────────────────────────────────────────────────────────────────────────────────────────────────────────────────────────╮
│  Executing geNomad summary (v1.11.2). This will summarize the results across modules into a classification report.                                                       │
│  ──────────────────────────────────────────────────────────────────────────────────────────────────────────────────────────────────────────────────────────────────────  │
│  Outputs:                                                                                                                                                                │
│    87-13_summary                                                                                                                                                         │
│    ├── 87-13_summary.json (execution parameters)                                                                                                                         │
│    ├── 87-13_virus_summary.tsv (virus classification summary)                                                                                                            │
│    ├── 87-13_plasmid_summary.tsv (plasmid classification summary)                                                                                                        │
│    ├── 87-13_virus.fna (virus nucleotide FASTA file)                                                                                                                     │
│    ├── 87-13_plasmid.fna (plasmid nucleotide FASTA file)                                                                                                                 │
│    ├── 87-13_virus_proteins.faa (virus protein FASTA file)                                                                                                               │
│    ├── 87-13_plasmid_proteins.faa (plasmid protein FASTA file)                                                                                                           │
│    ├── 87-13_virus_genes.tsv (virus gene annotation data)                                                                                                                │
│    └── 87-13_plasmid_genes.tsv (plasmid gene annotation data)                                                                                                            │
╰──────────────────────────────────────────────────────────────────────────────────────────────────────────────────────────────────────────────────────────────────────────╯
[12:04:55] Executing genomad summary.                                                                                                                                       
[12:04:55] Creating the 87-13_summary directory.                                                                                                                            
[12:04:55] Using scores from aggregated-classification.                                                                                                                     
[12:04:55] 25 plasmid(s) and 1 virus(es) were identified.                                                                                                                   
[12:04:55] Nucleotide sequences were written to 87-13_plasmid.fna and 87-13_virus.fna.                                                                                      
[12:04:55] Protein sequences were written to 87-13_plasmid_proteins.faa and 87-13_virus_proteins.faa.                                                                       
[12:04:55] Gene annotation data was written to 87-13_plasmid_genes.tsv and 87-13_virus_genes.tsv.                                                                           
[12:04:55] Summary files were written to 87-13_plasmid_summary.tsv and 87-13_virus_summary.tsv.                                                                             
[12:04:55] geNomad summary finished!                                                                                                                                        
