╭──────────────────────────────────────────────────────────────────────────────────────────────────────────────────────────────────────────────────────────────────────────╮
│  Executing geNomad nn-classification (v1.11.2). This will classify the input sequences into chromosome, plasmid, or virus based on the nucleotide sequence.              │
│  ──────────────────────────────────────────────────────────────────────────────────────────────────────────────────────────────────────────────────────────────────────  │
│  Outputs:                                                                                                                                                                │
│    87-13_nn_classification                                                                                                                                               │
│    ├── 87-13_nn_classification.json (execution parameters)                                                                                                               │
│    ├── 87-13_encoded_sequences (directory containing encoded sequence data)                                                                                              │
│    ├── 87-13_nn_classification.tsv (contig classification: tabular format)                                                                                               │
│    ├── 87-13_nn_classification.npz (contig classification: binary format)                                                                                                │
│    ├── 87-13_encoded_proviruses (directory containing encoded sequence data)                                                                                             │
│    ├── 87-13_provirus_nn_classification.tsv (provirus classification: tabular format)                                                                                    │
│    └── 87-13_provirus_nn_classification.npz (provirus classification: binary format)                                                                                     │
╰──────────────────────────────────────────────────────────────────────────────────────────────────────────────────────────────────────────────────────────────────────────╯
[12:04:45] Executing genomad nn-classification.                                                                                                                             
[12:04:45] Creating the 87-13_nn_classification directory.                                                                                                                  
[12:04:45] Creating the 87-13_nn_classification/87-13_encoded_sequences directory.                                                                                          
[12:04:46] Encoded sequence data written to 87-13_encoded_sequences.                                                                                                        
[12:04:46] Creating the 87-13_nn_classification/87-13_encoded_proviruses directory.                                                                                         
[12:04:46] Encoded provirus data written to 87-13_encoded_proviruses.                                                                                                       
[12:04:53] Sequences classified.                                                                                                                                            
[12:04:53] Sequence classification in binary format written to 87-13_nn_classification.npz.                                                                                 
[12:04:53] Deleting encoded sequence data.                                                                                                                                  
[12:04:53] Sequence classification in tabular format written to 87-13_nn_classification.tsv.                                                                                
[12:04:55] Proviruses classified.                                                                                                                                           
[12:04:55] Provirus classification in binary format written to 87-13_provirus_nn_classification.npz.                                                                        
[12:04:55] Deleting encoded provirus data.                                                                                                                                  
[12:04:55] Provirus classification in tabular format written to 87-13_provirus_nn_classification.tsv.                                                                       
[12:04:55] geNomad nn-classification finished!                                                                                                                              
