╭──────────────────────────────────────────────────────────────────────────────────────────────────────────────────────────────────────────────────────────────────────────╮
│  Executing geNomad nn-classification (v1.11.2). This will classify the input sequences into chromosome, plasmid, or virus based on the nucleotide sequence.              │
│  ──────────────────────────────────────────────────────────────────────────────────────────────────────────────────────────────────────────────────────────────────────  │
│  Outputs:                                                                                                                                                                │
│    87-21_nn_classification                                                                                                                                               │
│    ├── 87-21_nn_classification.json (execution parameters)                                                                                                               │
│    ├── 87-21_encoded_sequences (directory containing encoded sequence data)                                                                                              │
│    ├── 87-21_nn_classification.tsv (contig classification: tabular format)                                                                                               │
│    ├── 87-21_nn_classification.npz (contig classification: binary format)                                                                                                │
│    ├── 87-21_encoded_proviruses (directory containing encoded sequence data)                                                                                             │
│    ├── 87-21_provirus_nn_classification.tsv (provirus classification: tabular format)                                                                                    │
│    └── 87-21_provirus_nn_classification.npz (provirus classification: binary format)                                                                                     │
╰──────────────────────────────────────────────────────────────────────────────────────────────────────────────────────────────────────────────────────────────────────────╯
[12:06:00] Executing genomad nn-classification.                                                                                                                             
[12:06:00] Creating the 87-21_nn_classification directory.                                                                                                                  
[12:06:00] Creating the 87-21_nn_classification/87-21_encoded_sequences directory.                                                                                          
[12:06:01] Encoded sequence data written to 87-21_encoded_sequences.                                                                                                        
[12:06:01] Creating the 87-21_nn_classification/87-21_encoded_proviruses directory.                                                                                         
[12:06:01] Encoded provirus data written to 87-21_encoded_proviruses.                                                                                                       
[12:06:07] Sequences classified.                                                                                                                                            
[12:06:07] Sequence classification in binary format written to 87-21_nn_classification.npz.                                                                                 
[12:06:07] Deleting encoded sequence data.                                                                                                                                  
[12:06:07] Sequence classification in tabular format written to 87-21_nn_classification.tsv.                                                                                
[12:06:09] Proviruses classified.                                                                                                                                           
[12:06:09] Provirus classification in binary format written to 87-21_provirus_nn_classification.npz.                                                                        
[12:06:09] Deleting encoded provirus data.                                                                                                                                  
[12:06:09] Provirus classification in tabular format written to 87-21_provirus_nn_classification.tsv.                                                                       
[12:06:09] geNomad nn-classification finished!                                                                                                                              
