╭──────────────────────────────────────────────────────────────────────────────────────────────────────────────────────────────────────────────────────────────────────────╮
│  Executing geNomad nn-classification (v1.11.2). This will classify the input sequences into chromosome, plasmid, or virus based on the nucleotide sequence.              │
│  ──────────────────────────────────────────────────────────────────────────────────────────────────────────────────────────────────────────────────────────────────────  │
│  Outputs:                                                                                                                                                                │
│    87-47_nn_classification                                                                                                                                               │
│    ├── 87-47_nn_classification.json (execution parameters)                                                                                                               │
│    ├── 87-47_encoded_sequences (directory containing encoded sequence data)                                                                                              │
│    ├── 87-47_nn_classification.tsv (contig classification: tabular format)                                                                                               │
│    ├── 87-47_nn_classification.npz (contig classification: binary format)                                                                                                │
│    ├── 87-47_encoded_proviruses (directory containing encoded sequence data)                                                                                             │
│    ├── 87-47_provirus_nn_classification.tsv (provirus classification: tabular format)                                                                                    │
│    └── 87-47_provirus_nn_classification.npz (provirus classification: binary format)                                                                                     │
╰──────────────────────────────────────────────────────────────────────────────────────────────────────────────────────────────────────────────────────────────────────────╯
[12:07:15] Executing genomad nn-classification.                                                                                                                             
[12:07:15] Creating the 87-47_nn_classification directory.                                                                                                                  
[12:07:15] Creating the 87-47_nn_classification/87-47_encoded_sequences directory.                                                                                          
[12:07:16] Encoded sequence data written to 87-47_encoded_sequences.                                                                                                        
[12:07:16] Creating the 87-47_nn_classification/87-47_encoded_proviruses directory.                                                                                         
[12:07:16] Encoded provirus data written to 87-47_encoded_proviruses.                                                                                                       
[12:07:23] Sequences classified.                                                                                                                                            
[12:07:23] Sequence classification in binary format written to 87-47_nn_classification.npz.                                                                                 
[12:07:23] Deleting encoded sequence data.                                                                                                                                  
[12:07:23] Sequence classification in tabular format written to 87-47_nn_classification.tsv.                                                                                
[12:07:26] Proviruses classified.                                                                                                                                           
[12:07:26] Provirus classification in binary format written to 87-47_provirus_nn_classification.npz.                                                                        
[12:07:26] Deleting encoded provirus data.                                                                                                                                  
[12:07:26] Provirus classification in tabular format written to 87-47_provirus_nn_classification.tsv.                                                                       
[12:07:26] geNomad nn-classification finished!                                                                                                                              
