╭──────────────────────────────────────────────────────────────────────────────────────────────────────────────────────────────────────────────────────────────────────────╮
│  Executing geNomad marker-classification (v1.11.2). This will classify the input sequences into chromosome, plasmid, or virus based on the presence of geNomad markers   │
│  and other gene-related features.                                                                                                                                        │
│  ──────────────────────────────────────────────────────────────────────────────────────────────────────────────────────────────────────────────────────────────────────  │
│  Outputs:                                                                                                                                                                │
│    87-47_marker_classification                                                                                                                                           │
│    ├── 87-47_marker_classification.json (execution parameters)                                                                                                           │
│    ├── 87-47_features.tsv (sequence feature data: tabular format)                                                                                                        │
│    ├── 87-47_features.npz (sequence feature data: binary format)                                                                                                         │
│    ├── 87-47_marker_classification.tsv (sequence classification: tabular format)                                                                                         │
│    ├── 87-47_marker_classification.npz (sequence classification: binary format)                                                                                          │
│    ├── 87-47_provirus_features.tsv (provirus feature data: tabular format)                                                                                               │
│    ├── 87-47_provirus_features.npz (provirus feature data: binary format)                                                                                                │
│    ├── 87-47_provirus_marker_classification.tsv (provirus classification: tabular format)                                                                                │
│    └── 87-47_provirus_marker_classification.npz (provirus classification: binary format)                                                                                 │
╰──────────────────────────────────────────────────────────────────────────────────────────────────────────────────────────────────────────────────────────────────────────╯
[12:07:12] Executing genomad marker-classification.                                                                                                                         
[12:07:12] Creating the 87-47_marker_classification directory.                                                                                                              
[12:07:13] Sequence features computed.                                                                                                                                      
[12:07:13] Sequence features in binary format written to 87-47_features.npz.                                                                                                
[12:07:13] Sequence features in tabular format written to 87-47_features.tsv.                                                                                               
[12:07:13] Provirus features computed.                                                                                                                                      
[12:07:13] Provirus features in binary format written to 87-47_provirus_features.npz.                                                                                       
[12:07:13] Provirus features in tabular format written to 87-47_provirus_features.tsv.                                                                                      
[12:07:14] Sequences classified.                                                                                                                                            
[12:07:14] Sequence classification in binary format written to 87-47_marker_classification.npz.                                                                             
[12:07:14] Sequence classification in tabular format written to 87-47_marker_classification.tsv.                                                                            
[12:07:14] Proviruses classified.                                                                                                                                           
[12:07:14] Provirus classification in binary format written to 87-47_provirus_marker_classification.npz.                                                                    
[12:07:14] Provirus classification in tabular format written to 87-47_provirus_marker_classification.tsv.                                                                   
[12:07:14] geNomad marker-classification finished!                                                                                                                          
