╭──────────────────────────────────────────────────────────────────────────────────────────────────────────────────────────────────────────────────────────────────────────╮
│  Executing geNomad summary (v1.11.2). This will summarize the results across modules into a classification report.                                                       │
│  ──────────────────────────────────────────────────────────────────────────────────────────────────────────────────────────────────────────────────────────────────────  │
│  Outputs:                                                                                                                                                                │
│    87-7_summary                                                                                                                                                          │
│    ├── 87-7_summary.json (execution parameters)                                                                                                                          │
│    ├── 87-7_virus_summary.tsv (virus classification summary)                                                                                                             │
│    ├── 87-7_plasmid_summary.tsv (plasmid classification summary)                                                                                                         │
│    ├── 87-7_virus.fna (virus nucleotide FASTA file)                                                                                                                      │
│    ├── 87-7_plasmid.fna (plasmid nucleotide FASTA file)                                                                                                                  │
│    ├── 87-7_virus_proteins.faa (virus protein FASTA file)                                                                                                                │
│    ├── 87-7_plasmid_proteins.faa (plasmid protein FASTA file)                                                                                                            │
│    ├── 87-7_virus_genes.tsv (virus gene annotation data)                                                                                                                 │
│    └── 87-7_plasmid_genes.tsv (plasmid gene annotation data)                                                                                                             │
╰──────────────────────────────────────────────────────────────────────────────────────────────────────────────────────────────────────────────────────────────────────────╯
[12:08:43] Executing genomad summary.                                                                                                                                       
[12:08:43] Creating the 87-7_summary directory.                                                                                                                             
[12:08:43] Using scores from aggregated-classification.                                                                                                                     
[12:08:43] 22 plasmid(s) and 2 virus(es) were identified.                                                                                                                   
[12:08:43] Nucleotide sequences were written to 87-7_plasmid.fna and 87-7_virus.fna.                                                                                        
[12:08:43] Protein sequences were written to 87-7_plasmid_proteins.faa and 87-7_virus_proteins.faa.                                                                         
[12:08:43] Gene annotation data was written to 87-7_plasmid_genes.tsv and 87-7_virus_genes.tsv.                                                                             
[12:08:43] Summary files were written to 87-7_plasmid_summary.tsv and 87-7_virus_summary.tsv.                                                                               
[12:08:43] geNomad summary finished!                                                                                                                                        
