╭──────────────────────────────────────────────────────────────────────────────────────────────────────────────────────────────────────────────────────────────────────────╮
│  Executing geNomad marker-classification (v1.11.2). This will classify the input sequences into chromosome, plasmid, or virus based on the presence of geNomad markers   │
│  and other gene-related features.                                                                                                                                        │
│  ──────────────────────────────────────────────────────────────────────────────────────────────────────────────────────────────────────────────────────────────────────  │
│  Outputs:                                                                                                                                                                │
│    87-7_marker_classification                                                                                                                                            │
│    ├── 87-7_marker_classification.json (execution parameters)                                                                                                            │
│    ├── 87-7_features.tsv (sequence feature data: tabular format)                                                                                                         │
│    ├── 87-7_features.npz (sequence feature data: binary format)                                                                                                          │
│    ├── 87-7_marker_classification.tsv (sequence classification: tabular format)                                                                                          │
│    ├── 87-7_marker_classification.npz (sequence classification: binary format)                                                                                           │
│    ├── 87-7_provirus_features.tsv (provirus feature data: tabular format)                                                                                                │
│    ├── 87-7_provirus_features.npz (provirus feature data: binary format)                                                                                                 │
│    ├── 87-7_provirus_marker_classification.tsv (provirus classification: tabular format)                                                                                 │
│    └── 87-7_provirus_marker_classification.npz (provirus classification: binary format)                                                                                  │
╰──────────────────────────────────────────────────────────────────────────────────────────────────────────────────────────────────────────────────────────────────────────╯
[12:08:30] Executing genomad marker-classification.                                                                                                                         
[12:08:30] Creating the 87-7_marker_classification directory.                                                                                                               
[12:08:31] Sequence features computed.                                                                                                                                      
[12:08:31] Sequence features in binary format written to 87-7_features.npz.                                                                                                 
[12:08:31] Sequence features in tabular format written to 87-7_features.tsv.                                                                                                
[12:08:31] Provirus features computed.                                                                                                                                      
[12:08:31] Provirus features in binary format written to 87-7_provirus_features.npz.                                                                                        
[12:08:31] Provirus features in tabular format written to 87-7_provirus_features.tsv.                                                                                       
[12:08:32] Sequences classified.                                                                                                                                            
[12:08:32] Sequence classification in binary format written to 87-7_marker_classification.npz.                                                                              
[12:08:32] Sequence classification in tabular format written to 87-7_marker_classification.tsv.                                                                             
[12:08:32] Proviruses classified.                                                                                                                                           
[12:08:32] Provirus classification in binary format written to 87-7_provirus_marker_classification.npz.                                                                     
[12:08:32] Provirus classification in tabular format written to 87-7_provirus_marker_classification.tsv.                                                                    
[12:08:32] geNomad marker-classification finished!                                                                                                                          
