╭──────────────────────────────────────────────────────────────────────────────────────────────────────────────────────────────────────────────────────────────────────────╮
│  Executing geNomad summary (v1.11.2). This will summarize the results across modules into a classification report.                                                       │
│  ──────────────────────────────────────────────────────────────────────────────────────────────────────────────────────────────────────────────────────────────────────  │
│  Outputs:                                                                                                                                                                │
│    89-16_summary                                                                                                                                                         │
│    ├── 89-16_summary.json (execution parameters)                                                                                                                         │
│    ├── 89-16_virus_summary.tsv (virus classification summary)                                                                                                            │
│    ├── 89-16_plasmid_summary.tsv (plasmid classification summary)                                                                                                        │
│    ├── 89-16_virus.fna (virus nucleotide FASTA file)                                                                                                                     │
│    ├── 89-16_plasmid.fna (plasmid nucleotide FASTA file)                                                                                                                 │
│    ├── 89-16_virus_proteins.faa (virus protein FASTA file)                                                                                                               │
│    ├── 89-16_plasmid_proteins.faa (plasmid protein FASTA file)                                                                                                           │
│    ├── 89-16_virus_genes.tsv (virus gene annotation data)                                                                                                                │
│    └── 89-16_plasmid_genes.tsv (plasmid gene annotation data)                                                                                                            │
╰──────────────────────────────────────────────────────────────────────────────────────────────────────────────────────────────────────────────────────────────────────────╯
[12:11:15] Executing genomad summary.                                                                                                                                       
[12:11:15] Creating the 89-16_summary directory.                                                                                                                            
[12:11:15] Using scores from aggregated-classification.                                                                                                                     
[12:11:15] 18 plasmid(s) and 1 virus(es) were identified.                                                                                                                   
[12:11:15] Nucleotide sequences were written to 89-16_plasmid.fna and 89-16_virus.fna.                                                                                      
[12:11:15] Protein sequences were written to 89-16_plasmid_proteins.faa and 89-16_virus_proteins.faa.                                                                       
[12:11:15] Gene annotation data was written to 89-16_plasmid_genes.tsv and 89-16_virus_genes.tsv.                                                                           
[12:11:15] Summary files were written to 89-16_plasmid_summary.tsv and 89-16_virus_summary.tsv.                                                                             
[12:11:15] geNomad summary finished!                                                                                                                                        
