╭──────────────────────────────────────────────────────────────────────────────────────────────────────────────────────────────────────────────────────────────────────────╮
│  Executing geNomad nn-classification (v1.11.2). This will classify the input sequences into chromosome, plasmid, or virus based on the nucleotide sequence.              │
│  ──────────────────────────────────────────────────────────────────────────────────────────────────────────────────────────────────────────────────────────────────────  │
│  Outputs:                                                                                                                                                                │
│    89-16_nn_classification                                                                                                                                               │
│    ├── 89-16_nn_classification.json (execution parameters)                                                                                                               │
│    ├── 89-16_encoded_sequences (directory containing encoded sequence data)                                                                                              │
│    ├── 89-16_nn_classification.tsv (contig classification: tabular format)                                                                                               │
│    ├── 89-16_nn_classification.npz (contig classification: binary format)                                                                                                │
│    ├── 89-16_encoded_proviruses (directory containing encoded sequence data)                                                                                             │
│    ├── 89-16_provirus_nn_classification.tsv (provirus classification: tabular format)                                                                                    │
│    └── 89-16_provirus_nn_classification.npz (provirus classification: binary format)                                                                                     │
╰──────────────────────────────────────────────────────────────────────────────────────────────────────────────────────────────────────────────────────────────────────────╯
[12:11:04] Executing genomad nn-classification.                                                                                                                             
[12:11:04] Creating the 89-16_nn_classification directory.                                                                                                                  
[12:11:04] Creating the 89-16_nn_classification/89-16_encoded_sequences directory.                                                                                          
[12:11:05] Encoded sequence data written to 89-16_encoded_sequences.                                                                                                        
[12:11:05] Creating the 89-16_nn_classification/89-16_encoded_proviruses directory.                                                                                         
[12:11:05] Encoded provirus data written to 89-16_encoded_proviruses.                                                                                                       
[12:11:12] Sequences classified.                                                                                                                                            
[12:11:12] Sequence classification in binary format written to 89-16_nn_classification.npz.                                                                                 
[12:11:12] Deleting encoded sequence data.                                                                                                                                  
[12:11:12] Sequence classification in tabular format written to 89-16_nn_classification.tsv.                                                                                
[12:11:14] Proviruses classified.                                                                                                                                           
[12:11:14] Provirus classification in binary format written to 89-16_provirus_nn_classification.npz.                                                                        
[12:11:14] Deleting encoded provirus data.                                                                                                                                  
[12:11:14] Provirus classification in tabular format written to 89-16_provirus_nn_classification.tsv.                                                                       
[12:11:14] geNomad nn-classification finished!                                                                                                                              
