╭──────────────────────────────────────────────────────────────────────────────────────────────────────────────────────────────────────────────────────────────────────────╮
│  Executing geNomad summary (v1.11.2). This will summarize the results across modules into a classification report.                                                       │
│  ──────────────────────────────────────────────────────────────────────────────────────────────────────────────────────────────────────────────────────────────────────  │
│  Outputs:                                                                                                                                                                │
│    89-10_summary                                                                                                                                                         │
│    ├── 89-10_summary.json (execution parameters)                                                                                                                         │
│    ├── 89-10_virus_summary.tsv (virus classification summary)                                                                                                            │
│    ├── 89-10_plasmid_summary.tsv (plasmid classification summary)                                                                                                        │
│    ├── 89-10_virus.fna (virus nucleotide FASTA file)                                                                                                                     │
│    ├── 89-10_plasmid.fna (plasmid nucleotide FASTA file)                                                                                                                 │
│    ├── 89-10_virus_proteins.faa (virus protein FASTA file)                                                                                                               │
│    ├── 89-10_plasmid_proteins.faa (plasmid protein FASTA file)                                                                                                           │
│    ├── 89-10_virus_genes.tsv (virus gene annotation data)                                                                                                                │
│    └── 89-10_plasmid_genes.tsv (plasmid gene annotation data)                                                                                                            │
╰──────────────────────────────────────────────────────────────────────────────────────────────────────────────────────────────────────────────────────────────────────────╯
[12:09:58] Executing genomad summary.                                                                                                                                       
[12:09:58] Creating the 89-10_summary directory.                                                                                                                            
[12:09:58] Using scores from aggregated-classification.                                                                                                                     
[12:09:58] 18 plasmid(s) and 2 virus(es) were identified.                                                                                                                   
[12:09:58] Nucleotide sequences were written to 89-10_plasmid.fna and 89-10_virus.fna.                                                                                      
[12:09:58] Protein sequences were written to 89-10_plasmid_proteins.faa and 89-10_virus_proteins.faa.                                                                       
[12:09:58] Gene annotation data was written to 89-10_plasmid_genes.tsv and 89-10_virus_genes.tsv.                                                                           
[12:09:58] Summary files were written to 89-10_plasmid_summary.tsv and 89-10_virus_summary.tsv.                                                                             
[12:09:58] geNomad summary finished!                                                                                                                                        
