╭──────────────────────────────────────────────────────────────────────────────────────────────────────────────────────────────────────────────────────────────────────────╮
│  Executing geNomad marker-classification (v1.11.2). This will classify the input sequences into chromosome, plasmid, or virus based on the presence of geNomad markers   │
│  and other gene-related features.                                                                                                                                        │
│  ──────────────────────────────────────────────────────────────────────────────────────────────────────────────────────────────────────────────────────────────────────  │
│  Outputs:                                                                                                                                                                │
│    89-10_marker_classification                                                                                                                                           │
│    ├── 89-10_marker_classification.json (execution parameters)                                                                                                           │
│    ├── 89-10_features.tsv (sequence feature data: tabular format)                                                                                                        │
│    ├── 89-10_features.npz (sequence feature data: binary format)                                                                                                         │
│    ├── 89-10_marker_classification.tsv (sequence classification: tabular format)                                                                                         │
│    ├── 89-10_marker_classification.npz (sequence classification: binary format)                                                                                          │
│    ├── 89-10_provirus_features.tsv (provirus feature data: tabular format)                                                                                               │
│    ├── 89-10_provirus_features.npz (provirus feature data: binary format)                                                                                                │
│    ├── 89-10_provirus_marker_classification.tsv (provirus classification: tabular format)                                                                                │
│    └── 89-10_provirus_marker_classification.npz (provirus classification: binary format)                                                                                 │
╰──────────────────────────────────────────────────────────────────────────────────────────────────────────────────────────────────────────────────────────────────────────╯
[12:09:46] Executing genomad marker-classification.                                                                                                                         
[12:09:46] Creating the 89-10_marker_classification directory.                                                                                                              
[12:09:47] Sequence features computed.                                                                                                                                      
[12:09:47] Sequence features in binary format written to 89-10_features.npz.                                                                                                
[12:09:47] Sequence features in tabular format written to 89-10_features.tsv.                                                                                               
[12:09:47] Provirus features computed.                                                                                                                                      
[12:09:47] Provirus features in binary format written to 89-10_provirus_features.npz.                                                                                       
[12:09:47] Provirus features in tabular format written to 89-10_provirus_features.tsv.                                                                                      
[12:09:47] Sequences classified.                                                                                                                                            
[12:09:47] Sequence classification in binary format written to 89-10_marker_classification.npz.                                                                             
[12:09:47] Sequence classification in tabular format written to 89-10_marker_classification.tsv.                                                                            
[12:09:47] Proviruses classified.                                                                                                                                           
[12:09:47] Provirus classification in binary format written to 89-10_provirus_marker_classification.npz.                                                                    
[12:09:47] Provirus classification in tabular format written to 89-10_provirus_marker_classification.tsv.                                                                   
[12:09:47] geNomad marker-classification finished!                                                                                                                          
