╭──────────────────────────────────────────────────────────────────────────────────────────────────────────────────────────────────────────────────────────────────────────╮
│  Executing geNomad find-proviruses (v1.11.2). This will find putative proviral regions within the input sequences.                                                       │
│  ──────────────────────────────────────────────────────────────────────────────────────────────────────────────────────────────────────────────────────────────────────  │
│  Outputs:                                                                                                                                                                │
│    89-10_find_proviruses                                                                                                                                                 │
│    ├── 89-10_find_proviruses.json (execution parameters)                                                                                                                 │
│    ├── 89-10_provirus.tsv (provirus data)                                                                                                                                │
│    ├── 89-10_provirus.fna (provirus nucleotide sequences)                                                                                                                │
│    ├── 89-10_provirus_proteins.faa (provirus protein sequences)                                                                                                          │
│    ├── 89-10_provirus_genes.tsv (provirus gene annotation data)                                                                                                          │
│    ├── 89-10_provirus_taxonomy.tsv (provirus taxonomic assignment)                                                                                                       │
│    ├── 89-10_provirus_mmseqs2.tsv (MMseqs2 output file)                                                                                                                  │
│    └── 89-10_provirus_aragorn.tsv (Aragorn output file)                                                                                                                  │
╰──────────────────────────────────────────────────────────────────────────────────────────────────────────────────────────────────────────────────────────────────────────╯
[12:09:43] Executing genomad find-proviruses.                                                                                                                               
[12:09:43] Creating the 89-10_find_proviruses directory.                                                                                                                    
[12:09:45] Integrases identified with MMseqs2 and geNomad database (v1.9) were written to 89-10_provirus_mmseqs2.tsv.                                                       
[12:09:45] Deleting 89-10_provirus_mmseqs2.                                                                                                                                 
[12:09:45] Deleting 89-10_provirus_mmseqs2_input.faa.                                                                                                                       
[12:09:46] tRNAs identified with Aragorn were written to 89-10_provirus_aragorn.tsv.                                                                                        
[12:09:46] Deleting 89-10_provirus_aragorn_input.fna.                                                                                                                       
[12:09:46] Provirus regions identified.                                                                                                                                     
[12:09:46] Provirus data was written to 89-10_provirus.tsv.                                                                                                                 
[12:09:46] Provirus nucleotide sequences were written to 89-10_provirus.fna.                                                                                                
[12:09:46] Provirus protein sequences were written to 89-10_provirus_proteins.faa.                                                                                          
[12:09:46] Provirus gene data was written to 89-10_provirus_genes.tsv.                                                                                                      
[12:09:46] Taxonomic assignment data was written to 89-10_provirus_taxonomy.tsv.                                                                                            
[12:09:46] geNomad find-proviruses finished!                                                                                                                                
