╭──────────────────────────────────────────────────────────────────────────────────────────────────────────────────────────────────────────────────────────────────────────╮
│  Executing geNomad aggregated-classification (v1.11.2). This will aggregate the results of the marker-classification and nn-classification modules to classify the       │
│  input sequences into chromosome, plasmid, or virus.                                                                                                                     │
│  ──────────────────────────────────────────────────────────────────────────────────────────────────────────────────────────────────────────────────────────────────────  │
│  Outputs:                                                                                                                                                                │
│    90-13_aggregated_classification                                                                                                                                       │
│    ├── 90-13_aggregated_classification.json (execution parameters)                                                                                                       │
│    ├── 90-13_aggregated_classification.tsv (sequence classification: tabular format)                                                                                     │
│    ├── 90-13_aggregated_classification.npz (sequence classification: binary format)                                                                                      │
│    ├── 90-13_provirus_aggregated_classification.tsv (provirus classification: tabular format)                                                                            │
│    └── 90-13_provirus_aggregated_classification.npz (provirus classification: binary format)                                                                             │
╰──────────────────────────────────────────────────────────────────────────────────────────────────────────────────────────────────────────────────────────────────────────╯
[12:12:30] Executing genomad aggregated-classification.                                                                                                                     
[12:12:30] Creating the 90-13_aggregated_classification directory.                                                                                                          
[12:12:31] The total marker frequencies of the input sequences were computed.                                                                                               
[12:12:31] Sequences classified.                                                                                                                                            
[12:12:31] Sequence classification in binary format written to 90-13_aggregated_classification.npz.                                                                         
[12:12:31] Sequence classification in tabular format written to 90-13_aggregated_classification.tsv.                                                                        
[12:12:31] Proviruses classified.                                                                                                                                           
[12:12:31] Provirus classification in binary format written to 90-13_provirus_aggregated_classification.npz.                                                                
[12:12:31] Provirus classification in tabular format written to 90-13_provirus_aggregated_classification.tsv.                                                               
[12:12:31] geNomad aggregated-classification finished!                                                                                                                      
