╭──────────────────────────────────────────────────────────────────────────────────────────────────────────────────────────────────────────────────────────────────────────╮
│  Executing geNomad summary (v1.11.2). This will summarize the results across modules into a classification report.                                                       │
│  ──────────────────────────────────────────────────────────────────────────────────────────────────────────────────────────────────────────────────────────────────────  │
│  Outputs:                                                                                                                                                                │
│    90-13_summary                                                                                                                                                         │
│    ├── 90-13_summary.json (execution parameters)                                                                                                                         │
│    ├── 90-13_virus_summary.tsv (virus classification summary)                                                                                                            │
│    ├── 90-13_plasmid_summary.tsv (plasmid classification summary)                                                                                                        │
│    ├── 90-13_virus.fna (virus nucleotide FASTA file)                                                                                                                     │
│    ├── 90-13_plasmid.fna (plasmid nucleotide FASTA file)                                                                                                                 │
│    ├── 90-13_virus_proteins.faa (virus protein FASTA file)                                                                                                               │
│    ├── 90-13_plasmid_proteins.faa (plasmid protein FASTA file)                                                                                                           │
│    ├── 90-13_virus_genes.tsv (virus gene annotation data)                                                                                                                │
│    └── 90-13_plasmid_genes.tsv (plasmid gene annotation data)                                                                                                            │
╰──────────────────────────────────────────────────────────────────────────────────────────────────────────────────────────────────────────────────────────────────────────╯
[12:12:31] Executing genomad summary.                                                                                                                                       
[12:12:31] Creating the 90-13_summary directory.                                                                                                                            
[12:12:31] Using scores from aggregated-classification.                                                                                                                     
[12:12:31] 33 plasmid(s) and 2 virus(es) were identified.                                                                                                                   
[12:12:31] Nucleotide sequences were written to 90-13_plasmid.fna and 90-13_virus.fna.                                                                                      
[12:12:31] Protein sequences were written to 90-13_plasmid_proteins.faa and 90-13_virus_proteins.faa.                                                                       
[12:12:31] Gene annotation data was written to 90-13_plasmid_genes.tsv and 90-13_virus_genes.tsv.                                                                           
[12:12:31] Summary files were written to 90-13_plasmid_summary.tsv and 90-13_virus_summary.tsv.                                                                             
[12:12:31] geNomad summary finished!                                                                                                                                        
