╭──────────────────────────────────────────────────────────────────────────────────────────────────────────────────────────────────────────────────────────────────────────╮
│  Executing geNomad aggregated-classification (v1.11.2). This will aggregate the results of the marker-classification and nn-classification modules to classify the       │
│  input sequences into chromosome, plasmid, or virus.                                                                                                                     │
│  ──────────────────────────────────────────────────────────────────────────────────────────────────────────────────────────────────────────────────────────────────────  │
│  Outputs:                                                                                                                                                                │
│    ATCC_11633_aggregated_classification                                                                                                                                  │
│    ├── ATCC_11633_aggregated_classification.json (execution parameters)                                                                                                  │
│    ├── ATCC_11633_aggregated_classification.tsv (sequence classification: tabular format)                                                                                │
│    ├── ATCC_11633_aggregated_classification.npz (sequence classification: binary format)                                                                                 │
│    ├── ATCC_11633_provirus_aggregated_classification.tsv (provirus classification: tabular format)                                                                       │
│    └── ATCC_11633_provirus_aggregated_classification.npz (provirus classification: binary format)                                                                        │
╰──────────────────────────────────────────────────────────────────────────────────────────────────────────────────────────────────────────────────────────────────────────╯
[12:13:47] Executing genomad aggregated-classification.                                                                                                                     
[12:13:47] Creating the ATCC_11633_aggregated_classification directory.                                                                                                     
[12:13:47] The total marker frequencies of the input sequences were computed.                                                                                               
[12:13:47] Sequences classified.                                                                                                                                            
[12:13:47] Sequence classification in binary format written to ATCC_11633_aggregated_classification.npz.                                                                    
[12:13:47] Sequence classification in tabular format written to ATCC_11633_aggregated_classification.tsv.                                                                   
[12:13:47] Proviruses classified.                                                                                                                                           
[12:13:47] Provirus classification in binary format written to ATCC_11633_provirus_aggregated_classification.npz.                                                           
[12:13:47] Provirus classification in tabular format written to ATCC_11633_provirus_aggregated_classification.tsv.                                                          
[12:13:47] geNomad aggregated-classification finished!                                                                                                                      
