╭──────────────────────────────────────────────────────────────────────────────────────────────────────────────────────────────────────────────────────────────────────────╮
│  Executing geNomad nn-classification (v1.11.2). This will classify the input sequences into chromosome, plasmid, or virus based on the nucleotide sequence.              │
│  ──────────────────────────────────────────────────────────────────────────────────────────────────────────────────────────────────────────────────────────────────────  │
│  Outputs:                                                                                                                                                                │
│    ATCC_11633_nn_classification                                                                                                                                          │
│    ├── ATCC_11633_nn_classification.json (execution parameters)                                                                                                          │
│    ├── ATCC_11633_encoded_sequences (directory containing encoded sequence data)                                                                                         │
│    ├── ATCC_11633_nn_classification.tsv (contig classification: tabular format)                                                                                          │
│    ├── ATCC_11633_nn_classification.npz (contig classification: binary format)                                                                                           │
│    ├── ATCC_11633_encoded_proviruses (directory containing encoded sequence data)                                                                                        │
│    ├── ATCC_11633_provirus_nn_classification.tsv (provirus classification: tabular format)                                                                               │
│    └── ATCC_11633_provirus_nn_classification.npz (provirus classification: binary format)                                                                                │
╰──────────────────────────────────────────────────────────────────────────────────────────────────────────────────────────────────────────────────────────────────────────╯
[12:13:37] Executing genomad nn-classification.                                                                                                                             
[12:13:37] Creating the ATCC_11633_nn_classification directory.                                                                                                             
[12:13:37] Creating the ATCC_11633_nn_classification/ATCC_11633_encoded_sequences directory.                                                                                
[12:13:38] Encoded sequence data written to ATCC_11633_encoded_sequences.                                                                                                   
[12:13:38] Creating the ATCC_11633_nn_classification/ATCC_11633_encoded_proviruses directory.                                                                               
[12:13:38] Encoded provirus data written to ATCC_11633_encoded_proviruses.                                                                                                  
[12:13:44] Sequences classified.                                                                                                                                            
[12:13:44] Sequence classification in binary format written to ATCC_11633_nn_classification.npz.                                                                            
[12:13:44] Deleting encoded sequence data.                                                                                                                                  
[12:13:45] Sequence classification in tabular format written to ATCC_11633_nn_classification.tsv.                                                                           
[12:13:47] Proviruses classified.                                                                                                                                           
[12:13:47] Provirus classification in binary format written to ATCC_11633_provirus_nn_classification.npz.                                                                   
[12:13:47] Deleting encoded provirus data.                                                                                                                                  
[12:13:47] Provirus classification in tabular format written to ATCC_11633_provirus_nn_classification.tsv.                                                                  
[12:13:47] geNomad nn-classification finished!                                                                                                                              
