╭──────────────────────────────────────────────────────────────────────────────────────────────────────────────────────────────────────────────────────────────────────────╮
│  Executing geNomad aggregated-classification (v1.11.2). This will aggregate the results of the marker-classification and nn-classification modules to classify the       │
│  input sequences into chromosome, plasmid, or virus.                                                                                                                     │
│  ──────────────────────────────────────────────────────────────────────────────────────────────────────────────────────────────────────────────────────────────────────  │
│  Outputs:                                                                                                                                                                │
│    DC99P1B1_aggregated_classification                                                                                                                                    │
│    ├── DC99P1B1_aggregated_classification.json (execution parameters)                                                                                                    │
│    ├── DC99P1B1_aggregated_classification.tsv (sequence classification: tabular format)                                                                                  │
│    ├── DC99P1B1_aggregated_classification.npz (sequence classification: binary format)                                                                                   │
│    ├── DC99P1B1_provirus_aggregated_classification.tsv (provirus classification: tabular format)                                                                         │
│    └── DC99P1B1_provirus_aggregated_classification.npz (provirus classification: binary format)                                                                          │
╰──────────────────────────────────────────────────────────────────────────────────────────────────────────────────────────────────────────────────────────────────────────╯
[12:16:21] Executing genomad aggregated-classification.                                                                                                                     
[12:16:21] Creating the DC99P1B1_aggregated_classification directory.                                                                                                       
[12:16:21] The total marker frequencies of the input sequences were computed.                                                                                               
[12:16:21] Sequences classified.                                                                                                                                            
[12:16:21] Sequence classification in binary format written to DC99P1B1_aggregated_classification.npz.                                                                      
[12:16:21] Sequence classification in tabular format written to DC99P1B1_aggregated_classification.tsv.                                                                     
[12:16:21] Proviruses classified.                                                                                                                                           
[12:16:21] Provirus classification in binary format written to DC99P1B1_provirus_aggregated_classification.npz.                                                             
[12:16:21] Provirus classification in tabular format written to DC99P1B1_provirus_aggregated_classification.tsv.                                                            
[12:16:21] geNomad aggregated-classification finished!                                                                                                                      
