╭──────────────────────────────────────────────────────────────────────────────────────────────────────────────────────────────────────────────────────────────────────────╮
│  Executing geNomad marker-classification (v1.11.2). This will classify the input sequences into chromosome, plasmid, or virus based on the presence of geNomad markers   │
│  and other gene-related features.                                                                                                                                        │
│  ──────────────────────────────────────────────────────────────────────────────────────────────────────────────────────────────────────────────────────────────────────  │
│  Outputs:                                                                                                                                                                │
│    DC99P1A1_marker_classification                                                                                                                                        │
│    ├── DC99P1A1_marker_classification.json (execution parameters)                                                                                                        │
│    ├── DC99P1A1_features.tsv (sequence feature data: tabular format)                                                                                                     │
│    ├── DC99P1A1_features.npz (sequence feature data: binary format)                                                                                                      │
│    ├── DC99P1A1_marker_classification.tsv (sequence classification: tabular format)                                                                                      │
│    ├── DC99P1A1_marker_classification.npz (sequence classification: binary format)                                                                                       │
│    ├── DC99P1A1_provirus_features.tsv (provirus feature data: tabular format)                                                                                            │
│    ├── DC99P1A1_provirus_features.npz (provirus feature data: binary format)                                                                                             │
│    ├── DC99P1A1_provirus_marker_classification.tsv (provirus classification: tabular format)                                                                             │
│    └── DC99P1A1_provirus_marker_classification.npz (provirus classification: binary format)                                                                              │
╰──────────────────────────────────────────────────────────────────────────────────────────────────────────────────────────────────────────────────────────────────────────╯
[12:14:51] Executing genomad marker-classification.                                                                                                                         
[12:14:51] Creating the DC99P1A1_marker_classification directory.                                                                                                           
[12:14:51] Sequence features computed.                                                                                                                                      
[12:14:51] Sequence features in binary format written to DC99P1A1_features.npz.                                                                                             
[12:14:51] Sequence features in tabular format written to DC99P1A1_features.tsv.                                                                                            
[12:14:52] Provirus features computed.                                                                                                                                      
[12:14:52] Provirus features in binary format written to DC99P1A1_provirus_features.npz.                                                                                    
[12:14:52] Provirus features in tabular format written to DC99P1A1_provirus_features.tsv.                                                                                   
[12:14:52] Sequences classified.                                                                                                                                            
[12:14:52] Sequence classification in binary format written to DC99P1A1_marker_classification.npz.                                                                          
[12:14:52] Sequence classification in tabular format written to DC99P1A1_marker_classification.tsv.                                                                         
[12:14:52] Proviruses classified.                                                                                                                                           
[12:14:52] Provirus classification in binary format written to DC99P1A1_provirus_marker_classification.npz.                                                                 
[12:14:52] Provirus classification in tabular format written to DC99P1A1_provirus_marker_classification.tsv.                                                                
[12:14:52] geNomad marker-classification finished!                                                                                                                          
