╭──────────────────────────────────────────────────────────────────────────────────────────────────────────────────────────────────────────────────────────────────────────╮
│  Executing geNomad nn-classification (v1.11.2). This will classify the input sequences into chromosome, plasmid, or virus based on the nucleotide sequence.              │
│  ──────────────────────────────────────────────────────────────────────────────────────────────────────────────────────────────────────────────────────────────────────  │
│  Outputs:                                                                                                                                                                │
│    DC99P1B1_nn_classification                                                                                                                                            │
│    ├── DC99P1B1_nn_classification.json (execution parameters)                                                                                                            │
│    ├── DC99P1B1_encoded_sequences (directory containing encoded sequence data)                                                                                           │
│    ├── DC99P1B1_nn_classification.tsv (contig classification: tabular format)                                                                                            │
│    ├── DC99P1B1_nn_classification.npz (contig classification: binary format)                                                                                             │
│    ├── DC99P1B1_encoded_proviruses (directory containing encoded sequence data)                                                                                          │
│    ├── DC99P1B1_provirus_nn_classification.tsv (provirus classification: tabular format)                                                                                 │
│    └── DC99P1B1_provirus_nn_classification.npz (provirus classification: binary format)                                                                                  │
╰──────────────────────────────────────────────────────────────────────────────────────────────────────────────────────────────────────────────────────────────────────────╯
[12:16:11] Executing genomad nn-classification.                                                                                                                             
[12:16:11] Creating the DC99P1B1_nn_classification directory.                                                                                                               
[12:16:11] Creating the DC99P1B1_nn_classification/DC99P1B1_encoded_sequences directory.                                                                                    
[12:16:12] Encoded sequence data written to DC99P1B1_encoded_sequences.                                                                                                     
[12:16:12] Creating the DC99P1B1_nn_classification/DC99P1B1_encoded_proviruses directory.                                                                                   
[12:16:12] Encoded provirus data written to DC99P1B1_encoded_proviruses.                                                                                                    
[12:16:18] Sequences classified.                                                                                                                                            
[12:16:18] Sequence classification in binary format written to DC99P1B1_nn_classification.npz.                                                                              
[12:16:18] Deleting encoded sequence data.                                                                                                                                  
[12:16:18] Sequence classification in tabular format written to DC99P1B1_nn_classification.tsv.                                                                             
[12:16:21] Proviruses classified.                                                                                                                                           
[12:16:21] Provirus classification in binary format written to DC99P1B1_provirus_nn_classification.npz.                                                                     
[12:16:21] Deleting encoded provirus data.                                                                                                                                  
[12:16:21] Provirus classification in tabular format written to DC99P1B1_provirus_nn_classification.tsv.                                                                    
[12:16:21] geNomad nn-classification finished!                                                                                                                              
