╭──────────────────────────────────────────────────────────────────────────────────────────────────────────────────────────────────────────────────────────────────────────╮
│  Executing geNomad summary (v1.11.2). This will summarize the results across modules into a classification report.                                                       │
│  ──────────────────────────────────────────────────────────────────────────────────────────────────────────────────────────────────────────────────────────────────────  │
│  Outputs:                                                                                                                                                                │
│    DOA-2989_summary                                                                                                                                                      │
│    ├── DOA-2989_summary.json (execution parameters)                                                                                                                      │
│    ├── DOA-2989_virus_summary.tsv (virus classification summary)                                                                                                         │
│    ├── DOA-2989_plasmid_summary.tsv (plasmid classification summary)                                                                                                     │
│    ├── DOA-2989_virus.fna (virus nucleotide FASTA file)                                                                                                                  │
│    ├── DOA-2989_plasmid.fna (plasmid nucleotide FASTA file)                                                                                                              │
│    ├── DOA-2989_virus_proteins.faa (virus protein FASTA file)                                                                                                            │
│    ├── DOA-2989_plasmid_proteins.faa (plasmid protein FASTA file)                                                                                                        │
│    ├── DOA-2989_virus_genes.tsv (virus gene annotation data)                                                                                                             │
│    └── DOA-2989_plasmid_genes.tsv (plasmid gene annotation data)                                                                                                         │
╰──────────────────────────────────────────────────────────────────────────────────────────────────────────────────────────────────────────────────────────────────────────╯
[12:23:46] Executing genomad summary.                                                                                                                                       
[12:23:46] Creating the DOA-2989_summary directory.                                                                                                                         
[12:23:46] Using scores from aggregated-classification.                                                                                                                     
[12:23:46] 20 plasmid(s) and 3 virus(es) were identified.                                                                                                                   
[12:23:46] Nucleotide sequences were written to DOA-2989_plasmid.fna and DOA-2989_virus.fna.                                                                                
[12:23:46] Protein sequences were written to DOA-2989_plasmid_proteins.faa and DOA-2989_virus_proteins.faa.                                                                 
[12:23:46] Gene annotation data was written to DOA-2989_plasmid_genes.tsv and DOA-2989_virus_genes.tsv.                                                                     
[12:23:46] Summary files were written to DOA-2989_plasmid_summary.tsv and DOA-2989_virus_summary.tsv.                                                                       
[12:23:46] geNomad summary finished!                                                                                                                                        
