╭──────────────────────────────────────────────────────────────────────────────────────────────────────────────────────────────────────────────────────────────────────────╮
│  Executing geNomad marker-classification (v1.11.2). This will classify the input sequences into chromosome, plasmid, or virus based on the presence of geNomad markers   │
│  and other gene-related features.                                                                                                                                        │
│  ──────────────────────────────────────────────────────────────────────────────────────────────────────────────────────────────────────────────────────────────────────  │
│  Outputs:                                                                                                                                                                │
│    DOA-2987_marker_classification                                                                                                                                        │
│    ├── DOA-2987_marker_classification.json (execution parameters)                                                                                                        │
│    ├── DOA-2987_features.tsv (sequence feature data: tabular format)                                                                                                     │
│    ├── DOA-2987_features.npz (sequence feature data: binary format)                                                                                                      │
│    ├── DOA-2987_marker_classification.tsv (sequence classification: tabular format)                                                                                      │
│    └── DOA-2987_marker_classification.npz (sequence classification: binary format)                                                                                       │
╰──────────────────────────────────────────────────────────────────────────────────────────────────────────────────────────────────────────────────────────────────────────╯
[12:22:24] Executing genomad marker-classification.                                                                                                                         
[12:22:24] Creating the DOA-2987_marker_classification directory.                                                                                                           
[12:22:25] Sequence features computed.                                                                                                                                      
[12:22:25] Sequence features in binary format written to DOA-2987_features.npz.                                                                                             
[12:22:25] Sequence features in tabular format written to DOA-2987_features.tsv.                                                                                            
[12:22:25] Sequences classified.                                                                                                                                            
[12:22:25] Sequence classification in binary format written to DOA-2987_marker_classification.npz.                                                                          
[12:22:25] Sequence classification in tabular format written to DOA-2987_marker_classification.tsv.                                                                         
[12:22:25] geNomad marker-classification finished!                                                                                                                          
