╭──────────────────────────────────────────────────────────────────────────────────────────────────────────────────────────────────────────────────────────────────────────╮
│  Executing geNomad nn-classification (v1.11.2). This will classify the input sequences into chromosome, plasmid, or virus based on the nucleotide sequence.              │
│  ──────────────────────────────────────────────────────────────────────────────────────────────────────────────────────────────────────────────────────────────────────  │
│  Outputs:                                                                                                                                                                │
│    DOA-2983_nn_classification                                                                                                                                            │
│    ├── DOA-2983_nn_classification.json (execution parameters)                                                                                                            │
│    ├── DOA-2983_encoded_sequences (directory containing encoded sequence data)                                                                                           │
│    ├── DOA-2983_nn_classification.tsv (contig classification: tabular format)                                                                                            │
│    ├── DOA-2983_nn_classification.npz (contig classification: binary format)                                                                                             │
│    ├── DOA-2983_encoded_proviruses (directory containing encoded sequence data)                                                                                          │
│    ├── DOA-2983_provirus_nn_classification.tsv (provirus classification: tabular format)                                                                                 │
│    └── DOA-2983_provirus_nn_classification.npz (provirus classification: binary format)                                                                                  │
╰──────────────────────────────────────────────────────────────────────────────────────────────────────────────────────────────────────────────────────────────────────────╯
[12:21:12] Executing genomad nn-classification.                                                                                                                             
[12:21:12] Creating the DOA-2983_nn_classification directory.                                                                                                               
[12:21:12] Creating the DOA-2983_nn_classification/DOA-2983_encoded_sequences directory.                                                                                    
[12:21:13] Encoded sequence data written to DOA-2983_encoded_sequences.                                                                                                     
[12:21:13] Creating the DOA-2983_nn_classification/DOA-2983_encoded_proviruses directory.                                                                                   
[12:21:13] Encoded provirus data written to DOA-2983_encoded_proviruses.                                                                                                    
[12:21:19] Sequences classified.                                                                                                                                            
[12:21:19] Sequence classification in binary format written to DOA-2983_nn_classification.npz.                                                                              
[12:21:19] Deleting encoded sequence data.                                                                                                                                  
[12:21:19] Sequence classification in tabular format written to DOA-2983_nn_classification.tsv.                                                                             
[12:21:21] Proviruses classified.                                                                                                                                           
[12:21:21] Provirus classification in binary format written to DOA-2983_provirus_nn_classification.npz.                                                                     
[12:21:21] Deleting encoded provirus data.                                                                                                                                  
[12:21:21] Provirus classification in tabular format written to DOA-2983_provirus_nn_classification.tsv.                                                                    
[12:21:21] geNomad nn-classification finished!                                                                                                                              
