╭──────────────────────────────────────────────────────────────────────────────────────────────────────────────────────────────────────────────────────────────────────────╮
│  Executing geNomad marker-classification (v1.11.2). This will classify the input sequences into chromosome, plasmid, or virus based on the presence of geNomad markers   │
│  and other gene-related features.                                                                                                                                        │
│  ──────────────────────────────────────────────────────────────────────────────────────────────────────────────────────────────────────────────────────────────────────  │
│  Outputs:                                                                                                                                                                │
│    DOA-2036_marker_classification                                                                                                                                        │
│    ├── DOA-2036_marker_classification.json (execution parameters)                                                                                                        │
│    ├── DOA-2036_features.tsv (sequence feature data: tabular format)                                                                                                     │
│    ├── DOA-2036_features.npz (sequence feature data: binary format)                                                                                                      │
│    ├── DOA-2036_marker_classification.tsv (sequence classification: tabular format)                                                                                      │
│    ├── DOA-2036_marker_classification.npz (sequence classification: binary format)                                                                                       │
│    ├── DOA-2036_provirus_features.tsv (provirus feature data: tabular format)                                                                                            │
│    ├── DOA-2036_provirus_features.npz (provirus feature data: binary format)                                                                                             │
│    ├── DOA-2036_provirus_marker_classification.tsv (provirus classification: tabular format)                                                                             │
│    └── DOA-2036_provirus_marker_classification.npz (provirus classification: binary format)                                                                              │
╰──────────────────────────────────────────────────────────────────────────────────────────────────────────────────────────────────────────────────────────────────────────╯
[12:19:52] Executing genomad marker-classification.                                                                                                                         
[12:19:52] Creating the DOA-2036_marker_classification directory.                                                                                                           
[12:19:53] Sequence features computed.                                                                                                                                      
[12:19:53] Sequence features in binary format written to DOA-2036_features.npz.                                                                                             
[12:19:53] Sequence features in tabular format written to DOA-2036_features.tsv.                                                                                            
[12:19:53] Provirus features computed.                                                                                                                                      
[12:19:53] Provirus features in binary format written to DOA-2036_provirus_features.npz.                                                                                    
[12:19:53] Provirus features in tabular format written to DOA-2036_provirus_features.tsv.                                                                                   
[12:19:54] Sequences classified.                                                                                                                                            
[12:19:54] Sequence classification in binary format written to DOA-2036_marker_classification.npz.                                                                          
[12:19:54] Sequence classification in tabular format written to DOA-2036_marker_classification.tsv.                                                                         
[12:19:54] Proviruses classified.                                                                                                                                           
[12:19:54] Provirus classification in binary format written to DOA-2036_provirus_marker_classification.npz.                                                                 
[12:19:54] Provirus classification in tabular format written to DOA-2036_provirus_marker_classification.tsv.                                                                
[12:19:54] geNomad marker-classification finished!                                                                                                                          
