╭──────────────────────────────────────────────────────────────────────────────────────────────────────────────────────────────────────────────────────────────────────────╮
│  Executing geNomad nn-classification (v1.11.2). This will classify the input sequences into chromosome, plasmid, or virus based on the nucleotide sequence.              │
│  ──────────────────────────────────────────────────────────────────────────────────────────────────────────────────────────────────────────────────────────────────────  │
│  Outputs:                                                                                                                                                                │
│    DOA-2036_nn_classification                                                                                                                                            │
│    ├── DOA-2036_nn_classification.json (execution parameters)                                                                                                            │
│    ├── DOA-2036_encoded_sequences (directory containing encoded sequence data)                                                                                           │
│    ├── DOA-2036_nn_classification.tsv (contig classification: tabular format)                                                                                            │
│    ├── DOA-2036_nn_classification.npz (contig classification: binary format)                                                                                             │
│    ├── DOA-2036_encoded_proviruses (directory containing encoded sequence data)                                                                                          │
│    ├── DOA-2036_provirus_nn_classification.tsv (provirus classification: tabular format)                                                                                 │
│    └── DOA-2036_provirus_nn_classification.npz (provirus classification: binary format)                                                                                  │
╰──────────────────────────────────────────────────────────────────────────────────────────────────────────────────────────────────────────────────────────────────────────╯
[12:19:56] Executing genomad nn-classification.                                                                                                                             
[12:19:56] Creating the DOA-2036_nn_classification directory.                                                                                                               
[12:19:56] Creating the DOA-2036_nn_classification/DOA-2036_encoded_sequences directory.                                                                                    
[12:19:57] Encoded sequence data written to DOA-2036_encoded_sequences.                                                                                                     
[12:19:57] Creating the DOA-2036_nn_classification/DOA-2036_encoded_proviruses directory.                                                                                   
[12:19:57] Encoded provirus data written to DOA-2036_encoded_proviruses.                                                                                                    
[12:20:03] Sequences classified.                                                                                                                                            
[12:20:03] Sequence classification in binary format written to DOA-2036_nn_classification.npz.                                                                              
[12:20:03] Deleting encoded sequence data.                                                                                                                                  
[12:20:03] Sequence classification in tabular format written to DOA-2036_nn_classification.tsv.                                                                             
[12:20:05] Proviruses classified.                                                                                                                                           
[12:20:05] Provirus classification in binary format written to DOA-2036_provirus_nn_classification.npz.                                                                     
[12:20:05] Deleting encoded provirus data.                                                                                                                                  
[12:20:05] Provirus classification in tabular format written to DOA-2036_provirus_nn_classification.tsv.                                                                    
[12:20:05] geNomad nn-classification finished!                                                                                                                              
