╭──────────────────────────────────────────────────────────────────────────────────────────────────────────────────────────────────────────────────────────────────────────╮
│  Executing geNomad aggregated-classification (v1.11.2). This will aggregate the results of the marker-classification and nn-classification modules to classify the       │
│  input sequences into chromosome, plasmid, or virus.                                                                                                                     │
│  ──────────────────────────────────────────────────────────────────────────────────────────────────────────────────────────────────────────────────────────────────────  │
│  Outputs:                                                                                                                                                                │
│    DOA-1721_aggregated_classification                                                                                                                                    │
│    ├── DOA-1721_aggregated_classification.json (execution parameters)                                                                                                    │
│    ├── DOA-1721_aggregated_classification.tsv (sequence classification: tabular format)                                                                                  │
│    ├── DOA-1721_aggregated_classification.npz (sequence classification: binary format)                                                                                   │
│    ├── DOA-1721_provirus_aggregated_classification.tsv (provirus classification: tabular format)                                                                         │
│    └── DOA-1721_provirus_aggregated_classification.npz (provirus classification: binary format)                                                                          │
╰──────────────────────────────────────────────────────────────────────────────────────────────────────────────────────────────────────────────────────────────────────────╯
[12:17:36] Executing genomad aggregated-classification.                                                                                                                     
[12:17:36] Creating the DOA-1721_aggregated_classification directory.                                                                                                       
[12:17:36] The total marker frequencies of the input sequences were computed.                                                                                               
[12:17:36] Sequences classified.                                                                                                                                            
[12:17:36] Sequence classification in binary format written to DOA-1721_aggregated_classification.npz.                                                                      
[12:17:36] Sequence classification in tabular format written to DOA-1721_aggregated_classification.tsv.                                                                     
[12:17:36] Proviruses classified.                                                                                                                                           
[12:17:36] Provirus classification in binary format written to DOA-1721_provirus_aggregated_classification.npz.                                                             
[12:17:36] Provirus classification in tabular format written to DOA-1721_provirus_aggregated_classification.tsv.                                                            
[12:17:36] geNomad aggregated-classification finished!                                                                                                                      
