╭──────────────────────────────────────────────────────────────────────────────────────────────────────────────────────────────────────────────────────────────────────────╮
│  Executing geNomad find-proviruses (v1.11.2). This will find putative proviral regions within the input sequences.                                                       │
│  ──────────────────────────────────────────────────────────────────────────────────────────────────────────────────────────────────────────────────────────────────────  │
│  Outputs:                                                                                                                                                                │
│    DOA-2990_find_proviruses                                                                                                                                              │
│    ├── DOA-2990_find_proviruses.json (execution parameters)                                                                                                              │
│    ├── DOA-2990_provirus.tsv (provirus data)                                                                                                                             │
│    ├── DOA-2990_provirus.fna (provirus nucleotide sequences)                                                                                                             │
│    ├── DOA-2990_provirus_proteins.faa (provirus protein sequences)                                                                                                       │
│    ├── DOA-2990_provirus_genes.tsv (provirus gene annotation data)                                                                                                       │
│    ├── DOA-2990_provirus_taxonomy.tsv (provirus taxonomic assignment)                                                                                                    │
│    ├── DOA-2990_provirus_mmseqs2.tsv (MMseqs2 output file)                                                                                                               │
│    └── DOA-2990_provirus_aragorn.tsv (Aragorn output file)                                                                                                               │
╰──────────────────────────────────────────────────────────────────────────────────────────────────────────────────────────────────────────────────────────────────────────╯
[12:24:46] Executing genomad find-proviruses.                                                                                                                               
[12:24:46] Creating the DOA-2990_find_proviruses directory.                                                                                                                 
[12:24:48] Integrases identified with MMseqs2 and geNomad database (v1.9) were written to DOA-2990_provirus_mmseqs2.tsv.                                                    
[12:24:48] Deleting DOA-2990_provirus_mmseqs2.                                                                                                                              
[12:24:48] Deleting DOA-2990_provirus_mmseqs2_input.faa.                                                                                                                    
[12:24:49] tRNAs identified with Aragorn were written to DOA-2990_provirus_aragorn.tsv.                                                                                     
[12:24:49] Deleting DOA-2990_provirus_aragorn_input.fna.                                                                                                                    
[12:24:49] Provirus regions identified.                                                                                                                                     
[12:24:49] Provirus data was written to DOA-2990_provirus.tsv.                                                                                                              
[12:24:49] Provirus nucleotide sequences were written to DOA-2990_provirus.fna.                                                                                             
[12:24:49] Provirus protein sequences were written to DOA-2990_provirus_proteins.faa.                                                                                       
[12:24:49] Provirus gene data was written to DOA-2990_provirus_genes.tsv.                                                                                                   
[12:24:49] Taxonomic assignment data was written to DOA-2990_provirus_taxonomy.tsv.                                                                                         
[12:24:49] geNomad find-proviruses finished!                                                                                                                                
