╭──────────────────────────────────────────────────────────────────────────────────────────────────────────────────────────────────────────────────────────────────────────╮
│  Executing geNomad marker-classification (v1.11.2). This will classify the input sequences into chromosome, plasmid, or virus based on the presence of geNomad markers   │
│  and other gene-related features.                                                                                                                                        │
│  ──────────────────────────────────────────────────────────────────────────────────────────────────────────────────────────────────────────────────────────────────────  │
│  Outputs:                                                                                                                                                                │
│    DOA-1726_marker_classification                                                                                                                                        │
│    ├── DOA-1726_marker_classification.json (execution parameters)                                                                                                        │
│    ├── DOA-1726_features.tsv (sequence feature data: tabular format)                                                                                                     │
│    ├── DOA-1726_features.npz (sequence feature data: binary format)                                                                                                      │
│    ├── DOA-1726_marker_classification.tsv (sequence classification: tabular format)                                                                                      │
│    └── DOA-1726_marker_classification.npz (sequence classification: binary format)                                                                                       │
╰──────────────────────────────────────────────────────────────────────────────────────────────────────────────────────────────────────────────────────────────────────────╯
[12:18:39] Executing genomad marker-classification.                                                                                                                         
[12:18:39] Creating the DOA-1726_marker_classification directory.                                                                                                           
[12:18:40] Sequence features computed.                                                                                                                                      
[12:18:40] Sequence features in binary format written to DOA-1726_features.npz.                                                                                             
[12:18:40] Sequence features in tabular format written to DOA-1726_features.tsv.                                                                                            
[12:18:40] Sequences classified.                                                                                                                                            
[12:18:40] Sequence classification in binary format written to DOA-1726_marker_classification.npz.                                                                          
[12:18:40] Sequence classification in tabular format written to DOA-1726_marker_classification.tsv.                                                                         
[12:18:40] geNomad marker-classification finished!                                                                                                                          
