╭──────────────────────────────────────────────────────────────────────────────────────────────────────────────────────────────────────────────────────────────────────────╮
│  Executing geNomad nn-classification (v1.11.2). This will classify the input sequences into chromosome, plasmid, or virus based on the nucleotide sequence.              │
│  ──────────────────────────────────────────────────────────────────────────────────────────────────────────────────────────────────────────────────────────────────────  │
│  Outputs:                                                                                                                                                                │
│    DOA-1721_nn_classification                                                                                                                                            │
│    ├── DOA-1721_nn_classification.json (execution parameters)                                                                                                            │
│    ├── DOA-1721_encoded_sequences (directory containing encoded sequence data)                                                                                           │
│    ├── DOA-1721_nn_classification.tsv (contig classification: tabular format)                                                                                            │
│    ├── DOA-1721_nn_classification.npz (contig classification: binary format)                                                                                             │
│    ├── DOA-1721_encoded_proviruses (directory containing encoded sequence data)                                                                                          │
│    ├── DOA-1721_provirus_nn_classification.tsv (provirus classification: tabular format)                                                                                 │
│    └── DOA-1721_provirus_nn_classification.npz (provirus classification: binary format)                                                                                  │
╰──────────────────────────────────────────────────────────────────────────────────────────────────────────────────────────────────────────────────────────────────────────╯
[12:17:26] Executing genomad nn-classification.                                                                                                                             
[12:17:26] Creating the DOA-1721_nn_classification directory.                                                                                                               
[12:17:26] Creating the DOA-1721_nn_classification/DOA-1721_encoded_sequences directory.                                                                                    
[12:17:28] Encoded sequence data written to DOA-1721_encoded_sequences.                                                                                                     
[12:17:28] Creating the DOA-1721_nn_classification/DOA-1721_encoded_proviruses directory.                                                                                   
[12:17:28] Encoded provirus data written to DOA-1721_encoded_proviruses.                                                                                                    
[12:17:34] Sequences classified.                                                                                                                                            
[12:17:34] Sequence classification in binary format written to DOA-1721_nn_classification.npz.                                                                              
[12:17:34] Deleting encoded sequence data.                                                                                                                                  
[12:17:34] Sequence classification in tabular format written to DOA-1721_nn_classification.tsv.                                                                             
[12:17:36] Proviruses classified.                                                                                                                                           
[12:17:36] Provirus classification in binary format written to DOA-1721_provirus_nn_classification.npz.                                                                     
[12:17:36] Deleting encoded provirus data.                                                                                                                                  
[12:17:36] Provirus classification in tabular format written to DOA-1721_provirus_nn_classification.tsv.                                                                    
[12:17:36] geNomad nn-classification finished!                                                                                                                              
