╭──────────────────────────────────────────────────────────────────────────────────────────────────────────────────────────────────────────────────────────────────────────╮
│  Executing geNomad nn-classification (v1.11.2). This will classify the input sequences into chromosome, plasmid, or virus based on the nucleotide sequence.              │
│  ──────────────────────────────────────────────────────────────────────────────────────────────────────────────────────────────────────────────────────────────────────  │
│  Outputs:                                                                                                                                                                │
│    DOA-2990_nn_classification                                                                                                                                            │
│    ├── DOA-2990_nn_classification.json (execution parameters)                                                                                                            │
│    ├── DOA-2990_encoded_sequences (directory containing encoded sequence data)                                                                                           │
│    ├── DOA-2990_nn_classification.tsv (contig classification: tabular format)                                                                                            │
│    ├── DOA-2990_nn_classification.npz (contig classification: binary format)                                                                                             │
│    ├── DOA-2990_encoded_proviruses (directory containing encoded sequence data)                                                                                          │
│    ├── DOA-2990_provirus_nn_classification.tsv (provirus classification: tabular format)                                                                                 │
│    └── DOA-2990_provirus_nn_classification.npz (provirus classification: binary format)                                                                                  │
╰──────────────────────────────────────────────────────────────────────────────────────────────────────────────────────────────────────────────────────────────────────────╯
[12:24:52] Executing genomad nn-classification.                                                                                                                             
[12:24:52] Creating the DOA-2990_nn_classification directory.                                                                                                               
[12:24:52] Creating the DOA-2990_nn_classification/DOA-2990_encoded_sequences directory.                                                                                    
[12:24:53] Encoded sequence data written to DOA-2990_encoded_sequences.                                                                                                     
[12:24:53] Creating the DOA-2990_nn_classification/DOA-2990_encoded_proviruses directory.                                                                                   
[12:24:53] Encoded provirus data written to DOA-2990_encoded_proviruses.                                                                                                    
[12:24:59] Sequences classified.                                                                                                                                            
[12:24:59] Sequence classification in binary format written to DOA-2990_nn_classification.npz.                                                                              
[12:24:59] Deleting encoded sequence data.                                                                                                                                  
[12:24:59] Sequence classification in tabular format written to DOA-2990_nn_classification.tsv.                                                                             
[12:25:01] Proviruses classified.                                                                                                                                           
[12:25:01] Provirus classification in binary format written to DOA-2990_provirus_nn_classification.npz.                                                                     
[12:25:01] Deleting encoded provirus data.                                                                                                                                  
[12:25:01] Provirus classification in tabular format written to DOA-2990_provirus_nn_classification.tsv.                                                                    
[12:25:01] geNomad nn-classification finished!                                                                                                                              
