╭──────────────────────────────────────────────────────────────────────────────────────────────────────────────────────────────────────────────────────────────────────────╮
│  Executing geNomad summary (v1.11.2). This will summarize the results across modules into a classification report.                                                       │
│  ──────────────────────────────────────────────────────────────────────────────────────────────────────────────────────────────────────────────────────────────────────  │
│  Outputs:                                                                                                                                                                │
│    DOA-2036_summary                                                                                                                                                      │
│    ├── DOA-2036_summary.json (execution parameters)                                                                                                                      │
│    ├── DOA-2036_virus_summary.tsv (virus classification summary)                                                                                                         │
│    ├── DOA-2036_plasmid_summary.tsv (plasmid classification summary)                                                                                                     │
│    ├── DOA-2036_virus.fna (virus nucleotide FASTA file)                                                                                                                  │
│    ├── DOA-2036_plasmid.fna (plasmid nucleotide FASTA file)                                                                                                              │
│    ├── DOA-2036_virus_proteins.faa (virus protein FASTA file)                                                                                                            │
│    ├── DOA-2036_plasmid_proteins.faa (plasmid protein FASTA file)                                                                                                        │
│    ├── DOA-2036_virus_genes.tsv (virus gene annotation data)                                                                                                             │
│    └── DOA-2036_plasmid_genes.tsv (plasmid gene annotation data)                                                                                                         │
╰──────────────────────────────────────────────────────────────────────────────────────────────────────────────────────────────────────────────────────────────────────────╯
[12:20:05] Executing genomad summary.                                                                                                                                       
[12:20:05] Creating the DOA-2036_summary directory.                                                                                                                         
[12:20:05] Using scores from aggregated-classification.                                                                                                                     
[12:20:05] 20 plasmid(s) and 2 virus(es) were identified.                                                                                                                   
[12:20:05] Nucleotide sequences were written to DOA-2036_plasmid.fna and DOA-2036_virus.fna.                                                                                
[12:20:05] Protein sequences were written to DOA-2036_plasmid_proteins.faa and DOA-2036_virus_proteins.faa.                                                                 
[12:20:05] Gene annotation data was written to DOA-2036_plasmid_genes.tsv and DOA-2036_virus_genes.tsv.                                                                     
[12:20:05] Summary files were written to DOA-2036_plasmid_summary.tsv and DOA-2036_virus_summary.tsv.                                                                       
[12:20:05] geNomad summary finished!                                                                                                                                        
