╭──────────────────────────────────────────────────────────────────────────────────────────────────────────────────────────────────────────────────────────────────────────╮
│  Executing geNomad aggregated-classification (v1.11.2). This will aggregate the results of the marker-classification and nn-classification modules to classify the       │
│  input sequences into chromosome, plasmid, or virus.                                                                                                                     │
│  ──────────────────────────────────────────────────────────────────────────────────────────────────────────────────────────────────────────────────────────────────────  │
│  Outputs:                                                                                                                                                                │
│    E3_aggregated_classification                                                                                                                                          │
│    ├── E3_aggregated_classification.json (execution parameters)                                                                                                          │
│    ├── E3_aggregated_classification.tsv (sequence classification: tabular format)                                                                                        │
│    ├── E3_aggregated_classification.npz (sequence classification: binary format)                                                                                         │
│    ├── E3_provirus_aggregated_classification.tsv (provirus classification: tabular format)                                                                               │
│    └── E3_provirus_aggregated_classification.npz (provirus classification: binary format)                                                                                │
╰──────────────────────────────────────────────────────────────────────────────────────────────────────────────────────────────────────────────────────────────────────────╯
[12:26:15] Executing genomad aggregated-classification.                                                                                                                     
[12:26:15] Creating the E3_aggregated_classification directory.                                                                                                             
[12:26:15] The total marker frequencies of the input sequences were computed.                                                                                               
[12:26:15] Sequences classified.                                                                                                                                            
[12:26:15] Sequence classification in binary format written to E3_aggregated_classification.npz.                                                                            
[12:26:15] Sequence classification in tabular format written to E3_aggregated_classification.tsv.                                                                           
[12:26:15] Proviruses classified.                                                                                                                                           
[12:26:15] Provirus classification in binary format written to E3_provirus_aggregated_classification.npz.                                                                   
[12:26:15] Provirus classification in tabular format written to E3_provirus_aggregated_classification.tsv.                                                                  
[12:26:15] geNomad aggregated-classification finished!                                                                                                                      
