╭──────────────────────────────────────────────────────────────────────────────────────────────────────────────────────────────────────────────────────────────────────────╮
│  Executing geNomad find-proviruses (v1.11.2). This will find putative proviral regions within the input sequences.                                                       │
│  ──────────────────────────────────────────────────────────────────────────────────────────────────────────────────────────────────────────────────────────────────────  │
│  Outputs:                                                                                                                                                                │
│    E3_find_proviruses                                                                                                                                                    │
│    ├── E3_find_proviruses.json (execution parameters)                                                                                                                    │
│    ├── E3_provirus.tsv (provirus data)                                                                                                                                   │
│    ├── E3_provirus.fna (provirus nucleotide sequences)                                                                                                                   │
│    ├── E3_provirus_proteins.faa (provirus protein sequences)                                                                                                             │
│    ├── E3_provirus_genes.tsv (provirus gene annotation data)                                                                                                             │
│    ├── E3_provirus_taxonomy.tsv (provirus taxonomic assignment)                                                                                                          │
│    ├── E3_provirus_mmseqs2.tsv (MMseqs2 output file)                                                                                                                     │
│    └── E3_provirus_aragorn.tsv (Aragorn output file)                                                                                                                     │
╰──────────────────────────────────────────────────────────────────────────────────────────────────────────────────────────────────────────────────────────────────────────╯
[12:26:00] Executing genomad find-proviruses.                                                                                                                               
[12:26:00] Creating the E3_find_proviruses directory.                                                                                                                       
[12:26:02] Integrases identified with MMseqs2 and geNomad database (v1.9) were written to E3_provirus_mmseqs2.tsv.                                                          
[12:26:02] Deleting E3_provirus_mmseqs2.                                                                                                                                    
[12:26:02] Deleting E3_provirus_mmseqs2_input.faa.                                                                                                                          
[12:26:03] tRNAs identified with Aragorn were written to E3_provirus_aragorn.tsv.                                                                                           
[12:26:03] Deleting E3_provirus_aragorn_input.fna.                                                                                                                          
[12:26:03] Provirus regions identified.                                                                                                                                     
[12:26:03] Provirus data was written to E3_provirus.tsv.                                                                                                                    
[12:26:03] Provirus nucleotide sequences were written to E3_provirus.fna.                                                                                                   
[12:26:03] Provirus protein sequences were written to E3_provirus_proteins.faa.                                                                                             
[12:26:03] Provirus gene data was written to E3_provirus_genes.tsv.                                                                                                         
[12:26:03] Taxonomic assignment data was written to E3_provirus_taxonomy.tsv.                                                                                               
[12:26:03] geNomad find-proviruses finished!                                                                                                                                
