╭──────────────────────────────────────────────────────────────────────────────────────────────────────────────────────────────────────────────────────────────────────────╮
│  Executing geNomad marker-classification (v1.11.2). This will classify the input sequences into chromosome, plasmid, or virus based on the presence of geNomad markers   │
│  and other gene-related features.                                                                                                                                        │
│  ──────────────────────────────────────────────────────────────────────────────────────────────────────────────────────────────────────────────────────────────────────  │
│  Outputs:                                                                                                                                                                │
│    E3_marker_classification                                                                                                                                              │
│    ├── E3_marker_classification.json (execution parameters)                                                                                                              │
│    ├── E3_features.tsv (sequence feature data: tabular format)                                                                                                           │
│    ├── E3_features.npz (sequence feature data: binary format)                                                                                                            │
│    ├── E3_marker_classification.tsv (sequence classification: tabular format)                                                                                            │
│    ├── E3_marker_classification.npz (sequence classification: binary format)                                                                                             │
│    ├── E3_provirus_features.tsv (provirus feature data: tabular format)                                                                                                  │
│    ├── E3_provirus_features.npz (provirus feature data: binary format)                                                                                                   │
│    ├── E3_provirus_marker_classification.tsv (provirus classification: tabular format)                                                                                   │
│    └── E3_provirus_marker_classification.npz (provirus classification: binary format)                                                                                    │
╰──────────────────────────────────────────────────────────────────────────────────────────────────────────────────────────────────────────────────────────────────────────╯
[12:26:03] Executing genomad marker-classification.                                                                                                                         
[12:26:03] Creating the E3_marker_classification directory.                                                                                                                 
[12:26:04] Sequence features computed.                                                                                                                                      
[12:26:04] Sequence features in binary format written to E3_features.npz.                                                                                                   
[12:26:04] Sequence features in tabular format written to E3_features.tsv.                                                                                                  
[12:26:04] Provirus features computed.                                                                                                                                      
[12:26:04] Provirus features in binary format written to E3_provirus_features.npz.                                                                                          
[12:26:04] Provirus features in tabular format written to E3_provirus_features.tsv.                                                                                         
[12:26:05] Sequences classified.                                                                                                                                            
[12:26:05] Sequence classification in binary format written to E3_marker_classification.npz.                                                                                
[12:26:05] Sequence classification in tabular format written to E3_marker_classification.tsv.                                                                               
[12:26:05] Proviruses classified.                                                                                                                                           
[12:26:05] Provirus classification in binary format written to E3_provirus_marker_classification.npz.                                                                       
[12:26:05] Provirus classification in tabular format written to E3_provirus_marker_classification.tsv.                                                                      
[12:26:05] geNomad marker-classification finished!                                                                                                                          
