╭──────────────────────────────────────────────────────────────────────────────────────────────────────────────────────────────────────────────────────────────────────────╮
│  Executing geNomad summary (v1.11.2). This will summarize the results across modules into a classification report.                                                       │
│  ──────────────────────────────────────────────────────────────────────────────────────────────────────────────────────────────────────────────────────────────────────  │
│  Outputs:                                                                                                                                                                │
│    E3_summary                                                                                                                                                            │
│    ├── E3_summary.json (execution parameters)                                                                                                                            │
│    ├── E3_virus_summary.tsv (virus classification summary)                                                                                                               │
│    ├── E3_plasmid_summary.tsv (plasmid classification summary)                                                                                                           │
│    ├── E3_virus.fna (virus nucleotide FASTA file)                                                                                                                        │
│    ├── E3_plasmid.fna (plasmid nucleotide FASTA file)                                                                                                                    │
│    ├── E3_virus_proteins.faa (virus protein FASTA file)                                                                                                                  │
│    ├── E3_plasmid_proteins.faa (plasmid protein FASTA file)                                                                                                              │
│    ├── E3_virus_genes.tsv (virus gene annotation data)                                                                                                                   │
│    └── E3_plasmid_genes.tsv (plasmid gene annotation data)                                                                                                               │
╰──────────────────────────────────────────────────────────────────────────────────────────────────────────────────────────────────────────────────────────────────────────╯
[12:26:15] Executing genomad summary.                                                                                                                                       
[12:26:15] Creating the E3_summary directory.                                                                                                                               
[12:26:15] Using scores from aggregated-classification.                                                                                                                     
[12:26:15] 20 plasmid(s) and 2 virus(es) were identified.                                                                                                                   
[12:26:15] Nucleotide sequences were written to E3_plasmid.fna and E3_virus.fna.                                                                                            
[12:26:15] Protein sequences were written to E3_plasmid_proteins.faa and E3_virus_proteins.faa.                                                                             
[12:26:15] Gene annotation data was written to E3_plasmid_genes.tsv and E3_virus_genes.tsv.                                                                                 
[12:26:15] Summary files were written to E3_plasmid_summary.tsv and E3_virus_summary.tsv.                                                                                   
[12:26:15] geNomad summary finished!                                                                                                                                        
