╭──────────────────────────────────────────────────────────────────────────────────────────────────────────────────────────────────────────────────────────────────────────╮
│  Executing geNomad marker-classification (v1.11.2). This will classify the input sequences into chromosome, plasmid, or virus based on the presence of geNomad markers   │
│  and other gene-related features.                                                                                                                                        │
│  ──────────────────────────────────────────────────────────────────────────────────────────────────────────────────────────────────────────────────────────────────────  │
│  Outputs:                                                                                                                                                                │
│    FB570_marker_classification                                                                                                                                           │
│    ├── FB570_marker_classification.json (execution parameters)                                                                                                           │
│    ├── FB570_features.tsv (sequence feature data: tabular format)                                                                                                        │
│    ├── FB570_features.npz (sequence feature data: binary format)                                                                                                         │
│    ├── FB570_marker_classification.tsv (sequence classification: tabular format)                                                                                         │
│    ├── FB570_marker_classification.npz (sequence classification: binary format)                                                                                          │
│    ├── FB570_provirus_features.tsv (provirus feature data: tabular format)                                                                                               │
│    ├── FB570_provirus_features.npz (provirus feature data: binary format)                                                                                                │
│    ├── FB570_provirus_marker_classification.tsv (provirus classification: tabular format)                                                                                │
│    └── FB570_provirus_marker_classification.npz (provirus classification: binary format)                                                                                 │
╰──────────────────────────────────────────────────────────────────────────────────────────────────────────────────────────────────────────────────────────────────────────╯
[12:27:18] Executing genomad marker-classification.                                                                                                                         
[12:27:18] Creating the FB570_marker_classification directory.                                                                                                              
[12:27:19] Sequence features computed.                                                                                                                                      
[12:27:19] Sequence features in binary format written to FB570_features.npz.                                                                                                
[12:27:19] Sequence features in tabular format written to FB570_features.tsv.                                                                                               
[12:27:19] Provirus features computed.                                                                                                                                      
[12:27:19] Provirus features in binary format written to FB570_provirus_features.npz.                                                                                       
[12:27:19] Provirus features in tabular format written to FB570_provirus_features.tsv.                                                                                      
[12:27:19] Sequences classified.                                                                                                                                            
[12:27:19] Sequence classification in binary format written to FB570_marker_classification.npz.                                                                             
[12:27:19] Sequence classification in tabular format written to FB570_marker_classification.tsv.                                                                            
[12:27:19] Proviruses classified.                                                                                                                                           
[12:27:19] Provirus classification in binary format written to FB570_provirus_marker_classification.npz.                                                                    
[12:27:19] Provirus classification in tabular format written to FB570_provirus_marker_classification.tsv.                                                                   
[12:27:19] geNomad marker-classification finished!                                                                                                                          
