╭──────────────────────────────────────────────────────────────────────────────────────────────────────────────────────────────────────────────────────────────────────────╮
│  Executing geNomad find-proviruses (v1.11.2). This will find putative proviral regions within the input sequences.                                                       │
│  ──────────────────────────────────────────────────────────────────────────────────────────────────────────────────────────────────────────────────────────────────────  │
│  Outputs:                                                                                                                                                                │
│    FB570_find_proviruses                                                                                                                                                 │
│    ├── FB570_find_proviruses.json (execution parameters)                                                                                                                 │
│    ├── FB570_provirus.tsv (provirus data)                                                                                                                                │
│    ├── FB570_provirus.fna (provirus nucleotide sequences)                                                                                                                │
│    ├── FB570_provirus_proteins.faa (provirus protein sequences)                                                                                                          │
│    ├── FB570_provirus_genes.tsv (provirus gene annotation data)                                                                                                          │
│    ├── FB570_provirus_taxonomy.tsv (provirus taxonomic assignment)                                                                                                       │
│    ├── FB570_provirus_mmseqs2.tsv (MMseqs2 output file)                                                                                                                  │
│    └── FB570_provirus_aragorn.tsv (Aragorn output file)                                                                                                                  │
╰──────────────────────────────────────────────────────────────────────────────────────────────────────────────────────────────────────────────────────────────────────────╯
[12:27:14] Executing genomad find-proviruses.                                                                                                                               
[12:27:14] Creating the FB570_find_proviruses directory.                                                                                                                    
[12:27:17] Integrases identified with MMseqs2 and geNomad database (v1.9) were written to FB570_provirus_mmseqs2.tsv.                                                       
[12:27:17] Deleting FB570_provirus_mmseqs2.                                                                                                                                 
[12:27:17] Deleting FB570_provirus_mmseqs2_input.faa.                                                                                                                       
[12:27:17] tRNAs identified with Aragorn were written to FB570_provirus_aragorn.tsv.                                                                                        
[12:27:17] Deleting FB570_provirus_aragorn_input.fna.                                                                                                                       
[12:27:18] Provirus regions identified.                                                                                                                                     
[12:27:18] Provirus data was written to FB570_provirus.tsv.                                                                                                                 
[12:27:18] Provirus nucleotide sequences were written to FB570_provirus.fna.                                                                                                
[12:27:18] Provirus protein sequences were written to FB570_provirus_proteins.faa.                                                                                          
[12:27:18] Provirus gene data was written to FB570_provirus_genes.tsv.                                                                                                      
[12:27:18] Taxonomic assignment data was written to FB570_provirus_taxonomy.tsv.                                                                                            
[12:27:18] geNomad find-proviruses finished!                                                                                                                                
