╭──────────────────────────────────────────────────────────────────────────────────────────────────────────────────────────────────────────────────────────────────────────╮
│  Executing geNomad aggregated-classification (v1.11.2). This will aggregate the results of the marker-classification and nn-classification modules to classify the       │
│  input sequences into chromosome, plasmid, or virus.                                                                                                                     │
│  ──────────────────────────────────────────────────────────────────────────────────────────────────────────────────────────────────────────────────────────────────────  │
│  Outputs:                                                                                                                                                                │
│    FB570_aggregated_classification                                                                                                                                       │
│    ├── FB570_aggregated_classification.json (execution parameters)                                                                                                       │
│    ├── FB570_aggregated_classification.tsv (sequence classification: tabular format)                                                                                     │
│    ├── FB570_aggregated_classification.npz (sequence classification: binary format)                                                                                      │
│    ├── FB570_provirus_aggregated_classification.tsv (provirus classification: tabular format)                                                                            │
│    └── FB570_provirus_aggregated_classification.npz (provirus classification: binary format)                                                                             │
╰──────────────────────────────────────────────────────────────────────────────────────────────────────────────────────────────────────────────────────────────────────────╯
[12:27:30] Executing genomad aggregated-classification.                                                                                                                     
[12:27:30] Creating the FB570_aggregated_classification directory.                                                                                                          
[12:27:30] The total marker frequencies of the input sequences were computed.                                                                                               
[12:27:30] Sequences classified.                                                                                                                                            
[12:27:30] Sequence classification in binary format written to FB570_aggregated_classification.npz.                                                                         
[12:27:30] Sequence classification in tabular format written to FB570_aggregated_classification.tsv.                                                                        
[12:27:30] Proviruses classified.                                                                                                                                           
[12:27:30] Provirus classification in binary format written to FB570_provirus_aggregated_classification.npz.                                                                
[12:27:30] Provirus classification in tabular format written to FB570_provirus_aggregated_classification.tsv.                                                               
[12:27:30] geNomad aggregated-classification finished!                                                                                                                      
