╭──────────────────────────────────────────────────────────────────────────────────────────────────────────────────────────────────────────────────────────────────────────╮
│  Executing geNomad nn-classification (v1.11.2). This will classify the input sequences into chromosome, plasmid, or virus based on the nucleotide sequence.              │
│  ──────────────────────────────────────────────────────────────────────────────────────────────────────────────────────────────────────────────────────────────────────  │
│  Outputs:                                                                                                                                                                │
│    FB570_nn_classification                                                                                                                                               │
│    ├── FB570_nn_classification.json (execution parameters)                                                                                                               │
│    ├── FB570_encoded_sequences (directory containing encoded sequence data)                                                                                              │
│    ├── FB570_nn_classification.tsv (contig classification: tabular format)                                                                                               │
│    ├── FB570_nn_classification.npz (contig classification: binary format)                                                                                                │
│    ├── FB570_encoded_proviruses (directory containing encoded sequence data)                                                                                             │
│    ├── FB570_provirus_nn_classification.tsv (provirus classification: tabular format)                                                                                    │
│    └── FB570_provirus_nn_classification.npz (provirus classification: binary format)                                                                                     │
╰──────────────────────────────────────────────────────────────────────────────────────────────────────────────────────────────────────────────────────────────────────────╯
[12:27:21] Executing genomad nn-classification.                                                                                                                             
[12:27:21] Creating the FB570_nn_classification directory.                                                                                                                  
[12:27:21] Creating the FB570_nn_classification/FB570_encoded_sequences directory.                                                                                          
[12:27:22] Encoded sequence data written to FB570_encoded_sequences.                                                                                                        
[12:27:22] Creating the FB570_nn_classification/FB570_encoded_proviruses directory.                                                                                         
[12:27:22] Encoded provirus data written to FB570_encoded_proviruses.                                                                                                       
[12:27:28] Sequences classified.                                                                                                                                            
[12:27:28] Sequence classification in binary format written to FB570_nn_classification.npz.                                                                                 
[12:27:28] Deleting encoded sequence data.                                                                                                                                  
[12:27:28] Sequence classification in tabular format written to FB570_nn_classification.tsv.                                                                                
[12:27:30] Proviruses classified.                                                                                                                                           
[12:27:30] Provirus classification in binary format written to FB570_provirus_nn_classification.npz.                                                                        
[12:27:30] Deleting encoded provirus data.                                                                                                                                  
[12:27:30] Provirus classification in tabular format written to FB570_provirus_nn_classification.tsv.                                                                       
[12:27:30] geNomad nn-classification finished!                                                                                                                              
