╭──────────────────────────────────────────────────────────────────────────────────────────────────────────────────────────────────────────────────────────────────────────╮
│  Executing geNomad summary (v1.11.2). This will summarize the results across modules into a classification report.                                                       │
│  ──────────────────────────────────────────────────────────────────────────────────────────────────────────────────────────────────────────────────────────────────────  │
│  Outputs:                                                                                                                                                                │
│    FB570_summary                                                                                                                                                         │
│    ├── FB570_summary.json (execution parameters)                                                                                                                         │
│    ├── FB570_virus_summary.tsv (virus classification summary)                                                                                                            │
│    ├── FB570_plasmid_summary.tsv (plasmid classification summary)                                                                                                        │
│    ├── FB570_virus.fna (virus nucleotide FASTA file)                                                                                                                     │
│    ├── FB570_plasmid.fna (plasmid nucleotide FASTA file)                                                                                                                 │
│    ├── FB570_virus_proteins.faa (virus protein FASTA file)                                                                                                               │
│    ├── FB570_plasmid_proteins.faa (plasmid protein FASTA file)                                                                                                           │
│    ├── FB570_virus_genes.tsv (virus gene annotation data)                                                                                                                │
│    └── FB570_plasmid_genes.tsv (plasmid gene annotation data)                                                                                                            │
╰──────────────────────────────────────────────────────────────────────────────────────────────────────────────────────────────────────────────────────────────────────────╯
[12:27:30] Executing genomad summary.                                                                                                                                       
[12:27:30] Creating the FB570_summary directory.                                                                                                                            
[12:27:30] Using scores from aggregated-classification.                                                                                                                     
[12:27:30] 23 plasmid(s) and 1 virus(es) were identified.                                                                                                                   
[12:27:30] Nucleotide sequences were written to FB570_plasmid.fna and FB570_virus.fna.                                                                                      
[12:27:30] Protein sequences were written to FB570_plasmid_proteins.faa and FB570_virus_proteins.faa.                                                                       
[12:27:30] Gene annotation data was written to FB570_plasmid_genes.tsv and FB570_virus_genes.tsv.                                                                           
[12:27:30] Summary files were written to FB570_plasmid_summary.tsv and FB570_virus_summary.tsv.                                                                             
[12:27:30] geNomad summary finished!                                                                                                                                        
