╭──────────────────────────────────────────────────────────────────────────────────────────────────────────────────────────────────────────────────────────────────────────╮
│  Executing geNomad find-proviruses (v1.11.2). This will find putative proviral regions within the input sequences.                                                       │
│  ──────────────────────────────────────────────────────────────────────────────────────────────────────────────────────────────────────────────────────────────────────  │
│  Outputs:                                                                                                                                                                │
│    LMG_933_find_proviruses                                                                                                                                               │
│    ├── LMG_933_find_proviruses.json (execution parameters)                                                                                                               │
│    ├── LMG_933_provirus.tsv (provirus data)                                                                                                                              │
│    ├── LMG_933_provirus.fna (provirus nucleotide sequences)                                                                                                              │
│    ├── LMG_933_provirus_proteins.faa (provirus protein sequences)                                                                                                        │
│    ├── LMG_933_provirus_genes.tsv (provirus gene annotation data)                                                                                                        │
│    ├── LMG_933_provirus_taxonomy.tsv (provirus taxonomic assignment)                                                                                                     │
│    ├── LMG_933_provirus_mmseqs2.tsv (MMseqs2 output file)                                                                                                                │
│    └── LMG_933_provirus_aragorn.tsv (Aragorn output file)                                                                                                                │
╰──────────────────────────────────────────────────────────────────────────────────────────────────────────────────────────────────────────────────────────────────────────╯
[12:35:33] Executing genomad find-proviruses.                                                                                                                               
[12:35:33] Creating the LMG_933_find_proviruses directory.                                                                                                                  
[12:35:35] Integrases identified with MMseqs2 and geNomad database (v1.9) were written to LMG_933_provirus_mmseqs2.tsv.                                                     
[12:35:35] Deleting LMG_933_provirus_mmseqs2.                                                                                                                               
[12:35:35] Deleting LMG_933_provirus_mmseqs2_input.faa.                                                                                                                     
[12:35:35] tRNAs identified with Aragorn were written to LMG_933_provirus_aragorn.tsv.                                                                                      
[12:35:35] Deleting LMG_933_provirus_aragorn_input.fna.                                                                                                                     
[12:35:36] Provirus regions identified.                                                                                                                                     
[12:35:36] Provirus data was written to LMG_933_provirus.tsv.                                                                                                               
[12:35:36] Provirus nucleotide sequences were written to LMG_933_provirus.fna.                                                                                              
[12:35:36] Provirus protein sequences were written to LMG_933_provirus_proteins.faa.                                                                                        
[12:35:36] Provirus gene data was written to LMG_933_provirus_genes.tsv.                                                                                                    
[12:35:36] Taxonomic assignment data was written to LMG_933_provirus_taxonomy.tsv.                                                                                          
[12:35:36] geNomad find-proviruses finished!                                                                                                                                
