╭──────────────────────────────────────────────────────────────────────────────────────────────────────────────────────────────────────────────────────────────────────────╮
│  Executing geNomad marker-classification (v1.11.2). This will classify the input sequences into chromosome, plasmid, or virus based on the presence of geNomad markers   │
│  and other gene-related features.                                                                                                                                        │
│  ──────────────────────────────────────────────────────────────────────────────────────────────────────────────────────────────────────────────────────────────────────  │
│  Outputs:                                                                                                                                                                │
│    LMG_905_marker_classification                                                                                                                                         │
│    ├── LMG_905_marker_classification.json (execution parameters)                                                                                                         │
│    ├── LMG_905_features.tsv (sequence feature data: tabular format)                                                                                                      │
│    ├── LMG_905_features.npz (sequence feature data: binary format)                                                                                                       │
│    ├── LMG_905_marker_classification.tsv (sequence classification: tabular format)                                                                                       │
│    └── LMG_905_marker_classification.npz (sequence classification: binary format)                                                                                        │
╰──────────────────────────────────────────────────────────────────────────────────────────────────────────────────────────────────────────────────────────────────────────╯
[12:31:15] Executing genomad marker-classification.                                                                                                                         
[12:31:15] Creating the LMG_905_marker_classification directory.                                                                                                            
[12:31:16] Sequence features computed.                                                                                                                                      
[12:31:16] Sequence features in binary format written to LMG_905_features.npz.                                                                                              
[12:31:16] Sequence features in tabular format written to LMG_905_features.tsv.                                                                                             
[12:31:16] Sequences classified.                                                                                                                                            
[12:31:16] Sequence classification in binary format written to LMG_905_marker_classification.npz.                                                                           
[12:31:16] Sequence classification in tabular format written to LMG_905_marker_classification.tsv.                                                                          
[12:31:16] geNomad marker-classification finished!                                                                                                                          
