╭──────────────────────────────────────────────────────────────────────────────────────────────────────────────────────────────────────────────────────────────────────────╮
│  Executing geNomad aggregated-classification (v1.11.2). This will aggregate the results of the marker-classification and nn-classification modules to classify the       │
│  input sequences into chromosome, plasmid, or virus.                                                                                                                     │
│  ──────────────────────────────────────────────────────────────────────────────────────────────────────────────────────────────────────────────────────────────────────  │
│  Outputs:                                                                                                                                                                │
│    LMG_909_aggregated_classification                                                                                                                                     │
│    ├── LMG_909_aggregated_classification.json (execution parameters)                                                                                                     │
│    ├── LMG_909_aggregated_classification.tsv (sequence classification: tabular format)                                                                                   │
│    ├── LMG_909_aggregated_classification.npz (sequence classification: binary format)                                                                                    │
│    ├── LMG_909_provirus_aggregated_classification.tsv (provirus classification: tabular format)                                                                          │
│    └── LMG_909_provirus_aggregated_classification.npz (provirus classification: binary format)                                                                           │
╰──────────────────────────────────────────────────────────────────────────────────────────────────────────────────────────────────────────────────────────────────────────╯
[12:32:42] Executing genomad aggregated-classification.                                                                                                                     
[12:32:42] Creating the LMG_909_aggregated_classification directory.                                                                                                        
[12:32:42] The total marker frequencies of the input sequences were computed.                                                                                               
[12:32:42] Sequences classified.                                                                                                                                            
[12:32:42] Sequence classification in binary format written to LMG_909_aggregated_classification.npz.                                                                       
[12:32:42] Sequence classification in tabular format written to LMG_909_aggregated_classification.tsv.                                                                      
[12:32:42] Proviruses classified.                                                                                                                                           
[12:32:42] Provirus classification in binary format written to LMG_909_provirus_aggregated_classification.npz.                                                              
[12:32:42] Provirus classification in tabular format written to LMG_909_provirus_aggregated_classification.tsv.                                                             
[12:32:42] geNomad aggregated-classification finished!                                                                                                                      
