╭──────────────────────────────────────────────────────────────────────────────────────────────────────────────────────────────────────────────────────────────────────────╮
│  Executing geNomad summary (v1.11.2). This will summarize the results across modules into a classification report.                                                       │
│  ──────────────────────────────────────────────────────────────────────────────────────────────────────────────────────────────────────────────────────────────────────  │
│  Outputs:                                                                                                                                                                │
│    LMG_27970_summary                                                                                                                                                     │
│    ├── LMG_27970_summary.json (execution parameters)                                                                                                                     │
│    ├── LMG_27970_virus_summary.tsv (virus classification summary)                                                                                                        │
│    ├── LMG_27970_plasmid_summary.tsv (plasmid classification summary)                                                                                                    │
│    ├── LMG_27970_virus.fna (virus nucleotide FASTA file)                                                                                                                 │
│    ├── LMG_27970_plasmid.fna (plasmid nucleotide FASTA file)                                                                                                             │
│    ├── LMG_27970_virus_proteins.faa (virus protein FASTA file)                                                                                                           │
│    ├── LMG_27970_plasmid_proteins.faa (plasmid protein FASTA file)                                                                                                       │
│    ├── LMG_27970_virus_genes.tsv (virus gene annotation data)                                                                                                            │
│    └── LMG_27970_plasmid_genes.tsv (plasmid gene annotation data)                                                                                                        │
╰──────────────────────────────────────────────────────────────────────────────────────────────────────────────────────────────────────────────────────────────────────────╯
[12:28:52] Executing genomad summary.                                                                                                                                       
[12:28:52] Creating the LMG_27970_summary directory.                                                                                                                        
[12:28:52] Using scores from aggregated-classification.                                                                                                                     
[12:28:53] 69 plasmid(s) and 4 virus(es) were identified.                                                                                                                   
[12:28:53] Nucleotide sequences were written to LMG_27970_plasmid.fna and LMG_27970_virus.fna.                                                                              
[12:28:53] Protein sequences were written to LMG_27970_plasmid_proteins.faa and LMG_27970_virus_proteins.faa.                                                               
[12:28:53] Gene annotation data was written to LMG_27970_plasmid_genes.tsv and LMG_27970_virus_genes.tsv.                                                                   
[12:28:53] Summary files were written to LMG_27970_plasmid_summary.tsv and LMG_27970_virus_summary.tsv.                                                                     
[12:28:53] geNomad summary finished!                                                                                                                                        
