╭──────────────────────────────────────────────────────────────────────────────────────────────────────────────────────────────────────────────────────────────────────────╮
│  Executing geNomad find-proviruses (v1.11.2). This will find putative proviral regions within the input sequences.                                                       │
│  ──────────────────────────────────────────────────────────────────────────────────────────────────────────────────────────────────────────────────────────────────────  │
│  Outputs:                                                                                                                                                                │
│    LMG_667_find_proviruses                                                                                                                                               │
│    ├── LMG_667_find_proviruses.json (execution parameters)                                                                                                               │
│    ├── LMG_667_provirus.tsv (provirus data)                                                                                                                              │
│    ├── LMG_667_provirus.fna (provirus nucleotide sequences)                                                                                                              │
│    ├── LMG_667_provirus_proteins.faa (provirus protein sequences)                                                                                                        │
│    ├── LMG_667_provirus_genes.tsv (provirus gene annotation data)                                                                                                        │
│    ├── LMG_667_provirus_taxonomy.tsv (provirus taxonomic assignment)                                                                                                     │
│    ├── LMG_667_provirus_mmseqs2.tsv (MMseqs2 output file)                                                                                                                │
│    └── LMG_667_provirus_aragorn.tsv (Aragorn output file)                                                                                                                │
╰──────────────────────────────────────────────────────────────────────────────────────────────────────────────────────────────────────────────────────────────────────────╯
[12:29:54] Executing genomad find-proviruses.                                                                                                                               
[12:29:54] Creating the LMG_667_find_proviruses directory.                                                                                                                  
[12:29:57] Integrases identified with MMseqs2 and geNomad database (v1.9) were written to LMG_667_provirus_mmseqs2.tsv.                                                     
[12:29:57] Deleting LMG_667_provirus_mmseqs2.                                                                                                                               
[12:29:57] Deleting LMG_667_provirus_mmseqs2_input.faa.                                                                                                                     
[12:29:57] tRNAs identified with Aragorn were written to LMG_667_provirus_aragorn.tsv.                                                                                      
[12:29:57] Deleting LMG_667_provirus_aragorn_input.fna.                                                                                                                     
[12:29:57] Provirus regions identified.                                                                                                                                     
[12:29:57] Provirus data was written to LMG_667_provirus.tsv.                                                                                                               
[12:29:58] Provirus nucleotide sequences were written to LMG_667_provirus.fna.                                                                                              
[12:29:58] Provirus protein sequences were written to LMG_667_provirus_proteins.faa.                                                                                        
[12:29:58] Provirus gene data was written to LMG_667_provirus_genes.tsv.                                                                                                    
[12:29:58] Taxonomic assignment data was written to LMG_667_provirus_taxonomy.tsv.                                                                                          
[12:29:58] geNomad find-proviruses finished!                                                                                                                                
