╭──────────────────────────────────────────────────────────────────────────────────────────────────────────────────────────────────────────────────────────────────────────╮
│  Executing geNomad summary (v1.11.2). This will summarize the results across modules into a classification report.                                                       │
│  ──────────────────────────────────────────────────────────────────────────────────────────────────────────────────────────────────────────────────────────────────────  │
│  Outputs:                                                                                                                                                                │
│    LMG_933_summary                                                                                                                                                       │
│    ├── LMG_933_summary.json (execution parameters)                                                                                                                       │
│    ├── LMG_933_virus_summary.tsv (virus classification summary)                                                                                                          │
│    ├── LMG_933_plasmid_summary.tsv (plasmid classification summary)                                                                                                      │
│    ├── LMG_933_virus.fna (virus nucleotide FASTA file)                                                                                                                   │
│    ├── LMG_933_plasmid.fna (plasmid nucleotide FASTA file)                                                                                                               │
│    ├── LMG_933_virus_proteins.faa (virus protein FASTA file)                                                                                                             │
│    ├── LMG_933_plasmid_proteins.faa (plasmid protein FASTA file)                                                                                                         │
│    ├── LMG_933_virus_genes.tsv (virus gene annotation data)                                                                                                              │
│    └── LMG_933_plasmid_genes.tsv (plasmid gene annotation data)                                                                                                          │
╰──────────────────────────────────────────────────────────────────────────────────────────────────────────────────────────────────────────────────────────────────────────╯
[12:35:47] Executing genomad summary.                                                                                                                                       
[12:35:47] Creating the LMG_933_summary directory.                                                                                                                          
[12:35:47] Using scores from aggregated-classification.                                                                                                                     
[12:35:47] 55 plasmid(s) and 7 virus(es) were identified.                                                                                                                   
[12:35:47] Nucleotide sequences were written to LMG_933_plasmid.fna and LMG_933_virus.fna.                                                                                  
[12:35:47] Protein sequences were written to LMG_933_plasmid_proteins.faa and LMG_933_virus_proteins.faa.                                                                   
[12:35:47] Gene annotation data was written to LMG_933_plasmid_genes.tsv and LMG_933_virus_genes.tsv.                                                                       
[12:35:47] Summary files were written to LMG_933_plasmid_summary.tsv and LMG_933_virus_summary.tsv.                                                                         
[12:35:47] geNomad summary finished!                                                                                                                                        
