╭──────────────────────────────────────────────────────────────────────────────────────────────────────────────────────────────────────────────────────────────────────────╮
│  Executing geNomad summary (v1.11.2). This will summarize the results across modules into a classification report.                                                       │
│  ──────────────────────────────────────────────────────────────────────────────────────────────────────────────────────────────────────────────────────────────────────  │
│  Outputs:                                                                                                                                                                │
│    LMG_667_summary                                                                                                                                                       │
│    ├── LMG_667_summary.json (execution parameters)                                                                                                                       │
│    ├── LMG_667_virus_summary.tsv (virus classification summary)                                                                                                          │
│    ├── LMG_667_plasmid_summary.tsv (plasmid classification summary)                                                                                                      │
│    ├── LMG_667_virus.fna (virus nucleotide FASTA file)                                                                                                                   │
│    ├── LMG_667_plasmid.fna (plasmid nucleotide FASTA file)                                                                                                               │
│    ├── LMG_667_virus_proteins.faa (virus protein FASTA file)                                                                                                             │
│    ├── LMG_667_plasmid_proteins.faa (plasmid protein FASTA file)                                                                                                         │
│    ├── LMG_667_virus_genes.tsv (virus gene annotation data)                                                                                                              │
│    └── LMG_667_plasmid_genes.tsv (plasmid gene annotation data)                                                                                                          │
╰──────────────────────────────────────────────────────────────────────────────────────────────────────────────────────────────────────────────────────────────────────────╯
[12:30:11] Executing genomad summary.                                                                                                                                       
[12:30:11] Creating the LMG_667_summary directory.                                                                                                                          
[12:30:11] Using scores from aggregated-classification.                                                                                                                     
[12:30:11] 52 plasmid(s) and 3 virus(es) were identified.                                                                                                                   
[12:30:11] Nucleotide sequences were written to LMG_667_plasmid.fna and LMG_667_virus.fna.                                                                                  
[12:30:11] Protein sequences were written to LMG_667_plasmid_proteins.faa and LMG_667_virus_proteins.faa.                                                                   
[12:30:11] Gene annotation data was written to LMG_667_plasmid_genes.tsv and LMG_667_virus_genes.tsv.                                                                       
[12:30:11] Summary files were written to LMG_667_plasmid_summary.tsv and LMG_667_virus_summary.tsv.                                                                         
[12:30:11] geNomad summary finished!                                                                                                                                        
