╭──────────────────────────────────────────────────────────────────────────────────────────────────────────────────────────────────────────────────────────────────────────╮
│  Executing geNomad summary (v1.11.2). This will summarize the results across modules into a classification report.                                                       │
│  ──────────────────────────────────────────────────────────────────────────────────────────────────────────────────────────────────────────────────────────────────────  │
│  Outputs:                                                                                                                                                                │
│    LMG_905_summary                                                                                                                                                       │
│    ├── LMG_905_summary.json (execution parameters)                                                                                                                       │
│    ├── LMG_905_virus_summary.tsv (virus classification summary)                                                                                                          │
│    ├── LMG_905_plasmid_summary.tsv (plasmid classification summary)                                                                                                      │
│    ├── LMG_905_virus.fna (virus nucleotide FASTA file)                                                                                                                   │
│    ├── LMG_905_plasmid.fna (plasmid nucleotide FASTA file)                                                                                                               │
│    ├── LMG_905_virus_proteins.faa (virus protein FASTA file)                                                                                                             │
│    ├── LMG_905_plasmid_proteins.faa (plasmid protein FASTA file)                                                                                                         │
│    ├── LMG_905_virus_genes.tsv (virus gene annotation data)                                                                                                              │
│    └── LMG_905_plasmid_genes.tsv (plasmid gene annotation data)                                                                                                          │
╰──────────────────────────────────────────────────────────────────────────────────────────────────────────────────────────────────────────────────────────────────────────╯
[12:31:25] Executing genomad summary.                                                                                                                                       
[12:31:25] Creating the LMG_905_summary directory.                                                                                                                          
[12:31:25] Using scores from aggregated-classification.                                                                                                                     
[12:31:25] 45 plasmid(s) and 4 virus(es) were identified.                                                                                                                   
[12:31:25] Nucleotide sequences were written to LMG_905_plasmid.fna and LMG_905_virus.fna.                                                                                  
[12:31:25] Protein sequences were written to LMG_905_plasmid_proteins.faa and LMG_905_virus_proteins.faa.                                                                   
[12:31:25] Gene annotation data was written to LMG_905_plasmid_genes.tsv and LMG_905_virus_genes.tsv.                                                                       
[12:31:25] Summary files were written to LMG_905_plasmid_summary.tsv and LMG_905_virus_summary.tsv.                                                                         
[12:31:25] geNomad summary finished!                                                                                                                                        
