╭──────────────────────────────────────────────────────────────────────────────────────────────────────────────────────────────────────────────────────────────────────────╮
│  Executing geNomad find-proviruses (v1.11.2). This will find putative proviral regions within the input sequences.                                                       │
│  ──────────────────────────────────────────────────────────────────────────────────────────────────────────────────────────────────────────────────────────────────────  │
│  Outputs:                                                                                                                                                                │
│    LMG_909_find_proviruses                                                                                                                                               │
│    ├── LMG_909_find_proviruses.json (execution parameters)                                                                                                               │
│    ├── LMG_909_provirus.tsv (provirus data)                                                                                                                              │
│    ├── LMG_909_provirus.fna (provirus nucleotide sequences)                                                                                                              │
│    ├── LMG_909_provirus_proteins.faa (provirus protein sequences)                                                                                                        │
│    ├── LMG_909_provirus_genes.tsv (provirus gene annotation data)                                                                                                        │
│    ├── LMG_909_provirus_taxonomy.tsv (provirus taxonomic assignment)                                                                                                     │
│    ├── LMG_909_provirus_mmseqs2.tsv (MMseqs2 output file)                                                                                                                │
│    └── LMG_909_provirus_aragorn.tsv (Aragorn output file)                                                                                                                │
╰──────────────────────────────────────────────────────────────────────────────────────────────────────────────────────────────────────────────────────────────────────────╯
[12:32:27] Executing genomad find-proviruses.                                                                                                                               
[12:32:27] Creating the LMG_909_find_proviruses directory.                                                                                                                  
[12:32:29] Integrases identified with MMseqs2 and geNomad database (v1.9) were written to LMG_909_provirus_mmseqs2.tsv.                                                     
[12:32:29] Deleting LMG_909_provirus_mmseqs2.                                                                                                                               
[12:32:29] Deleting LMG_909_provirus_mmseqs2_input.faa.                                                                                                                     
[12:32:29] tRNAs identified with Aragorn were written to LMG_909_provirus_aragorn.tsv.                                                                                      
[12:32:29] Deleting LMG_909_provirus_aragorn_input.fna.                                                                                                                     
[12:32:30] Provirus regions identified.                                                                                                                                     
[12:32:30] Provirus data was written to LMG_909_provirus.tsv.                                                                                                               
[12:32:30] Provirus nucleotide sequences were written to LMG_909_provirus.fna.                                                                                              
[12:32:30] Provirus protein sequences were written to LMG_909_provirus_proteins.faa.                                                                                        
[12:32:30] Provirus gene data was written to LMG_909_provirus_genes.tsv.                                                                                                    
[12:32:30] Taxonomic assignment data was written to LMG_909_provirus_taxonomy.tsv.                                                                                          
[12:32:30] geNomad find-proviruses finished!                                                                                                                                
