╭──────────────────────────────────────────────────────────────────────────────────────────────────────────────────────────────────────────────────────────────────────────╮
│  Executing geNomad summary (v1.11.2). This will summarize the results across modules into a classification report.                                                       │
│  ──────────────────────────────────────────────────────────────────────────────────────────────────────────────────────────────────────────────────────────────────────  │
│  Outputs:                                                                                                                                                                │
│    LMG_930_summary                                                                                                                                                       │
│    ├── LMG_930_summary.json (execution parameters)                                                                                                                       │
│    ├── LMG_930_virus_summary.tsv (virus classification summary)                                                                                                          │
│    ├── LMG_930_plasmid_summary.tsv (plasmid classification summary)                                                                                                      │
│    ├── LMG_930_virus.fna (virus nucleotide FASTA file)                                                                                                                   │
│    ├── LMG_930_plasmid.fna (plasmid nucleotide FASTA file)                                                                                                               │
│    ├── LMG_930_virus_proteins.faa (virus protein FASTA file)                                                                                                             │
│    ├── LMG_930_plasmid_proteins.faa (plasmid protein FASTA file)                                                                                                         │
│    ├── LMG_930_virus_genes.tsv (virus gene annotation data)                                                                                                              │
│    └── LMG_930_plasmid_genes.tsv (plasmid gene annotation data)                                                                                                          │
╰──────────────────────────────────────────────────────────────────────────────────────────────────────────────────────────────────────────────────────────────────────────╯
[12:34:33] Executing genomad summary.                                                                                                                                       
[12:34:33] Creating the LMG_930_summary directory.                                                                                                                          
[12:34:33] Using scores from aggregated-classification.                                                                                                                     
[12:34:33] 4 plasmid(s) and 1 virus(es) were identified.                                                                                                                    
[12:34:33] Nucleotide sequences were written to LMG_930_plasmid.fna and LMG_930_virus.fna.                                                                                  
[12:34:33] Protein sequences were written to LMG_930_plasmid_proteins.faa and LMG_930_virus_proteins.faa.                                                                   
[12:34:33] Gene annotation data was written to LMG_930_plasmid_genes.tsv and LMG_930_virus_genes.tsv.                                                                       
[12:34:33] Summary files were written to LMG_930_plasmid_summary.tsv and LMG_930_virus_summary.tsv.                                                                         
[12:34:33] geNomad summary finished!                                                                                                                                        
