╭──────────────────────────────────────────────────────────────────────────────────────────────────────────────────────────────────────────────────────────────────────────╮
│  Executing geNomad nn-classification (v1.11.2). This will classify the input sequences into chromosome, plasmid, or virus based on the nucleotide sequence.              │
│  ──────────────────────────────────────────────────────────────────────────────────────────────────────────────────────────────────────────────────────────────────────  │
│  Outputs:                                                                                                                                                                │
│    LMG_909_nn_classification                                                                                                                                             │
│    ├── LMG_909_nn_classification.json (execution parameters)                                                                                                             │
│    ├── LMG_909_encoded_sequences (directory containing encoded sequence data)                                                                                            │
│    ├── LMG_909_nn_classification.tsv (contig classification: tabular format)                                                                                             │
│    ├── LMG_909_nn_classification.npz (contig classification: binary format)                                                                                              │
│    ├── LMG_909_encoded_proviruses (directory containing encoded sequence data)                                                                                           │
│    ├── LMG_909_provirus_nn_classification.tsv (provirus classification: tabular format)                                                                                  │
│    └── LMG_909_provirus_nn_classification.npz (provirus classification: binary format)                                                                                   │
╰──────────────────────────────────────────────────────────────────────────────────────────────────────────────────────────────────────────────────────────────────────────╯
[12:32:33] Executing genomad nn-classification.                                                                                                                             
[12:32:33] Creating the LMG_909_nn_classification directory.                                                                                                                
[12:32:33] Creating the LMG_909_nn_classification/LMG_909_encoded_sequences directory.                                                                                      
[12:32:34] Encoded sequence data written to LMG_909_encoded_sequences.                                                                                                      
[12:32:34] Creating the LMG_909_nn_classification/LMG_909_encoded_proviruses directory.                                                                                     
[12:32:34] Encoded provirus data written to LMG_909_encoded_proviruses.                                                                                                     
[12:32:40] Sequences classified.                                                                                                                                            
[12:32:40] Sequence classification in binary format written to LMG_909_nn_classification.npz.                                                                               
[12:32:40] Deleting encoded sequence data.                                                                                                                                  
[12:32:40] Sequence classification in tabular format written to LMG_909_nn_classification.tsv.                                                                              
[12:32:42] Proviruses classified.                                                                                                                                           
[12:32:42] Provirus classification in binary format written to LMG_909_provirus_nn_classification.npz.                                                                      
[12:32:42] Deleting encoded provirus data.                                                                                                                                  
[12:32:42] Provirus classification in tabular format written to LMG_909_provirus_nn_classification.tsv.                                                                     
[12:32:42] geNomad nn-classification finished!                                                                                                                              
