╭──────────────────────────────────────────────────────────────────────────────────────────────────────────────────────────────────────────────────────────────────────────╮
│  Executing geNomad find-proviruses (v1.11.2). This will find putative proviral regions within the input sequences.                                                       │
│  ──────────────────────────────────────────────────────────────────────────────────────────────────────────────────────────────────────────────────────────────────────  │
│  Outputs:                                                                                                                                                                │
│    LMG_905_find_proviruses                                                                                                                                               │
│    ├── LMG_905_find_proviruses.json (execution parameters)                                                                                                               │
│    ├── LMG_905_provirus.tsv (provirus data)                                                                                                                              │
│    ├── LMG_905_provirus.fna (provirus nucleotide sequences)                                                                                                              │
│    ├── LMG_905_provirus_proteins.faa (provirus protein sequences)                                                                                                        │
│    ├── LMG_905_provirus_genes.tsv (provirus gene annotation data)                                                                                                        │
│    ├── LMG_905_provirus_taxonomy.tsv (provirus taxonomic assignment)                                                                                                     │
│    ├── LMG_905_provirus_mmseqs2.tsv (MMseqs2 output file)                                                                                                                │
│    └── LMG_905_provirus_aragorn.tsv (Aragorn output file)                                                                                                                │
╰──────────────────────────────────────────────────────────────────────────────────────────────────────────────────────────────────────────────────────────────────────────╯
[12:31:12] Executing genomad find-proviruses.                                                                                                                               
[12:31:12] Creating the LMG_905_find_proviruses directory.                                                                                                                  
[12:31:14] Integrases identified with MMseqs2 and geNomad database (v1.9) were written to LMG_905_provirus_mmseqs2.tsv.                                                     
[12:31:14] Deleting LMG_905_provirus_mmseqs2.                                                                                                                               
[12:31:14] Deleting LMG_905_provirus_mmseqs2_input.faa.                                                                                                                     
[12:31:15] tRNAs identified with Aragorn were written to LMG_905_provirus_aragorn.tsv.                                                                                      
[12:31:15] Deleting LMG_905_provirus_aragorn_input.fna.                                                                                                                     
[12:31:15] Provirus regions identified.                                                                                                                                     
[12:31:15] Provirus data was written to LMG_905_provirus.tsv.                                                                                                               
[12:31:15] Provirus nucleotide sequences were written to LMG_905_provirus.fna.                                                                                              
[12:31:15] Provirus protein sequences were written to LMG_905_provirus_proteins.faa.                                                                                        
[12:31:15] Provirus gene data was written to LMG_905_provirus_genes.tsv.                                                                                                    
[12:31:15] Taxonomic assignment data was written to LMG_905_provirus_taxonomy.tsv.                                                                                          
[12:31:15] geNomad find-proviruses finished!                                                                                                                                
