╭──────────────────────────────────────────────────────────────────────────────────────────────────────────────────────────────────────────────────────────────────────────╮
│  Executing geNomad find-proviruses (v1.11.2). This will find putative proviral regions within the input sequences.                                                       │
│  ──────────────────────────────────────────────────────────────────────────────────────────────────────────────────────────────────────────────────────────────────────  │
│  Outputs:                                                                                                                                                                │
│    LMG_27970_find_proviruses                                                                                                                                             │
│    ├── LMG_27970_find_proviruses.json (execution parameters)                                                                                                             │
│    ├── LMG_27970_provirus.tsv (provirus data)                                                                                                                            │
│    ├── LMG_27970_provirus.fna (provirus nucleotide sequences)                                                                                                            │
│    ├── LMG_27970_provirus_proteins.faa (provirus protein sequences)                                                                                                      │
│    ├── LMG_27970_provirus_genes.tsv (provirus gene annotation data)                                                                                                      │
│    ├── LMG_27970_provirus_taxonomy.tsv (provirus taxonomic assignment)                                                                                                   │
│    ├── LMG_27970_provirus_mmseqs2.tsv (MMseqs2 output file)                                                                                                              │
│    └── LMG_27970_provirus_aragorn.tsv (Aragorn output file)                                                                                                              │
╰──────────────────────────────────────────────────────────────────────────────────────────────────────────────────────────────────────────────────────────────────────────╯
[12:28:35] Executing genomad find-proviruses.                                                                                                                               
[12:28:35] Creating the LMG_27970_find_proviruses directory.                                                                                                                
[12:28:37] Integrases identified with MMseqs2 and geNomad database (v1.9) were written to LMG_27970_provirus_mmseqs2.tsv.                                                   
[12:28:37] Deleting LMG_27970_provirus_mmseqs2.                                                                                                                             
[12:28:37] Deleting LMG_27970_provirus_mmseqs2_input.faa.                                                                                                                   
[12:28:37] tRNAs identified with Aragorn were written to LMG_27970_provirus_aragorn.tsv.                                                                                    
[12:28:37] Deleting LMG_27970_provirus_aragorn_input.fna.                                                                                                                   
[12:28:38] Provirus regions identified.                                                                                                                                     
[12:28:38] Provirus data was written to LMG_27970_provirus.tsv.                                                                                                             
[12:28:38] Provirus nucleotide sequences were written to LMG_27970_provirus.fna.                                                                                            
[12:28:38] Provirus protein sequences were written to LMG_27970_provirus_proteins.faa.                                                                                      
[12:28:38] Provirus gene data was written to LMG_27970_provirus_genes.tsv.                                                                                                  
[12:28:38] Taxonomic assignment data was written to LMG_27970_provirus_taxonomy.tsv.                                                                                        
[12:28:38] geNomad find-proviruses finished!                                                                                                                                
