╭──────────────────────────────────────────────────────────────────────────────────────────────────────────────────────────────────────────────────────────────────────────╮
│  Executing geNomad find-proviruses (v1.11.2). This will find putative proviral regions within the input sequences.                                                       │
│  ──────────────────────────────────────────────────────────────────────────────────────────────────────────────────────────────────────────────────────────────────────  │
│  Outputs:                                                                                                                                                                │
│    Ps-1_find_proviruses                                                                                                                                                  │
│    ├── Ps-1_find_proviruses.json (execution parameters)                                                                                                                  │
│    ├── Ps-1_provirus.tsv (provirus data)                                                                                                                                 │
│    ├── Ps-1_provirus.fna (provirus nucleotide sequences)                                                                                                                 │
│    ├── Ps-1_provirus_proteins.faa (provirus protein sequences)                                                                                                           │
│    ├── Ps-1_provirus_genes.tsv (provirus gene annotation data)                                                                                                           │
│    ├── Ps-1_provirus_taxonomy.tsv (provirus taxonomic assignment)                                                                                                        │
│    ├── Ps-1_provirus_mmseqs2.tsv (MMseqs2 output file)                                                                                                                   │
│    └── Ps-1_provirus_aragorn.tsv (Aragorn output file)                                                                                                                   │
╰──────────────────────────────────────────────────────────────────────────────────────────────────────────────────────────────────────────────────────────────────────────╯
[12:36:46] Executing genomad find-proviruses.                                                                                                                               
[12:36:46] Creating the Ps-1_find_proviruses directory.                                                                                                                     
[12:36:48] Integrases identified with MMseqs2 and geNomad database (v1.9) were written to Ps-1_provirus_mmseqs2.tsv.                                                        
[12:36:48] Deleting Ps-1_provirus_mmseqs2.                                                                                                                                  
[12:36:48] Deleting Ps-1_provirus_mmseqs2_input.faa.                                                                                                                        
[12:36:49] tRNAs identified with Aragorn were written to Ps-1_provirus_aragorn.tsv.                                                                                         
[12:36:49] Deleting Ps-1_provirus_aragorn_input.fna.                                                                                                                        
[12:36:50] Provirus regions identified.                                                                                                                                     
[12:36:50] Provirus data was written to Ps-1_provirus.tsv.                                                                                                                  
[12:36:50] Provirus nucleotide sequences were written to Ps-1_provirus.fna.                                                                                                 
[12:36:50] Provirus protein sequences were written to Ps-1_provirus_proteins.faa.                                                                                           
[12:36:50] Provirus gene data was written to Ps-1_provirus_genes.tsv.                                                                                                       
[12:36:50] Taxonomic assignment data was written to Ps-1_provirus_taxonomy.tsv.                                                                                             
[12:36:50] geNomad find-proviruses finished!                                                                                                                                
