╭──────────────────────────────────────────────────────────────────────────────────────────────────────────────────────────────────────────────────────────────────────────╮
│  Executing geNomad summary (v1.11.2). This will summarize the results across modules into a classification report.                                                       │
│  ──────────────────────────────────────────────────────────────────────────────────────────────────────────────────────────────────────────────────────────────────────  │
│  Outputs:                                                                                                                                                                │
│    Ps-1_summary                                                                                                                                                          │
│    ├── Ps-1_summary.json (execution parameters)                                                                                                                          │
│    ├── Ps-1_virus_summary.tsv (virus classification summary)                                                                                                             │
│    ├── Ps-1_plasmid_summary.tsv (plasmid classification summary)                                                                                                         │
│    ├── Ps-1_virus.fna (virus nucleotide FASTA file)                                                                                                                      │
│    ├── Ps-1_plasmid.fna (plasmid nucleotide FASTA file)                                                                                                                  │
│    ├── Ps-1_virus_proteins.faa (virus protein FASTA file)                                                                                                                │
│    ├── Ps-1_plasmid_proteins.faa (plasmid protein FASTA file)                                                                                                            │
│    ├── Ps-1_virus_genes.tsv (virus gene annotation data)                                                                                                                 │
│    └── Ps-1_plasmid_genes.tsv (plasmid gene annotation data)                                                                                                             │
╰──────────────────────────────────────────────────────────────────────────────────────────────────────────────────────────────────────────────────────────────────────────╯
[12:37:03] Executing genomad summary.                                                                                                                                       
[12:37:03] Creating the Ps-1_summary directory.                                                                                                                             
[12:37:03] Using scores from aggregated-classification.                                                                                                                     
[12:37:03] 17 plasmid(s) and 1 virus(es) were identified.                                                                                                                   
[12:37:03] Nucleotide sequences were written to Ps-1_plasmid.fna and Ps-1_virus.fna.                                                                                        
[12:37:03] Protein sequences were written to Ps-1_plasmid_proteins.faa and Ps-1_virus_proteins.faa.                                                                         
[12:37:03] Gene annotation data was written to Ps-1_plasmid_genes.tsv and Ps-1_virus_genes.tsv.                                                                             
[12:37:03] Summary files were written to Ps-1_plasmid_summary.tsv and Ps-1_virus_summary.tsv.                                                                               
[12:37:03] geNomad summary finished!                                                                                                                                        
