╭──────────────────────────────────────────────────────────────────────────────────────────────────────────────────────────────────────────────────────────────────────────╮
│  Executing geNomad aggregated-classification (v1.11.2). This will aggregate the results of the marker-classification and nn-classification modules to classify the       │
│  input sequences into chromosome, plasmid, or virus.                                                                                                                     │
│  ──────────────────────────────────────────────────────────────────────────────────────────────────────────────────────────────────────────────────────────────────────  │
│  Outputs:                                                                                                                                                                │
│    Ps-1_aggregated_classification                                                                                                                                        │
│    ├── Ps-1_aggregated_classification.json (execution parameters)                                                                                                        │
│    ├── Ps-1_aggregated_classification.tsv (sequence classification: tabular format)                                                                                      │
│    ├── Ps-1_aggregated_classification.npz (sequence classification: binary format)                                                                                       │
│    ├── Ps-1_provirus_aggregated_classification.tsv (provirus classification: tabular format)                                                                             │
│    └── Ps-1_provirus_aggregated_classification.npz (provirus classification: binary format)                                                                              │
╰──────────────────────────────────────────────────────────────────────────────────────────────────────────────────────────────────────────────────────────────────────────╯
[12:37:03] Executing genomad aggregated-classification.                                                                                                                     
[12:37:03] Creating the Ps-1_aggregated_classification directory.                                                                                                           
[12:37:03] The total marker frequencies of the input sequences were computed.                                                                                               
[12:37:03] Sequences classified.                                                                                                                                            
[12:37:03] Sequence classification in binary format written to Ps-1_aggregated_classification.npz.                                                                          
[12:37:03] Sequence classification in tabular format written to Ps-1_aggregated_classification.tsv.                                                                         
[12:37:03] Proviruses classified.                                                                                                                                           
[12:37:03] Provirus classification in binary format written to Ps-1_provirus_aggregated_classification.npz.                                                                 
[12:37:03] Provirus classification in tabular format written to Ps-1_provirus_aggregated_classification.tsv.                                                                
[12:37:03] geNomad aggregated-classification finished!                                                                                                                      
