╭──────────────────────────────────────────────────────────────────────────────────────────────────────────────────────────────────────────────────────────────────────────╮
│  Executing geNomad marker-classification (v1.11.2). This will classify the input sequences into chromosome, plasmid, or virus based on the presence of geNomad markers   │
│  and other gene-related features.                                                                                                                                        │
│  ──────────────────────────────────────────────────────────────────────────────────────────────────────────────────────────────────────────────────────────────────────  │
│  Outputs:                                                                                                                                                                │
│    Ps-1_marker_classification                                                                                                                                            │
│    ├── Ps-1_marker_classification.json (execution parameters)                                                                                                            │
│    ├── Ps-1_features.tsv (sequence feature data: tabular format)                                                                                                         │
│    ├── Ps-1_features.npz (sequence feature data: binary format)                                                                                                          │
│    ├── Ps-1_marker_classification.tsv (sequence classification: tabular format)                                                                                          │
│    ├── Ps-1_marker_classification.npz (sequence classification: binary format)                                                                                           │
│    ├── Ps-1_provirus_features.tsv (provirus feature data: tabular format)                                                                                                │
│    ├── Ps-1_provirus_features.npz (provirus feature data: binary format)                                                                                                 │
│    ├── Ps-1_provirus_marker_classification.tsv (provirus classification: tabular format)                                                                                 │
│    └── Ps-1_provirus_marker_classification.npz (provirus classification: binary format)                                                                                  │
╰──────────────────────────────────────────────────────────────────────────────────────────────────────────────────────────────────────────────────────────────────────────╯
[12:36:50] Executing genomad marker-classification.                                                                                                                         
[12:36:50] Creating the Ps-1_marker_classification directory.                                                                                                               
[12:36:50] Sequence features computed.                                                                                                                                      
[12:36:50] Sequence features in binary format written to Ps-1_features.npz.                                                                                                 
[12:36:50] Sequence features in tabular format written to Ps-1_features.tsv.                                                                                                
[12:36:51] Provirus features computed.                                                                                                                                      
[12:36:51] Provirus features in binary format written to Ps-1_provirus_features.npz.                                                                                        
[12:36:51] Provirus features in tabular format written to Ps-1_provirus_features.tsv.                                                                                       
[12:36:51] Sequences classified.                                                                                                                                            
[12:36:51] Sequence classification in binary format written to Ps-1_marker_classification.npz.                                                                              
[12:36:51] Sequence classification in tabular format written to Ps-1_marker_classification.tsv.                                                                             
[12:36:51] Proviruses classified.                                                                                                                                           
[12:36:51] Provirus classification in binary format written to Ps-1_provirus_marker_classification.npz.                                                                     
[12:36:51] Provirus classification in tabular format written to Ps-1_provirus_marker_classification.tsv.                                                                    
[12:36:51] geNomad marker-classification finished!                                                                                                                          
