╭──────────────────────────────────────────────────────────────────────────────────────────────────────────────────────────────────────────────────────────────────────────╮
│  Executing geNomad nn-classification (v1.11.2). This will classify the input sequences into chromosome, plasmid, or virus based on the nucleotide sequence.              │
│  ──────────────────────────────────────────────────────────────────────────────────────────────────────────────────────────────────────────────────────────────────────  │
│  Outputs:                                                                                                                                                                │
│    Ps-1_nn_classification                                                                                                                                                │
│    ├── Ps-1_nn_classification.json (execution parameters)                                                                                                                │
│    ├── Ps-1_encoded_sequences (directory containing encoded sequence data)                                                                                               │
│    ├── Ps-1_nn_classification.tsv (contig classification: tabular format)                                                                                                │
│    ├── Ps-1_nn_classification.npz (contig classification: binary format)                                                                                                 │
│    ├── Ps-1_encoded_proviruses (directory containing encoded sequence data)                                                                                              │
│    ├── Ps-1_provirus_nn_classification.tsv (provirus classification: tabular format)                                                                                     │
│    └── Ps-1_provirus_nn_classification.npz (provirus classification: binary format)                                                                                      │
╰──────────────────────────────────────────────────────────────────────────────────────────────────────────────────────────────────────────────────────────────────────────╯
[12:36:53] Executing genomad nn-classification.                                                                                                                             
[12:36:53] Creating the Ps-1_nn_classification directory.                                                                                                                   
[12:36:53] Creating the Ps-1_nn_classification/Ps-1_encoded_sequences directory.                                                                                            
[12:36:54] Encoded sequence data written to Ps-1_encoded_sequences.                                                                                                         
[12:36:54] Creating the Ps-1_nn_classification/Ps-1_encoded_proviruses directory.                                                                                           
[12:36:54] Encoded provirus data written to Ps-1_encoded_proviruses.                                                                                                        
[12:37:00] Sequences classified.                                                                                                                                            
[12:37:00] Sequence classification in binary format written to Ps-1_nn_classification.npz.                                                                                  
[12:37:00] Deleting encoded sequence data.                                                                                                                                  
[12:37:00] Sequence classification in tabular format written to Ps-1_nn_classification.tsv.                                                                                 
[12:37:03] Proviruses classified.                                                                                                                                           
[12:37:03] Provirus classification in binary format written to Ps-1_provirus_nn_classification.npz.                                                                         
[12:37:03] Deleting encoded provirus data.                                                                                                                                  
[12:37:03] Provirus classification in tabular format written to Ps-1_provirus_nn_classification.tsv.                                                                        
[12:37:03] geNomad nn-classification finished!                                                                                                                              
