╭──────────────────────────────────────────────────────────────────────────────────────────────────────────────────────────────────────────────────────────────────────────╮
│  Executing geNomad aggregated-classification (v1.11.2). This will aggregate the results of the marker-classification and nn-classification modules to classify the       │
│  input sequences into chromosome, plasmid, or virus.                                                                                                                     │
│  ──────────────────────────────────────────────────────────────────────────────────────────────────────────────────────────────────────────────────────────────────────  │
│  Outputs:                                                                                                                                                                │
│    Ps-7_aggregated_classification                                                                                                                                        │
│    ├── Ps-7_aggregated_classification.json (execution parameters)                                                                                                        │
│    ├── Ps-7_aggregated_classification.tsv (sequence classification: tabular format)                                                                                      │
│    ├── Ps-7_aggregated_classification.npz (sequence classification: binary format)                                                                                       │
│    ├── Ps-7_provirus_aggregated_classification.tsv (provirus classification: tabular format)                                                                             │
│    └── Ps-7_provirus_aggregated_classification.npz (provirus classification: binary format)                                                                              │
╰──────────────────────────────────────────────────────────────────────────────────────────────────────────────────────────────────────────────────────────────────────────╯
[12:38:20] Executing genomad aggregated-classification.                                                                                                                     
[12:38:20] Creating the Ps-7_aggregated_classification directory.                                                                                                           
[12:38:20] The total marker frequencies of the input sequences were computed.                                                                                               
[12:38:20] Sequences classified.                                                                                                                                            
[12:38:20] Sequence classification in binary format written to Ps-7_aggregated_classification.npz.                                                                          
[12:38:20] Sequence classification in tabular format written to Ps-7_aggregated_classification.tsv.                                                                         
[12:38:20] Proviruses classified.                                                                                                                                           
[12:38:20] Provirus classification in binary format written to Ps-7_provirus_aggregated_classification.npz.                                                                 
[12:38:20] Provirus classification in tabular format written to Ps-7_provirus_aggregated_classification.tsv.                                                                
[12:38:20] geNomad aggregated-classification finished!                                                                                                                      
