╭──────────────────────────────────────────────────────────────────────────────────────────────────────────────────────────────────────────────────────────────────────────╮
│  Executing geNomad find-proviruses (v1.11.2). This will find putative proviral regions within the input sequences.                                                       │
│  ──────────────────────────────────────────────────────────────────────────────────────────────────────────────────────────────────────────────────────────────────────  │
│  Outputs:                                                                                                                                                                │
│    Ps-7_find_proviruses                                                                                                                                                  │
│    ├── Ps-7_find_proviruses.json (execution parameters)                                                                                                                  │
│    ├── Ps-7_provirus.tsv (provirus data)                                                                                                                                 │
│    ├── Ps-7_provirus.fna (provirus nucleotide sequences)                                                                                                                 │
│    ├── Ps-7_provirus_proteins.faa (provirus protein sequences)                                                                                                           │
│    ├── Ps-7_provirus_genes.tsv (provirus gene annotation data)                                                                                                           │
│    ├── Ps-7_provirus_taxonomy.tsv (provirus taxonomic assignment)                                                                                                        │
│    ├── Ps-7_provirus_mmseqs2.tsv (MMseqs2 output file)                                                                                                                   │
│    └── Ps-7_provirus_aragorn.tsv (Aragorn output file)                                                                                                                   │
╰──────────────────────────────────────────────────────────────────────────────────────────────────────────────────────────────────────────────────────────────────────────╯
[12:38:03] Executing genomad find-proviruses.                                                                                                                               
[12:38:03] Creating the Ps-7_find_proviruses directory.                                                                                                                     
[12:38:05] Integrases identified with MMseqs2 and geNomad database (v1.9) were written to Ps-7_provirus_mmseqs2.tsv.                                                        
[12:38:05] Deleting Ps-7_provirus_mmseqs2.                                                                                                                                  
[12:38:05] Deleting Ps-7_provirus_mmseqs2_input.faa.                                                                                                                        
[12:38:06] tRNAs identified with Aragorn were written to Ps-7_provirus_aragorn.tsv.                                                                                         
[12:38:06] Deleting Ps-7_provirus_aragorn_input.fna.                                                                                                                        
[12:38:06] Provirus regions identified.                                                                                                                                     
[12:38:06] Provirus data was written to Ps-7_provirus.tsv.                                                                                                                  
[12:38:06] Provirus nucleotide sequences were written to Ps-7_provirus.fna.                                                                                                 
[12:38:06] Provirus protein sequences were written to Ps-7_provirus_proteins.faa.                                                                                           
[12:38:06] Provirus gene data was written to Ps-7_provirus_genes.tsv.                                                                                                       
[12:38:07] Taxonomic assignment data was written to Ps-7_provirus_taxonomy.tsv.                                                                                             
[12:38:07] geNomad find-proviruses finished!                                                                                                                                
