╭──────────────────────────────────────────────────────────────────────────────────────────────────────────────────────────────────────────────────────────────────────────╮
│  Executing geNomad aggregated-classification (v1.11.2). This will aggregate the results of the marker-classification and nn-classification modules to classify the       │
│  input sequences into chromosome, plasmid, or virus.                                                                                                                     │
│  ──────────────────────────────────────────────────────────────────────────────────────────────────────────────────────────────────────────────────────────────────────  │
│  Outputs:                                                                                                                                                                │
│    Tabasco1_aggregated_classification                                                                                                                                    │
│    ├── Tabasco1_aggregated_classification.json (execution parameters)                                                                                                    │
│    ├── Tabasco1_aggregated_classification.tsv (sequence classification: tabular format)                                                                                  │
│    ├── Tabasco1_aggregated_classification.npz (sequence classification: binary format)                                                                                   │
│    ├── Tabasco1_provirus_aggregated_classification.tsv (provirus classification: tabular format)                                                                         │
│    └── Tabasco1_provirus_aggregated_classification.npz (provirus classification: binary format)                                                                          │
╰──────────────────────────────────────────────────────────────────────────────────────────────────────────────────────────────────────────────────────────────────────────╯
[12:39:37] Executing genomad aggregated-classification.                                                                                                                     
[12:39:37] Creating the Tabasco1_aggregated_classification directory.                                                                                                       
[12:39:37] The total marker frequencies of the input sequences were computed.                                                                                               
[12:39:37] Sequences classified.                                                                                                                                            
[12:39:37] Sequence classification in binary format written to Tabasco1_aggregated_classification.npz.                                                                      
[12:39:37] Sequence classification in tabular format written to Tabasco1_aggregated_classification.tsv.                                                                     
[12:39:37] Proviruses classified.                                                                                                                                           
[12:39:37] Provirus classification in binary format written to Tabasco1_provirus_aggregated_classification.npz.                                                             
[12:39:37] Provirus classification in tabular format written to Tabasco1_provirus_aggregated_classification.tsv.                                                            
[12:39:37] geNomad aggregated-classification finished!                                                                                                                      
