╭──────────────────────────────────────────────────────────────────────────────────────────────────────────────────────────────────────────────────────────────────────────╮
│  Executing geNomad nn-classification (v1.11.2). This will classify the input sequences into chromosome, plasmid, or virus based on the nucleotide sequence.              │
│  ──────────────────────────────────────────────────────────────────────────────────────────────────────────────────────────────────────────────────────────────────────  │
│  Outputs:                                                                                                                                                                │
│    Tabasco1_nn_classification                                                                                                                                            │
│    ├── Tabasco1_nn_classification.json (execution parameters)                                                                                                            │
│    ├── Tabasco1_encoded_sequences (directory containing encoded sequence data)                                                                                           │
│    ├── Tabasco1_nn_classification.tsv (contig classification: tabular format)                                                                                            │
│    ├── Tabasco1_nn_classification.npz (contig classification: binary format)                                                                                             │
│    ├── Tabasco1_encoded_proviruses (directory containing encoded sequence data)                                                                                          │
│    ├── Tabasco1_provirus_nn_classification.tsv (provirus classification: tabular format)                                                                                 │
│    └── Tabasco1_provirus_nn_classification.npz (provirus classification: binary format)                                                                                  │
╰──────────────────────────────────────────────────────────────────────────────────────────────────────────────────────────────────────────────────────────────────────────╯
[12:39:27] Executing genomad nn-classification.                                                                                                                             
[12:39:27] Creating the Tabasco1_nn_classification directory.                                                                                                               
[12:39:27] Creating the Tabasco1_nn_classification/Tabasco1_encoded_sequences directory.                                                                                    
[12:39:28] Encoded sequence data written to Tabasco1_encoded_sequences.                                                                                                     
[12:39:28] Creating the Tabasco1_nn_classification/Tabasco1_encoded_proviruses directory.                                                                                   
[12:39:28] Encoded provirus data written to Tabasco1_encoded_proviruses.                                                                                                    
[12:39:34] Sequences classified.                                                                                                                                            
[12:39:34] Sequence classification in binary format written to Tabasco1_nn_classification.npz.                                                                              
[12:39:34] Deleting encoded sequence data.                                                                                                                                  
[12:39:34] Sequence classification in tabular format written to Tabasco1_nn_classification.tsv.                                                                             
[12:39:37] Proviruses classified.                                                                                                                                           
[12:39:37] Provirus classification in binary format written to Tabasco1_provirus_nn_classification.npz.                                                                     
[12:39:37] Deleting encoded provirus data.                                                                                                                                  
[12:39:37] Provirus classification in tabular format written to Tabasco1_provirus_nn_classification.tsv.                                                                    
[12:39:37] geNomad nn-classification finished!                                                                                                                              
