╭──────────────────────────────────────────────────────────────────────────────────────────────────────────────────────────────────────────────────────────────────────────╮
│  Executing geNomad marker-classification (v1.11.2). This will classify the input sequences into chromosome, plasmid, or virus based on the presence of geNomad markers   │
│  and other gene-related features.                                                                                                                                        │
│  ──────────────────────────────────────────────────────────────────────────────────────────────────────────────────────────────────────────────────────────────────────  │
│  Outputs:                                                                                                                                                                │
│    Tabasco1_marker_classification                                                                                                                                        │
│    ├── Tabasco1_marker_classification.json (execution parameters)                                                                                                        │
│    ├── Tabasco1_features.tsv (sequence feature data: tabular format)                                                                                                     │
│    ├── Tabasco1_features.npz (sequence feature data: binary format)                                                                                                      │
│    ├── Tabasco1_marker_classification.tsv (sequence classification: tabular format)                                                                                      │
│    ├── Tabasco1_marker_classification.npz (sequence classification: binary format)                                                                                       │
│    ├── Tabasco1_provirus_features.tsv (provirus feature data: tabular format)                                                                                            │
│    ├── Tabasco1_provirus_features.npz (provirus feature data: binary format)                                                                                             │
│    ├── Tabasco1_provirus_marker_classification.tsv (provirus classification: tabular format)                                                                             │
│    └── Tabasco1_provirus_marker_classification.npz (provirus classification: binary format)                                                                              │
╰──────────────────────────────────────────────────────────────────────────────────────────────────────────────────────────────────────────────────────────────────────────╯
[12:39:24] Executing genomad marker-classification.                                                                                                                         
[12:39:24] Creating the Tabasco1_marker_classification directory.                                                                                                           
[12:39:24] Sequence features computed.                                                                                                                                      
[12:39:24] Sequence features in binary format written to Tabasco1_features.npz.                                                                                             
[12:39:24] Sequence features in tabular format written to Tabasco1_features.tsv.                                                                                            
[12:39:25] Provirus features computed.                                                                                                                                      
[12:39:25] Provirus features in binary format written to Tabasco1_provirus_features.npz.                                                                                    
[12:39:25] Provirus features in tabular format written to Tabasco1_provirus_features.tsv.                                                                                   
[12:39:25] Sequences classified.                                                                                                                                            
[12:39:25] Sequence classification in binary format written to Tabasco1_marker_classification.npz.                                                                          
[12:39:25] Sequence classification in tabular format written to Tabasco1_marker_classification.tsv.                                                                         
[12:39:25] Proviruses classified.                                                                                                                                           
[12:39:25] Provirus classification in binary format written to Tabasco1_provirus_marker_classification.npz.                                                                 
[12:39:25] Provirus classification in tabular format written to Tabasco1_provirus_marker_classification.tsv.                                                                
[12:39:25] geNomad marker-classification finished!                                                                                                                          
