╭──────────────────────────────────────────────────────────────────────────────────────────────────────────────────────────────────────────────────────────────────────────╮
│  Executing geNomad nn-classification (v1.11.2). This will classify the input sequences into chromosome, plasmid, or virus based on the nucleotide sequence.              │
│  ──────────────────────────────────────────────────────────────────────────────────────────────────────────────────────────────────────────────────────────────────────  │
│  Outputs:                                                                                                                                                                │
│    Tu-06_nn_classification                                                                                                                                               │
│    ├── Tu-06_nn_classification.json (execution parameters)                                                                                                               │
│    ├── Tu-06_encoded_sequences (directory containing encoded sequence data)                                                                                              │
│    ├── Tu-06_nn_classification.tsv (contig classification: tabular format)                                                                                               │
│    ├── Tu-06_nn_classification.npz (contig classification: binary format)                                                                                                │
│    ├── Tu-06_encoded_proviruses (directory containing encoded sequence data)                                                                                             │
│    ├── Tu-06_provirus_nn_classification.tsv (provirus classification: tabular format)                                                                                    │
│    └── Tu-06_provirus_nn_classification.npz (provirus classification: binary format)                                                                                     │
╰──────────────────────────────────────────────────────────────────────────────────────────────────────────────────────────────────────────────────────────────────────────╯
[12:40:44] Executing genomad nn-classification.                                                                                                                             
[12:40:44] Creating the Tu-06_nn_classification directory.                                                                                                                  
[12:40:44] Creating the Tu-06_nn_classification/Tu-06_encoded_sequences directory.                                                                                          
[12:40:45] Encoded sequence data written to Tu-06_encoded_sequences.                                                                                                        
[12:40:45] Creating the Tu-06_nn_classification/Tu-06_encoded_proviruses directory.                                                                                         
[12:40:45] Encoded provirus data written to Tu-06_encoded_proviruses.                                                                                                       
[12:40:51] Sequences classified.                                                                                                                                            
[12:40:51] Sequence classification in binary format written to Tu-06_nn_classification.npz.                                                                                 
[12:40:51] Deleting encoded sequence data.                                                                                                                                  
[12:40:51] Sequence classification in tabular format written to Tu-06_nn_classification.tsv.                                                                                
[12:40:53] Proviruses classified.                                                                                                                                           
[12:40:53] Provirus classification in binary format written to Tu-06_provirus_nn_classification.npz.                                                                        
[12:40:53] Deleting encoded provirus data.                                                                                                                                  
[12:40:53] Provirus classification in tabular format written to Tu-06_provirus_nn_classification.tsv.                                                                       
[12:40:53] geNomad nn-classification finished!                                                                                                                              
