╭──────────────────────────────────────────────────────────────────────────────────────────────────────────────────────────────────────────────────────────────────────────╮
│  Executing geNomad find-proviruses (v1.11.2). This will find putative proviral regions within the input sequences.                                                       │
│  ──────────────────────────────────────────────────────────────────────────────────────────────────────────────────────────────────────────────────────────────────────  │
│  Outputs:                                                                                                                                                                │
│    Tu-06_find_proviruses                                                                                                                                                 │
│    ├── Tu-06_find_proviruses.json (execution parameters)                                                                                                                 │
│    ├── Tu-06_provirus.tsv (provirus data)                                                                                                                                │
│    ├── Tu-06_provirus.fna (provirus nucleotide sequences)                                                                                                                │
│    ├── Tu-06_provirus_proteins.faa (provirus protein sequences)                                                                                                          │
│    ├── Tu-06_provirus_genes.tsv (provirus gene annotation data)                                                                                                          │
│    ├── Tu-06_provirus_taxonomy.tsv (provirus taxonomic assignment)                                                                                                       │
│    ├── Tu-06_provirus_mmseqs2.tsv (MMseqs2 output file)                                                                                                                  │
│    └── Tu-06_provirus_aragorn.tsv (Aragorn output file)                                                                                                                  │
╰──────────────────────────────────────────────────────────────────────────────────────────────────────────────────────────────────────────────────────────────────────────╯
[12:40:37] Executing genomad find-proviruses.                                                                                                                               
[12:40:37] Creating the Tu-06_find_proviruses directory.                                                                                                                    
[12:40:39] Integrases identified with MMseqs2 and geNomad database (v1.9) were written to Tu-06_provirus_mmseqs2.tsv.                                                       
[12:40:39] Deleting Tu-06_provirus_mmseqs2.                                                                                                                                 
[12:40:39] Deleting Tu-06_provirus_mmseqs2_input.faa.                                                                                                                       
[12:40:40] tRNAs identified with Aragorn were written to Tu-06_provirus_aragorn.tsv.                                                                                        
[12:40:40] Deleting Tu-06_provirus_aragorn_input.fna.                                                                                                                       
[12:40:40] Provirus regions identified.                                                                                                                                     
[12:40:40] Provirus data was written to Tu-06_provirus.tsv.                                                                                                                 
[12:40:40] Provirus nucleotide sequences were written to Tu-06_provirus.fna.                                                                                                
[12:40:40] Provirus protein sequences were written to Tu-06_provirus_proteins.faa.                                                                                          
[12:40:41] Provirus gene data was written to Tu-06_provirus_genes.tsv.                                                                                                      
[12:40:41] Taxonomic assignment data was written to Tu-06_provirus_taxonomy.tsv.                                                                                            
[12:40:41] geNomad find-proviruses finished!                                                                                                                                
