╭──────────────────────────────────────────────────────────────────────────────────────────────────────────────────────────────────────────────────────────────────────────╮
│  Executing geNomad find-proviruses (v1.11.2). This will find putative proviral regions within the input sequences.                                                       │
│  ──────────────────────────────────────────────────────────────────────────────────────────────────────────────────────────────────────────────────────────────────────  │
│  Outputs:                                                                                                                                                                │
│    Tu-08_find_proviruses                                                                                                                                                 │
│    ├── Tu-08_find_proviruses.json (execution parameters)                                                                                                                 │
│    ├── Tu-08_provirus.tsv (provirus data)                                                                                                                                │
│    ├── Tu-08_provirus.fna (provirus nucleotide sequences)                                                                                                                │
│    ├── Tu-08_provirus_proteins.faa (provirus protein sequences)                                                                                                          │
│    ├── Tu-08_provirus_genes.tsv (provirus gene annotation data)                                                                                                          │
│    ├── Tu-08_provirus_taxonomy.tsv (provirus taxonomic assignment)                                                                                                       │
│    ├── Tu-08_provirus_mmseqs2.tsv (MMseqs2 output file)                                                                                                                  │
│    └── Tu-08_provirus_aragorn.tsv (Aragorn output file)                                                                                                                  │
╰──────────────────────────────────────────────────────────────────────────────────────────────────────────────────────────────────────────────────────────────────────────╯
[12:41:52] Executing genomad find-proviruses.                                                                                                                               
[12:41:52] Creating the Tu-08_find_proviruses directory.                                                                                                                    
[12:41:54] Integrases identified with MMseqs2 and geNomad database (v1.9) were written to Tu-08_provirus_mmseqs2.tsv.                                                       
[12:41:54] Deleting Tu-08_provirus_mmseqs2.                                                                                                                                 
[12:41:54] Deleting Tu-08_provirus_mmseqs2_input.faa.                                                                                                                       
[12:41:55] tRNAs identified with Aragorn were written to Tu-08_provirus_aragorn.tsv.                                                                                        
[12:41:55] Deleting Tu-08_provirus_aragorn_input.fna.                                                                                                                       
[12:41:55] Provirus regions identified.                                                                                                                                     
[12:41:55] Provirus data was written to Tu-08_provirus.tsv.                                                                                                                 
[12:41:55] Provirus nucleotide sequences were written to Tu-08_provirus.fna.                                                                                                
[12:41:55] Provirus protein sequences were written to Tu-08_provirus_proteins.faa.                                                                                          
[12:41:55] Provirus gene data was written to Tu-08_provirus_genes.tsv.                                                                                                      
[12:41:55] Taxonomic assignment data was written to Tu-08_provirus_taxonomy.tsv.                                                                                            
[12:41:55] geNomad find-proviruses finished!                                                                                                                                
