╭──────────────────────────────────────────────────────────────────────────────────────────────────────────────────────────────────────────────────────────────────────────╮
│  Executing geNomad summary (v1.11.2). This will summarize the results across modules into a classification report.                                                       │
│  ──────────────────────────────────────────────────────────────────────────────────────────────────────────────────────────────────────────────────────────────────────  │
│  Outputs:                                                                                                                                                                │
│    Tu-08_summary                                                                                                                                                         │
│    ├── Tu-08_summary.json (execution parameters)                                                                                                                         │
│    ├── Tu-08_virus_summary.tsv (virus classification summary)                                                                                                            │
│    ├── Tu-08_plasmid_summary.tsv (plasmid classification summary)                                                                                                        │
│    ├── Tu-08_virus.fna (virus nucleotide FASTA file)                                                                                                                     │
│    ├── Tu-08_plasmid.fna (plasmid nucleotide FASTA file)                                                                                                                 │
│    ├── Tu-08_virus_proteins.faa (virus protein FASTA file)                                                                                                               │
│    ├── Tu-08_plasmid_proteins.faa (plasmid protein FASTA file)                                                                                                           │
│    ├── Tu-08_virus_genes.tsv (virus gene annotation data)                                                                                                                │
│    └── Tu-08_plasmid_genes.tsv (plasmid gene annotation data)                                                                                                            │
╰──────────────────────────────────────────────────────────────────────────────────────────────────────────────────────────────────────────────────────────────────────────╯
[12:42:07] Executing genomad summary.                                                                                                                                       
[12:42:07] Creating the Tu-08_summary directory.                                                                                                                            
[12:42:07] Using scores from aggregated-classification.                                                                                                                     
[12:42:07] 16 plasmid(s) and 2 virus(es) were identified.                                                                                                                   
[12:42:07] Nucleotide sequences were written to Tu-08_plasmid.fna and Tu-08_virus.fna.                                                                                      
[12:42:07] Protein sequences were written to Tu-08_plasmid_proteins.faa and Tu-08_virus_proteins.faa.                                                                       
[12:42:07] Gene annotation data was written to Tu-08_plasmid_genes.tsv and Tu-08_virus_genes.tsv.                                                                           
[12:42:07] Summary files were written to Tu-08_plasmid_summary.tsv and Tu-08_virus_summary.tsv.                                                                             
[12:42:07] geNomad summary finished!                                                                                                                                        
