╭──────────────────────────────────────────────────────────────────────────────────────────────────────────────────────────────────────────────────────────────────────────╮
│  Executing geNomad nn-classification (v1.11.2). This will classify the input sequences into chromosome, plasmid, or virus based on the nucleotide sequence.              │
│  ──────────────────────────────────────────────────────────────────────────────────────────────────────────────────────────────────────────────────────────────────────  │
│  Outputs:                                                                                                                                                                │
│    Tu-08_nn_classification                                                                                                                                               │
│    ├── Tu-08_nn_classification.json (execution parameters)                                                                                                               │
│    ├── Tu-08_encoded_sequences (directory containing encoded sequence data)                                                                                              │
│    ├── Tu-08_nn_classification.tsv (contig classification: tabular format)                                                                                               │
│    ├── Tu-08_nn_classification.npz (contig classification: binary format)                                                                                                │
│    ├── Tu-08_encoded_proviruses (directory containing encoded sequence data)                                                                                             │
│    ├── Tu-08_provirus_nn_classification.tsv (provirus classification: tabular format)                                                                                    │
│    └── Tu-08_provirus_nn_classification.npz (provirus classification: binary format)                                                                                     │
╰──────────────────────────────────────────────────────────────────────────────────────────────────────────────────────────────────────────────────────────────────────────╯
[12:41:58] Executing genomad nn-classification.                                                                                                                             
[12:41:58] Creating the Tu-08_nn_classification directory.                                                                                                                  
[12:41:58] Creating the Tu-08_nn_classification/Tu-08_encoded_sequences directory.                                                                                          
[12:41:59] Encoded sequence data written to Tu-08_encoded_sequences.                                                                                                        
[12:41:59] Creating the Tu-08_nn_classification/Tu-08_encoded_proviruses directory.                                                                                         
[12:41:59] Encoded provirus data written to Tu-08_encoded_proviruses.                                                                                                       
[12:42:05] Sequences classified.                                                                                                                                            
[12:42:05] Sequence classification in binary format written to Tu-08_nn_classification.npz.                                                                                 
[12:42:05] Deleting encoded sequence data.                                                                                                                                  
[12:42:05] Sequence classification in tabular format written to Tu-08_nn_classification.tsv.                                                                                
[12:42:07] Proviruses classified.                                                                                                                                           
[12:42:07] Provirus classification in binary format written to Tu-08_provirus_nn_classification.npz.                                                                        
[12:42:07] Deleting encoded provirus data.                                                                                                                                  
[12:42:07] Provirus classification in tabular format written to Tu-08_provirus_nn_classification.tsv.                                                                       
[12:42:07] geNomad nn-classification finished!                                                                                                                              
