╭──────────────────────────────────────────────────────────────────────────────────────────────────────────────────────────────────────────────────────────────────────────╮
│  Executing geNomad aggregated-classification (v1.11.2). This will aggregate the results of the marker-classification and nn-classification modules to classify the       │
│  input sequences into chromosome, plasmid, or virus.                                                                                                                     │
│  ──────────────────────────────────────────────────────────────────────────────────────────────────────────────────────────────────────────────────────────────────────  │
│  Outputs:                                                                                                                                                                │
│    Tu-10_aggregated_classification                                                                                                                                       │
│    ├── Tu-10_aggregated_classification.json (execution parameters)                                                                                                       │
│    ├── Tu-10_aggregated_classification.tsv (sequence classification: tabular format)                                                                                     │
│    ├── Tu-10_aggregated_classification.npz (sequence classification: binary format)                                                                                      │
│    ├── Tu-10_provirus_aggregated_classification.tsv (provirus classification: tabular format)                                                                            │
│    └── Tu-10_provirus_aggregated_classification.npz (provirus classification: binary format)                                                                             │
╰──────────────────────────────────────────────────────────────────────────────────────────────────────────────────────────────────────────────────────────────────────────╯
[12:43:21] Executing genomad aggregated-classification.                                                                                                                     
[12:43:21] Creating the Tu-10_aggregated_classification directory.                                                                                                          
[12:43:21] The total marker frequencies of the input sequences were computed.                                                                                               
[12:43:21] Sequences classified.                                                                                                                                            
[12:43:21] Sequence classification in binary format written to Tu-10_aggregated_classification.npz.                                                                         
[12:43:21] Sequence classification in tabular format written to Tu-10_aggregated_classification.tsv.                                                                        
[12:43:21] Proviruses classified.                                                                                                                                           
[12:43:21] Provirus classification in binary format written to Tu-10_provirus_aggregated_classification.npz.                                                                
[12:43:21] Provirus classification in tabular format written to Tu-10_provirus_aggregated_classification.tsv.                                                               
[12:43:21] geNomad aggregated-classification finished!                                                                                                                      
