╭──────────────────────────────────────────────────────────────────────────────────────────────────────────────────────────────────────────────────────────────────────────╮
│  Executing geNomad find-proviruses (v1.11.2). This will find putative proviral regions within the input sequences.                                                       │
│  ──────────────────────────────────────────────────────────────────────────────────────────────────────────────────────────────────────────────────────────────────────  │
│  Outputs:                                                                                                                                                                │
│    Tu-11_find_proviruses                                                                                                                                                 │
│    ├── Tu-11_find_proviruses.json (execution parameters)                                                                                                                 │
│    ├── Tu-11_provirus.tsv (provirus data)                                                                                                                                │
│    ├── Tu-11_provirus.fna (provirus nucleotide sequences)                                                                                                                │
│    ├── Tu-11_provirus_proteins.faa (provirus protein sequences)                                                                                                          │
│    ├── Tu-11_provirus_genes.tsv (provirus gene annotation data)                                                                                                          │
│    ├── Tu-11_provirus_taxonomy.tsv (provirus taxonomic assignment)                                                                                                       │
│    ├── Tu-11_provirus_mmseqs2.tsv (MMseqs2 output file)                                                                                                                  │
│    └── Tu-11_provirus_aragorn.tsv (Aragorn output file)                                                                                                                  │
╰──────────────────────────────────────────────────────────────────────────────────────────────────────────────────────────────────────────────────────────────────────────╯
[12:44:20] Executing genomad find-proviruses.                                                                                                                               
[12:44:20] Creating the Tu-11_find_proviruses directory.                                                                                                                    
[12:44:23] Integrases identified with MMseqs2 and geNomad database (v1.9) were written to Tu-11_provirus_mmseqs2.tsv.                                                       
[12:44:23] Deleting Tu-11_provirus_mmseqs2.                                                                                                                                 
[12:44:23] Deleting Tu-11_provirus_mmseqs2_input.faa.                                                                                                                       
[12:44:24] tRNAs identified with Aragorn were written to Tu-11_provirus_aragorn.tsv.                                                                                        
[12:44:24] Deleting Tu-11_provirus_aragorn_input.fna.                                                                                                                       
[12:44:24] Provirus regions identified.                                                                                                                                     
[12:44:24] Provirus data was written to Tu-11_provirus.tsv.                                                                                                                 
[12:44:24] Provirus nucleotide sequences were written to Tu-11_provirus.fna.                                                                                                
[12:44:24] Provirus protein sequences were written to Tu-11_provirus_proteins.faa.                                                                                          
[12:44:24] Provirus gene data was written to Tu-11_provirus_genes.tsv.                                                                                                      
[12:44:24] Taxonomic assignment data was written to Tu-11_provirus_taxonomy.tsv.                                                                                            
[12:44:24] geNomad find-proviruses finished!                                                                                                                                
