╭──────────────────────────────────────────────────────────────────────────────────────────────────────────────────────────────────────────────────────────────────────────╮
│  Executing geNomad summary (v1.11.2). This will summarize the results across modules into a classification report.                                                       │
│  ──────────────────────────────────────────────────────────────────────────────────────────────────────────────────────────────────────────────────────────────────────  │
│  Outputs:                                                                                                                                                                │
│    Tu-11_summary                                                                                                                                                         │
│    ├── Tu-11_summary.json (execution parameters)                                                                                                                         │
│    ├── Tu-11_virus_summary.tsv (virus classification summary)                                                                                                            │
│    ├── Tu-11_plasmid_summary.tsv (plasmid classification summary)                                                                                                        │
│    ├── Tu-11_virus.fna (virus nucleotide FASTA file)                                                                                                                     │
│    ├── Tu-11_plasmid.fna (plasmid nucleotide FASTA file)                                                                                                                 │
│    ├── Tu-11_virus_proteins.faa (virus protein FASTA file)                                                                                                               │
│    ├── Tu-11_plasmid_proteins.faa (plasmid protein FASTA file)                                                                                                           │
│    ├── Tu-11_virus_genes.tsv (virus gene annotation data)                                                                                                                │
│    └── Tu-11_plasmid_genes.tsv (plasmid gene annotation data)                                                                                                            │
╰──────────────────────────────────────────────────────────────────────────────────────────────────────────────────────────────────────────────────────────────────────────╯
[12:44:37] Executing genomad summary.                                                                                                                                       
[12:44:37] Creating the Tu-11_summary directory.                                                                                                                            
[12:44:37] Using scores from aggregated-classification.                                                                                                                     
[12:44:37] 5 plasmid(s) and 2 virus(es) were identified.                                                                                                                    
[12:44:37] Nucleotide sequences were written to Tu-11_plasmid.fna and Tu-11_virus.fna.                                                                                      
[12:44:37] Protein sequences were written to Tu-11_plasmid_proteins.faa and Tu-11_virus_proteins.faa.                                                                       
[12:44:37] Gene annotation data was written to Tu-11_plasmid_genes.tsv and Tu-11_virus_genes.tsv.                                                                           
[12:44:37] Summary files were written to Tu-11_plasmid_summary.tsv and Tu-11_virus_summary.tsv.                                                                             
[12:44:37] geNomad summary finished!                                                                                                                                        
