╭──────────────────────────────────────────────────────────────────────────────────────────────────────────────────────────────────────────────────────────────────────────╮
│  Executing geNomad summary (v1.11.2). This will summarize the results across modules into a classification report.                                                       │
│  ──────────────────────────────────────────────────────────────────────────────────────────────────────────────────────────────────────────────────────────────────────  │
│  Outputs:                                                                                                                                                                │
│    Tu-10_summary                                                                                                                                                         │
│    ├── Tu-10_summary.json (execution parameters)                                                                                                                         │
│    ├── Tu-10_virus_summary.tsv (virus classification summary)                                                                                                            │
│    ├── Tu-10_plasmid_summary.tsv (plasmid classification summary)                                                                                                        │
│    ├── Tu-10_virus.fna (virus nucleotide FASTA file)                                                                                                                     │
│    ├── Tu-10_plasmid.fna (plasmid nucleotide FASTA file)                                                                                                                 │
│    ├── Tu-10_virus_proteins.faa (virus protein FASTA file)                                                                                                               │
│    ├── Tu-10_plasmid_proteins.faa (plasmid protein FASTA file)                                                                                                           │
│    ├── Tu-10_virus_genes.tsv (virus gene annotation data)                                                                                                                │
│    └── Tu-10_plasmid_genes.tsv (plasmid gene annotation data)                                                                                                            │
╰──────────────────────────────────────────────────────────────────────────────────────────────────────────────────────────────────────────────────────────────────────────╯
[12:43:21] Executing genomad summary.                                                                                                                                       
[12:43:21] Creating the Tu-10_summary directory.                                                                                                                            
[12:43:21] Using scores from aggregated-classification.                                                                                                                     
[12:43:21] 15 plasmid(s) and 1 virus(es) were identified.                                                                                                                   
[12:43:21] Nucleotide sequences were written to Tu-10_plasmid.fna and Tu-10_virus.fna.                                                                                      
[12:43:21] Protein sequences were written to Tu-10_plasmid_proteins.faa and Tu-10_virus_proteins.faa.                                                                       
[12:43:21] Gene annotation data was written to Tu-10_plasmid_genes.tsv and Tu-10_virus_genes.tsv.                                                                           
[12:43:21] Summary files were written to Tu-10_plasmid_summary.tsv and Tu-10_virus_summary.tsv.                                                                             
[12:43:21] geNomad summary finished!                                                                                                                                        
