╭──────────────────────────────────────────────────────────────────────────────────────────────────────────────────────────────────────────────────────────────────────────╮
│  Executing geNomad nn-classification (v1.11.2). This will classify the input sequences into chromosome, plasmid, or virus based on the nucleotide sequence.              │
│  ──────────────────────────────────────────────────────────────────────────────────────────────────────────────────────────────────────────────────────────────────────  │
│  Outputs:                                                                                                                                                                │
│    Tu-10_nn_classification                                                                                                                                               │
│    ├── Tu-10_nn_classification.json (execution parameters)                                                                                                               │
│    ├── Tu-10_encoded_sequences (directory containing encoded sequence data)                                                                                              │
│    ├── Tu-10_nn_classification.tsv (contig classification: tabular format)                                                                                               │
│    ├── Tu-10_nn_classification.npz (contig classification: binary format)                                                                                                │
│    ├── Tu-10_encoded_proviruses (directory containing encoded sequence data)                                                                                             │
│    ├── Tu-10_provirus_nn_classification.tsv (provirus classification: tabular format)                                                                                    │
│    └── Tu-10_provirus_nn_classification.npz (provirus classification: binary format)                                                                                     │
╰──────────────────────────────────────────────────────────────────────────────────────────────────────────────────────────────────────────────────────────────────────────╯
[12:43:12] Executing genomad nn-classification.                                                                                                                             
[12:43:12] Creating the Tu-10_nn_classification directory.                                                                                                                  
[12:43:12] Creating the Tu-10_nn_classification/Tu-10_encoded_sequences directory.                                                                                          
[12:43:13] Encoded sequence data written to Tu-10_encoded_sequences.                                                                                                        
[12:43:13] Creating the Tu-10_nn_classification/Tu-10_encoded_proviruses directory.                                                                                         
[12:43:13] Encoded provirus data written to Tu-10_encoded_proviruses.                                                                                                       
[12:43:19] Sequences classified.                                                                                                                                            
[12:43:19] Sequence classification in binary format written to Tu-10_nn_classification.npz.                                                                                 
[12:43:19] Deleting encoded sequence data.                                                                                                                                  
[12:43:19] Sequence classification in tabular format written to Tu-10_nn_classification.tsv.                                                                                
[12:43:21] Proviruses classified.                                                                                                                                           
[12:43:21] Provirus classification in binary format written to Tu-10_provirus_nn_classification.npz.                                                                        
[12:43:21] Deleting encoded provirus data.                                                                                                                                  
[12:43:21] Provirus classification in tabular format written to Tu-10_provirus_nn_classification.tsv.                                                                       
[12:43:21] geNomad nn-classification finished!                                                                                                                              
