╭──────────────────────────────────────────────────────────────────────────────────────────────────────────────────────────────────────────────────────────────────────────╮
│  Executing geNomad marker-classification (v1.11.2). This will classify the input sequences into chromosome, plasmid, or virus based on the presence of geNomad markers   │
│  and other gene-related features.                                                                                                                                        │
│  ──────────────────────────────────────────────────────────────────────────────────────────────────────────────────────────────────────────────────────────────────────  │
│  Outputs:                                                                                                                                                                │
│    Tu-11_marker_classification                                                                                                                                           │
│    ├── Tu-11_marker_classification.json (execution parameters)                                                                                                           │
│    ├── Tu-11_features.tsv (sequence feature data: tabular format)                                                                                                        │
│    ├── Tu-11_features.npz (sequence feature data: binary format)                                                                                                         │
│    ├── Tu-11_marker_classification.tsv (sequence classification: tabular format)                                                                                         │
│    ├── Tu-11_marker_classification.npz (sequence classification: binary format)                                                                                          │
│    ├── Tu-11_provirus_features.tsv (provirus feature data: tabular format)                                                                                               │
│    ├── Tu-11_provirus_features.npz (provirus feature data: binary format)                                                                                                │
│    ├── Tu-11_provirus_marker_classification.tsv (provirus classification: tabular format)                                                                                │
│    └── Tu-11_provirus_marker_classification.npz (provirus classification: binary format)                                                                                 │
╰──────────────────────────────────────────────────────────────────────────────────────────────────────────────────────────────────────────────────────────────────────────╯
[12:44:24] Executing genomad marker-classification.                                                                                                                         
[12:44:24] Creating the Tu-11_marker_classification directory.                                                                                                              
[12:44:25] Sequence features computed.                                                                                                                                      
[12:44:25] Sequence features in binary format written to Tu-11_features.npz.                                                                                                
[12:44:25] Sequence features in tabular format written to Tu-11_features.tsv.                                                                                               
[12:44:26] Provirus features computed.                                                                                                                                      
[12:44:26] Provirus features in binary format written to Tu-11_provirus_features.npz.                                                                                       
[12:44:26] Provirus features in tabular format written to Tu-11_provirus_features.tsv.                                                                                      
[12:44:26] Sequences classified.                                                                                                                                            
[12:44:26] Sequence classification in binary format written to Tu-11_marker_classification.npz.                                                                             
[12:44:26] Sequence classification in tabular format written to Tu-11_marker_classification.tsv.                                                                            
[12:44:26] Proviruses classified.                                                                                                                                           
[12:44:26] Provirus classification in binary format written to Tu-11_provirus_marker_classification.npz.                                                                    
[12:44:26] Provirus classification in tabular format written to Tu-11_provirus_marker_classification.tsv.                                                                   
[12:44:26] geNomad marker-classification finished!                                                                                                                          
