╭──────────────────────────────────────────────────────────────────────────────────────────────────────────────────────────────────────────────────────────────────────────╮
│  Executing geNomad summary (v1.11.2). This will summarize the results across modules into a classification report.                                                       │
│  ──────────────────────────────────────────────────────────────────────────────────────────────────────────────────────────────────────────────────────────────────────  │
│  Outputs:                                                                                                                                                                │
│    VTM16_summary                                                                                                                                                         │
│    ├── VTM16_summary.json (execution parameters)                                                                                                                         │
│    ├── VTM16_virus_summary.tsv (virus classification summary)                                                                                                            │
│    ├── VTM16_plasmid_summary.tsv (plasmid classification summary)                                                                                                        │
│    ├── VTM16_virus.fna (virus nucleotide FASTA file)                                                                                                                     │
│    ├── VTM16_plasmid.fna (plasmid nucleotide FASTA file)                                                                                                                 │
│    ├── VTM16_virus_proteins.faa (virus protein FASTA file)                                                                                                               │
│    ├── VTM16_plasmid_proteins.faa (plasmid protein FASTA file)                                                                                                           │
│    ├── VTM16_virus_genes.tsv (virus gene annotation data)                                                                                                                │
│    └── VTM16_plasmid_genes.tsv (plasmid gene annotation data)                                                                                                            │
╰──────────────────────────────────────────────────────────────────────────────────────────────────────────────────────────────────────────────────────────────────────────╯
[12:49:36] Executing genomad summary.                                                                                                                                       
[12:49:36] Creating the VTM16_summary directory.                                                                                                                            
[12:49:36] Using scores from aggregated-classification.                                                                                                                     
[12:49:37] 18 plasmid(s) and 1 virus(es) were identified.                                                                                                                   
[12:49:37] Nucleotide sequences were written to VTM16_plasmid.fna and VTM16_virus.fna.                                                                                      
[12:49:37] Protein sequences were written to VTM16_plasmid_proteins.faa and VTM16_virus_proteins.faa.                                                                       
[12:49:37] Gene annotation data was written to VTM16_plasmid_genes.tsv and VTM16_virus_genes.tsv.                                                                           
[12:49:37] Summary files were written to VTM16_plasmid_summary.tsv and VTM16_virus_summary.tsv.                                                                             
[12:49:37] geNomad summary finished!                                                                                                                                        
