╭──────────────────────────────────────────────────────────────────────────────────────────────────────────────────────────────────────────────────────────────────────────╮
│  Executing geNomad find-proviruses (v1.11.2). This will find putative proviral regions within the input sequences.                                                       │
│  ──────────────────────────────────────────────────────────────────────────────────────────────────────────────────────────────────────────────────────────────────────  │
│  Outputs:                                                                                                                                                                │
│    VTM10_find_proviruses                                                                                                                                                 │
│    ├── VTM10_find_proviruses.json (execution parameters)                                                                                                                 │
│    ├── VTM10_provirus.tsv (provirus data)                                                                                                                                │
│    ├── VTM10_provirus.fna (provirus nucleotide sequences)                                                                                                                │
│    ├── VTM10_provirus_proteins.faa (provirus protein sequences)                                                                                                          │
│    ├── VTM10_provirus_genes.tsv (provirus gene annotation data)                                                                                                          │
│    ├── VTM10_provirus_taxonomy.tsv (provirus taxonomic assignment)                                                                                                       │
│    ├── VTM10_provirus_mmseqs2.tsv (MMseqs2 output file)                                                                                                                  │
│    └── VTM10_provirus_aragorn.tsv (Aragorn output file)                                                                                                                  │
╰──────────────────────────────────────────────────────────────────────────────────────────────────────────────────────────────────────────────────────────────────────────╯
[12:45:35] Executing genomad find-proviruses.                                                                                                                               
[12:45:35] Creating the VTM10_find_proviruses directory.                                                                                                                    
[12:45:38] Integrases identified with MMseqs2 and geNomad database (v1.9) were written to VTM10_provirus_mmseqs2.tsv.                                                       
[12:45:38] Deleting VTM10_provirus_mmseqs2.                                                                                                                                 
[12:45:38] Deleting VTM10_provirus_mmseqs2_input.faa.                                                                                                                       
[12:45:38] tRNAs identified with Aragorn were written to VTM10_provirus_aragorn.tsv.                                                                                        
[12:45:38] Deleting VTM10_provirus_aragorn_input.fna.                                                                                                                       
[12:45:39] Provirus regions identified.                                                                                                                                     
[12:45:39] Provirus data was written to VTM10_provirus.tsv.                                                                                                                 
[12:45:39] Provirus nucleotide sequences were written to VTM10_provirus.fna.                                                                                                
[12:45:39] Provirus protein sequences were written to VTM10_provirus_proteins.faa.                                                                                          
[12:45:39] Provirus gene data was written to VTM10_provirus_genes.tsv.                                                                                                      
[12:45:39] Taxonomic assignment data was written to VTM10_provirus_taxonomy.tsv.                                                                                            
[12:45:39] geNomad find-proviruses finished!                                                                                                                                
