╭──────────────────────────────────────────────────────────────────────────────────────────────────────────────────────────────────────────────────────────────────────────╮
│  Executing geNomad find-proviruses (v1.11.2). This will find putative proviral regions within the input sequences.                                                       │
│  ──────────────────────────────────────────────────────────────────────────────────────────────────────────────────────────────────────────────────────────────────────  │
│  Outputs:                                                                                                                                                                │
│    VTM15_find_proviruses                                                                                                                                                 │
│    ├── VTM15_find_proviruses.json (execution parameters)                                                                                                                 │
│    ├── VTM15_provirus.tsv (provirus data)                                                                                                                                │
│    ├── VTM15_provirus.fna (provirus nucleotide sequences)                                                                                                                │
│    ├── VTM15_provirus_proteins.faa (provirus protein sequences)                                                                                                          │
│    ├── VTM15_provirus_genes.tsv (provirus gene annotation data)                                                                                                          │
│    ├── VTM15_provirus_taxonomy.tsv (provirus taxonomic assignment)                                                                                                       │
│    ├── VTM15_provirus_mmseqs2.tsv (MMseqs2 output file)                                                                                                                  │
│    └── VTM15_provirus_aragorn.tsv (Aragorn output file)                                                                                                                  │
╰──────────────────────────────────────────────────────────────────────────────────────────────────────────────────────────────────────────────────────────────────────────╯
[12:48:03] Executing genomad find-proviruses.                                                                                                                               
[12:48:03] Creating the VTM15_find_proviruses directory.                                                                                                                    
[12:48:06] Integrases identified with MMseqs2 and geNomad database (v1.9) were written to VTM15_provirus_mmseqs2.tsv.                                                       
[12:48:06] Deleting VTM15_provirus_mmseqs2.                                                                                                                                 
[12:48:06] Deleting VTM15_provirus_mmseqs2_input.faa.                                                                                                                       
[12:48:07] tRNAs identified with Aragorn were written to VTM15_provirus_aragorn.tsv.                                                                                        
[12:48:07] Deleting VTM15_provirus_aragorn_input.fna.                                                                                                                       
[12:48:07] Provirus regions identified.                                                                                                                                     
[12:48:07] Provirus data was written to VTM15_provirus.tsv.                                                                                                                 
[12:48:07] Provirus nucleotide sequences were written to VTM15_provirus.fna.                                                                                                
[12:48:07] Provirus protein sequences were written to VTM15_provirus_proteins.faa.                                                                                          
[12:48:07] Provirus gene data was written to VTM15_provirus_genes.tsv.                                                                                                      
[12:48:07] Taxonomic assignment data was written to VTM15_provirus_taxonomy.tsv.                                                                                            
[12:48:07] geNomad find-proviruses finished!                                                                                                                                
