╭──────────────────────────────────────────────────────────────────────────────────────────────────────────────────────────────────────────────────────────────────────────╮
│  Executing geNomad nn-classification (v1.11.2). This will classify the input sequences into chromosome, plasmid, or virus based on the nucleotide sequence.              │
│  ──────────────────────────────────────────────────────────────────────────────────────────────────────────────────────────────────────────────────────────────────────  │
│  Outputs:                                                                                                                                                                │
│    VTM10_nn_classification                                                                                                                                               │
│    ├── VTM10_nn_classification.json (execution parameters)                                                                                                               │
│    ├── VTM10_encoded_sequences (directory containing encoded sequence data)                                                                                              │
│    ├── VTM10_nn_classification.tsv (contig classification: tabular format)                                                                                               │
│    ├── VTM10_nn_classification.npz (contig classification: binary format)                                                                                                │
│    ├── VTM10_encoded_proviruses (directory containing encoded sequence data)                                                                                             │
│    ├── VTM10_provirus_nn_classification.tsv (provirus classification: tabular format)                                                                                    │
│    └── VTM10_provirus_nn_classification.npz (provirus classification: binary format)                                                                                     │
╰──────────────────────────────────────────────────────────────────────────────────────────────────────────────────────────────────────────────────────────────────────────╯
[12:45:42] Executing genomad nn-classification.                                                                                                                             
[12:45:42] Creating the VTM10_nn_classification directory.                                                                                                                  
[12:45:42] Creating the VTM10_nn_classification/VTM10_encoded_sequences directory.                                                                                          
[12:45:43] Encoded sequence data written to VTM10_encoded_sequences.                                                                                                        
[12:45:43] Creating the VTM10_nn_classification/VTM10_encoded_proviruses directory.                                                                                         
[12:45:43] Encoded provirus data written to VTM10_encoded_proviruses.                                                                                                       
[12:45:49] Sequences classified.                                                                                                                                            
[12:45:49] Sequence classification in binary format written to VTM10_nn_classification.npz.                                                                                 
[12:45:49] Deleting encoded sequence data.                                                                                                                                  
[12:45:49] Sequence classification in tabular format written to VTM10_nn_classification.tsv.                                                                                
[12:45:51] Proviruses classified.                                                                                                                                           
[12:45:51] Provirus classification in binary format written to VTM10_provirus_nn_classification.npz.                                                                        
[12:45:51] Deleting encoded provirus data.                                                                                                                                  
[12:45:51] Provirus classification in tabular format written to VTM10_provirus_nn_classification.tsv.                                                                       
[12:45:51] geNomad nn-classification finished!                                                                                                                              
