╭──────────────────────────────────────────────────────────────────────────────────────────────────────────────────────────────────────────────────────────────────────────╮
│  Executing geNomad nn-classification (v1.11.2). This will classify the input sequences into chromosome, plasmid, or virus based on the nucleotide sequence.              │
│  ──────────────────────────────────────────────────────────────────────────────────────────────────────────────────────────────────────────────────────────────────────  │
│  Outputs:                                                                                                                                                                │
│    VTM15_nn_classification                                                                                                                                               │
│    ├── VTM15_nn_classification.json (execution parameters)                                                                                                               │
│    ├── VTM15_encoded_sequences (directory containing encoded sequence data)                                                                                              │
│    ├── VTM15_nn_classification.tsv (contig classification: tabular format)                                                                                               │
│    ├── VTM15_nn_classification.npz (contig classification: binary format)                                                                                                │
│    ├── VTM15_encoded_proviruses (directory containing encoded sequence data)                                                                                             │
│    ├── VTM15_provirus_nn_classification.tsv (provirus classification: tabular format)                                                                                    │
│    └── VTM15_provirus_nn_classification.npz (provirus classification: binary format)                                                                                     │
╰──────────────────────────────────────────────────────────────────────────────────────────────────────────────────────────────────────────────────────────────────────────╯
[12:48:11] Executing genomad nn-classification.                                                                                                                             
[12:48:11] Creating the VTM15_nn_classification directory.                                                                                                                  
[12:48:11] Creating the VTM15_nn_classification/VTM15_encoded_sequences directory.                                                                                          
[12:48:12] Encoded sequence data written to VTM15_encoded_sequences.                                                                                                        
[12:48:12] Creating the VTM15_nn_classification/VTM15_encoded_proviruses directory.                                                                                         
[12:48:12] Encoded provirus data written to VTM15_encoded_proviruses.                                                                                                       
[12:48:18] Sequences classified.                                                                                                                                            
[12:48:18] Sequence classification in binary format written to VTM15_nn_classification.npz.                                                                                 
[12:48:18] Deleting encoded sequence data.                                                                                                                                  
[12:48:18] Sequence classification in tabular format written to VTM15_nn_classification.tsv.                                                                                
[12:48:20] Proviruses classified.                                                                                                                                           
[12:48:20] Provirus classification in binary format written to VTM15_provirus_nn_classification.npz.                                                                        
[12:48:20] Deleting encoded provirus data.                                                                                                                                  
[12:48:20] Provirus classification in tabular format written to VTM15_provirus_nn_classification.tsv.                                                                       
[12:48:20] geNomad nn-classification finished!                                                                                                                              
