╭──────────────────────────────────────────────────────────────────────────────────────────────────────────────────────────────────────────────────────────────────────────╮
│  Executing geNomad aggregated-classification (v1.11.2). This will aggregate the results of the marker-classification and nn-classification modules to classify the       │
│  input sequences into chromosome, plasmid, or virus.                                                                                                                     │
│  ──────────────────────────────────────────────────────────────────────────────────────────────────────────────────────────────────────────────────────────────────────  │
│  Outputs:                                                                                                                                                                │
│    VTM15_aggregated_classification                                                                                                                                       │
│    ├── VTM15_aggregated_classification.json (execution parameters)                                                                                                       │
│    ├── VTM15_aggregated_classification.tsv (sequence classification: tabular format)                                                                                     │
│    ├── VTM15_aggregated_classification.npz (sequence classification: binary format)                                                                                      │
│    ├── VTM15_provirus_aggregated_classification.tsv (provirus classification: tabular format)                                                                            │
│    └── VTM15_provirus_aggregated_classification.npz (provirus classification: binary format)                                                                             │
╰──────────────────────────────────────────────────────────────────────────────────────────────────────────────────────────────────────────────────────────────────────────╯
[12:48:20] Executing genomad aggregated-classification.                                                                                                                     
[12:48:20] Creating the VTM15_aggregated_classification directory.                                                                                                          
[12:48:20] The total marker frequencies of the input sequences were computed.                                                                                               
[12:48:20] Sequences classified.                                                                                                                                            
[12:48:20] Sequence classification in binary format written to VTM15_aggregated_classification.npz.                                                                         
[12:48:20] Sequence classification in tabular format written to VTM15_aggregated_classification.tsv.                                                                        
[12:48:20] Proviruses classified.                                                                                                                                           
[12:48:20] Provirus classification in binary format written to VTM15_provirus_aggregated_classification.npz.                                                                
[12:48:20] Provirus classification in tabular format written to VTM15_provirus_aggregated_classification.tsv.                                                               
[12:48:20] geNomad aggregated-classification finished!                                                                                                                      
