╭──────────────────────────────────────────────────────────────────────────────────────────────────────────────────────────────────────────────────────────────────────────╮
│  Executing geNomad nn-classification (v1.11.2). This will classify the input sequences into chromosome, plasmid, or virus based on the nucleotide sequence.              │
│  ──────────────────────────────────────────────────────────────────────────────────────────────────────────────────────────────────────────────────────────────────────  │
│  Outputs:                                                                                                                                                                │
│    VTM16_nn_classification                                                                                                                                               │
│    ├── VTM16_nn_classification.json (execution parameters)                                                                                                               │
│    ├── VTM16_encoded_sequences (directory containing encoded sequence data)                                                                                              │
│    ├── VTM16_nn_classification.tsv (contig classification: tabular format)                                                                                               │
│    ├── VTM16_nn_classification.npz (contig classification: binary format)                                                                                                │
│    ├── VTM16_encoded_proviruses (directory containing encoded sequence data)                                                                                             │
│    ├── VTM16_provirus_nn_classification.tsv (provirus classification: tabular format)                                                                                    │
│    └── VTM16_provirus_nn_classification.npz (provirus classification: binary format)                                                                                     │
╰──────────────────────────────────────────────────────────────────────────────────────────────────────────────────────────────────────────────────────────────────────────╯
[12:49:27] Executing genomad nn-classification.                                                                                                                             
[12:49:27] Creating the VTM16_nn_classification directory.                                                                                                                  
[12:49:27] Creating the VTM16_nn_classification/VTM16_encoded_sequences directory.                                                                                          
[12:49:28] Encoded sequence data written to VTM16_encoded_sequences.                                                                                                        
[12:49:28] Creating the VTM16_nn_classification/VTM16_encoded_proviruses directory.                                                                                         
[12:49:28] Encoded provirus data written to VTM16_encoded_proviruses.                                                                                                       
[12:49:34] Sequences classified.                                                                                                                                            
[12:49:34] Sequence classification in binary format written to VTM16_nn_classification.npz.                                                                                 
[12:49:34] Deleting encoded sequence data.                                                                                                                                  
[12:49:34] Sequence classification in tabular format written to VTM16_nn_classification.tsv.                                                                                
[12:49:36] Proviruses classified.                                                                                                                                           
[12:49:36] Provirus classification in binary format written to VTM16_provirus_nn_classification.npz.                                                                        
[12:49:36] Deleting encoded provirus data.                                                                                                                                  
[12:49:36] Provirus classification in tabular format written to VTM16_provirus_nn_classification.tsv.                                                                       
[12:49:36] geNomad nn-classification finished!                                                                                                                              
