╭──────────────────────────────────────────────────────────────────────────────────────────────────────────────────────────────────────────────────────────────────────────╮
│  Executing geNomad marker-classification (v1.11.2). This will classify the input sequences into chromosome, plasmid, or virus based on the presence of geNomad markers   │
│  and other gene-related features.                                                                                                                                        │
│  ──────────────────────────────────────────────────────────────────────────────────────────────────────────────────────────────────────────────────────────────────────  │
│  Outputs:                                                                                                                                                                │
│    VTM10_marker_classification                                                                                                                                           │
│    ├── VTM10_marker_classification.json (execution parameters)                                                                                                           │
│    ├── VTM10_features.tsv (sequence feature data: tabular format)                                                                                                        │
│    ├── VTM10_features.npz (sequence feature data: binary format)                                                                                                         │
│    ├── VTM10_marker_classification.tsv (sequence classification: tabular format)                                                                                         │
│    ├── VTM10_marker_classification.npz (sequence classification: binary format)                                                                                          │
│    ├── VTM10_provirus_features.tsv (provirus feature data: tabular format)                                                                                               │
│    ├── VTM10_provirus_features.npz (provirus feature data: binary format)                                                                                                │
│    ├── VTM10_provirus_marker_classification.tsv (provirus classification: tabular format)                                                                                │
│    └── VTM10_provirus_marker_classification.npz (provirus classification: binary format)                                                                                 │
╰──────────────────────────────────────────────────────────────────────────────────────────────────────────────────────────────────────────────────────────────────────────╯
[12:45:39] Executing genomad marker-classification.                                                                                                                         
[12:45:39] Creating the VTM10_marker_classification directory.                                                                                                              
[12:45:40] Sequence features computed.                                                                                                                                      
[12:45:40] Sequence features in binary format written to VTM10_features.npz.                                                                                                
[12:45:40] Sequence features in tabular format written to VTM10_features.tsv.                                                                                               
[12:45:40] Provirus features computed.                                                                                                                                      
[12:45:40] Provirus features in binary format written to VTM10_provirus_features.npz.                                                                                       
[12:45:40] Provirus features in tabular format written to VTM10_provirus_features.tsv.                                                                                      
[12:45:41] Sequences classified.                                                                                                                                            
[12:45:41] Sequence classification in binary format written to VTM10_marker_classification.npz.                                                                             
[12:45:41] Sequence classification in tabular format written to VTM10_marker_classification.tsv.                                                                            
[12:45:41] Proviruses classified.                                                                                                                                           
[12:45:41] Provirus classification in binary format written to VTM10_provirus_marker_classification.npz.                                                                    
[12:45:41] Provirus classification in tabular format written to VTM10_provirus_marker_classification.tsv.                                                                   
[12:45:41] geNomad marker-classification finished!                                                                                                                          
