╭──────────────────────────────────────────────────────────────────────────────────────────────────────────────────────────────────────────────────────────────────────────╮
│  Executing geNomad aggregated-classification (v1.11.2). This will aggregate the results of the marker-classification and nn-classification modules to classify the       │
│  input sequences into chromosome, plasmid, or virus.                                                                                                                     │
│  ──────────────────────────────────────────────────────────────────────────────────────────────────────────────────────────────────────────────────────────────────────  │
│  Outputs:                                                                                                                                                                │
│    VTM16_aggregated_classification                                                                                                                                       │
│    ├── VTM16_aggregated_classification.json (execution parameters)                                                                                                       │
│    ├── VTM16_aggregated_classification.tsv (sequence classification: tabular format)                                                                                     │
│    ├── VTM16_aggregated_classification.npz (sequence classification: binary format)                                                                                      │
│    ├── VTM16_provirus_aggregated_classification.tsv (provirus classification: tabular format)                                                                            │
│    └── VTM16_provirus_aggregated_classification.npz (provirus classification: binary format)                                                                             │
╰──────────────────────────────────────────────────────────────────────────────────────────────────────────────────────────────────────────────────────────────────────────╯
[12:49:36] Executing genomad aggregated-classification.                                                                                                                     
[12:49:36] Creating the VTM16_aggregated_classification directory.                                                                                                          
[12:49:36] The total marker frequencies of the input sequences were computed.                                                                                               
[12:49:36] Sequences classified.                                                                                                                                            
[12:49:36] Sequence classification in binary format written to VTM16_aggregated_classification.npz.                                                                         
[12:49:36] Sequence classification in tabular format written to VTM16_aggregated_classification.tsv.                                                                        
[12:49:36] Proviruses classified.                                                                                                                                           
[12:49:36] Provirus classification in binary format written to VTM16_provirus_aggregated_classification.npz.                                                                
[12:49:36] Provirus classification in tabular format written to VTM16_provirus_aggregated_classification.tsv.                                                               
[12:49:36] geNomad aggregated-classification finished!                                                                                                                      
