╭──────────────────────────────────────────────────────────────────────────────────────────────────────────────────────────────────────────────────────────────────────────╮
│  Executing geNomad marker-classification (v1.11.2). This will classify the input sequences into chromosome, plasmid, or virus based on the presence of geNomad markers   │
│  and other gene-related features.                                                                                                                                        │
│  ──────────────────────────────────────────────────────────────────────────────────────────────────────────────────────────────────────────────────────────────────────  │
│  Outputs:                                                                                                                                                                │
│    VTM16_marker_classification                                                                                                                                           │
│    ├── VTM16_marker_classification.json (execution parameters)                                                                                                           │
│    ├── VTM16_features.tsv (sequence feature data: tabular format)                                                                                                        │
│    ├── VTM16_features.npz (sequence feature data: binary format)                                                                                                         │
│    ├── VTM16_marker_classification.tsv (sequence classification: tabular format)                                                                                         │
│    ├── VTM16_marker_classification.npz (sequence classification: binary format)                                                                                          │
│    ├── VTM16_provirus_features.tsv (provirus feature data: tabular format)                                                                                               │
│    ├── VTM16_provirus_features.npz (provirus feature data: binary format)                                                                                                │
│    ├── VTM16_provirus_marker_classification.tsv (provirus classification: tabular format)                                                                                │
│    └── VTM16_provirus_marker_classification.npz (provirus classification: binary format)                                                                                 │
╰──────────────────────────────────────────────────────────────────────────────────────────────────────────────────────────────────────────────────────────────────────────╯
[12:49:24] Executing genomad marker-classification.                                                                                                                         
[12:49:24] Creating the VTM16_marker_classification directory.                                                                                                              
[12:49:24] Sequence features computed.                                                                                                                                      
[12:49:24] Sequence features in binary format written to VTM16_features.npz.                                                                                                
[12:49:24] Sequence features in tabular format written to VTM16_features.tsv.                                                                                               
[12:49:25] Provirus features computed.                                                                                                                                      
[12:49:25] Provirus features in binary format written to VTM16_provirus_features.npz.                                                                                       
[12:49:25] Provirus features in tabular format written to VTM16_provirus_features.tsv.                                                                                      
[12:49:25] Sequences classified.                                                                                                                                            
[12:49:25] Sequence classification in binary format written to VTM16_marker_classification.npz.                                                                             
[12:49:25] Sequence classification in tabular format written to VTM16_marker_classification.tsv.                                                                            
[12:49:25] Proviruses classified.                                                                                                                                           
[12:49:25] Provirus classification in binary format written to VTM16_provirus_marker_classification.npz.                                                                    
[12:49:25] Provirus classification in tabular format written to VTM16_provirus_marker_classification.tsv.                                                                   
[12:49:25] geNomad marker-classification finished!                                                                                                                          
