╭──────────────────────────────────────────────────────────────────────────────────────────────────────────────────────────────────────────────────────────────────────────╮
│  Executing geNomad summary (v1.11.2). This will summarize the results across modules into a classification report.                                                       │
│  ──────────────────────────────────────────────────────────────────────────────────────────────────────────────────────────────────────────────────────────────────────  │
│  Outputs:                                                                                                                                                                │
│    VTM10_summary                                                                                                                                                         │
│    ├── VTM10_summary.json (execution parameters)                                                                                                                         │
│    ├── VTM10_virus_summary.tsv (virus classification summary)                                                                                                            │
│    ├── VTM10_plasmid_summary.tsv (plasmid classification summary)                                                                                                        │
│    ├── VTM10_virus.fna (virus nucleotide FASTA file)                                                                                                                     │
│    ├── VTM10_plasmid.fna (plasmid nucleotide FASTA file)                                                                                                                 │
│    ├── VTM10_virus_proteins.faa (virus protein FASTA file)                                                                                                               │
│    ├── VTM10_plasmid_proteins.faa (plasmid protein FASTA file)                                                                                                           │
│    ├── VTM10_virus_genes.tsv (virus gene annotation data)                                                                                                                │
│    └── VTM10_plasmid_genes.tsv (plasmid gene annotation data)                                                                                                            │
╰──────────────────────────────────────────────────────────────────────────────────────────────────────────────────────────────────────────────────────────────────────────╯
[12:45:51] Executing genomad summary.                                                                                                                                       
[12:45:51] Creating the VTM10_summary directory.                                                                                                                            
[12:45:51] Using scores from aggregated-classification.                                                                                                                     
[12:45:51] 20 plasmid(s) and 1 virus(es) were identified.                                                                                                                   
[12:45:51] Nucleotide sequences were written to VTM10_plasmid.fna and VTM10_virus.fna.                                                                                      
[12:45:51] Protein sequences were written to VTM10_plasmid_proteins.faa and VTM10_virus_proteins.faa.                                                                       
[12:45:51] Gene annotation data was written to VTM10_plasmid_genes.tsv and VTM10_virus_genes.tsv.                                                                           
[12:45:51] Summary files were written to VTM10_plasmid_summary.tsv and VTM10_virus_summary.tsv.                                                                             
[12:45:51] geNomad summary finished!                                                                                                                                        
