╭──────────────────────────────────────────────────────────────────────────────────────────────────────────────────────────────────────────────────────────────────────────╮
│  Executing geNomad aggregated-classification (v1.11.2). This will aggregate the results of the marker-classification and nn-classification modules to classify the       │
│  input sequences into chromosome, plasmid, or virus.                                                                                                                     │
│  ──────────────────────────────────────────────────────────────────────────────────────────────────────────────────────────────────────────────────────────────────────  │
│  Outputs:                                                                                                                                                                │
│    VTM10_aggregated_classification                                                                                                                                       │
│    ├── VTM10_aggregated_classification.json (execution parameters)                                                                                                       │
│    ├── VTM10_aggregated_classification.tsv (sequence classification: tabular format)                                                                                     │
│    ├── VTM10_aggregated_classification.npz (sequence classification: binary format)                                                                                      │
│    ├── VTM10_provirus_aggregated_classification.tsv (provirus classification: tabular format)                                                                            │
│    └── VTM10_provirus_aggregated_classification.npz (provirus classification: binary format)                                                                             │
╰──────────────────────────────────────────────────────────────────────────────────────────────────────────────────────────────────────────────────────────────────────────╯
[12:45:51] Executing genomad aggregated-classification.                                                                                                                     
[12:45:51] Creating the VTM10_aggregated_classification directory.                                                                                                          
[12:45:51] The total marker frequencies of the input sequences were computed.                                                                                               
[12:45:51] Sequences classified.                                                                                                                                            
[12:45:51] Sequence classification in binary format written to VTM10_aggregated_classification.npz.                                                                         
[12:45:51] Sequence classification in tabular format written to VTM10_aggregated_classification.tsv.                                                                        
[12:45:51] Proviruses classified.                                                                                                                                           
[12:45:51] Provirus classification in binary format written to VTM10_provirus_aggregated_classification.npz.                                                                
[12:45:51] Provirus classification in tabular format written to VTM10_provirus_aggregated_classification.tsv.                                                               
[12:45:51] geNomad aggregated-classification finished!                                                                                                                      
