╭──────────────────────────────────────────────────────────────────────────────────────────────────────────────────────────────────────────────────────────────────────────╮
│  Executing geNomad nn-classification (v1.11.2). This will classify the input sequences into chromosome, plasmid, or virus based on the nucleotide sequence.              │
│  ──────────────────────────────────────────────────────────────────────────────────────────────────────────────────────────────────────────────────────────────────────  │
│  Outputs:                                                                                                                                                                │
│    VTM17_nn_classification                                                                                                                                               │
│    ├── VTM17_nn_classification.json (execution parameters)                                                                                                               │
│    ├── VTM17_encoded_sequences (directory containing encoded sequence data)                                                                                              │
│    ├── VTM17_nn_classification.tsv (contig classification: tabular format)                                                                                               │
│    ├── VTM17_nn_classification.npz (contig classification: binary format)                                                                                                │
│    ├── VTM17_encoded_proviruses (directory containing encoded sequence data)                                                                                             │
│    ├── VTM17_provirus_nn_classification.tsv (provirus classification: tabular format)                                                                                    │
│    └── VTM17_provirus_nn_classification.npz (provirus classification: binary format)                                                                                     │
╰──────────────────────────────────────────────────────────────────────────────────────────────────────────────────────────────────────────────────────────────────────────╯
[12:50:44] Executing genomad nn-classification.                                                                                                                             
[12:50:44] Creating the VTM17_nn_classification directory.                                                                                                                  
[12:50:44] Creating the VTM17_nn_classification/VTM17_encoded_sequences directory.                                                                                          
[12:50:45] Encoded sequence data written to VTM17_encoded_sequences.                                                                                                        
[12:50:45] Creating the VTM17_nn_classification/VTM17_encoded_proviruses directory.                                                                                         
[12:50:45] Encoded provirus data written to VTM17_encoded_proviruses.                                                                                                       
[12:50:51] Sequences classified.                                                                                                                                            
[12:50:51] Sequence classification in binary format written to VTM17_nn_classification.npz.                                                                                 
[12:50:51] Deleting encoded sequence data.                                                                                                                                  
[12:50:51] Sequence classification in tabular format written to VTM17_nn_classification.tsv.                                                                                
[12:50:53] Proviruses classified.                                                                                                                                           
[12:50:53] Provirus classification in binary format written to VTM17_provirus_nn_classification.npz.                                                                        
[12:50:53] Deleting encoded provirus data.                                                                                                                                  
[12:50:53] Provirus classification in tabular format written to VTM17_provirus_nn_classification.tsv.                                                                       
[12:50:53] geNomad nn-classification finished!                                                                                                                              
