╭──────────────────────────────────────────────────────────────────────────────────────────────────────────────────────────────────────────────────────────────────────────╮
│  Executing geNomad marker-classification (v1.11.2). This will classify the input sequences into chromosome, plasmid, or virus based on the presence of geNomad markers   │
│  and other gene-related features.                                                                                                                                        │
│  ──────────────────────────────────────────────────────────────────────────────────────────────────────────────────────────────────────────────────────────────────────  │
│  Outputs:                                                                                                                                                                │
│    VTM4_marker_classification                                                                                                                                            │
│    ├── VTM4_marker_classification.json (execution parameters)                                                                                                            │
│    ├── VTM4_features.tsv (sequence feature data: tabular format)                                                                                                         │
│    ├── VTM4_features.npz (sequence feature data: binary format)                                                                                                          │
│    ├── VTM4_marker_classification.tsv (sequence classification: tabular format)                                                                                          │
│    ├── VTM4_marker_classification.npz (sequence classification: binary format)                                                                                           │
│    ├── VTM4_provirus_features.tsv (provirus feature data: tabular format)                                                                                                │
│    ├── VTM4_provirus_features.npz (provirus feature data: binary format)                                                                                                 │
│    ├── VTM4_provirus_marker_classification.tsv (provirus classification: tabular format)                                                                                 │
│    └── VTM4_provirus_marker_classification.npz (provirus classification: binary format)                                                                                  │
╰──────────────────────────────────────────────────────────────────────────────────────────────────────────────────────────────────────────────────────────────────────────╯
[12:51:55] Executing genomad marker-classification.                                                                                                                         
[12:51:55] Creating the VTM4_marker_classification directory.                                                                                                               
[12:51:56] Sequence features computed.                                                                                                                                      
[12:51:56] Sequence features in binary format written to VTM4_features.npz.                                                                                                 
[12:51:56] Sequence features in tabular format written to VTM4_features.tsv.                                                                                                
[12:51:57] Provirus features computed.                                                                                                                                      
[12:51:57] Provirus features in binary format written to VTM4_provirus_features.npz.                                                                                        
[12:51:57] Provirus features in tabular format written to VTM4_provirus_features.tsv.                                                                                       
[12:51:57] Sequences classified.                                                                                                                                            
[12:51:57] Sequence classification in binary format written to VTM4_marker_classification.npz.                                                                              
[12:51:57] Sequence classification in tabular format written to VTM4_marker_classification.tsv.                                                                             
[12:51:57] Proviruses classified.                                                                                                                                           
[12:51:57] Provirus classification in binary format written to VTM4_provirus_marker_classification.npz.                                                                     
[12:51:57] Provirus classification in tabular format written to VTM4_provirus_marker_classification.tsv.                                                                    
[12:51:57] geNomad marker-classification finished!                                                                                                                          
