╭──────────────────────────────────────────────────────────────────────────────────────────────────────────────────────────────────────────────────────────────────────────╮
│  Executing geNomad summary (v1.11.2). This will summarize the results across modules into a classification report.                                                       │
│  ──────────────────────────────────────────────────────────────────────────────────────────────────────────────────────────────────────────────────────────────────────  │
│  Outputs:                                                                                                                                                                │
│    VTM4_summary                                                                                                                                                          │
│    ├── VTM4_summary.json (execution parameters)                                                                                                                          │
│    ├── VTM4_virus_summary.tsv (virus classification summary)                                                                                                             │
│    ├── VTM4_plasmid_summary.tsv (plasmid classification summary)                                                                                                         │
│    ├── VTM4_virus.fna (virus nucleotide FASTA file)                                                                                                                      │
│    ├── VTM4_plasmid.fna (plasmid nucleotide FASTA file)                                                                                                                  │
│    ├── VTM4_virus_proteins.faa (virus protein FASTA file)                                                                                                                │
│    ├── VTM4_plasmid_proteins.faa (plasmid protein FASTA file)                                                                                                            │
│    ├── VTM4_virus_genes.tsv (virus gene annotation data)                                                                                                                 │
│    └── VTM4_plasmid_genes.tsv (plasmid gene annotation data)                                                                                                             │
╰──────────────────────────────────────────────────────────────────────────────────────────────────────────────────────────────────────────────────────────────────────────╯
[12:52:08] Executing genomad summary.                                                                                                                                       
[12:52:08] Creating the VTM4_summary directory.                                                                                                                             
[12:52:08] Using scores from aggregated-classification.                                                                                                                     
[12:52:08] 22 plasmid(s) and 2 virus(es) were identified.                                                                                                                   
[12:52:08] Nucleotide sequences were written to VTM4_plasmid.fna and VTM4_virus.fna.                                                                                        
[12:52:08] Protein sequences were written to VTM4_plasmid_proteins.faa and VTM4_virus_proteins.faa.                                                                         
[12:52:08] Gene annotation data was written to VTM4_plasmid_genes.tsv and VTM4_virus_genes.tsv.                                                                             
[12:52:08] Summary files were written to VTM4_plasmid_summary.tsv and VTM4_virus_summary.tsv.                                                                               
[12:52:08] geNomad summary finished!                                                                                                                                        
