╭──────────────────────────────────────────────────────────────────────────────────────────────────────────────────────────────────────────────────────────────────────────╮
│  Executing geNomad nn-classification (v1.11.2). This will classify the input sequences into chromosome, plasmid, or virus based on the nucleotide sequence.              │
│  ──────────────────────────────────────────────────────────────────────────────────────────────────────────────────────────────────────────────────────────────────────  │
│  Outputs:                                                                                                                                                                │
│    VTM4_nn_classification                                                                                                                                                │
│    ├── VTM4_nn_classification.json (execution parameters)                                                                                                                │
│    ├── VTM4_encoded_sequences (directory containing encoded sequence data)                                                                                               │
│    ├── VTM4_nn_classification.tsv (contig classification: tabular format)                                                                                                │
│    ├── VTM4_nn_classification.npz (contig classification: binary format)                                                                                                 │
│    ├── VTM4_encoded_proviruses (directory containing encoded sequence data)                                                                                              │
│    ├── VTM4_provirus_nn_classification.tsv (provirus classification: tabular format)                                                                                     │
│    └── VTM4_provirus_nn_classification.npz (provirus classification: binary format)                                                                                      │
╰──────────────────────────────────────────────────────────────────────────────────────────────────────────────────────────────────────────────────────────────────────────╯
[12:51:59] Executing genomad nn-classification.                                                                                                                             
[12:51:59] Creating the VTM4_nn_classification directory.                                                                                                                   
[12:51:59] Creating the VTM4_nn_classification/VTM4_encoded_sequences directory.                                                                                            
[12:52:00] Encoded sequence data written to VTM4_encoded_sequences.                                                                                                         
[12:52:00] Creating the VTM4_nn_classification/VTM4_encoded_proviruses directory.                                                                                           
[12:52:00] Encoded provirus data written to VTM4_encoded_proviruses.                                                                                                        
[12:52:06] Sequences classified.                                                                                                                                            
[12:52:06] Sequence classification in binary format written to VTM4_nn_classification.npz.                                                                                  
[12:52:06] Deleting encoded sequence data.                                                                                                                                  
[12:52:06] Sequence classification in tabular format written to VTM4_nn_classification.tsv.                                                                                 
[12:52:08] Proviruses classified.                                                                                                                                           
[12:52:08] Provirus classification in binary format written to VTM4_provirus_nn_classification.npz.                                                                         
[12:52:08] Deleting encoded provirus data.                                                                                                                                  
[12:52:08] Provirus classification in tabular format written to VTM4_provirus_nn_classification.tsv.                                                                        
[12:52:08] geNomad nn-classification finished!                                                                                                                              
