╭──────────────────────────────────────────────────────────────────────────────────────────────────────────────────────────────────────────────────────────────────────────╮
│  Executing geNomad aggregated-classification (v1.11.2). This will aggregate the results of the marker-classification and nn-classification modules to classify the       │
│  input sequences into chromosome, plasmid, or virus.                                                                                                                     │
│  ──────────────────────────────────────────────────────────────────────────────────────────────────────────────────────────────────────────────────────────────────────  │
│  Outputs:                                                                                                                                                                │
│    VTM4_aggregated_classification                                                                                                                                        │
│    ├── VTM4_aggregated_classification.json (execution parameters)                                                                                                        │
│    ├── VTM4_aggregated_classification.tsv (sequence classification: tabular format)                                                                                      │
│    ├── VTM4_aggregated_classification.npz (sequence classification: binary format)                                                                                       │
│    ├── VTM4_provirus_aggregated_classification.tsv (provirus classification: tabular format)                                                                             │
│    └── VTM4_provirus_aggregated_classification.npz (provirus classification: binary format)                                                                              │
╰──────────────────────────────────────────────────────────────────────────────────────────────────────────────────────────────────────────────────────────────────────────╯
[12:52:08] Executing genomad aggregated-classification.                                                                                                                     
[12:52:08] Creating the VTM4_aggregated_classification directory.                                                                                                           
[12:52:08] The total marker frequencies of the input sequences were computed.                                                                                               
[12:52:08] Sequences classified.                                                                                                                                            
[12:52:08] Sequence classification in binary format written to VTM4_aggregated_classification.npz.                                                                          
[12:52:08] Sequence classification in tabular format written to VTM4_aggregated_classification.tsv.                                                                         
[12:52:08] Proviruses classified.                                                                                                                                           
[12:52:08] Provirus classification in binary format written to VTM4_provirus_aggregated_classification.npz.                                                                 
[12:52:08] Provirus classification in tabular format written to VTM4_provirus_aggregated_classification.tsv.                                                                
[12:52:08] geNomad aggregated-classification finished!                                                                                                                      
