╭──────────────────────────────────────────────────────────────────────────────────────────────────────────────────────────────────────────────────────────────────────────╮
│  Executing geNomad summary (v1.11.2). This will summarize the results across modules into a classification report.                                                       │
│  ──────────────────────────────────────────────────────────────────────────────────────────────────────────────────────────────────────────────────────────────────────  │
│  Outputs:                                                                                                                                                                │
│    WHRI_8301_summary                                                                                                                                                     │
│    ├── WHRI_8301_summary.json (execution parameters)                                                                                                                     │
│    ├── WHRI_8301_virus_summary.tsv (virus classification summary)                                                                                                        │
│    ├── WHRI_8301_plasmid_summary.tsv (plasmid classification summary)                                                                                                    │
│    ├── WHRI_8301_virus.fna (virus nucleotide FASTA file)                                                                                                                 │
│    ├── WHRI_8301_plasmid.fna (plasmid nucleotide FASTA file)                                                                                                             │
│    ├── WHRI_8301_virus_proteins.faa (virus protein FASTA file)                                                                                                           │
│    ├── WHRI_8301_plasmid_proteins.faa (plasmid protein FASTA file)                                                                                                       │
│    ├── WHRI_8301_virus_genes.tsv (virus gene annotation data)                                                                                                            │
│    └── WHRI_8301_plasmid_genes.tsv (plasmid gene annotation data)                                                                                                        │
╰──────────────────────────────────────────────────────────────────────────────────────────────────────────────────────────────────────────────────────────────────────────╯
[12:53:58] Executing genomad summary.                                                                                                                                       
[12:53:58] Creating the WHRI_8301_summary directory.                                                                                                                        
[12:53:58] Using scores from aggregated-classification.                                                                                                                     
[12:53:58] 2 plasmid(s) and 1 virus(es) were identified.                                                                                                                    
[12:53:58] Nucleotide sequences were written to WHRI_8301_plasmid.fna and WHRI_8301_virus.fna.                                                                              
[12:53:58] Protein sequences were written to WHRI_8301_plasmid_proteins.faa and WHRI_8301_virus_proteins.faa.                                                               
[12:53:58] Gene annotation data was written to WHRI_8301_plasmid_genes.tsv and WHRI_8301_virus_genes.tsv.                                                                   
[12:53:58] Summary files were written to WHRI_8301_plasmid_summary.tsv and WHRI_8301_virus_summary.tsv.                                                                     
[12:53:58] geNomad summary finished!                                                                                                                                        
