╭──────────────────────────────────────────────────────────────────────────────────────────────────────────────────────────────────────────────────────────────────────────╮
│  Executing geNomad nn-classification (v1.11.2). This will classify the input sequences into chromosome, plasmid, or virus based on the nucleotide sequence.              │
│  ──────────────────────────────────────────────────────────────────────────────────────────────────────────────────────────────────────────────────────────────────────  │
│  Outputs:                                                                                                                                                                │
│    WHRI_8301_nn_classification                                                                                                                                           │
│    ├── WHRI_8301_nn_classification.json (execution parameters)                                                                                                           │
│    ├── WHRI_8301_encoded_sequences (directory containing encoded sequence data)                                                                                          │
│    ├── WHRI_8301_nn_classification.tsv (contig classification: tabular format)                                                                                           │
│    ├── WHRI_8301_nn_classification.npz (contig classification: binary format)                                                                                            │
│    ├── WHRI_8301_encoded_proviruses (directory containing encoded sequence data)                                                                                         │
│    ├── WHRI_8301_provirus_nn_classification.tsv (provirus classification: tabular format)                                                                                │
│    └── WHRI_8301_provirus_nn_classification.npz (provirus classification: binary format)                                                                                 │
╰──────────────────────────────────────────────────────────────────────────────────────────────────────────────────────────────────────────────────────────────────────────╯
[12:53:48] Executing genomad nn-classification.                                                                                                                             
[12:53:48] Creating the WHRI_8301_nn_classification directory.                                                                                                              
[12:53:48] Creating the WHRI_8301_nn_classification/WHRI_8301_encoded_sequences directory.                                                                                  
[12:53:50] Encoded sequence data written to WHRI_8301_encoded_sequences.                                                                                                    
[12:53:50] Creating the WHRI_8301_nn_classification/WHRI_8301_encoded_proviruses directory.                                                                                 
[12:53:50] Encoded provirus data written to WHRI_8301_encoded_proviruses.                                                                                                   
[12:53:55] Sequences classified.                                                                                                                                            
[12:53:55] Sequence classification in binary format written to WHRI_8301_nn_classification.npz.                                                                             
[12:53:55] Deleting encoded sequence data.                                                                                                                                  
[12:53:55] Sequence classification in tabular format written to WHRI_8301_nn_classification.tsv.                                                                            
[12:53:58] Proviruses classified.                                                                                                                                           
[12:53:58] Provirus classification in binary format written to WHRI_8301_provirus_nn_classification.npz.                                                                    
[12:53:58] Deleting encoded provirus data.                                                                                                                                  
[12:53:58] Provirus classification in tabular format written to WHRI_8301_provirus_nn_classification.tsv.                                                                   
[12:53:58] geNomad nn-classification finished!                                                                                                                              
