╭──────────────────────────────────────────────────────────────────────────────────────────────────────────────────────────────────────────────────────────────────────────╮
│  Executing geNomad summary (v1.11.2). This will summarize the results across modules into a classification report.                                                       │
│  ──────────────────────────────────────────────────────────────────────────────────────────────────────────────────────────────────────────────────────────────────────  │
│  Outputs:                                                                                                                                                                │
│    X13_summary                                                                                                                                                           │
│    ├── X13_summary.json (execution parameters)                                                                                                                           │
│    ├── X13_virus_summary.tsv (virus classification summary)                                                                                                              │
│    ├── X13_plasmid_summary.tsv (plasmid classification summary)                                                                                                          │
│    ├── X13_virus.fna (virus nucleotide FASTA file)                                                                                                                       │
│    ├── X13_plasmid.fna (plasmid nucleotide FASTA file)                                                                                                                   │
│    ├── X13_virus_proteins.faa (virus protein FASTA file)                                                                                                                 │
│    ├── X13_plasmid_proteins.faa (plasmid protein FASTA file)                                                                                                             │
│    ├── X13_virus_genes.tsv (virus gene annotation data)                                                                                                                  │
│    └── X13_plasmid_genes.tsv (plasmid gene annotation data)                                                                                                              │
╰──────────────────────────────────────────────────────────────────────────────────────────────────────────────────────────────────────────────────────────────────────────╯
[19:52:09] Executing genomad summary.                                                                                                                                       
[19:52:09] Creating the X13_summary directory.                                                                                                                              
[19:52:09] Using scores from aggregated-classification.                                                                                                                     
[19:52:09] 18 plasmid(s) and 1 virus(es) were identified.                                                                                                                   
[19:52:09] Nucleotide sequences were written to X13_plasmid.fna and X13_virus.fna.                                                                                          
[19:52:09] Protein sequences were written to X13_plasmid_proteins.faa and X13_virus_proteins.faa.                                                                           
[19:52:09] Gene annotation data was written to X13_plasmid_genes.tsv and X13_virus_genes.tsv.                                                                               
[19:52:09] Summary files were written to X13_plasmid_summary.tsv and X13_virus_summary.tsv.                                                                                 
[19:52:09] geNomad summary finished!                                                                                                                                        
