╭──────────────────────────────────────────────────────────────────────────────────────────────────────────────────────────────────────────────────────────────────────────╮
│  Executing geNomad find-proviruses (v1.11.2). This will find putative proviral regions within the input sequences.                                                       │
│  ──────────────────────────────────────────────────────────────────────────────────────────────────────────────────────────────────────────────────────────────────────  │
│  Outputs:                                                                                                                                                                │
│    X13_find_proviruses                                                                                                                                                   │
│    ├── X13_find_proviruses.json (execution parameters)                                                                                                                   │
│    ├── X13_provirus.tsv (provirus data)                                                                                                                                  │
│    ├── X13_provirus.fna (provirus nucleotide sequences)                                                                                                                  │
│    ├── X13_provirus_proteins.faa (provirus protein sequences)                                                                                                            │
│    ├── X13_provirus_genes.tsv (provirus gene annotation data)                                                                                                            │
│    ├── X13_provirus_taxonomy.tsv (provirus taxonomic assignment)                                                                                                         │
│    ├── X13_provirus_mmseqs2.tsv (MMseqs2 output file)                                                                                                                    │
│    └── X13_provirus_aragorn.tsv (Aragorn output file)                                                                                                                    │
╰──────────────────────────────────────────────────────────────────────────────────────────────────────────────────────────────────────────────────────────────────────────╯
[12:54:56] Executing genomad find-proviruses.                                                                                                                               
[12:54:56] Creating the X13_find_proviruses directory.                                                                                                                      
[12:54:59] Integrases identified with MMseqs2 and geNomad database (v1.9) were written to X13_provirus_mmseqs2.tsv.                                                         
[12:54:59] Deleting X13_provirus_mmseqs2.                                                                                                                                   
[12:54:59] Deleting X13_provirus_mmseqs2_input.faa.                                                                                                                         
[12:55:00] tRNAs identified with Aragorn were written to X13_provirus_aragorn.tsv.                                                                                          
[12:55:00] Deleting X13_provirus_aragorn_input.fna.                                                                                                                         
[12:55:00] Provirus regions identified.                                                                                                                                     
[12:55:00] Provirus data was written to X13_provirus.tsv.                                                                                                                   
[12:55:00] Provirus nucleotide sequences were written to X13_provirus.fna.                                                                                                  
[12:55:00] Provirus protein sequences were written to X13_provirus_proteins.faa.                                                                                            
[12:55:00] Provirus gene data was written to X13_provirus_genes.tsv.                                                                                                        
[12:55:00] Taxonomic assignment data was written to X13_provirus_taxonomy.tsv.                                                                                              
[12:55:00] geNomad find-proviruses finished!                                                                                                                                
