╭──────────────────────────────────────────────────────────────────────────────────────────────────────────────────────────────────────────────────────────────────────────╮
│  Executing geNomad nn-classification (v1.11.2). This will classify the input sequences into chromosome, plasmid, or virus based on the nucleotide sequence.              │
│  ──────────────────────────────────────────────────────────────────────────────────────────────────────────────────────────────────────────────────────────────────────  │
│  Outputs:                                                                                                                                                                │
│    X13_nn_classification                                                                                                                                                 │
│    ├── X13_nn_classification.json (execution parameters)                                                                                                                 │
│    ├── X13_encoded_sequences (directory containing encoded sequence data)                                                                                                │
│    ├── X13_nn_classification.tsv (contig classification: tabular format)                                                                                                 │
│    ├── X13_nn_classification.npz (contig classification: binary format)                                                                                                  │
│    ├── X13_encoded_proviruses (directory containing encoded sequence data)                                                                                               │
│    ├── X13_provirus_nn_classification.tsv (provirus classification: tabular format)                                                                                      │
│    └── X13_provirus_nn_classification.npz (provirus classification: binary format)                                                                                       │
╰──────────────────────────────────────────────────────────────────────────────────────────────────────────────────────────────────────────────────────────────────────────╯
[12:55:04] Executing genomad nn-classification.                                                                                                                             
[12:55:04] Creating the X13_nn_classification directory.                                                                                                                    
[12:55:04] Creating the X13_nn_classification/X13_encoded_sequences directory.                                                                                              
[12:55:05] Encoded sequence data written to X13_encoded_sequences.                                                                                                          
[12:55:05] Creating the X13_nn_classification/X13_encoded_proviruses directory.                                                                                             
[12:55:05] Encoded provirus data written to X13_encoded_proviruses.                                                                                                         
[12:55:11] Sequences classified.                                                                                                                                            
[12:55:11] Sequence classification in binary format written to X13_nn_classification.npz.                                                                                   
[12:55:11] Deleting encoded sequence data.                                                                                                                                  
[12:55:11] Sequence classification in tabular format written to X13_nn_classification.tsv.                                                                                  
[12:55:14] Proviruses classified.                                                                                                                                           
[12:55:14] Provirus classification in binary format written to X13_provirus_nn_classification.npz.                                                                          
[12:55:14] Deleting encoded provirus data.                                                                                                                                  
[12:55:14] Provirus classification in tabular format written to X13_provirus_nn_classification.tsv.                                                                         
[12:55:14] geNomad nn-classification finished!                                                                                                                              
