╭──────────────────────────────────────────────────────────────────────────────────────────────────────────────────────────────────────────────────────────────────────────╮
│  Executing geNomad aggregated-classification (v1.11.2). This will aggregate the results of the marker-classification and nn-classification modules to classify the       │
│  input sequences into chromosome, plasmid, or virus.                                                                                                                     │
│  ──────────────────────────────────────────────────────────────────────────────────────────────────────────────────────────────────────────────────────────────────────  │
│  Outputs:                                                                                                                                                                │
│    X13_aggregated_classification                                                                                                                                         │
│    ├── X13_aggregated_classification.json (execution parameters)                                                                                                         │
│    ├── X13_aggregated_classification.tsv (sequence classification: tabular format)                                                                                       │
│    ├── X13_aggregated_classification.npz (sequence classification: binary format)                                                                                        │
│    ├── X13_provirus_aggregated_classification.tsv (provirus classification: tabular format)                                                                              │
│    └── X13_provirus_aggregated_classification.npz (provirus classification: binary format)                                                                               │
╰──────────────────────────────────────────────────────────────────────────────────────────────────────────────────────────────────────────────────────────────────────────╯
[19:52:09] Executing genomad aggregated-classification.                                                                                                                     
[19:52:09] Creating the X13_aggregated_classification directory.                                                                                                            
[19:52:09] The total marker frequencies of the input sequences were computed.                                                                                               
[19:52:09] Sequences classified.                                                                                                                                            
[19:52:09] Sequence classification in binary format written to X13_aggregated_classification.npz.                                                                           
[19:52:09] Sequence classification in tabular format written to X13_aggregated_classification.tsv.                                                                          
[19:52:09] Proviruses classified.                                                                                                                                           
[19:52:09] Provirus classification in binary format written to X13_provirus_aggregated_classification.npz.                                                                  
[19:52:09] Provirus classification in tabular format written to X13_provirus_aggregated_classification.tsv.                                                                 
[19:52:09] geNomad aggregated-classification finished!                                                                                                                      
