╭──────────────────────────────────────────────────────────────────────────────────────────────────────────────────────────────────────────────────────────────────────────╮
│  Executing geNomad summary (v1.11.2). This will summarize the results across modules into a classification report.                                                       │
│  ──────────────────────────────────────────────────────────────────────────────────────────────────────────────────────────────────────────────────────────────────────  │
│  Outputs:                                                                                                                                                                │
│    X22_summary                                                                                                                                                           │
│    ├── X22_summary.json (execution parameters)                                                                                                                           │
│    ├── X22_virus_summary.tsv (virus classification summary)                                                                                                              │
│    ├── X22_plasmid_summary.tsv (plasmid classification summary)                                                                                                          │
│    ├── X22_virus.fna (virus nucleotide FASTA file)                                                                                                                       │
│    ├── X22_plasmid.fna (plasmid nucleotide FASTA file)                                                                                                                   │
│    ├── X22_virus_proteins.faa (virus protein FASTA file)                                                                                                                 │
│    ├── X22_plasmid_proteins.faa (plasmid protein FASTA file)                                                                                                             │
│    ├── X22_virus_genes.tsv (virus gene annotation data)                                                                                                                  │
│    └── X22_plasmid_genes.tsv (plasmid gene annotation data)                                                                                                              │
╰──────────────────────────────────────────────────────────────────────────────────────────────────────────────────────────────────────────────────────────────────────────╯
[12:56:30] Executing genomad summary.                                                                                                                                       
[12:56:30] Creating the X22_summary directory.                                                                                                                              
[12:56:30] Using scores from aggregated-classification.                                                                                                                     
[12:56:30] 15 plasmid(s) and 1 virus(es) were identified.                                                                                                                   
[12:56:30] Nucleotide sequences were written to X22_plasmid.fna and X22_virus.fna.                                                                                          
[12:56:30] Protein sequences were written to X22_plasmid_proteins.faa and X22_virus_proteins.faa.                                                                           
[12:56:30] Gene annotation data was written to X22_plasmid_genes.tsv and X22_virus_genes.tsv.                                                                               
[12:56:30] Summary files were written to X22_plasmid_summary.tsv and X22_virus_summary.tsv.                                                                                 
[12:56:30] geNomad summary finished!                                                                                                                                        
