╭──────────────────────────────────────────────────────────────────────────────────────────────────────────────────────────────────────────────────────────────────────────╮
│  Executing geNomad marker-classification (v1.11.2). This will classify the input sequences into chromosome, plasmid, or virus based on the presence of geNomad markers   │
│  and other gene-related features.                                                                                                                                        │
│  ──────────────────────────────────────────────────────────────────────────────────────────────────────────────────────────────────────────────────────────────────────  │
│  Outputs:                                                                                                                                                                │
│    X22_marker_classification                                                                                                                                             │
│    ├── X22_marker_classification.json (execution parameters)                                                                                                             │
│    ├── X22_features.tsv (sequence feature data: tabular format)                                                                                                          │
│    ├── X22_features.npz (sequence feature data: binary format)                                                                                                           │
│    ├── X22_marker_classification.tsv (sequence classification: tabular format)                                                                                           │
│    ├── X22_marker_classification.npz (sequence classification: binary format)                                                                                            │
│    ├── X22_provirus_features.tsv (provirus feature data: tabular format)                                                                                                 │
│    ├── X22_provirus_features.npz (provirus feature data: binary format)                                                                                                  │
│    ├── X22_provirus_marker_classification.tsv (provirus classification: tabular format)                                                                                  │
│    └── X22_provirus_marker_classification.npz (provirus classification: binary format)                                                                                   │
╰──────────────────────────────────────────────────────────────────────────────────────────────────────────────────────────────────────────────────────────────────────────╯
[19:53:12] Executing genomad marker-classification.                                                                                                                         
[19:53:12] Creating the X22_marker_classification directory.                                                                                                                
[19:53:13] Sequence features computed.                                                                                                                                      
[19:53:13] Sequence features in binary format written to X22_features.npz.                                                                                                  
[19:53:13] Sequence features in tabular format written to X22_features.tsv.                                                                                                 
[19:53:14] Provirus features computed.                                                                                                                                      
[19:53:14] Provirus features in binary format written to X22_provirus_features.npz.                                                                                         
[19:53:14] Provirus features in tabular format written to X22_provirus_features.tsv.                                                                                        
[19:53:14] Sequences classified.                                                                                                                                            
[19:53:14] Sequence classification in binary format written to X22_marker_classification.npz.                                                                               
[19:53:14] Sequence classification in tabular format written to X22_marker_classification.tsv.                                                                              
[19:53:14] Proviruses classified.                                                                                                                                           
[19:53:14] Provirus classification in binary format written to X22_provirus_marker_classification.npz.                                                                      
[19:53:14] Provirus classification in tabular format written to X22_provirus_marker_classification.tsv.                                                                     
[19:53:14] geNomad marker-classification finished!                                                                                                                          
