╭──────────────────────────────────────────────────────────────────────────────────────────────────────────────────────────────────────────────────────────────────────────╮
│  Executing geNomad find-proviruses (v1.11.2). This will find putative proviral regions within the input sequences.                                                       │
│  ──────────────────────────────────────────────────────────────────────────────────────────────────────────────────────────────────────────────────────────────────────  │
│  Outputs:                                                                                                                                                                │
│    X22_find_proviruses                                                                                                                                                   │
│    ├── X22_find_proviruses.json (execution parameters)                                                                                                                   │
│    ├── X22_provirus.tsv (provirus data)                                                                                                                                  │
│    ├── X22_provirus.fna (provirus nucleotide sequences)                                                                                                                  │
│    ├── X22_provirus_proteins.faa (provirus protein sequences)                                                                                                            │
│    ├── X22_provirus_genes.tsv (provirus gene annotation data)                                                                                                            │
│    ├── X22_provirus_taxonomy.tsv (provirus taxonomic assignment)                                                                                                         │
│    ├── X22_provirus_mmseqs2.tsv (MMseqs2 output file)                                                                                                                    │
│    └── X22_provirus_aragorn.tsv (Aragorn output file)                                                                                                                    │
╰──────────────────────────────────────────────────────────────────────────────────────────────────────────────────────────────────────────────────────────────────────────╯
[12:56:13] Executing genomad find-proviruses.                                                                                                                               
[12:56:13] Creating the X22_find_proviruses directory.                                                                                                                      
[12:56:16] Integrases identified with MMseqs2 and geNomad database (v1.9) were written to X22_provirus_mmseqs2.tsv.                                                         
[12:56:16] Deleting X22_provirus_mmseqs2.                                                                                                                                   
[12:56:16] Deleting X22_provirus_mmseqs2_input.faa.                                                                                                                         
[12:56:17] tRNAs identified with Aragorn were written to X22_provirus_aragorn.tsv.                                                                                          
[12:56:17] Deleting X22_provirus_aragorn_input.fna.                                                                                                                         
[12:56:17] Provirus regions identified.                                                                                                                                     
[12:56:17] Provirus data was written to X22_provirus.tsv.                                                                                                                   
[12:56:17] Provirus nucleotide sequences were written to X22_provirus.fna.                                                                                                  
[12:56:17] Provirus protein sequences were written to X22_provirus_proteins.faa.                                                                                            
[12:56:17] Provirus gene data was written to X22_provirus_genes.tsv.                                                                                                        
[12:56:17] Taxonomic assignment data was written to X22_provirus_taxonomy.tsv.                                                                                              
[12:56:17] geNomad find-proviruses finished!                                                                                                                                
