╭──────────────────────────────────────────────────────────────────────────────────────────────────────────────────────────────────────────────────────────────────────────╮
│  Executing geNomad nn-classification (v1.11.2). This will classify the input sequences into chromosome, plasmid, or virus based on the nucleotide sequence.              │
│  ──────────────────────────────────────────────────────────────────────────────────────────────────────────────────────────────────────────────────────────────────────  │
│  Outputs:                                                                                                                                                                │
│    X22_nn_classification                                                                                                                                                 │
│    ├── X22_nn_classification.json (execution parameters)                                                                                                                 │
│    ├── X22_encoded_sequences (directory containing encoded sequence data)                                                                                                │
│    ├── X22_nn_classification.tsv (contig classification: tabular format)                                                                                                 │
│    ├── X22_nn_classification.npz (contig classification: binary format)                                                                                                  │
│    ├── X22_encoded_proviruses (directory containing encoded sequence data)                                                                                               │
│    ├── X22_provirus_nn_classification.tsv (provirus classification: tabular format)                                                                                      │
│    └── X22_provirus_nn_classification.npz (provirus classification: binary format)                                                                                       │
╰──────────────────────────────────────────────────────────────────────────────────────────────────────────────────────────────────────────────────────────────────────────╯
[19:53:16] Executing genomad nn-classification.                                                                                                                             
[19:53:16] Creating the X22_nn_classification directory.                                                                                                                    
[19:53:16] Creating the X22_nn_classification/X22_encoded_sequences directory.                                                                                              
[19:53:17] Encoded sequence data written to X22_encoded_sequences.                                                                                                          
[19:53:17] Creating the X22_nn_classification/X22_encoded_proviruses directory.                                                                                             
[19:53:17] Encoded provirus data written to X22_encoded_proviruses.                                                                                                         
[19:53:23] Sequences classified.                                                                                                                                            
[19:53:23] Sequence classification in binary format written to X22_nn_classification.npz.                                                                                   
[19:53:23] Deleting encoded sequence data.                                                                                                                                  
[19:53:23] Sequence classification in tabular format written to X22_nn_classification.tsv.                                                                                  
[19:53:25] Proviruses classified.                                                                                                                                           
[19:53:25] Provirus classification in binary format written to X22_provirus_nn_classification.npz.                                                                          
[19:53:25] Deleting encoded provirus data.                                                                                                                                  
[19:53:25] Provirus classification in tabular format written to X22_provirus_nn_classification.tsv.                                                                         
[19:53:25] geNomad nn-classification finished!                                                                                                                              
