╭──────────────────────────────────────────────────────────────────────────────────────────────────────────────────────────────────────────────────────────────────────────╮
│  Executing geNomad marker-classification (v1.11.2). This will classify the input sequences into chromosome, plasmid, or virus based on the presence of geNomad markers   │
│  and other gene-related features.                                                                                                                                        │
│  ──────────────────────────────────────────────────────────────────────────────────────────────────────────────────────────────────────────────────────────────────────  │
│  Outputs:                                                                                                                                                                │
│    X31_marker_classification                                                                                                                                             │
│    ├── X31_marker_classification.json (execution parameters)                                                                                                             │
│    ├── X31_features.tsv (sequence feature data: tabular format)                                                                                                          │
│    ├── X31_features.npz (sequence feature data: binary format)                                                                                                           │
│    ├── X31_marker_classification.tsv (sequence classification: tabular format)                                                                                           │
│    ├── X31_marker_classification.npz (sequence classification: binary format)                                                                                            │
│    ├── X31_provirus_features.tsv (provirus feature data: tabular format)                                                                                                 │
│    ├── X31_provirus_features.npz (provirus feature data: binary format)                                                                                                  │
│    ├── X31_provirus_marker_classification.tsv (provirus classification: tabular format)                                                                                  │
│    └── X31_provirus_marker_classification.npz (provirus classification: binary format)                                                                                   │
╰──────────────────────────────────────────────────────────────────────────────────────────────────────────────────────────────────────────────────────────────────────────╯
[19:54:27] Executing genomad marker-classification.                                                                                                                         
[19:54:27] Creating the X31_marker_classification directory.                                                                                                                
[19:54:27] Sequence features computed.                                                                                                                                      
[19:54:27] Sequence features in binary format written to X31_features.npz.                                                                                                  
[19:54:27] Sequence features in tabular format written to X31_features.tsv.                                                                                                 
[19:54:28] Provirus features computed.                                                                                                                                      
[19:54:28] Provirus features in binary format written to X31_provirus_features.npz.                                                                                         
[19:54:28] Provirus features in tabular format written to X31_provirus_features.tsv.                                                                                        
[19:54:28] Sequences classified.                                                                                                                                            
[19:54:28] Sequence classification in binary format written to X31_marker_classification.npz.                                                                               
[19:54:28] Sequence classification in tabular format written to X31_marker_classification.tsv.                                                                              
[19:54:28] Proviruses classified.                                                                                                                                           
[19:54:28] Provirus classification in binary format written to X31_provirus_marker_classification.npz.                                                                      
[19:54:28] Provirus classification in tabular format written to X31_provirus_marker_classification.tsv.                                                                     
[19:54:28] geNomad marker-classification finished!                                                                                                                          
