╭──────────────────────────────────────────────────────────────────────────────────────────────────────────────────────────────────────────────────────────────────────────╮
│  Executing geNomad aggregated-classification (v1.11.2). This will aggregate the results of the marker-classification and nn-classification modules to classify the       │
│  input sequences into chromosome, plasmid, or virus.                                                                                                                     │
│  ──────────────────────────────────────────────────────────────────────────────────────────────────────────────────────────────────────────────────────────────────────  │
│  Outputs:                                                                                                                                                                │
│    X31_aggregated_classification                                                                                                                                         │
│    ├── X31_aggregated_classification.json (execution parameters)                                                                                                         │
│    ├── X31_aggregated_classification.tsv (sequence classification: tabular format)                                                                                       │
│    ├── X31_aggregated_classification.npz (sequence classification: binary format)                                                                                        │
│    ├── X31_provirus_aggregated_classification.tsv (provirus classification: tabular format)                                                                              │
│    └── X31_provirus_aggregated_classification.npz (provirus classification: binary format)                                                                               │
╰──────────────────────────────────────────────────────────────────────────────────────────────────────────────────────────────────────────────────────────────────────────╯
[12:57:46] Executing genomad aggregated-classification.                                                                                                                     
[12:57:46] Creating the X31_aggregated_classification directory.                                                                                                            
[12:57:46] The total marker frequencies of the input sequences were computed.                                                                                               
[12:57:46] Sequences classified.                                                                                                                                            
[12:57:46] Sequence classification in binary format written to X31_aggregated_classification.npz.                                                                           
[12:57:46] Sequence classification in tabular format written to X31_aggregated_classification.tsv.                                                                          
[12:57:46] Proviruses classified.                                                                                                                                           
[12:57:46] Provirus classification in binary format written to X31_provirus_aggregated_classification.npz.                                                                  
[12:57:46] Provirus classification in tabular format written to X31_provirus_aggregated_classification.tsv.                                                                 
[12:57:46] geNomad aggregated-classification finished!                                                                                                                      
