╭──────────────────────────────────────────────────────────────────────────────────────────────────────────────────────────────────────────────────────────────────────────╮
│  Executing geNomad nn-classification (v1.11.2). This will classify the input sequences into chromosome, plasmid, or virus based on the nucleotide sequence.              │
│  ──────────────────────────────────────────────────────────────────────────────────────────────────────────────────────────────────────────────────────────────────────  │
│  Outputs:                                                                                                                                                                │
│    X31_nn_classification                                                                                                                                                 │
│    ├── X31_nn_classification.json (execution parameters)                                                                                                                 │
│    ├── X31_encoded_sequences (directory containing encoded sequence data)                                                                                                │
│    ├── X31_nn_classification.tsv (contig classification: tabular format)                                                                                                 │
│    ├── X31_nn_classification.npz (contig classification: binary format)                                                                                                  │
│    ├── X31_encoded_proviruses (directory containing encoded sequence data)                                                                                               │
│    ├── X31_provirus_nn_classification.tsv (provirus classification: tabular format)                                                                                      │
│    └── X31_provirus_nn_classification.npz (provirus classification: binary format)                                                                                       │
╰──────────────────────────────────────────────────────────────────────────────────────────────────────────────────────────────────────────────────────────────────────────╯
[19:54:30] Executing genomad nn-classification.                                                                                                                             
[19:54:30] Creating the X31_nn_classification directory.                                                                                                                    
[19:54:30] Creating the X31_nn_classification/X31_encoded_sequences directory.                                                                                              
[19:54:31] Encoded sequence data written to X31_encoded_sequences.                                                                                                          
[19:54:31] Creating the X31_nn_classification/X31_encoded_proviruses directory.                                                                                             
[19:54:31] Encoded provirus data written to X31_encoded_proviruses.                                                                                                         
[19:54:37] Sequences classified.                                                                                                                                            
[19:54:37] Sequence classification in binary format written to X31_nn_classification.npz.                                                                                   
[19:54:37] Deleting encoded sequence data.                                                                                                                                  
[19:54:37] Sequence classification in tabular format written to X31_nn_classification.tsv.                                                                                  
[19:54:40] Proviruses classified.                                                                                                                                           
[19:54:40] Provirus classification in binary format written to X31_provirus_nn_classification.npz.                                                                          
[19:54:40] Deleting encoded provirus data.                                                                                                                                  
[19:54:40] Provirus classification in tabular format written to X31_provirus_nn_classification.tsv.                                                                         
[19:54:40] geNomad nn-classification finished!                                                                                                                              
