╭──────────────────────────────────────────────────────────────────────────────────────────────────────────────────────────────────────────────────────────────────────────╮
│  Executing geNomad summary (v1.11.2). This will summarize the results across modules into a classification report.                                                       │
│  ──────────────────────────────────────────────────────────────────────────────────────────────────────────────────────────────────────────────────────────────────────  │
│  Outputs:                                                                                                                                                                │
│    X31_summary                                                                                                                                                           │
│    ├── X31_summary.json (execution parameters)                                                                                                                           │
│    ├── X31_virus_summary.tsv (virus classification summary)                                                                                                              │
│    ├── X31_plasmid_summary.tsv (plasmid classification summary)                                                                                                          │
│    ├── X31_virus.fna (virus nucleotide FASTA file)                                                                                                                       │
│    ├── X31_plasmid.fna (plasmid nucleotide FASTA file)                                                                                                                   │
│    ├── X31_virus_proteins.faa (virus protein FASTA file)                                                                                                                 │
│    ├── X31_plasmid_proteins.faa (plasmid protein FASTA file)                                                                                                             │
│    ├── X31_virus_genes.tsv (virus gene annotation data)                                                                                                                  │
│    └── X31_plasmid_genes.tsv (plasmid gene annotation data)                                                                                                              │
╰──────────────────────────────────────────────────────────────────────────────────────────────────────────────────────────────────────────────────────────────────────────╯
[19:54:40] Executing genomad summary.                                                                                                                                       
[19:54:40] Creating the X31_summary directory.                                                                                                                              
[19:54:40] Using scores from aggregated-classification.                                                                                                                     
[19:54:40] 15 plasmid(s) and 1 virus(es) were identified.                                                                                                                   
[19:54:40] Nucleotide sequences were written to X31_plasmid.fna and X31_virus.fna.                                                                                          
[19:54:40] Protein sequences were written to X31_plasmid_proteins.faa and X31_virus_proteins.faa.                                                                           
[19:54:40] Gene annotation data was written to X31_plasmid_genes.tsv and X31_virus_genes.tsv.                                                                               
[19:54:40] Summary files were written to X31_plasmid_summary.tsv and X31_virus_summary.tsv.                                                                                 
[19:54:40] geNomad summary finished!                                                                                                                                        
