╭──────────────────────────────────────────────────────────────────────────────────────────────────────────────────────────────────────────────────────────────────────────╮
│  Executing geNomad marker-classification (v1.11.2). This will classify the input sequences into chromosome, plasmid, or virus based on the presence of geNomad markers   │
│  and other gene-related features.                                                                                                                                        │
│  ──────────────────────────────────────────────────────────────────────────────────────────────────────────────────────────────────────────────────────────────────────  │
│  Outputs:                                                                                                                                                                │
│    X82-8P_marker_classification                                                                                                                                          │
│    ├── X82-8P_marker_classification.json (execution parameters)                                                                                                          │
│    ├── X82-8P_features.tsv (sequence feature data: tabular format)                                                                                                       │
│    ├── X82-8P_features.npz (sequence feature data: binary format)                                                                                                        │
│    ├── X82-8P_marker_classification.tsv (sequence classification: tabular format)                                                                                        │
│    ├── X82-8P_marker_classification.npz (sequence classification: binary format)                                                                                         │
│    ├── X82-8P_provirus_features.tsv (provirus feature data: tabular format)                                                                                              │
│    ├── X82-8P_provirus_features.npz (provirus feature data: binary format)                                                                                               │
│    ├── X82-8P_provirus_marker_classification.tsv (provirus classification: tabular format)                                                                               │
│    └── X82-8P_provirus_marker_classification.npz (provirus classification: binary format)                                                                                │
╰──────────────────────────────────────────────────────────────────────────────────────────────────────────────────────────────────────────────────────────────────────────╯
[12:58:49] Executing genomad marker-classification.                                                                                                                         
[12:58:49] Creating the X82-8P_marker_classification directory.                                                                                                             
[12:58:50] Sequence features computed.                                                                                                                                      
[12:58:50] Sequence features in binary format written to X82-8P_features.npz.                                                                                               
[12:58:50] Sequence features in tabular format written to X82-8P_features.tsv.                                                                                              
[12:58:50] Provirus features computed.                                                                                                                                      
[12:58:50] Provirus features in binary format written to X82-8P_provirus_features.npz.                                                                                      
[12:58:50] Provirus features in tabular format written to X82-8P_provirus_features.tsv.                                                                                     
[12:58:51] Sequences classified.                                                                                                                                            
[12:58:51] Sequence classification in binary format written to X82-8P_marker_classification.npz.                                                                            
[12:58:51] Sequence classification in tabular format written to X82-8P_marker_classification.tsv.                                                                           
[12:58:51] Proviruses classified.                                                                                                                                           
[12:58:51] Provirus classification in binary format written to X82-8P_provirus_marker_classification.npz.                                                                   
[12:58:51] Provirus classification in tabular format written to X82-8P_provirus_marker_classification.tsv.                                                                  
[12:58:51] geNomad marker-classification finished!                                                                                                                          
