╭──────────────────────────────────────────────────────────────────────────────────────────────────────────────────────────────────────────────────────────────────────────╮
│  Executing geNomad find-proviruses (v1.11.2). This will find putative proviral regions within the input sequences.                                                       │
│  ──────────────────────────────────────────────────────────────────────────────────────────────────────────────────────────────────────────────────────────────────────  │
│  Outputs:                                                                                                                                                                │
│    X82-8P_C3_find_proviruses                                                                                                                                             │
│    ├── X82-8P_C3_find_proviruses.json (execution parameters)                                                                                                             │
│    ├── X82-8P_C3_provirus.tsv (provirus data)                                                                                                                            │
│    ├── X82-8P_C3_provirus.fna (provirus nucleotide sequences)                                                                                                            │
│    ├── X82-8P_C3_provirus_proteins.faa (provirus protein sequences)                                                                                                      │
│    ├── X82-8P_C3_provirus_genes.tsv (provirus gene annotation data)                                                                                                      │
│    ├── X82-8P_C3_provirus_taxonomy.tsv (provirus taxonomic assignment)                                                                                                   │
│    ├── X82-8P_C3_provirus_mmseqs2.tsv (MMseqs2 output file)                                                                                                              │
│    └── X82-8P_C3_provirus_aragorn.tsv (Aragorn output file)                                                                                                              │
╰──────────────────────────────────────────────────────────────────────────────────────────────────────────────────────────────────────────────────────────────────────────╯
[13:02:29] Executing genomad find-proviruses.                                                                                                                               
[13:02:29] Creating the X82-8P_C3_find_proviruses directory.                                                                                                                
[13:02:31] Integrases identified with MMseqs2 and geNomad database (v1.9) were written to X82-8P_C3_provirus_mmseqs2.tsv.                                                   
[13:02:31] Deleting X82-8P_C3_provirus_mmseqs2.                                                                                                                             
[13:02:31] Deleting X82-8P_C3_provirus_mmseqs2_input.faa.                                                                                                                   
[13:02:32] tRNAs identified with Aragorn were written to X82-8P_C3_provirus_aragorn.tsv.                                                                                    
[13:02:32] Deleting X82-8P_C3_provirus_aragorn_input.fna.                                                                                                                   
[13:02:33] Provirus regions identified.                                                                                                                                     
[13:02:33] Provirus data was written to X82-8P_C3_provirus.tsv.                                                                                                             
[13:02:33] Provirus nucleotide sequences were written to X82-8P_C3_provirus.fna.                                                                                            
[13:02:33] Provirus protein sequences were written to X82-8P_C3_provirus_proteins.faa.                                                                                      
[13:02:33] Provirus gene data was written to X82-8P_C3_provirus_genes.tsv.                                                                                                  
[13:02:33] Taxonomic assignment data was written to X82-8P_C3_provirus_taxonomy.tsv.                                                                                        
[13:02:33] geNomad find-proviruses finished!                                                                                                                                
