╭──────────────────────────────────────────────────────────────────────────────────────────────────────────────────────────────────────────────────────────────────────────╮
│  Executing geNomad marker-classification (v1.11.2). This will classify the input sequences into chromosome, plasmid, or virus based on the presence of geNomad markers   │
│  and other gene-related features.                                                                                                                                        │
│  ──────────────────────────────────────────────────────────────────────────────────────────────────────────────────────────────────────────────────────────────────────  │
│  Outputs:                                                                                                                                                                │
│    X82-8P_C4_marker_classification                                                                                                                                       │
│    ├── X82-8P_C4_marker_classification.json (execution parameters)                                                                                                       │
│    ├── X82-8P_C4_features.tsv (sequence feature data: tabular format)                                                                                                    │
│    ├── X82-8P_C4_features.npz (sequence feature data: binary format)                                                                                                     │
│    ├── X82-8P_C4_marker_classification.tsv (sequence classification: tabular format)                                                                                     │
│    └── X82-8P_C4_marker_classification.npz (sequence classification: binary format)                                                                                      │
╰──────────────────────────────────────────────────────────────────────────────────────────────────────────────────────────────────────────────────────────────────────────╯
[13:03:48] Executing genomad marker-classification.                                                                                                                         
[13:03:48] Creating the X82-8P_C4_marker_classification directory.                                                                                                          
[13:03:48] Sequence features computed.                                                                                                                                      
[13:03:48] Sequence features in binary format written to X82-8P_C4_features.npz.                                                                                            
[13:03:48] Sequence features in tabular format written to X82-8P_C4_features.tsv.                                                                                           
[13:03:49] Sequences classified.                                                                                                                                            
[13:03:49] Sequence classification in binary format written to X82-8P_C4_marker_classification.npz.                                                                         
[13:03:49] Sequence classification in tabular format written to X82-8P_C4_marker_classification.tsv.                                                                        
[13:03:49] geNomad marker-classification finished!                                                                                                                          
