╭──────────────────────────────────────────────────────────────────────────────────────────────────────────────────────────────────────────────────────────────────────────╮
│  Executing geNomad find-proviruses (v1.11.2). This will find putative proviral regions within the input sequences.                                                       │
│  ──────────────────────────────────────────────────────────────────────────────────────────────────────────────────────────────────────────────────────────────────────  │
│  Outputs:                                                                                                                                                                │
│    X82-8P_C2_find_proviruses                                                                                                                                             │
│    ├── X82-8P_C2_find_proviruses.json (execution parameters)                                                                                                             │
│    ├── X82-8P_C2_provirus.tsv (provirus data)                                                                                                                            │
│    ├── X82-8P_C2_provirus.fna (provirus nucleotide sequences)                                                                                                            │
│    ├── X82-8P_C2_provirus_proteins.faa (provirus protein sequences)                                                                                                      │
│    ├── X82-8P_C2_provirus_genes.tsv (provirus gene annotation data)                                                                                                      │
│    ├── X82-8P_C2_provirus_taxonomy.tsv (provirus taxonomic assignment)                                                                                                   │
│    ├── X82-8P_C2_provirus_mmseqs2.tsv (MMseqs2 output file)                                                                                                              │
│    └── X82-8P_C2_provirus_aragorn.tsv (Aragorn output file)                                                                                                              │
╰──────────────────────────────────────────────────────────────────────────────────────────────────────────────────────────────────────────────────────────────────────────╯
[13:01:16] Executing genomad find-proviruses.                                                                                                                               
[13:01:16] Creating the X82-8P_C2_find_proviruses directory.                                                                                                                
[13:01:18] Integrases identified with MMseqs2 and geNomad database (v1.9) were written to X82-8P_C2_provirus_mmseqs2.tsv.                                                   
[13:01:18] Deleting X82-8P_C2_provirus_mmseqs2.                                                                                                                             
[13:01:18] Deleting X82-8P_C2_provirus_mmseqs2_input.faa.                                                                                                                   
[13:01:19] tRNAs identified with Aragorn were written to X82-8P_C2_provirus_aragorn.tsv.                                                                                    
[13:01:19] Deleting X82-8P_C2_provirus_aragorn_input.fna.                                                                                                                   
[13:01:20] Provirus regions identified.                                                                                                                                     
[13:01:20] Provirus data was written to X82-8P_C2_provirus.tsv.                                                                                                             
[13:01:20] Provirus nucleotide sequences were written to X82-8P_C2_provirus.fna.                                                                                            
[13:01:20] Provirus protein sequences were written to X82-8P_C2_provirus_proteins.faa.                                                                                      
[13:01:20] Provirus gene data was written to X82-8P_C2_provirus_genes.tsv.                                                                                                  
[13:01:20] Taxonomic assignment data was written to X82-8P_C2_provirus_taxonomy.tsv.                                                                                        
[13:01:20] geNomad find-proviruses finished!                                                                                                                                
