╭──────────────────────────────────────────────────────────────────────────────────────────────────────────────────────────────────────────────────────────────────────────╮
│  Executing geNomad summary (v1.11.2). This will summarize the results across modules into a classification report.                                                       │
│  ──────────────────────────────────────────────────────────────────────────────────────────────────────────────────────────────────────────────────────────────────────  │
│  Outputs:                                                                                                                                                                │
│    X82-8P_C2_summary                                                                                                                                                     │
│    ├── X82-8P_C2_summary.json (execution parameters)                                                                                                                     │
│    ├── X82-8P_C2_virus_summary.tsv (virus classification summary)                                                                                                        │
│    ├── X82-8P_C2_plasmid_summary.tsv (plasmid classification summary)                                                                                                    │
│    ├── X82-8P_C2_virus.fna (virus nucleotide FASTA file)                                                                                                                 │
│    ├── X82-8P_C2_plasmid.fna (plasmid nucleotide FASTA file)                                                                                                             │
│    ├── X82-8P_C2_virus_proteins.faa (virus protein FASTA file)                                                                                                           │
│    ├── X82-8P_C2_plasmid_proteins.faa (plasmid protein FASTA file)                                                                                                       │
│    ├── X82-8P_C2_virus_genes.tsv (virus gene annotation data)                                                                                                            │
│    └── X82-8P_C2_plasmid_genes.tsv (plasmid gene annotation data)                                                                                                        │
╰──────────────────────────────────────────────────────────────────────────────────────────────────────────────────────────────────────────────────────────────────────────╯
[13:01:29] Executing genomad summary.                                                                                                                                       
[13:01:29] Creating the X82-8P_C2_summary directory.                                                                                                                        
[13:01:29] Using scores from aggregated-classification.                                                                                                                     
[13:01:29] 19 plasmid(s) and 4 virus(es) were identified.                                                                                                                   
[13:01:29] Nucleotide sequences were written to X82-8P_C2_plasmid.fna and X82-8P_C2_virus.fna.                                                                              
[13:01:29] Protein sequences were written to X82-8P_C2_plasmid_proteins.faa and X82-8P_C2_virus_proteins.faa.                                                               
[13:01:29] Gene annotation data was written to X82-8P_C2_plasmid_genes.tsv and X82-8P_C2_virus_genes.tsv.                                                                   
[13:01:29] Summary files were written to X82-8P_C2_plasmid_summary.tsv and X82-8P_C2_virus_summary.tsv.                                                                     
[13:01:29] geNomad summary finished!                                                                                                                                        
