╭──────────────────────────────────────────────────────────────────────────────────────────────────────────────────────────────────────────────────────────────────────────╮
│  Executing geNomad nn-classification (v1.11.2). This will classify the input sequences into chromosome, plasmid, or virus based on the nucleotide sequence.              │
│  ──────────────────────────────────────────────────────────────────────────────────────────────────────────────────────────────────────────────────────────────────────  │
│  Outputs:                                                                                                                                                                │
│    X82-8P_C1_nn_classification                                                                                                                                           │
│    ├── X82-8P_C1_nn_classification.json (execution parameters)                                                                                                           │
│    ├── X82-8P_C1_encoded_sequences (directory containing encoded sequence data)                                                                                          │
│    ├── X82-8P_C1_nn_classification.tsv (contig classification: tabular format)                                                                                           │
│    ├── X82-8P_C1_nn_classification.npz (contig classification: binary format)                                                                                            │
│    ├── X82-8P_C1_encoded_proviruses (directory containing encoded sequence data)                                                                                         │
│    ├── X82-8P_C1_provirus_nn_classification.tsv (provirus classification: tabular format)                                                                                │
│    └── X82-8P_C1_provirus_nn_classification.npz (provirus classification: binary format)                                                                                 │
╰──────────────────────────────────────────────────────────────────────────────────────────────────────────────────────────────────────────────────────────────────────────╯
[13:00:07] Executing genomad nn-classification.                                                                                                                             
[13:00:07] Creating the X82-8P_C1_nn_classification directory.                                                                                                              
[13:00:08] Creating the X82-8P_C1_nn_classification/X82-8P_C1_encoded_sequences directory.                                                                                  
[13:00:08] Encoded sequence data written to X82-8P_C1_encoded_sequences.                                                                                                    
[13:00:08] Creating the X82-8P_C1_nn_classification/X82-8P_C1_encoded_proviruses directory.                                                                                 
[13:00:08] Encoded provirus data written to X82-8P_C1_encoded_proviruses.                                                                                                   
[13:00:14] Sequences classified.                                                                                                                                            
[13:00:14] Sequence classification in binary format written to X82-8P_C1_nn_classification.npz.                                                                             
[13:00:14] Deleting encoded sequence data.                                                                                                                                  
[13:00:14] Sequence classification in tabular format written to X82-8P_C1_nn_classification.tsv.                                                                            
[13:00:17] Proviruses classified.                                                                                                                                           
[13:00:17] Provirus classification in binary format written to X82-8P_C1_provirus_nn_classification.npz.                                                                    
[13:00:17] Deleting encoded provirus data.                                                                                                                                  
[13:00:17] Provirus classification in tabular format written to X82-8P_C1_provirus_nn_classification.tsv.                                                                   
[13:00:17] geNomad nn-classification finished!                                                                                                                              
