╭──────────────────────────────────────────────────────────────────────────────────────────────────────────────────────────────────────────────────────────────────────────╮
│  Executing geNomad summary (v1.11.2). This will summarize the results across modules into a classification report.                                                       │
│  ──────────────────────────────────────────────────────────────────────────────────────────────────────────────────────────────────────────────────────────────────────  │
│  Outputs:                                                                                                                                                                │
│    X82-8P_summary                                                                                                                                                        │
│    ├── X82-8P_summary.json (execution parameters)                                                                                                                        │
│    ├── X82-8P_virus_summary.tsv (virus classification summary)                                                                                                           │
│    ├── X82-8P_plasmid_summary.tsv (plasmid classification summary)                                                                                                       │
│    ├── X82-8P_virus.fna (virus nucleotide FASTA file)                                                                                                                    │
│    ├── X82-8P_plasmid.fna (plasmid nucleotide FASTA file)                                                                                                                │
│    ├── X82-8P_virus_proteins.faa (virus protein FASTA file)                                                                                                              │
│    ├── X82-8P_plasmid_proteins.faa (plasmid protein FASTA file)                                                                                                          │
│    ├── X82-8P_virus_genes.tsv (virus gene annotation data)                                                                                                               │
│    └── X82-8P_plasmid_genes.tsv (plasmid gene annotation data)                                                                                                           │
╰──────────────────────────────────────────────────────────────────────────────────────────────────────────────────────────────────────────────────────────────────────────╯
[12:59:01] Executing genomad summary.                                                                                                                                       
[12:59:01] Creating the X82-8P_summary directory.                                                                                                                           
[12:59:01] Using scores from aggregated-classification.                                                                                                                     
[12:59:01] 14 plasmid(s) and 3 virus(es) were identified.                                                                                                                   
[12:59:01] Nucleotide sequences were written to X82-8P_plasmid.fna and X82-8P_virus.fna.                                                                                    
[12:59:01] Protein sequences were written to X82-8P_plasmid_proteins.faa and X82-8P_virus_proteins.faa.                                                                     
[12:59:01] Gene annotation data was written to X82-8P_plasmid_genes.tsv and X82-8P_virus_genes.tsv.                                                                         
[12:59:01] Summary files were written to X82-8P_plasmid_summary.tsv and X82-8P_virus_summary.tsv.                                                                           
[12:59:01] geNomad summary finished!                                                                                                                                        
