╭──────────────────────────────────────────────────────────────────────────────────────────────────────────────────────────────────────────────────────────────────────────╮
│  Executing geNomad summary (v1.11.2). This will summarize the results across modules into a classification report.                                                       │
│  ──────────────────────────────────────────────────────────────────────────────────────────────────────────────────────────────────────────────────────────────────────  │
│  Outputs:                                                                                                                                                                │
│    X82-8P_C4_summary                                                                                                                                                     │
│    ├── X82-8P_C4_summary.json (execution parameters)                                                                                                                     │
│    ├── X82-8P_C4_virus_summary.tsv (virus classification summary)                                                                                                        │
│    ├── X82-8P_C4_plasmid_summary.tsv (plasmid classification summary)                                                                                                    │
│    ├── X82-8P_C4_virus.fna (virus nucleotide FASTA file)                                                                                                                 │
│    ├── X82-8P_C4_plasmid.fna (plasmid nucleotide FASTA file)                                                                                                             │
│    ├── X82-8P_C4_virus_proteins.faa (virus protein FASTA file)                                                                                                           │
│    ├── X82-8P_C4_plasmid_proteins.faa (plasmid protein FASTA file)                                                                                                       │
│    ├── X82-8P_C4_virus_genes.tsv (virus gene annotation data)                                                                                                            │
│    └── X82-8P_C4_plasmid_genes.tsv (plasmid gene annotation data)                                                                                                        │
╰──────────────────────────────────────────────────────────────────────────────────────────────────────────────────────────────────────────────────────────────────────────╯
[13:03:57] Executing genomad summary.                                                                                                                                       
[13:03:57] Creating the X82-8P_C4_summary directory.                                                                                                                        
[13:03:57] Using scores from aggregated-classification.                                                                                                                     
[13:03:57] 24 plasmid(s) and 4 virus(es) were identified.                                                                                                                   
[13:03:57] Nucleotide sequences were written to X82-8P_C4_plasmid.fna and X82-8P_C4_virus.fna.                                                                              
[13:03:57] Protein sequences were written to X82-8P_C4_plasmid_proteins.faa and X82-8P_C4_virus_proteins.faa.                                                               
[13:03:57] Gene annotation data was written to X82-8P_C4_plasmid_genes.tsv and X82-8P_C4_virus_genes.tsv.                                                                   
[13:03:57] Summary files were written to X82-8P_C4_plasmid_summary.tsv and X82-8P_C4_virus_summary.tsv.                                                                     
[13:03:57] geNomad summary finished!                                                                                                                                        
