╭──────────────────────────────────────────────────────────────────────────────────────────────────────────────────────────────────────────────────────────────────────────╮
│  Executing geNomad find-proviruses (v1.11.2). This will find putative proviral regions within the input sequences.                                                       │
│  ──────────────────────────────────────────────────────────────────────────────────────────────────────────────────────────────────────────────────────────────────────  │
│  Outputs:                                                                                                                                                                │
│    X82-8P_find_proviruses                                                                                                                                                │
│    ├── X82-8P_find_proviruses.json (execution parameters)                                                                                                                │
│    ├── X82-8P_provirus.tsv (provirus data)                                                                                                                               │
│    ├── X82-8P_provirus.fna (provirus nucleotide sequences)                                                                                                               │
│    ├── X82-8P_provirus_proteins.faa (provirus protein sequences)                                                                                                         │
│    ├── X82-8P_provirus_genes.tsv (provirus gene annotation data)                                                                                                         │
│    ├── X82-8P_provirus_taxonomy.tsv (provirus taxonomic assignment)                                                                                                      │
│    ├── X82-8P_provirus_mmseqs2.tsv (MMseqs2 output file)                                                                                                                 │
│    └── X82-8P_provirus_aragorn.tsv (Aragorn output file)                                                                                                                 │
╰──────────────────────────────────────────────────────────────────────────────────────────────────────────────────────────────────────────────────────────────────────────╯
[12:58:46] Executing genomad find-proviruses.                                                                                                                               
[12:58:46] Creating the X82-8P_find_proviruses directory.                                                                                                                   
[12:58:48] Integrases identified with MMseqs2 and geNomad database (v1.9) were written to X82-8P_provirus_mmseqs2.tsv.                                                      
[12:58:48] Deleting X82-8P_provirus_mmseqs2.                                                                                                                                
[12:58:48] Deleting X82-8P_provirus_mmseqs2_input.faa.                                                                                                                      
[12:58:49] tRNAs identified with Aragorn were written to X82-8P_provirus_aragorn.tsv.                                                                                       
[12:58:49] Deleting X82-8P_provirus_aragorn_input.fna.                                                                                                                      
[12:58:49] Provirus regions identified.                                                                                                                                     
[12:58:49] Provirus data was written to X82-8P_provirus.tsv.                                                                                                                
[12:58:49] Provirus nucleotide sequences were written to X82-8P_provirus.fna.                                                                                               
[12:58:49] Provirus protein sequences were written to X82-8P_provirus_proteins.faa.                                                                                         
[12:58:49] Provirus gene data was written to X82-8P_provirus_genes.tsv.                                                                                                     
[12:58:49] Taxonomic assignment data was written to X82-8P_provirus_taxonomy.tsv.                                                                                           
[12:58:49] geNomad find-proviruses finished!                                                                                                                                
