╭──────────────────────────────────────────────────────────────────────────────────────────────────────────────────────────────────────────────────────────────────────────╮
│  Executing geNomad nn-classification (v1.11.2). This will classify the input sequences into chromosome, plasmid, or virus based on the nucleotide sequence.              │
│  ──────────────────────────────────────────────────────────────────────────────────────────────────────────────────────────────────────────────────────────────────────  │
│  Outputs:                                                                                                                                                                │
│    X82-8P_nn_classification                                                                                                                                              │
│    ├── X82-8P_nn_classification.json (execution parameters)                                                                                                              │
│    ├── X82-8P_encoded_sequences (directory containing encoded sequence data)                                                                                             │
│    ├── X82-8P_nn_classification.tsv (contig classification: tabular format)                                                                                              │
│    ├── X82-8P_nn_classification.npz (contig classification: binary format)                                                                                               │
│    ├── X82-8P_encoded_proviruses (directory containing encoded sequence data)                                                                                            │
│    ├── X82-8P_provirus_nn_classification.tsv (provirus classification: tabular format)                                                                                   │
│    └── X82-8P_provirus_nn_classification.npz (provirus classification: binary format)                                                                                    │
╰──────────────────────────────────────────────────────────────────────────────────────────────────────────────────────────────────────────────────────────────────────────╯
[12:58:52] Executing genomad nn-classification.                                                                                                                             
[12:58:52] Creating the X82-8P_nn_classification directory.                                                                                                                 
[12:58:52] Creating the X82-8P_nn_classification/X82-8P_encoded_sequences directory.                                                                                        
[12:58:53] Encoded sequence data written to X82-8P_encoded_sequences.                                                                                                       
[12:58:53] Creating the X82-8P_nn_classification/X82-8P_encoded_proviruses directory.                                                                                       
[12:58:53] Encoded provirus data written to X82-8P_encoded_proviruses.                                                                                                      
[12:58:59] Sequences classified.                                                                                                                                            
[12:58:59] Sequence classification in binary format written to X82-8P_nn_classification.npz.                                                                                
[12:58:59] Deleting encoded sequence data.                                                                                                                                  
[12:58:59] Sequence classification in tabular format written to X82-8P_nn_classification.tsv.                                                                               
[12:59:01] Proviruses classified.                                                                                                                                           
[12:59:01] Provirus classification in binary format written to X82-8P_provirus_nn_classification.npz.                                                                       
[12:59:01] Deleting encoded provirus data.                                                                                                                                  
[12:59:01] Provirus classification in tabular format written to X82-8P_provirus_nn_classification.tsv.                                                                      
[12:59:01] geNomad nn-classification finished!                                                                                                                              
