╭──────────────────────────────────────────────────────────────────────────────────────────────────────────────────────────────────────────────────────────────────────────╮
│  Executing geNomad aggregated-classification (v1.11.2). This will aggregate the results of the marker-classification and nn-classification modules to classify the       │
│  input sequences into chromosome, plasmid, or virus.                                                                                                                     │
│  ──────────────────────────────────────────────────────────────────────────────────────────────────────────────────────────────────────────────────────────────────────  │
│  Outputs:                                                                                                                                                                │
│    X82-8P_aggregated_classification                                                                                                                                      │
│    ├── X82-8P_aggregated_classification.json (execution parameters)                                                                                                      │
│    ├── X82-8P_aggregated_classification.tsv (sequence classification: tabular format)                                                                                    │
│    ├── X82-8P_aggregated_classification.npz (sequence classification: binary format)                                                                                     │
│    ├── X82-8P_provirus_aggregated_classification.tsv (provirus classification: tabular format)                                                                           │
│    └── X82-8P_provirus_aggregated_classification.npz (provirus classification: binary format)                                                                            │
╰──────────────────────────────────────────────────────────────────────────────────────────────────────────────────────────────────────────────────────────────────────────╯
[12:59:01] Executing genomad aggregated-classification.                                                                                                                     
[12:59:01] Creating the X82-8P_aggregated_classification directory.                                                                                                         
[12:59:01] The total marker frequencies of the input sequences were computed.                                                                                               
[12:59:01] Sequences classified.                                                                                                                                            
[12:59:01] Sequence classification in binary format written to X82-8P_aggregated_classification.npz.                                                                        
[12:59:01] Sequence classification in tabular format written to X82-8P_aggregated_classification.tsv.                                                                       
[12:59:01] Proviruses classified.                                                                                                                                           
[12:59:01] Provirus classification in binary format written to X82-8P_provirus_aggregated_classification.npz.                                                               
[12:59:01] Provirus classification in tabular format written to X82-8P_provirus_aggregated_classification.tsv.                                                              
[12:59:01] geNomad aggregated-classification finished!                                                                                                                      
