╭──────────────────────────────────────────────────────────────────────────────────────────────────────────────────────────────────────────────────────────────────────────╮
│  Executing geNomad marker-classification (v1.11.2). This will classify the input sequences into chromosome, plasmid, or virus based on the presence of geNomad markers   │
│  and other gene-related features.                                                                                                                                        │
│  ──────────────────────────────────────────────────────────────────────────────────────────────────────────────────────────────────────────────────────────────────────  │
│  Outputs:                                                                                                                                                                │
│    X82-8P_C1_marker_classification                                                                                                                                       │
│    ├── X82-8P_C1_marker_classification.json (execution parameters)                                                                                                       │
│    ├── X82-8P_C1_features.tsv (sequence feature data: tabular format)                                                                                                    │
│    ├── X82-8P_C1_features.npz (sequence feature data: binary format)                                                                                                     │
│    ├── X82-8P_C1_marker_classification.tsv (sequence classification: tabular format)                                                                                     │
│    ├── X82-8P_C1_marker_classification.npz (sequence classification: binary format)                                                                                      │
│    ├── X82-8P_C1_provirus_features.tsv (provirus feature data: tabular format)                                                                                           │
│    ├── X82-8P_C1_provirus_features.npz (provirus feature data: binary format)                                                                                            │
│    ├── X82-8P_C1_provirus_marker_classification.tsv (provirus classification: tabular format)                                                                            │
│    └── X82-8P_C1_provirus_marker_classification.npz (provirus classification: binary format)                                                                             │
╰──────────────────────────────────────────────────────────────────────────────────────────────────────────────────────────────────────────────────────────────────────────╯
[13:00:04] Executing genomad marker-classification.                                                                                                                         
[13:00:04] Creating the X82-8P_C1_marker_classification directory.                                                                                                          
[13:00:05] Sequence features computed.                                                                                                                                      
[13:00:05] Sequence features in binary format written to X82-8P_C1_features.npz.                                                                                            
[13:00:05] Sequence features in tabular format written to X82-8P_C1_features.tsv.                                                                                           
[13:00:05] Provirus features computed.                                                                                                                                      
[13:00:05] Provirus features in binary format written to X82-8P_C1_provirus_features.npz.                                                                                   
[13:00:05] Provirus features in tabular format written to X82-8P_C1_provirus_features.tsv.                                                                                  
[13:00:06] Sequences classified.                                                                                                                                            
[13:00:06] Sequence classification in binary format written to X82-8P_C1_marker_classification.npz.                                                                         
[13:00:06] Sequence classification in tabular format written to X82-8P_C1_marker_classification.tsv.                                                                        
[13:00:06] Proviruses classified.                                                                                                                                           
[13:00:06] Provirus classification in binary format written to X82-8P_C1_provirus_marker_classification.npz.                                                                
[13:00:06] Provirus classification in tabular format written to X82-8P_C1_provirus_marker_classification.tsv.                                                               
[13:00:06] geNomad marker-classification finished!                                                                                                                          
