╭──────────────────────────────────────────────────────────────────────────────────────────────────────────────────────────────────────────────────────────────────────────╮
│  Executing geNomad aggregated-classification (v1.11.2). This will aggregate the results of the marker-classification and nn-classification modules to classify the       │
│  input sequences into chromosome, plasmid, or virus.                                                                                                                     │
│  ──────────────────────────────────────────────────────────────────────────────────────────────────────────────────────────────────────────────────────────────────────  │
│  Outputs:                                                                                                                                                                │
│    X82-8P_C3_aggregated_classification                                                                                                                                   │
│    ├── X82-8P_C3_aggregated_classification.json (execution parameters)                                                                                                   │
│    ├── X82-8P_C3_aggregated_classification.tsv (sequence classification: tabular format)                                                                                 │
│    ├── X82-8P_C3_aggregated_classification.npz (sequence classification: binary format)                                                                                  │
│    ├── X82-8P_C3_provirus_aggregated_classification.tsv (provirus classification: tabular format)                                                                        │
│    └── X82-8P_C3_provirus_aggregated_classification.npz (provirus classification: binary format)                                                                         │
╰──────────────────────────────────────────────────────────────────────────────────────────────────────────────────────────────────────────────────────────────────────────╯
[13:02:45] Executing genomad aggregated-classification.                                                                                                                     
[13:02:45] Creating the X82-8P_C3_aggregated_classification directory.                                                                                                      
[13:02:45] The total marker frequencies of the input sequences were computed.                                                                                               
[13:02:45] Sequences classified.                                                                                                                                            
[13:02:45] Sequence classification in binary format written to X82-8P_C3_aggregated_classification.npz.                                                                     
[13:02:45] Sequence classification in tabular format written to X82-8P_C3_aggregated_classification.tsv.                                                                    
[13:02:45] Proviruses classified.                                                                                                                                           
[13:02:45] Provirus classification in binary format written to X82-8P_C3_provirus_aggregated_classification.npz.                                                            
[13:02:45] Provirus classification in tabular format written to X82-8P_C3_provirus_aggregated_classification.tsv.                                                           
[13:02:45] geNomad aggregated-classification finished!                                                                                                                      
