╭──────────────────────────────────────────────────────────────────────────────────────────────────────────────────────────────────────────────────────────────────────────╮
│  Executing geNomad summary (v1.11.2). This will summarize the results across modules into a classification report.                                                       │
│  ──────────────────────────────────────────────────────────────────────────────────────────────────────────────────────────────────────────────────────────────────────  │
│  Outputs:                                                                                                                                                                │
│    X82-8P_C1_summary                                                                                                                                                     │
│    ├── X82-8P_C1_summary.json (execution parameters)                                                                                                                     │
│    ├── X82-8P_C1_virus_summary.tsv (virus classification summary)                                                                                                        │
│    ├── X82-8P_C1_plasmid_summary.tsv (plasmid classification summary)                                                                                                    │
│    ├── X82-8P_C1_virus.fna (virus nucleotide FASTA file)                                                                                                                 │
│    ├── X82-8P_C1_plasmid.fna (plasmid nucleotide FASTA file)                                                                                                             │
│    ├── X82-8P_C1_virus_proteins.faa (virus protein FASTA file)                                                                                                           │
│    ├── X82-8P_C1_plasmid_proteins.faa (plasmid protein FASTA file)                                                                                                       │
│    ├── X82-8P_C1_virus_genes.tsv (virus gene annotation data)                                                                                                            │
│    └── X82-8P_C1_plasmid_genes.tsv (plasmid gene annotation data)                                                                                                        │
╰──────────────────────────────────────────────────────────────────────────────────────────────────────────────────────────────────────────────────────────────────────────╯
[13:00:17] Executing genomad summary.                                                                                                                                       
[13:00:17] Creating the X82-8P_C1_summary directory.                                                                                                                        
[13:00:17] Using scores from aggregated-classification.                                                                                                                     
[13:00:17] 20 plasmid(s) and 2 virus(es) were identified.                                                                                                                   
[13:00:17] Nucleotide sequences were written to X82-8P_C1_plasmid.fna and X82-8P_C1_virus.fna.                                                                              
[13:00:17] Protein sequences were written to X82-8P_C1_plasmid_proteins.faa and X82-8P_C1_virus_proteins.faa.                                                               
[13:00:17] Gene annotation data was written to X82-8P_C1_plasmid_genes.tsv and X82-8P_C1_virus_genes.tsv.                                                                   
[13:00:17] Summary files were written to X82-8P_C1_plasmid_summary.tsv and X82-8P_C1_virus_summary.tsv.                                                                     
[13:00:17] geNomad summary finished!                                                                                                                                        
