╭──────────────────────────────────────────────────────────────────────────────────────────────────────────────────────────────────────────────────────────────────────────╮
│  Executing geNomad nn-classification (v1.11.2). This will classify the input sequences into chromosome, plasmid, or virus based on the nucleotide sequence.              │
│  ──────────────────────────────────────────────────────────────────────────────────────────────────────────────────────────────────────────────────────────────────────  │
│  Outputs:                                                                                                                                                                │
│    Xcv_Sspep_92_nn_classification                                                                                                                                        │
│    ├── Xcv_Sspep_92_nn_classification.json (execution parameters)                                                                                                        │
│    ├── Xcv_Sspep_92_encoded_sequences (directory containing encoded sequence data)                                                                                       │
│    ├── Xcv_Sspep_92_nn_classification.tsv (contig classification: tabular format)                                                                                        │
│    ├── Xcv_Sspep_92_nn_classification.npz (contig classification: binary format)                                                                                         │
│    ├── Xcv_Sspep_92_encoded_proviruses (directory containing encoded sequence data)                                                                                      │
│    ├── Xcv_Sspep_92_provirus_nn_classification.tsv (provirus classification: tabular format)                                                                             │
│    └── Xcv_Sspep_92_provirus_nn_classification.npz (provirus classification: binary format)                                                                              │
╰──────────────────────────────────────────────────────────────────────────────────────────────────────────────────────────────────────────────────────────────────────────╯
[13:33:57] Executing genomad nn-classification.                                                                                                                             
[13:33:57] Creating the Xcv_Sspep_92_nn_classification directory.                                                                                                           
[13:33:57] Creating the Xcv_Sspep_92_nn_classification/Xcv_Sspep_92_encoded_sequences directory.                                                                            
[13:33:58] Encoded sequence data written to Xcv_Sspep_92_encoded_sequences.                                                                                                 
[13:33:58] Creating the Xcv_Sspep_92_nn_classification/Xcv_Sspep_92_encoded_proviruses directory.                                                                           
[13:33:58] Encoded provirus data written to Xcv_Sspep_92_encoded_proviruses.                                                                                                
[13:34:04] Sequences classified.                                                                                                                                            
[13:34:04] Sequence classification in binary format written to Xcv_Sspep_92_nn_classification.npz.                                                                          
[13:34:04] Deleting encoded sequence data.                                                                                                                                  
[13:34:04] Sequence classification in tabular format written to Xcv_Sspep_92_nn_classification.tsv.                                                                         
[13:34:07] Proviruses classified.                                                                                                                                           
[13:34:07] Provirus classification in binary format written to Xcv_Sspep_92_provirus_nn_classification.npz.                                                                 
[13:34:07] Deleting encoded provirus data.                                                                                                                                  
[13:34:07] Provirus classification in tabular format written to Xcv_Sspep_92_provirus_nn_classification.tsv.                                                                
[13:34:07] geNomad nn-classification finished!                                                                                                                              
