╭──────────────────────────────────────────────────────────────────────────────────────────────────────────────────────────────────────────────────────────────────────────╮
│  Executing geNomad aggregated-classification (v1.11.2). This will aggregate the results of the marker-classification and nn-classification modules to classify the       │
│  input sequences into chromosome, plasmid, or virus.                                                                                                                     │
│  ──────────────────────────────────────────────────────────────────────────────────────────────────────────────────────────────────────────────────────────────────────  │
│  Outputs:                                                                                                                                                                │
│    Xcv_DC_97_P2A_aggregated_classification                                                                                                                               │
│    ├── Xcv_DC_97_P2A_aggregated_classification.json (execution parameters)                                                                                               │
│    ├── Xcv_DC_97_P2A_aggregated_classification.tsv (sequence classification: tabular format)                                                                             │
│    ├── Xcv_DC_97_P2A_aggregated_classification.npz (sequence classification: binary format)                                                                              │
│    ├── Xcv_DC_97_P2A_provirus_aggregated_classification.tsv (provirus classification: tabular format)                                                                    │
│    └── Xcv_DC_97_P2A_provirus_aggregated_classification.npz (provirus classification: binary format)                                                                     │
╰──────────────────────────────────────────────────────────────────────────────────────────────────────────────────────────────────────────────────────────────────────────╯
[13:30:18] Executing genomad aggregated-classification.                                                                                                                     
[13:30:18] Creating the Xcv_DC_97_P2A_aggregated_classification directory.                                                                                                  
[13:30:18] The total marker frequencies of the input sequences were computed.                                                                                               
[13:30:18] Sequences classified.                                                                                                                                            
[13:30:18] Sequence classification in binary format written to Xcv_DC_97_P2A_aggregated_classification.npz.                                                                 
[13:30:18] Sequence classification in tabular format written to Xcv_DC_97_P2A_aggregated_classification.tsv.                                                                
[13:30:18] Proviruses classified.                                                                                                                                           
[13:30:18] Provirus classification in binary format written to Xcv_DC_97_P2A_provirus_aggregated_classification.npz.                                                        
[13:30:18] Provirus classification in tabular format written to Xcv_DC_97_P2A_provirus_aggregated_classification.tsv.                                                       
[13:30:18] geNomad aggregated-classification finished!                                                                                                                      
