╭──────────────────────────────────────────────────────────────────────────────────────────────────────────────────────────────────────────────────────────────────────────╮
│  Executing geNomad aggregated-classification (v1.11.2). This will aggregate the results of the marker-classification and nn-classification modules to classify the       │
│  input sequences into chromosome, plasmid, or virus.                                                                                                                     │
│  ──────────────────────────────────────────────────────────────────────────────────────────────────────────────────────────────────────────────────────────────────────  │
│  Outputs:                                                                                                                                                                │
│    Xcv_Sspep_92_aggregated_classification                                                                                                                                │
│    ├── Xcv_Sspep_92_aggregated_classification.json (execution parameters)                                                                                                │
│    ├── Xcv_Sspep_92_aggregated_classification.tsv (sequence classification: tabular format)                                                                              │
│    ├── Xcv_Sspep_92_aggregated_classification.npz (sequence classification: binary format)                                                                               │
│    ├── Xcv_Sspep_92_provirus_aggregated_classification.tsv (provirus classification: tabular format)                                                                     │
│    └── Xcv_Sspep_92_provirus_aggregated_classification.npz (provirus classification: binary format)                                                                      │
╰──────────────────────────────────────────────────────────────────────────────────────────────────────────────────────────────────────────────────────────────────────────╯
[13:34:07] Executing genomad aggregated-classification.                                                                                                                     
[13:34:07] Creating the Xcv_Sspep_92_aggregated_classification directory.                                                                                                   
[13:34:07] The total marker frequencies of the input sequences were computed.                                                                                               
[13:34:07] Sequences classified.                                                                                                                                            
[13:34:07] Sequence classification in binary format written to Xcv_Sspep_92_aggregated_classification.npz.                                                                  
[13:34:07] Sequence classification in tabular format written to Xcv_Sspep_92_aggregated_classification.tsv.                                                                 
[13:34:07] Proviruses classified.                                                                                                                                           
[13:34:07] Provirus classification in binary format written to Xcv_Sspep_92_provirus_aggregated_classification.npz.                                                         
[13:34:07] Provirus classification in tabular format written to Xcv_Sspep_92_provirus_aggregated_classification.tsv.                                                        
[13:34:07] geNomad aggregated-classification finished!                                                                                                                      
