╭──────────────────────────────────────────────────────────────────────────────────────────────────────────────────────────────────────────────────────────────────────────╮
│  Executing geNomad aggregated-classification (v1.11.2). This will aggregate the results of the marker-classification and nn-classification modules to classify the       │
│  input sequences into chromosome, plasmid, or virus.                                                                                                                     │
│  ──────────────────────────────────────────────────────────────────────────────────────────────────────────────────────────────────────────────────────────────────────  │
│  Outputs:                                                                                                                                                                │
│    Xcv_DC_93-6_aggregated_classification                                                                                                                                 │
│    ├── Xcv_DC_93-6_aggregated_classification.json (execution parameters)                                                                                                 │
│    ├── Xcv_DC_93-6_aggregated_classification.tsv (sequence classification: tabular format)                                                                               │
│    ├── Xcv_DC_93-6_aggregated_classification.npz (sequence classification: binary format)                                                                                │
│    ├── Xcv_DC_93-6_provirus_aggregated_classification.tsv (provirus classification: tabular format)                                                                      │
│    └── Xcv_DC_93-6_provirus_aggregated_classification.npz (provirus classification: binary format)                                                                       │
╰──────────────────────────────────────────────────────────────────────────────────────────────────────────────────────────────────────────────────────────────────────────╯
[13:17:36] Executing genomad aggregated-classification.                                                                                                                     
[13:17:36] Creating the Xcv_DC_93-6_aggregated_classification directory.                                                                                                    
[13:17:36] The total marker frequencies of the input sequences were computed.                                                                                               
[13:17:36] Sequences classified.                                                                                                                                            
[13:17:36] Sequence classification in binary format written to Xcv_DC_93-6_aggregated_classification.npz.                                                                   
[13:17:36] Sequence classification in tabular format written to Xcv_DC_93-6_aggregated_classification.tsv.                                                                  
[13:17:36] Proviruses classified.                                                                                                                                           
[13:17:36] Provirus classification in binary format written to Xcv_DC_93-6_provirus_aggregated_classification.npz.                                                          
[13:17:36] Provirus classification in tabular format written to Xcv_DC_93-6_provirus_aggregated_classification.tsv.                                                         
[13:17:36] geNomad aggregated-classification finished!                                                                                                                      
