╭──────────────────────────────────────────────────────────────────────────────────────────────────────────────────────────────────────────────────────────────────────────╮
│  Executing geNomad marker-classification (v1.11.2). This will classify the input sequences into chromosome, plasmid, or virus based on the presence of geNomad markers   │
│  and other gene-related features.                                                                                                                                        │
│  ──────────────────────────────────────────────────────────────────────────────────────────────────────────────────────────────────────────────────────────────────────  │
│  Outputs:                                                                                                                                                                │
│    Xcv_DC_93-7_marker_classification                                                                                                                                     │
│    ├── Xcv_DC_93-7_marker_classification.json (execution parameters)                                                                                                     │
│    ├── Xcv_DC_93-7_features.tsv (sequence feature data: tabular format)                                                                                                  │
│    ├── Xcv_DC_93-7_features.npz (sequence feature data: binary format)                                                                                                   │
│    ├── Xcv_DC_93-7_marker_classification.tsv (sequence classification: tabular format)                                                                                   │
│    ├── Xcv_DC_93-7_marker_classification.npz (sequence classification: binary format)                                                                                    │
│    ├── Xcv_DC_93-7_provirus_features.tsv (provirus feature data: tabular format)                                                                                         │
│    ├── Xcv_DC_93-7_provirus_features.npz (provirus feature data: binary format)                                                                                          │
│    ├── Xcv_DC_93-7_provirus_marker_classification.tsv (provirus classification: tabular format)                                                                          │
│    └── Xcv_DC_93-7_provirus_marker_classification.npz (provirus classification: binary format)                                                                           │
╰──────────────────────────────────────────────────────────────────────────────────────────────────────────────────────────────────────────────────────────────────────────╯
[13:18:39] Executing genomad marker-classification.                                                                                                                         
[13:18:39] Creating the Xcv_DC_93-7_marker_classification directory.                                                                                                        
[13:18:39] Sequence features computed.                                                                                                                                      
[13:18:39] Sequence features in binary format written to Xcv_DC_93-7_features.npz.                                                                                          
[13:18:39] Sequence features in tabular format written to Xcv_DC_93-7_features.tsv.                                                                                         
[13:18:40] Provirus features computed.                                                                                                                                      
[13:18:40] Provirus features in binary format written to Xcv_DC_93-7_provirus_features.npz.                                                                                 
[13:18:40] Provirus features in tabular format written to Xcv_DC_93-7_provirus_features.tsv.                                                                                
[13:18:40] Sequences classified.                                                                                                                                            
[13:18:40] Sequence classification in binary format written to Xcv_DC_93-7_marker_classification.npz.                                                                       
[13:18:40] Sequence classification in tabular format written to Xcv_DC_93-7_marker_classification.tsv.                                                                      
[13:18:40] Proviruses classified.                                                                                                                                           
[13:18:40] Provirus classification in binary format written to Xcv_DC_93-7_provirus_marker_classification.npz.                                                              
[13:18:40] Provirus classification in tabular format written to Xcv_DC_93-7_provirus_marker_classification.tsv.                                                             
[13:18:40] geNomad marker-classification finished!                                                                                                                          
