╭──────────────────────────────────────────────────────────────────────────────────────────────────────────────────────────────────────────────────────────────────────────╮
│  Executing geNomad find-proviruses (v1.11.2). This will find putative proviral regions within the input sequences.                                                       │
│  ──────────────────────────────────────────────────────────────────────────────────────────────────────────────────────────────────────────────────────────────────────  │
│  Outputs:                                                                                                                                                                │
│    Xcv_DC_93-9_find_proviruses                                                                                                                                           │
│    ├── Xcv_DC_93-9_find_proviruses.json (execution parameters)                                                                                                           │
│    ├── Xcv_DC_93-9_provirus.tsv (provirus data)                                                                                                                          │
│    ├── Xcv_DC_93-9_provirus.fna (provirus nucleotide sequences)                                                                                                          │
│    ├── Xcv_DC_93-9_provirus_proteins.faa (provirus protein sequences)                                                                                                    │
│    ├── Xcv_DC_93-9_provirus_genes.tsv (provirus gene annotation data)                                                                                                    │
│    ├── Xcv_DC_93-9_provirus_taxonomy.tsv (provirus taxonomic assignment)                                                                                                 │
│    ├── Xcv_DC_93-9_provirus_mmseqs2.tsv (MMseqs2 output file)                                                                                                            │
│    └── Xcv_DC_93-9_provirus_aragorn.tsv (Aragorn output file)                                                                                                            │
╰──────────────────────────────────────────────────────────────────────────────────────────────────────────────────────────────────────────────────────────────────────────╯
[13:21:03] Executing genomad find-proviruses.                                                                                                                               
[13:21:03] Creating the Xcv_DC_93-9_find_proviruses directory.                                                                                                              
[13:21:06] Integrases identified with MMseqs2 and geNomad database (v1.9) were written to Xcv_DC_93-9_provirus_mmseqs2.tsv.                                                 
[13:21:06] Deleting Xcv_DC_93-9_provirus_mmseqs2.                                                                                                                           
[13:21:06] Deleting Xcv_DC_93-9_provirus_mmseqs2_input.faa.                                                                                                                 
[13:21:07] tRNAs identified with Aragorn were written to Xcv_DC_93-9_provirus_aragorn.tsv.                                                                                  
[13:21:07] Deleting Xcv_DC_93-9_provirus_aragorn_input.fna.                                                                                                                 
[13:21:07] Provirus regions identified.                                                                                                                                     
[13:21:07] Provirus data was written to Xcv_DC_93-9_provirus.tsv.                                                                                                           
[13:21:07] Provirus nucleotide sequences were written to Xcv_DC_93-9_provirus.fna.                                                                                          
[13:21:07] Provirus protein sequences were written to Xcv_DC_93-9_provirus_proteins.faa.                                                                                    
[13:21:07] Provirus gene data was written to Xcv_DC_93-9_provirus_genes.tsv.                                                                                                
[13:21:07] Taxonomic assignment data was written to Xcv_DC_93-9_provirus_taxonomy.tsv.                                                                                      
[13:21:07] geNomad find-proviruses finished!                                                                                                                                
