╭──────────────────────────────────────────────────────────────────────────────────────────────────────────────────────────────────────────────────────────────────────────╮
│  Executing geNomad summary (v1.11.2). This will summarize the results across modules into a classification report.                                                       │
│  ──────────────────────────────────────────────────────────────────────────────────────────────────────────────────────────────────────────────────────────────────────  │
│  Outputs:                                                                                                                                                                │
│    Xcv_DC_97_P2A_summary                                                                                                                                                 │
│    ├── Xcv_DC_97_P2A_summary.json (execution parameters)                                                                                                                 │
│    ├── Xcv_DC_97_P2A_virus_summary.tsv (virus classification summary)                                                                                                    │
│    ├── Xcv_DC_97_P2A_plasmid_summary.tsv (plasmid classification summary)                                                                                                │
│    ├── Xcv_DC_97_P2A_virus.fna (virus nucleotide FASTA file)                                                                                                             │
│    ├── Xcv_DC_97_P2A_plasmid.fna (plasmid nucleotide FASTA file)                                                                                                         │
│    ├── Xcv_DC_97_P2A_virus_proteins.faa (virus protein FASTA file)                                                                                                       │
│    ├── Xcv_DC_97_P2A_plasmid_proteins.faa (plasmid protein FASTA file)                                                                                                   │
│    ├── Xcv_DC_97_P2A_virus_genes.tsv (virus gene annotation data)                                                                                                        │
│    └── Xcv_DC_97_P2A_plasmid_genes.tsv (plasmid gene annotation data)                                                                                                    │
╰──────────────────────────────────────────────────────────────────────────────────────────────────────────────────────────────────────────────────────────────────────────╯
[13:30:18] Executing genomad summary.                                                                                                                                       
[13:30:18] Creating the Xcv_DC_97_P2A_summary directory.                                                                                                                    
[13:30:18] Using scores from aggregated-classification.                                                                                                                     
[13:30:18] 12 plasmid(s) and 2 virus(es) were identified.                                                                                                                   
[13:30:18] Nucleotide sequences were written to Xcv_DC_97_P2A_plasmid.fna and Xcv_DC_97_P2A_virus.fna.                                                                      
[13:30:18] Protein sequences were written to Xcv_DC_97_P2A_plasmid_proteins.faa and Xcv_DC_97_P2A_virus_proteins.faa.                                                       
[13:30:18] Gene annotation data was written to Xcv_DC_97_P2A_plasmid_genes.tsv and Xcv_DC_97_P2A_virus_genes.tsv.                                                           
[13:30:18] Summary files were written to Xcv_DC_97_P2A_plasmid_summary.tsv and Xcv_DC_97_P2A_virus_summary.tsv.                                                             
[13:30:18] geNomad summary finished!                                                                                                                                        
