╭──────────────────────────────────────────────────────────────────────────────────────────────────────────────────────────────────────────────────────────────────────────╮
│  Executing geNomad nn-classification (v1.11.2). This will classify the input sequences into chromosome, plasmid, or virus based on the nucleotide sequence.              │
│  ──────────────────────────────────────────────────────────────────────────────────────────────────────────────────────────────────────────────────────────────────────  │
│  Outputs:                                                                                                                                                                │
│    Xcv_DC_97_P2A_nn_classification                                                                                                                                       │
│    ├── Xcv_DC_97_P2A_nn_classification.json (execution parameters)                                                                                                       │
│    ├── Xcv_DC_97_P2A_encoded_sequences (directory containing encoded sequence data)                                                                                      │
│    ├── Xcv_DC_97_P2A_nn_classification.tsv (contig classification: tabular format)                                                                                       │
│    ├── Xcv_DC_97_P2A_nn_classification.npz (contig classification: binary format)                                                                                        │
│    ├── Xcv_DC_97_P2A_encoded_proviruses (directory containing encoded sequence data)                                                                                     │
│    ├── Xcv_DC_97_P2A_provirus_nn_classification.tsv (provirus classification: tabular format)                                                                            │
│    └── Xcv_DC_97_P2A_provirus_nn_classification.npz (provirus classification: binary format)                                                                             │
╰──────────────────────────────────────────────────────────────────────────────────────────────────────────────────────────────────────────────────────────────────────────╯
[13:30:09] Executing genomad nn-classification.                                                                                                                             
[13:30:09] Creating the Xcv_DC_97_P2A_nn_classification directory.                                                                                                          
[13:30:09] Creating the Xcv_DC_97_P2A_nn_classification/Xcv_DC_97_P2A_encoded_sequences directory.                                                                          
[13:30:10] Encoded sequence data written to Xcv_DC_97_P2A_encoded_sequences.                                                                                                
[13:30:10] Creating the Xcv_DC_97_P2A_nn_classification/Xcv_DC_97_P2A_encoded_proviruses directory.                                                                         
[13:30:10] Encoded provirus data written to Xcv_DC_97_P2A_encoded_proviruses.                                                                                               
[13:30:15] Sequences classified.                                                                                                                                            
[13:30:15] Sequence classification in binary format written to Xcv_DC_97_P2A_nn_classification.npz.                                                                         
[13:30:15] Deleting encoded sequence data.                                                                                                                                  
[13:30:16] Sequence classification in tabular format written to Xcv_DC_97_P2A_nn_classification.tsv.                                                                        
[13:30:18] Proviruses classified.                                                                                                                                           
[13:30:18] Provirus classification in binary format written to Xcv_DC_97_P2A_provirus_nn_classification.npz.                                                                
[13:30:18] Deleting encoded provirus data.                                                                                                                                  
[13:30:18] Provirus classification in tabular format written to Xcv_DC_97_P2A_provirus_nn_classification.tsv.                                                               
[13:30:18] geNomad nn-classification finished!                                                                                                                              
