╭──────────────────────────────────────────────────────────────────────────────────────────────────────────────────────────────────────────────────────────────────────────╮
│  Executing geNomad find-proviruses (v1.11.2). This will find putative proviral regions within the input sequences.                                                       │
│  ──────────────────────────────────────────────────────────────────────────────────────────────────────────────────────────────────────────────────────────────────────  │
│  Outputs:                                                                                                                                                                │
│    Xcv_Sspep_92_find_proviruses                                                                                                                                          │
│    ├── Xcv_Sspep_92_find_proviruses.json (execution parameters)                                                                                                          │
│    ├── Xcv_Sspep_92_provirus.tsv (provirus data)                                                                                                                         │
│    ├── Xcv_Sspep_92_provirus.fna (provirus nucleotide sequences)                                                                                                         │
│    ├── Xcv_Sspep_92_provirus_proteins.faa (provirus protein sequences)                                                                                                   │
│    ├── Xcv_Sspep_92_provirus_genes.tsv (provirus gene annotation data)                                                                                                   │
│    ├── Xcv_Sspep_92_provirus_taxonomy.tsv (provirus taxonomic assignment)                                                                                                │
│    ├── Xcv_Sspep_92_provirus_mmseqs2.tsv (MMseqs2 output file)                                                                                                           │
│    └── Xcv_Sspep_92_provirus_aragorn.tsv (Aragorn output file)                                                                                                           │
╰──────────────────────────────────────────────────────────────────────────────────────────────────────────────────────────────────────────────────────────────────────────╯
[13:33:49] Executing genomad find-proviruses.                                                                                                                               
[13:33:49] Creating the Xcv_Sspep_92_find_proviruses directory.                                                                                                             
[13:33:52] Integrases identified with MMseqs2 and geNomad database (v1.9) were written to Xcv_Sspep_92_provirus_mmseqs2.tsv.                                                
[13:33:52] Deleting Xcv_Sspep_92_provirus_mmseqs2.                                                                                                                          
[13:33:52] Deleting Xcv_Sspep_92_provirus_mmseqs2_input.faa.                                                                                                                
[13:33:53] tRNAs identified with Aragorn were written to Xcv_Sspep_92_provirus_aragorn.tsv.                                                                                 
[13:33:53] Deleting Xcv_Sspep_92_provirus_aragorn_input.fna.                                                                                                                
[13:33:53] Provirus regions identified.                                                                                                                                     
[13:33:53] Provirus data was written to Xcv_Sspep_92_provirus.tsv.                                                                                                          
[13:33:53] Provirus nucleotide sequences were written to Xcv_Sspep_92_provirus.fna.                                                                                         
[13:33:53] Provirus protein sequences were written to Xcv_Sspep_92_provirus_proteins.faa.                                                                                   
[13:33:53] Provirus gene data was written to Xcv_Sspep_92_provirus_genes.tsv.                                                                                               
[13:33:53] Taxonomic assignment data was written to Xcv_Sspep_92_provirus_taxonomy.tsv.                                                                                     
[13:33:53] geNomad find-proviruses finished!                                                                                                                                
