╭──────────────────────────────────────────────────────────────────────────────────────────────────────────────────────────────────────────────────────────────────────────╮
│  Executing geNomad marker-classification (v1.11.2). This will classify the input sequences into chromosome, plasmid, or virus based on the presence of geNomad markers   │
│  and other gene-related features.                                                                                                                                        │
│  ──────────────────────────────────────────────────────────────────────────────────────────────────────────────────────────────────────────────────────────────────────  │
│  Outputs:                                                                                                                                                                │
│    XCVCP-C-43_marker_classification                                                                                                                                      │
│    ├── XCVCP-C-43_marker_classification.json (execution parameters)                                                                                                      │
│    ├── XCVCP-C-43_features.tsv (sequence feature data: tabular format)                                                                                                   │
│    ├── XCVCP-C-43_features.npz (sequence feature data: binary format)                                                                                                    │
│    ├── XCVCP-C-43_marker_classification.tsv (sequence classification: tabular format)                                                                                    │
│    └── XCVCP-C-43_marker_classification.npz (sequence classification: binary format)                                                                                     │
╰──────────────────────────────────────────────────────────────────────────────────────────────────────────────────────────────────────────────────────────────────────────╯
[13:07:24] Executing genomad marker-classification.                                                                                                                         
[13:07:24] Creating the XCVCP-C-43_marker_classification directory.                                                                                                         
[13:07:25] Sequence features computed.                                                                                                                                      
[13:07:25] Sequence features in binary format written to XCVCP-C-43_features.npz.                                                                                           
[13:07:25] Sequence features in tabular format written to XCVCP-C-43_features.tsv.                                                                                          
[13:07:25] Sequences classified.                                                                                                                                            
[13:07:25] Sequence classification in binary format written to XCVCP-C-43_marker_classification.npz.                                                                        
[13:07:25] Sequence classification in tabular format written to XCVCP-C-43_marker_classification.tsv.                                                                       
[13:07:25] geNomad marker-classification finished!                                                                                                                          
