╭──────────────────────────────────────────────────────────────────────────────────────────────────────────────────────────────────────────────────────────────────────────╮
│  Executing geNomad summary (v1.11.2). This will summarize the results across modules into a classification report.                                                       │
│  ──────────────────────────────────────────────────────────────────────────────────────────────────────────────────────────────────────────────────────────────────────  │
│  Outputs:                                                                                                                                                                │
│    XCVCP-C-43_summary                                                                                                                                                    │
│    ├── XCVCP-C-43_summary.json (execution parameters)                                                                                                                    │
│    ├── XCVCP-C-43_virus_summary.tsv (virus classification summary)                                                                                                       │
│    ├── XCVCP-C-43_plasmid_summary.tsv (plasmid classification summary)                                                                                                   │
│    ├── XCVCP-C-43_virus.fna (virus nucleotide FASTA file)                                                                                                                │
│    ├── XCVCP-C-43_plasmid.fna (plasmid nucleotide FASTA file)                                                                                                            │
│    ├── XCVCP-C-43_virus_proteins.faa (virus protein FASTA file)                                                                                                          │
│    ├── XCVCP-C-43_plasmid_proteins.faa (plasmid protein FASTA file)                                                                                                      │
│    ├── XCVCP-C-43_virus_genes.tsv (virus gene annotation data)                                                                                                           │
│    └── XCVCP-C-43_plasmid_genes.tsv (plasmid gene annotation data)                                                                                                       │
╰──────────────────────────────────────────────────────────────────────────────────────────────────────────────────────────────────────────────────────────────────────────╯
[13:07:35] Executing genomad summary.                                                                                                                                       
[13:07:35] Creating the XCVCP-C-43_summary directory.                                                                                                                       
[13:07:35] Using scores from aggregated-classification.                                                                                                                     
[13:07:35] 23 plasmid(s) and 2 virus(es) were identified.                                                                                                                   
[13:07:35] Nucleotide sequences were written to XCVCP-C-43_plasmid.fna and XCVCP-C-43_virus.fna.                                                                            
[13:07:35] Protein sequences were written to XCVCP-C-43_plasmid_proteins.faa and XCVCP-C-43_virus_proteins.faa.                                                             
[13:07:35] Gene annotation data was written to XCVCP-C-43_plasmid_genes.tsv and XCVCP-C-43_virus_genes.tsv.                                                                 
[13:07:35] Summary files were written to XCVCP-C-43_plasmid_summary.tsv and XCVCP-C-43_virus_summary.tsv.                                                                   
[13:07:35] geNomad summary finished!                                                                                                                                        
