╭──────────────────────────────────────────────────────────────────────────────────────────────────────────────────────────────────────────────────────────────────────────╮
│  Executing geNomad find-proviruses (v1.11.2). This will find putative proviral regions within the input sequences.                                                       │
│  ──────────────────────────────────────────────────────────────────────────────────────────────────────────────────────────────────────────────────────────────────────  │
│  Outputs:                                                                                                                                                                │
│    XCVCP-C-43_find_proviruses                                                                                                                                            │
│    ├── XCVCP-C-43_find_proviruses.json (execution parameters)                                                                                                            │
│    ├── XCVCP-C-43_provirus.tsv (provirus data)                                                                                                                           │
│    ├── XCVCP-C-43_provirus.fna (provirus nucleotide sequences)                                                                                                           │
│    ├── XCVCP-C-43_provirus_proteins.faa (provirus protein sequences)                                                                                                     │
│    ├── XCVCP-C-43_provirus_genes.tsv (provirus gene annotation data)                                                                                                     │
│    ├── XCVCP-C-43_provirus_taxonomy.tsv (provirus taxonomic assignment)                                                                                                  │
│    ├── XCVCP-C-43_provirus_mmseqs2.tsv (MMseqs2 output file)                                                                                                             │
│    └── XCVCP-C-43_provirus_aragorn.tsv (Aragorn output file)                                                                                                             │
╰──────────────────────────────────────────────────────────────────────────────────────────────────────────────────────────────────────────────────────────────────────────╯
[13:07:20] Executing genomad find-proviruses.                                                                                                                               
[13:07:20] Creating the XCVCP-C-43_find_proviruses directory.                                                                                                               
[13:07:23] Integrases identified with MMseqs2 and geNomad database (v1.9) were written to XCVCP-C-43_provirus_mmseqs2.tsv.                                                  
[13:07:23] Deleting XCVCP-C-43_provirus_mmseqs2.                                                                                                                            
[13:07:23] Deleting XCVCP-C-43_provirus_mmseqs2_input.faa.                                                                                                                  
[13:07:24] tRNAs identified with Aragorn were written to XCVCP-C-43_provirus_aragorn.tsv.                                                                                   
[13:07:24] Deleting XCVCP-C-43_provirus_aragorn_input.fna.                                                                                                                  
[13:07:24] Provirus regions identified.                                                                                                                                     
[13:07:24] Provirus data was written to XCVCP-C-43_provirus.tsv.                                                                                                            
[13:07:24] Provirus nucleotide sequences were written to XCVCP-C-43_provirus.fna.                                                                                           
[13:07:24] Provirus protein sequences were written to XCVCP-C-43_provirus_proteins.faa.                                                                                     
[13:07:24] Provirus gene data was written to XCVCP-C-43_provirus_genes.tsv.                                                                                                 
[13:07:24] Taxonomic assignment data was written to XCVCP-C-43_provirus_taxonomy.tsv.                                                                                       
[13:07:24] geNomad find-proviruses finished!                                                                                                                                
