╭──────────────────────────────────────────────────────────────────────────────────────────────────────────────────────────────────────────────────────────────────────────╮
│  Executing geNomad summary (v1.11.2). This will summarize the results across modules into a classification report.                                                       │
│  ──────────────────────────────────────────────────────────────────────────────────────────────────────────────────────────────────────────────────────────────────────  │
│  Outputs:                                                                                                                                                                │
│    XCVKK-C-1_summary                                                                                                                                                     │
│    ├── XCVKK-C-1_summary.json (execution parameters)                                                                                                                     │
│    ├── XCVKK-C-1_virus_summary.tsv (virus classification summary)                                                                                                        │
│    ├── XCVKK-C-1_plasmid_summary.tsv (plasmid classification summary)                                                                                                    │
│    ├── XCVKK-C-1_virus.fna (virus nucleotide FASTA file)                                                                                                                 │
│    ├── XCVKK-C-1_plasmid.fna (plasmid nucleotide FASTA file)                                                                                                             │
│    ├── XCVKK-C-1_virus_proteins.faa (virus protein FASTA file)                                                                                                           │
│    ├── XCVKK-C-1_plasmid_proteins.faa (plasmid protein FASTA file)                                                                                                       │
│    ├── XCVKK-C-1_virus_genes.tsv (virus gene annotation data)                                                                                                            │
│    └── XCVKK-C-1_plasmid_genes.tsv (plasmid gene annotation data)                                                                                                        │
╰──────────────────────────────────────────────────────────────────────────────────────────────────────────────────────────────────────────────────────────────────────────╯
[13:10:00] Executing genomad summary.                                                                                                                                       
[13:10:00] Creating the XCVKK-C-1_summary directory.                                                                                                                        
[13:10:00] Using scores from aggregated-classification.                                                                                                                     
[13:10:00] 20 plasmid(s) and 2 virus(es) were identified.                                                                                                                   
[13:10:00] Nucleotide sequences were written to XCVKK-C-1_plasmid.fna and XCVKK-C-1_virus.fna.                                                                              
[13:10:00] Protein sequences were written to XCVKK-C-1_plasmid_proteins.faa and XCVKK-C-1_virus_proteins.faa.                                                               
[13:10:00] Gene annotation data was written to XCVKK-C-1_plasmid_genes.tsv and XCVKK-C-1_virus_genes.tsv.                                                                   
[13:10:00] Summary files were written to XCVKK-C-1_plasmid_summary.tsv and XCVKK-C-1_virus_summary.tsv.                                                                     
[13:10:00] geNomad summary finished!                                                                                                                                        
