╭──────────────────────────────────────────────────────────────────────────────────────────────────────────────────────────────────────────────────────────────────────────╮
│  Executing geNomad marker-classification (v1.11.2). This will classify the input sequences into chromosome, plasmid, or virus based on the presence of geNomad markers   │
│  and other gene-related features.                                                                                                                                        │
│  ──────────────────────────────────────────────────────────────────────────────────────────────────────────────────────────────────────────────────────────────────────  │
│  Outputs:                                                                                                                                                                │
│    XCVKK-C-5_marker_classification                                                                                                                                       │
│    ├── XCVKK-C-5_marker_classification.json (execution parameters)                                                                                                       │
│    ├── XCVKK-C-5_features.tsv (sequence feature data: tabular format)                                                                                                    │
│    ├── XCVKK-C-5_features.npz (sequence feature data: binary format)                                                                                                     │
│    ├── XCVKK-C-5_marker_classification.tsv (sequence classification: tabular format)                                                                                     │
│    ├── XCVKK-C-5_marker_classification.npz (sequence classification: binary format)                                                                                      │
│    ├── XCVKK-C-5_provirus_features.tsv (provirus feature data: tabular format)                                                                                           │
│    ├── XCVKK-C-5_provirus_features.npz (provirus feature data: binary format)                                                                                            │
│    ├── XCVKK-C-5_provirus_marker_classification.tsv (provirus classification: tabular format)                                                                            │
│    └── XCVKK-C-5_provirus_marker_classification.npz (provirus classification: binary format)                                                                             │
╰──────────────────────────────────────────────────────────────────────────────────────────────────────────────────────────────────────────────────────────────────────────╯
[13:14:51] Executing genomad marker-classification.                                                                                                                         
[13:14:51] Creating the XCVKK-C-5_marker_classification directory.                                                                                                          
[13:14:51] Sequence features computed.                                                                                                                                      
[13:14:51] Sequence features in binary format written to XCVKK-C-5_features.npz.                                                                                            
[13:14:51] Sequence features in tabular format written to XCVKK-C-5_features.tsv.                                                                                           
[13:14:52] Provirus features computed.                                                                                                                                      
[13:14:52] Provirus features in binary format written to XCVKK-C-5_provirus_features.npz.                                                                                   
[13:14:52] Provirus features in tabular format written to XCVKK-C-5_provirus_features.tsv.                                                                                  
[13:14:52] Sequences classified.                                                                                                                                            
[13:14:52] Sequence classification in binary format written to XCVKK-C-5_marker_classification.npz.                                                                         
[13:14:52] Sequence classification in tabular format written to XCVKK-C-5_marker_classification.tsv.                                                                        
[13:14:52] Proviruses classified.                                                                                                                                           
[13:14:52] Provirus classification in binary format written to XCVKK-C-5_provirus_marker_classification.npz.                                                                
[13:14:52] Provirus classification in tabular format written to XCVKK-C-5_provirus_marker_classification.tsv.                                                               
[13:14:52] geNomad marker-classification finished!                                                                                                                          
