╭──────────────────────────────────────────────────────────────────────────────────────────────────────────────────────────────────────────────────────────────────────────╮
│  Executing geNomad aggregated-classification (v1.11.2). This will aggregate the results of the marker-classification and nn-classification modules to classify the       │
│  input sequences into chromosome, plasmid, or virus.                                                                                                                     │
│  ──────────────────────────────────────────────────────────────────────────────────────────────────────────────────────────────────────────────────────────────────────  │
│  Outputs:                                                                                                                                                                │
│    XCVKK-C-5_aggregated_classification                                                                                                                                   │
│    ├── XCVKK-C-5_aggregated_classification.json (execution parameters)                                                                                                   │
│    ├── XCVKK-C-5_aggregated_classification.tsv (sequence classification: tabular format)                                                                                 │
│    ├── XCVKK-C-5_aggregated_classification.npz (sequence classification: binary format)                                                                                  │
│    ├── XCVKK-C-5_provirus_aggregated_classification.tsv (provirus classification: tabular format)                                                                        │
│    └── XCVKK-C-5_provirus_aggregated_classification.npz (provirus classification: binary format)                                                                         │
╰──────────────────────────────────────────────────────────────────────────────────────────────────────────────────────────────────────────────────────────────────────────╯
[13:15:04] Executing genomad aggregated-classification.                                                                                                                     
[13:15:04] Creating the XCVKK-C-5_aggregated_classification directory.                                                                                                      
[13:15:04] The total marker frequencies of the input sequences were computed.                                                                                               
[13:15:04] Sequences classified.                                                                                                                                            
[13:15:04] Sequence classification in binary format written to XCVKK-C-5_aggregated_classification.npz.                                                                     
[13:15:04] Sequence classification in tabular format written to XCVKK-C-5_aggregated_classification.tsv.                                                                    
[13:15:04] Proviruses classified.                                                                                                                                           
[13:15:04] Provirus classification in binary format written to XCVKK-C-5_provirus_aggregated_classification.npz.                                                            
[13:15:04] Provirus classification in tabular format written to XCVKK-C-5_provirus_aggregated_classification.tsv.                                                           
[13:15:04] geNomad aggregated-classification finished!                                                                                                                      
