╭──────────────────────────────────────────────────────────────────────────────────────────────────────────────────────────────────────────────────────────────────────────╮
│  Executing geNomad marker-classification (v1.11.2). This will classify the input sequences into chromosome, plasmid, or virus based on the presence of geNomad markers   │
│  and other gene-related features.                                                                                                                                        │
│  ──────────────────────────────────────────────────────────────────────────────────────────────────────────────────────────────────────────────────────────────────────  │
│  Outputs:                                                                                                                                                                │
│    XCVKK-C-1_marker_classification                                                                                                                                       │
│    ├── XCVKK-C-1_marker_classification.json (execution parameters)                                                                                                       │
│    ├── XCVKK-C-1_features.tsv (sequence feature data: tabular format)                                                                                                    │
│    ├── XCVKK-C-1_features.npz (sequence feature data: binary format)                                                                                                     │
│    ├── XCVKK-C-1_marker_classification.tsv (sequence classification: tabular format)                                                                                     │
│    └── XCVKK-C-1_marker_classification.npz (sequence classification: binary format)                                                                                      │
╰──────────────────────────────────────────────────────────────────────────────────────────────────────────────────────────────────────────────────────────────────────────╯
[13:09:51] Executing genomad marker-classification.                                                                                                                         
[13:09:51] Creating the XCVKK-C-1_marker_classification directory.                                                                                                          
[13:09:51] Sequence features computed.                                                                                                                                      
[13:09:51] Sequence features in binary format written to XCVKK-C-1_features.npz.                                                                                            
[13:09:51] Sequence features in tabular format written to XCVKK-C-1_features.tsv.                                                                                           
[13:09:52] Sequences classified.                                                                                                                                            
[13:09:52] Sequence classification in binary format written to XCVKK-C-1_marker_classification.npz.                                                                         
[13:09:52] Sequence classification in tabular format written to XCVKK-C-1_marker_classification.tsv.                                                                        
[13:09:52] geNomad marker-classification finished!                                                                                                                          
