╭──────────────────────────────────────────────────────────────────────────────────────────────────────────────────────────────────────────────────────────────────────────╮
│  Executing geNomad nn-classification (v1.11.2). This will classify the input sequences into chromosome, plasmid, or virus based on the nucleotide sequence.              │
│  ──────────────────────────────────────────────────────────────────────────────────────────────────────────────────────────────────────────────────────────────────────  │
│  Outputs:                                                                                                                                                                │
│    XCVKK-C-3_nn_classification                                                                                                                                           │
│    ├── XCVKK-C-3_nn_classification.json (execution parameters)                                                                                                           │
│    ├── XCVKK-C-3_encoded_sequences (directory containing encoded sequence data)                                                                                          │
│    ├── XCVKK-C-3_nn_classification.tsv (contig classification: tabular format)                                                                                           │
│    ├── XCVKK-C-3_nn_classification.npz (contig classification: binary format)                                                                                            │
│    ├── XCVKK-C-3_encoded_proviruses (directory containing encoded sequence data)                                                                                         │
│    ├── XCVKK-C-3_provirus_nn_classification.tsv (provirus classification: tabular format)                                                                                │
│    └── XCVKK-C-3_provirus_nn_classification.npz (provirus classification: binary format)                                                                                 │
╰──────────────────────────────────────────────────────────────────────────────────────────────────────────────────────────────────────────────────────────────────────────╯
[13:12:24] Executing genomad nn-classification.                                                                                                                             
[13:12:24] Creating the XCVKK-C-3_nn_classification directory.                                                                                                              
[13:12:24] Creating the XCVKK-C-3_nn_classification/XCVKK-C-3_encoded_sequences directory.                                                                                  
[13:12:25] Encoded sequence data written to XCVKK-C-3_encoded_sequences.                                                                                                    
[13:12:25] Creating the XCVKK-C-3_nn_classification/XCVKK-C-3_encoded_proviruses directory.                                                                                 
[13:12:25] Encoded provirus data written to XCVKK-C-3_encoded_proviruses.                                                                                                   
[13:12:31] Sequences classified.                                                                                                                                            
[13:12:31] Sequence classification in binary format written to XCVKK-C-3_nn_classification.npz.                                                                             
[13:12:31] Deleting encoded sequence data.                                                                                                                                  
[13:12:32] Sequence classification in tabular format written to XCVKK-C-3_nn_classification.tsv.                                                                            
[13:12:34] Proviruses classified.                                                                                                                                           
[13:12:34] Provirus classification in binary format written to XCVKK-C-3_provirus_nn_classification.npz.                                                                    
[13:12:34] Deleting encoded provirus data.                                                                                                                                  
[13:12:34] Provirus classification in tabular format written to XCVKK-C-3_provirus_nn_classification.tsv.                                                                   
[13:12:34] geNomad nn-classification finished!                                                                                                                              
