╭──────────────────────────────────────────────────────────────────────────────────────────────────────────────────────────────────────────────────────────────────────────╮
│  Executing geNomad summary (v1.11.2). This will summarize the results across modules into a classification report.                                                       │
│  ──────────────────────────────────────────────────────────────────────────────────────────────────────────────────────────────────────────────────────────────────────  │
│  Outputs:                                                                                                                                                                │
│    XCVKK-C-3_summary                                                                                                                                                     │
│    ├── XCVKK-C-3_summary.json (execution parameters)                                                                                                                     │
│    ├── XCVKK-C-3_virus_summary.tsv (virus classification summary)                                                                                                        │
│    ├── XCVKK-C-3_plasmid_summary.tsv (plasmid classification summary)                                                                                                    │
│    ├── XCVKK-C-3_virus.fna (virus nucleotide FASTA file)                                                                                                                 │
│    ├── XCVKK-C-3_plasmid.fna (plasmid nucleotide FASTA file)                                                                                                             │
│    ├── XCVKK-C-3_virus_proteins.faa (virus protein FASTA file)                                                                                                           │
│    ├── XCVKK-C-3_plasmid_proteins.faa (plasmid protein FASTA file)                                                                                                       │
│    ├── XCVKK-C-3_virus_genes.tsv (virus gene annotation data)                                                                                                            │
│    └── XCVKK-C-3_plasmid_genes.tsv (plasmid gene annotation data)                                                                                                        │
╰──────────────────────────────────────────────────────────────────────────────────────────────────────────────────────────────────────────────────────────────────────────╯
[13:12:34] Executing genomad summary.                                                                                                                                       
[13:12:34] Creating the XCVKK-C-3_summary directory.                                                                                                                        
[13:12:34] Using scores from aggregated-classification.                                                                                                                     
[13:12:34] 22 plasmid(s) and 1 virus(es) were identified.                                                                                                                   
[13:12:34] Nucleotide sequences were written to XCVKK-C-3_plasmid.fna and XCVKK-C-3_virus.fna.                                                                              
[13:12:34] Protein sequences were written to XCVKK-C-3_plasmid_proteins.faa and XCVKK-C-3_virus_proteins.faa.                                                               
[13:12:34] Gene annotation data was written to XCVKK-C-3_plasmid_genes.tsv and XCVKK-C-3_virus_genes.tsv.                                                                   
[13:12:34] Summary files were written to XCVKK-C-3_plasmid_summary.tsv and XCVKK-C-3_virus_summary.tsv.                                                                     
[13:12:34] geNomad summary finished!                                                                                                                                        
