╭──────────────────────────────────────────────────────────────────────────────────────────────────────────────────────────────────────────────────────────────────────────╮
│  Executing geNomad summary (v1.11.2). This will summarize the results across modules into a classification report.                                                       │
│  ──────────────────────────────────────────────────────────────────────────────────────────────────────────────────────────────────────────────────────────────────────  │
│  Outputs:                                                                                                                                                                │
│    XCVKK-C-4_summary                                                                                                                                                     │
│    ├── XCVKK-C-4_summary.json (execution parameters)                                                                                                                     │
│    ├── XCVKK-C-4_virus_summary.tsv (virus classification summary)                                                                                                        │
│    ├── XCVKK-C-4_plasmid_summary.tsv (plasmid classification summary)                                                                                                    │
│    ├── XCVKK-C-4_virus.fna (virus nucleotide FASTA file)                                                                                                                 │
│    ├── XCVKK-C-4_plasmid.fna (plasmid nucleotide FASTA file)                                                                                                             │
│    ├── XCVKK-C-4_virus_proteins.faa (virus protein FASTA file)                                                                                                           │
│    ├── XCVKK-C-4_plasmid_proteins.faa (plasmid protein FASTA file)                                                                                                       │
│    ├── XCVKK-C-4_virus_genes.tsv (virus gene annotation data)                                                                                                            │
│    └── XCVKK-C-4_plasmid_genes.tsv (plasmid gene annotation data)                                                                                                        │
╰──────────────────────────────────────────────────────────────────────────────────────────────────────────────────────────────────────────────────────────────────────────╯
[13:13:47] Executing genomad summary.                                                                                                                                       
[13:13:47] Creating the XCVKK-C-4_summary directory.                                                                                                                        
[13:13:47] Using scores from aggregated-classification.                                                                                                                     
[13:13:47] 23 plasmid(s) and 2 virus(es) were identified.                                                                                                                   
[13:13:47] Nucleotide sequences were written to XCVKK-C-4_plasmid.fna and XCVKK-C-4_virus.fna.                                                                              
[13:13:47] Protein sequences were written to XCVKK-C-4_plasmid_proteins.faa and XCVKK-C-4_virus_proteins.faa.                                                               
[13:13:47] Gene annotation data was written to XCVKK-C-4_plasmid_genes.tsv and XCVKK-C-4_virus_genes.tsv.                                                                   
[13:13:47] Summary files were written to XCVKK-C-4_plasmid_summary.tsv and XCVKK-C-4_virus_summary.tsv.                                                                     
[13:13:47] geNomad summary finished!                                                                                                                                        
