╭──────────────────────────────────────────────────────────────────────────────────────────────────────────────────────────────────────────────────────────────────────────╮
│  Executing geNomad summary (v1.11.2). This will summarize the results across modules into a classification report.                                                       │
│  ──────────────────────────────────────────────────────────────────────────────────────────────────────────────────────────────────────────────────────────────────────  │
│  Outputs:                                                                                                                                                                │
│    Xe173_summary                                                                                                                                                         │
│    ├── Xe173_summary.json (execution parameters)                                                                                                                         │
│    ├── Xe173_virus_summary.tsv (virus classification summary)                                                                                                            │
│    ├── Xe173_plasmid_summary.tsv (plasmid classification summary)                                                                                                        │
│    ├── Xe173_virus.fna (virus nucleotide FASTA file)                                                                                                                     │
│    ├── Xe173_plasmid.fna (plasmid nucleotide FASTA file)                                                                                                                 │
│    ├── Xe173_virus_proteins.faa (virus protein FASTA file)                                                                                                               │
│    ├── Xe173_plasmid_proteins.faa (plasmid protein FASTA file)                                                                                                           │
│    ├── Xe173_virus_genes.tsv (virus gene annotation data)                                                                                                                │
│    └── Xe173_plasmid_genes.tsv (plasmid gene annotation data)                                                                                                            │
╰──────────────────────────────────────────────────────────────────────────────────────────────────────────────────────────────────────────────────────────────────────────╯
[13:35:59] Executing genomad summary.                                                                                                                                       
[13:35:59] Creating the Xe173_summary directory.                                                                                                                            
[13:35:59] Using scores from aggregated-classification.                                                                                                                     
[13:35:59] 4 plasmid(s) and 1 virus(es) were identified.                                                                                                                    
[13:35:59] Nucleotide sequences were written to Xe173_plasmid.fna and Xe173_virus.fna.                                                                                      
[13:35:59] Protein sequences were written to Xe173_plasmid_proteins.faa and Xe173_virus_proteins.faa.                                                                       
[13:35:59] Gene annotation data was written to Xe173_plasmid_genes.tsv and Xe173_virus_genes.tsv.                                                                           
[13:35:59] Summary files were written to Xe173_plasmid_summary.tsv and Xe173_virus_summary.tsv.                                                                             
[13:35:59] geNomad summary finished!                                                                                                                                        
