╭──────────────────────────────────────────────────────────────────────────────────────────────────────────────────────────────────────────────────────────────────────────╮
│  Executing geNomad find-proviruses (v1.11.2). This will find putative proviral regions within the input sequences.                                                       │
│  ──────────────────────────────────────────────────────────────────────────────────────────────────────────────────────────────────────────────────────────────────────  │
│  Outputs:                                                                                                                                                                │
│    Xe173_find_proviruses                                                                                                                                                 │
│    ├── Xe173_find_proviruses.json (execution parameters)                                                                                                                 │
│    ├── Xe173_provirus.tsv (provirus data)                                                                                                                                │
│    ├── Xe173_provirus.fna (provirus nucleotide sequences)                                                                                                                │
│    ├── Xe173_provirus_proteins.faa (provirus protein sequences)                                                                                                          │
│    ├── Xe173_provirus_genes.tsv (provirus gene annotation data)                                                                                                          │
│    ├── Xe173_provirus_taxonomy.tsv (provirus taxonomic assignment)                                                                                                       │
│    ├── Xe173_provirus_mmseqs2.tsv (MMseqs2 output file)                                                                                                                  │
│    └── Xe173_provirus_aragorn.tsv (Aragorn output file)                                                                                                                  │
╰──────────────────────────────────────────────────────────────────────────────────────────────────────────────────────────────────────────────────────────────────────────╯
[13:35:25] Executing genomad find-proviruses.                                                                                                                               
[13:35:25] Creating the Xe173_find_proviruses directory.                                                                                                                    
[13:35:28] Integrases identified with MMseqs2 and geNomad database (v1.9) were written to Xe173_provirus_mmseqs2.tsv.                                                       
[13:35:28] Deleting Xe173_provirus_mmseqs2.                                                                                                                                 
[13:35:28] Deleting Xe173_provirus_mmseqs2_input.faa.                                                                                                                       
[13:35:45] tRNAs identified with Aragorn were written to Xe173_provirus_aragorn.tsv.                                                                                        
[13:35:45] Deleting Xe173_provirus_aragorn_input.fna.                                                                                                                       
[13:35:46] Provirus regions identified.                                                                                                                                     
[13:35:46] Provirus data was written to Xe173_provirus.tsv.                                                                                                                 
[13:35:46] Provirus nucleotide sequences were written to Xe173_provirus.fna.                                                                                                
[13:35:46] Provirus protein sequences were written to Xe173_provirus_proteins.faa.                                                                                          
[13:35:46] Provirus gene data was written to Xe173_provirus_genes.tsv.                                                                                                      
[13:35:46] Taxonomic assignment data was written to Xe173_provirus_taxonomy.tsv.                                                                                            
[13:35:46] geNomad find-proviruses finished!                                                                                                                                
