╭──────────────────────────────────────────────────────────────────────────────────────────────────────────────────────────────────────────────────────────────────────────╮
│  Executing geNomad nn-classification (v1.11.2). This will classify the input sequences into chromosome, plasmid, or virus based on the nucleotide sequence.              │
│  ──────────────────────────────────────────────────────────────────────────────────────────────────────────────────────────────────────────────────────────────────────  │
│  Outputs:                                                                                                                                                                │
│    Xe173_nn_classification                                                                                                                                               │
│    ├── Xe173_nn_classification.json (execution parameters)                                                                                                               │
│    ├── Xe173_encoded_sequences (directory containing encoded sequence data)                                                                                              │
│    ├── Xe173_nn_classification.tsv (contig classification: tabular format)                                                                                               │
│    ├── Xe173_nn_classification.npz (contig classification: binary format)                                                                                                │
│    ├── Xe173_encoded_proviruses (directory containing encoded sequence data)                                                                                             │
│    ├── Xe173_provirus_nn_classification.tsv (provirus classification: tabular format)                                                                                    │
│    └── Xe173_provirus_nn_classification.npz (provirus classification: binary format)                                                                                     │
╰──────────────────────────────────────────────────────────────────────────────────────────────────────────────────────────────────────────────────────────────────────────╯
[13:35:49] Executing genomad nn-classification.                                                                                                                             
[13:35:49] Creating the Xe173_nn_classification directory.                                                                                                                  
[13:35:49] Creating the Xe173_nn_classification/Xe173_encoded_sequences directory.                                                                                          
[13:35:51] Encoded sequence data written to Xe173_encoded_sequences.                                                                                                        
[13:35:51] Creating the Xe173_nn_classification/Xe173_encoded_proviruses directory.                                                                                         
[13:35:51] Encoded provirus data written to Xe173_encoded_proviruses.                                                                                                       
[13:35:57] Sequences classified.                                                                                                                                            
[13:35:57] Sequence classification in binary format written to Xe173_nn_classification.npz.                                                                                 
[13:35:57] Deleting encoded sequence data.                                                                                                                                  
[13:35:57] Sequence classification in tabular format written to Xe173_nn_classification.tsv.                                                                                
[13:35:59] Proviruses classified.                                                                                                                                           
[13:35:59] Provirus classification in binary format written to Xe173_provirus_nn_classification.npz.                                                                        
[13:35:59] Deleting encoded provirus data.                                                                                                                                  
[13:35:59] Provirus classification in tabular format written to Xe173_provirus_nn_classification.tsv.                                                                       
[13:35:59] geNomad nn-classification finished!                                                                                                                              
