╭──────────────────────────────────────────────────────────────────────────────────────────────────────────────────────────────────────────────────────────────────────────╮
│  Executing geNomad aggregated-classification (v1.11.2). This will aggregate the results of the marker-classification and nn-classification modules to classify the       │
│  input sequences into chromosome, plasmid, or virus.                                                                                                                     │
│  ──────────────────────────────────────────────────────────────────────────────────────────────────────────────────────────────────────────────────────────────────────  │
│  Outputs:                                                                                                                                                                │
│    Xe173_aggregated_classification                                                                                                                                       │
│    ├── Xe173_aggregated_classification.json (execution parameters)                                                                                                       │
│    ├── Xe173_aggregated_classification.tsv (sequence classification: tabular format)                                                                                     │
│    ├── Xe173_aggregated_classification.npz (sequence classification: binary format)                                                                                      │
│    ├── Xe173_provirus_aggregated_classification.tsv (provirus classification: tabular format)                                                                            │
│    └── Xe173_provirus_aggregated_classification.npz (provirus classification: binary format)                                                                             │
╰──────────────────────────────────────────────────────────────────────────────────────────────────────────────────────────────────────────────────────────────────────────╯
[13:35:59] Executing genomad aggregated-classification.                                                                                                                     
[13:35:59] Creating the Xe173_aggregated_classification directory.                                                                                                          
[13:35:59] The total marker frequencies of the input sequences were computed.                                                                                               
[13:35:59] Sequences classified.                                                                                                                                            
[13:35:59] Sequence classification in binary format written to Xe173_aggregated_classification.npz.                                                                         
[13:35:59] Sequence classification in tabular format written to Xe173_aggregated_classification.tsv.                                                                        
[13:35:59] Proviruses classified.                                                                                                                                           
[13:35:59] Provirus classification in binary format written to Xe173_provirus_aggregated_classification.npz.                                                                
[13:35:59] Provirus classification in tabular format written to Xe173_provirus_aggregated_classification.tsv.                                                               
[13:35:59] geNomad aggregated-classification finished!                                                                                                                      
