╭──────────────────────────────────────────────────────────────────────────────────────────────────────────────────────────────────────────────────────────────────────────╮
│  Executing geNomad marker-classification (v1.11.2). This will classify the input sequences into chromosome, plasmid, or virus based on the presence of geNomad markers   │
│  and other gene-related features.                                                                                                                                        │
│  ──────────────────────────────────────────────────────────────────────────────────────────────────────────────────────────────────────────────────────────────────────  │
│  Outputs:                                                                                                                                                                │
│    Xe173_marker_classification                                                                                                                                           │
│    ├── Xe173_marker_classification.json (execution parameters)                                                                                                           │
│    ├── Xe173_features.tsv (sequence feature data: tabular format)                                                                                                        │
│    ├── Xe173_features.npz (sequence feature data: binary format)                                                                                                         │
│    ├── Xe173_marker_classification.tsv (sequence classification: tabular format)                                                                                         │
│    ├── Xe173_marker_classification.npz (sequence classification: binary format)                                                                                          │
│    ├── Xe173_provirus_features.tsv (provirus feature data: tabular format)                                                                                               │
│    ├── Xe173_provirus_features.npz (provirus feature data: binary format)                                                                                                │
│    ├── Xe173_provirus_marker_classification.tsv (provirus classification: tabular format)                                                                                │
│    └── Xe173_provirus_marker_classification.npz (provirus classification: binary format)                                                                                 │
╰──────────────────────────────────────────────────────────────────────────────────────────────────────────────────────────────────────────────────────────────────────────╯
[13:35:46] Executing genomad marker-classification.                                                                                                                         
[13:35:46] Creating the Xe173_marker_classification directory.                                                                                                              
[13:35:47] Sequence features computed.                                                                                                                                      
[13:35:47] Sequence features in binary format written to Xe173_features.npz.                                                                                                
[13:35:47] Sequence features in tabular format written to Xe173_features.tsv.                                                                                               
[13:35:47] Provirus features computed.                                                                                                                                      
[13:35:47] Provirus features in binary format written to Xe173_provirus_features.npz.                                                                                       
[13:35:47] Provirus features in tabular format written to Xe173_provirus_features.tsv.                                                                                      
[13:35:47] Sequences classified.                                                                                                                                            
[13:35:47] Sequence classification in binary format written to Xe173_marker_classification.npz.                                                                             
[13:35:48] Sequence classification in tabular format written to Xe173_marker_classification.tsv.                                                                            
[13:35:48] Proviruses classified.                                                                                                                                           
[13:35:48] Provirus classification in binary format written to Xe173_provirus_marker_classification.npz.                                                                    
[13:35:48] Provirus classification in tabular format written to Xe173_provirus_marker_classification.tsv.                                                                   
[13:35:48] geNomad marker-classification finished!                                                                                                                          
