╭──────────────────────────────────────────────────────────────────────────────────────────────────────────────────────────────────────────────────────────────────────────╮
│  Executing geNomad marker-classification (v1.11.2). This will classify the input sequences into chromosome, plasmid, or virus based on the presence of geNomad markers   │
│  and other gene-related features.                                                                                                                                        │
│  ──────────────────────────────────────────────────────────────────────────────────────────────────────────────────────────────────────────────────────────────────────  │
│  Outputs:                                                                                                                                                                │
│    Xv157_marker_classification                                                                                                                                           │
│    ├── Xv157_marker_classification.json (execution parameters)                                                                                                           │
│    ├── Xv157_features.tsv (sequence feature data: tabular format)                                                                                                        │
│    ├── Xv157_features.npz (sequence feature data: binary format)                                                                                                         │
│    ├── Xv157_marker_classification.tsv (sequence classification: tabular format)                                                                                         │
│    ├── Xv157_marker_classification.npz (sequence classification: binary format)                                                                                          │
│    ├── Xv157_provirus_features.tsv (provirus feature data: tabular format)                                                                                               │
│    ├── Xv157_provirus_features.npz (provirus feature data: binary format)                                                                                                │
│    ├── Xv157_provirus_marker_classification.tsv (provirus classification: tabular format)                                                                                │
│    └── Xv157_provirus_marker_classification.npz (provirus classification: binary format)                                                                                 │
╰──────────────────────────────────────────────────────────────────────────────────────────────────────────────────────────────────────────────────────────────────────────╯
[13:37:03] Executing genomad marker-classification.                                                                                                                         
[13:37:03] Creating the Xv157_marker_classification directory.                                                                                                              
[13:37:04] Sequence features computed.                                                                                                                                      
[13:37:04] Sequence features in binary format written to Xv157_features.npz.                                                                                                
[13:37:04] Sequence features in tabular format written to Xv157_features.tsv.                                                                                               
[13:37:04] Provirus features computed.                                                                                                                                      
[13:37:04] Provirus features in binary format written to Xv157_provirus_features.npz.                                                                                       
[13:37:04] Provirus features in tabular format written to Xv157_provirus_features.tsv.                                                                                      
[13:37:04] Sequences classified.                                                                                                                                            
[13:37:04] Sequence classification in binary format written to Xv157_marker_classification.npz.                                                                             
[13:37:04] Sequence classification in tabular format written to Xv157_marker_classification.tsv.                                                                            
[13:37:04] Proviruses classified.                                                                                                                                           
[13:37:04] Provirus classification in binary format written to Xv157_provirus_marker_classification.npz.                                                                    
[13:37:04] Provirus classification in tabular format written to Xv157_provirus_marker_classification.tsv.                                                                   
[13:37:04] geNomad marker-classification finished!                                                                                                                          
