╭──────────────────────────────────────────────────────────────────────────────────────────────────────────────────────────────────────────────────────────────────────────╮
│  Executing geNomad aggregated-classification (v1.11.2). This will aggregate the results of the marker-classification and nn-classification modules to classify the       │
│  input sequences into chromosome, plasmid, or virus.                                                                                                                     │
│  ──────────────────────────────────────────────────────────────────────────────────────────────────────────────────────────────────────────────────────────────────────  │
│  Outputs:                                                                                                                                                                │
│    Xv157_aggregated_classification                                                                                                                                       │
│    ├── Xv157_aggregated_classification.json (execution parameters)                                                                                                       │
│    ├── Xv157_aggregated_classification.tsv (sequence classification: tabular format)                                                                                     │
│    ├── Xv157_aggregated_classification.npz (sequence classification: binary format)                                                                                      │
│    ├── Xv157_provirus_aggregated_classification.tsv (provirus classification: tabular format)                                                                            │
│    └── Xv157_provirus_aggregated_classification.npz (provirus classification: binary format)                                                                             │
╰──────────────────────────────────────────────────────────────────────────────────────────────────────────────────────────────────────────────────────────────────────────╯
[13:37:15] Executing genomad aggregated-classification.                                                                                                                     
[13:37:15] Creating the Xv157_aggregated_classification directory.                                                                                                          
[13:37:16] The total marker frequencies of the input sequences were computed.                                                                                               
[13:37:16] Sequences classified.                                                                                                                                            
[13:37:16] Sequence classification in binary format written to Xv157_aggregated_classification.npz.                                                                         
[13:37:16] Sequence classification in tabular format written to Xv157_aggregated_classification.tsv.                                                                        
[13:37:16] Proviruses classified.                                                                                                                                           
[13:37:16] Provirus classification in binary format written to Xv157_provirus_aggregated_classification.npz.                                                                
[13:37:16] Provirus classification in tabular format written to Xv157_provirus_aggregated_classification.tsv.                                                               
[13:37:16] geNomad aggregated-classification finished!                                                                                                                      
