╭──────────────────────────────────────────────────────────────────────────────────────────────────────────────────────────────────────────────────────────────────────────╮
│  Executing geNomad summary (v1.11.2). This will summarize the results across modules into a classification report.                                                       │
│  ──────────────────────────────────────────────────────────────────────────────────────────────────────────────────────────────────────────────────────────────────────  │
│  Outputs:                                                                                                                                                                │
│    Xv157_summary                                                                                                                                                         │
│    ├── Xv157_summary.json (execution parameters)                                                                                                                         │
│    ├── Xv157_virus_summary.tsv (virus classification summary)                                                                                                            │
│    ├── Xv157_plasmid_summary.tsv (plasmid classification summary)                                                                                                        │
│    ├── Xv157_virus.fna (virus nucleotide FASTA file)                                                                                                                     │
│    ├── Xv157_plasmid.fna (plasmid nucleotide FASTA file)                                                                                                                 │
│    ├── Xv157_virus_proteins.faa (virus protein FASTA file)                                                                                                               │
│    ├── Xv157_plasmid_proteins.faa (plasmid protein FASTA file)                                                                                                           │
│    ├── Xv157_virus_genes.tsv (virus gene annotation data)                                                                                                                │
│    └── Xv157_plasmid_genes.tsv (plasmid gene annotation data)                                                                                                            │
╰──────────────────────────────────────────────────────────────────────────────────────────────────────────────────────────────────────────────────────────────────────────╯
[13:37:16] Executing genomad summary.                                                                                                                                       
[13:37:16] Creating the Xv157_summary directory.                                                                                                                            
[13:37:16] Using scores from aggregated-classification.                                                                                                                     
[13:37:16] 18 plasmid(s) and 1 virus(es) were identified.                                                                                                                   
[13:37:16] Nucleotide sequences were written to Xv157_plasmid.fna and Xv157_virus.fna.                                                                                      
[13:37:16] Protein sequences were written to Xv157_plasmid_proteins.faa and Xv157_virus_proteins.faa.                                                                       
[13:37:16] Gene annotation data was written to Xv157_plasmid_genes.tsv and Xv157_virus_genes.tsv.                                                                           
[13:37:16] Summary files were written to Xv157_plasmid_summary.tsv and Xv157_virus_summary.tsv.                                                                             
[13:37:16] geNomad summary finished!                                                                                                                                        
