╭──────────────────────────────────────────────────────────────────────────────────────────────────────────────────────────────────────────────────────────────────────────╮
│  Executing geNomad summary (v1.11.2). This will summarize the results across modules into a classification report.                                                       │
│  ──────────────────────────────────────────────────────────────────────────────────────────────────────────────────────────────────────────────────────────────────────  │
│  Outputs:                                                                                                                                                                │
│    Xv_72_summary                                                                                                                                                         │
│    ├── Xv_72_summary.json (execution parameters)                                                                                                                         │
│    ├── Xv_72_virus_summary.tsv (virus classification summary)                                                                                                            │
│    ├── Xv_72_plasmid_summary.tsv (plasmid classification summary)                                                                                                        │
│    ├── Xv_72_virus.fna (virus nucleotide FASTA file)                                                                                                                     │
│    ├── Xv_72_plasmid.fna (plasmid nucleotide FASTA file)                                                                                                                 │
│    ├── Xv_72_virus_proteins.faa (virus protein FASTA file)                                                                                                               │
│    ├── Xv_72_plasmid_proteins.faa (plasmid protein FASTA file)                                                                                                           │
│    ├── Xv_72_virus_genes.tsv (virus gene annotation data)                                                                                                                │
│    └── Xv_72_plasmid_genes.tsv (plasmid gene annotation data)                                                                                                            │
╰──────────────────────────────────────────────────────────────────────────────────────────────────────────────────────────────────────────────────────────────────────────╯
[13:38:33] Executing genomad summary.                                                                                                                                       
[13:38:33] Creating the Xv_72_summary directory.                                                                                                                            
[13:38:33] Using scores from aggregated-classification.                                                                                                                     
[13:38:33] 25 plasmid(s) and 1 virus(es) were identified.                                                                                                                   
[13:38:33] Nucleotide sequences were written to Xv_72_plasmid.fna and Xv_72_virus.fna.                                                                                      
[13:38:33] Protein sequences were written to Xv_72_plasmid_proteins.faa and Xv_72_virus_proteins.faa.                                                                       
[13:38:33] Gene annotation data was written to Xv_72_plasmid_genes.tsv and Xv_72_virus_genes.tsv.                                                                           
[13:38:33] Summary files were written to Xv_72_plasmid_summary.tsv and Xv_72_virus_summary.tsv.                                                                             
[13:38:33] geNomad summary finished!                                                                                                                                        
