╭──────────────────────────────────────────────────────────────────────────────────────────────────────────────────────────────────────────────────────────────────────────╮
│  Executing geNomad find-proviruses (v1.11.2). This will find putative proviral regions within the input sequences.                                                       │
│  ──────────────────────────────────────────────────────────────────────────────────────────────────────────────────────────────────────────────────────────────────────  │
│  Outputs:                                                                                                                                                                │
│    Xv_72_find_proviruses                                                                                                                                                 │
│    ├── Xv_72_find_proviruses.json (execution parameters)                                                                                                                 │
│    ├── Xv_72_provirus.tsv (provirus data)                                                                                                                                │
│    ├── Xv_72_provirus.fna (provirus nucleotide sequences)                                                                                                                │
│    ├── Xv_72_provirus_proteins.faa (provirus protein sequences)                                                                                                          │
│    ├── Xv_72_provirus_genes.tsv (provirus gene annotation data)                                                                                                          │
│    ├── Xv_72_provirus_taxonomy.tsv (provirus taxonomic assignment)                                                                                                       │
│    ├── Xv_72_provirus_mmseqs2.tsv (MMseqs2 output file)                                                                                                                  │
│    └── Xv_72_provirus_aragorn.tsv (Aragorn output file)                                                                                                                  │
╰──────────────────────────────────────────────────────────────────────────────────────────────────────────────────────────────────────────────────────────────────────────╯
[13:38:16] Executing genomad find-proviruses.                                                                                                                               
[13:38:16] Creating the Xv_72_find_proviruses directory.                                                                                                                    
[13:38:18] Integrases identified with MMseqs2 and geNomad database (v1.9) were written to Xv_72_provirus_mmseqs2.tsv.                                                       
[13:38:18] Deleting Xv_72_provirus_mmseqs2.                                                                                                                                 
[13:38:18] Deleting Xv_72_provirus_mmseqs2_input.faa.                                                                                                                       
[13:38:19] tRNAs identified with Aragorn were written to Xv_72_provirus_aragorn.tsv.                                                                                        
[13:38:19] Deleting Xv_72_provirus_aragorn_input.fna.                                                                                                                       
[13:38:20] Provirus regions identified.                                                                                                                                     
[13:38:20] Provirus data was written to Xv_72_provirus.tsv.                                                                                                                 
[13:38:20] Provirus nucleotide sequences were written to Xv_72_provirus.fna.                                                                                                
[13:38:20] Provirus protein sequences were written to Xv_72_provirus_proteins.faa.                                                                                          
[13:38:20] Provirus gene data was written to Xv_72_provirus_genes.tsv.                                                                                                      
[13:38:20] Taxonomic assignment data was written to Xv_72_provirus_taxonomy.tsv.                                                                                            
[13:38:20] geNomad find-proviruses finished!                                                                                                                                
