╭──────────────────────────────────────────────────────────────────────────────────────────────────────────────────────────────────────────────────────────────────────────╮
│  Executing geNomad marker-classification (v1.11.2). This will classify the input sequences into chromosome, plasmid, or virus based on the presence of geNomad markers   │
│  and other gene-related features.                                                                                                                                        │
│  ──────────────────────────────────────────────────────────────────────────────────────────────────────────────────────────────────────────────────────────────────────  │
│  Outputs:                                                                                                                                                                │
│    Xv_79_marker_classification                                                                                                                                           │
│    ├── Xv_79_marker_classification.json (execution parameters)                                                                                                           │
│    ├── Xv_79_features.tsv (sequence feature data: tabular format)                                                                                                        │
│    ├── Xv_79_features.npz (sequence feature data: binary format)                                                                                                         │
│    ├── Xv_79_marker_classification.tsv (sequence classification: tabular format)                                                                                         │
│    ├── Xv_79_marker_classification.npz (sequence classification: binary format)                                                                                          │
│    ├── Xv_79_provirus_features.tsv (provirus feature data: tabular format)                                                                                               │
│    ├── Xv_79_provirus_features.npz (provirus feature data: binary format)                                                                                                │
│    ├── Xv_79_provirus_marker_classification.tsv (provirus classification: tabular format)                                                                                │
│    └── Xv_79_provirus_marker_classification.npz (provirus classification: binary format)                                                                                 │
╰──────────────────────────────────────────────────────────────────────────────────────────────────────────────────────────────────────────────────────────────────────────╯
[13:39:36] Executing genomad marker-classification.                                                                                                                         
[13:39:36] Creating the Xv_79_marker_classification directory.                                                                                                              
[13:39:37] Sequence features computed.                                                                                                                                      
[13:39:37] Sequence features in binary format written to Xv_79_features.npz.                                                                                                
[13:39:37] Sequence features in tabular format written to Xv_79_features.tsv.                                                                                               
[13:39:38] Provirus features computed.                                                                                                                                      
[13:39:38] Provirus features in binary format written to Xv_79_provirus_features.npz.                                                                                       
[13:39:38] Provirus features in tabular format written to Xv_79_provirus_features.tsv.                                                                                      
[13:39:38] Sequences classified.                                                                                                                                            
[13:39:38] Sequence classification in binary format written to Xv_79_marker_classification.npz.                                                                             
[13:39:38] Sequence classification in tabular format written to Xv_79_marker_classification.tsv.                                                                            
[13:39:38] Proviruses classified.                                                                                                                                           
[13:39:38] Provirus classification in binary format written to Xv_79_provirus_marker_classification.npz.                                                                    
[13:39:38] Provirus classification in tabular format written to Xv_79_provirus_marker_classification.tsv.                                                                   
[13:39:38] geNomad marker-classification finished!                                                                                                                          
