╭──────────────────────────────────────────────────────────────────────────────────────────────────────────────────────────────────────────────────────────────────────────╮
│  Executing geNomad nn-classification (v1.11.2). This will classify the input sequences into chromosome, plasmid, or virus based on the nucleotide sequence.              │
│  ──────────────────────────────────────────────────────────────────────────────────────────────────────────────────────────────────────────────────────────────────────  │
│  Outputs:                                                                                                                                                                │
│    Xv_72_nn_classification                                                                                                                                               │
│    ├── Xv_72_nn_classification.json (execution parameters)                                                                                                               │
│    ├── Xv_72_encoded_sequences (directory containing encoded sequence data)                                                                                              │
│    ├── Xv_72_nn_classification.tsv (contig classification: tabular format)                                                                                               │
│    ├── Xv_72_nn_classification.npz (contig classification: binary format)                                                                                                │
│    ├── Xv_72_encoded_proviruses (directory containing encoded sequence data)                                                                                             │
│    ├── Xv_72_provirus_nn_classification.tsv (provirus classification: tabular format)                                                                                    │
│    └── Xv_72_provirus_nn_classification.npz (provirus classification: binary format)                                                                                     │
╰──────────────────────────────────────────────────────────────────────────────────────────────────────────────────────────────────────────────────────────────────────────╯
[13:38:23] Executing genomad nn-classification.                                                                                                                             
[13:38:23] Creating the Xv_72_nn_classification directory.                                                                                                                  
[13:38:23] Creating the Xv_72_nn_classification/Xv_72_encoded_sequences directory.                                                                                          
[13:38:24] Encoded sequence data written to Xv_72_encoded_sequences.                                                                                                        
[13:38:24] Creating the Xv_72_nn_classification/Xv_72_encoded_proviruses directory.                                                                                         
[13:38:24] Encoded provirus data written to Xv_72_encoded_proviruses.                                                                                                       
[13:38:31] Sequences classified.                                                                                                                                            
[13:38:31] Sequence classification in binary format written to Xv_72_nn_classification.npz.                                                                                 
[13:38:31] Deleting encoded sequence data.                                                                                                                                  
[13:38:31] Sequence classification in tabular format written to Xv_72_nn_classification.tsv.                                                                                
[13:38:33] Proviruses classified.                                                                                                                                           
[13:38:33] Provirus classification in binary format written to Xv_72_provirus_nn_classification.npz.                                                                        
[13:38:33] Deleting encoded provirus data.                                                                                                                                  
[13:38:33] Provirus classification in tabular format written to Xv_72_provirus_nn_classification.tsv.                                                                       
[13:38:33] geNomad nn-classification finished!                                                                                                                              
