╭──────────────────────────────────────────────────────────────────────────────────────────────────────────────────────────────────────────────────────────────────────────╮
│  Executing geNomad aggregated-classification (v1.11.2). This will aggregate the results of the marker-classification and nn-classification modules to classify the       │
│  input sequences into chromosome, plasmid, or virus.                                                                                                                     │
│  ──────────────────────────────────────────────────────────────────────────────────────────────────────────────────────────────────────────────────────────────────────  │
│  Outputs:                                                                                                                                                                │
│    XVP26_aggregated_classification                                                                                                                                       │
│    ├── XVP26_aggregated_classification.json (execution parameters)                                                                                                       │
│    ├── XVP26_aggregated_classification.tsv (sequence classification: tabular format)                                                                                     │
│    ├── XVP26_aggregated_classification.npz (sequence classification: binary format)                                                                                      │
│    ├── XVP26_provirus_aggregated_classification.tsv (provirus classification: tabular format)                                                                            │
│    └── XVP26_provirus_aggregated_classification.npz (provirus classification: binary format)                                                                             │
╰──────────────────────────────────────────────────────────────────────────────────────────────────────────────────────────────────────────────────────────────────────────╯
[13:16:20] Executing genomad aggregated-classification.                                                                                                                     
[13:16:20] Creating the XVP26_aggregated_classification directory.                                                                                                          
[13:16:20] The total marker frequencies of the input sequences were computed.                                                                                               
[13:16:20] Sequences classified.                                                                                                                                            
[13:16:20] Sequence classification in binary format written to XVP26_aggregated_classification.npz.                                                                         
[13:16:20] Sequence classification in tabular format written to XVP26_aggregated_classification.tsv.                                                                        
[13:16:20] Proviruses classified.                                                                                                                                           
[13:16:20] Provirus classification in binary format written to XVP26_provirus_aggregated_classification.npz.                                                                
[13:16:20] Provirus classification in tabular format written to XVP26_provirus_aggregated_classification.tsv.                                                               
[13:16:20] geNomad aggregated-classification finished!                                                                                                                      
