╭──────────────────────────────────────────────────────────────────────────────────────────────────────────────────────────────────────────────────────────────────────────╮
│  Executing geNomad marker-classification (v1.11.2). This will classify the input sequences into chromosome, plasmid, or virus based on the presence of geNomad markers   │
│  and other gene-related features.                                                                                                                                        │
│  ──────────────────────────────────────────────────────────────────────────────────────────────────────────────────────────────────────────────────────────────────────  │
│  Outputs:                                                                                                                                                                │
│    XVP26_marker_classification                                                                                                                                           │
│    ├── XVP26_marker_classification.json (execution parameters)                                                                                                           │
│    ├── XVP26_features.tsv (sequence feature data: tabular format)                                                                                                        │
│    ├── XVP26_features.npz (sequence feature data: binary format)                                                                                                         │
│    ├── XVP26_marker_classification.tsv (sequence classification: tabular format)                                                                                         │
│    ├── XVP26_marker_classification.npz (sequence classification: binary format)                                                                                          │
│    ├── XVP26_provirus_features.tsv (provirus feature data: tabular format)                                                                                               │
│    ├── XVP26_provirus_features.npz (provirus feature data: binary format)                                                                                                │
│    ├── XVP26_provirus_marker_classification.tsv (provirus classification: tabular format)                                                                                │
│    └── XVP26_provirus_marker_classification.npz (provirus classification: binary format)                                                                                 │
╰──────────────────────────────────────────────────────────────────────────────────────────────────────────────────────────────────────────────────────────────────────────╯
[13:16:08] Executing genomad marker-classification.                                                                                                                         
[13:16:08] Creating the XVP26_marker_classification directory.                                                                                                              
[13:16:08] Sequence features computed.                                                                                                                                      
[13:16:08] Sequence features in binary format written to XVP26_features.npz.                                                                                                
[13:16:08] Sequence features in tabular format written to XVP26_features.tsv.                                                                                               
[13:16:09] Provirus features computed.                                                                                                                                      
[13:16:09] Provirus features in binary format written to XVP26_provirus_features.npz.                                                                                       
[13:16:09] Provirus features in tabular format written to XVP26_provirus_features.tsv.                                                                                      
[13:16:09] Sequences classified.                                                                                                                                            
[13:16:09] Sequence classification in binary format written to XVP26_marker_classification.npz.                                                                             
[13:16:09] Sequence classification in tabular format written to XVP26_marker_classification.tsv.                                                                            
[13:16:09] Proviruses classified.                                                                                                                                           
[13:16:09] Provirus classification in binary format written to XVP26_provirus_marker_classification.npz.                                                                    
[13:16:09] Provirus classification in tabular format written to XVP26_provirus_marker_classification.tsv.                                                                   
[13:16:09] geNomad marker-classification finished!                                                                                                                          
