╭──────────────────────────────────────────────────────────────────────────────────────────────────────────────────────────────────────────────────────────────────────────╮
│  Executing geNomad find-proviruses (v1.11.2). This will find putative proviral regions within the input sequences.                                                       │
│  ──────────────────────────────────────────────────────────────────────────────────────────────────────────────────────────────────────────────────────────────────────  │
│  Outputs:                                                                                                                                                                │
│    XVP26_find_proviruses                                                                                                                                                 │
│    ├── XVP26_find_proviruses.json (execution parameters)                                                                                                                 │
│    ├── XVP26_provirus.tsv (provirus data)                                                                                                                                │
│    ├── XVP26_provirus.fna (provirus nucleotide sequences)                                                                                                                │
│    ├── XVP26_provirus_proteins.faa (provirus protein sequences)                                                                                                          │
│    ├── XVP26_provirus_genes.tsv (provirus gene annotation data)                                                                                                          │
│    ├── XVP26_provirus_taxonomy.tsv (provirus taxonomic assignment)                                                                                                       │
│    ├── XVP26_provirus_mmseqs2.tsv (MMseqs2 output file)                                                                                                                  │
│    └── XVP26_provirus_aragorn.tsv (Aragorn output file)                                                                                                                  │
╰──────────────────────────────────────────────────────────────────────────────────────────────────────────────────────────────────────────────────────────────────────────╯
[13:16:03] Executing genomad find-proviruses.                                                                                                                               
[13:16:03] Creating the XVP26_find_proviruses directory.                                                                                                                    
[13:16:06] Integrases identified with MMseqs2 and geNomad database (v1.9) were written to XVP26_provirus_mmseqs2.tsv.                                                       
[13:16:06] Deleting XVP26_provirus_mmseqs2.                                                                                                                                 
[13:16:06] Deleting XVP26_provirus_mmseqs2_input.faa.                                                                                                                       
[13:16:07] tRNAs identified with Aragorn were written to XVP26_provirus_aragorn.tsv.                                                                                        
[13:16:07] Deleting XVP26_provirus_aragorn_input.fna.                                                                                                                       
[13:16:07] Provirus regions identified.                                                                                                                                     
[13:16:07] Provirus data was written to XVP26_provirus.tsv.                                                                                                                 
[13:16:07] Provirus nucleotide sequences were written to XVP26_provirus.fna.                                                                                                
[13:16:07] Provirus protein sequences were written to XVP26_provirus_proteins.faa.                                                                                          
[13:16:07] Provirus gene data was written to XVP26_provirus_genes.tsv.                                                                                                      
[13:16:07] Taxonomic assignment data was written to XVP26_provirus_taxonomy.tsv.                                                                                            
[13:16:07] geNomad find-proviruses finished!                                                                                                                                
