╭──────────────────────────────────────────────────────────────────────────────────────────────────────────────────────────────────────────────────────────────────────────╮
│  Executing geNomad nn-classification (v1.11.2). This will classify the input sequences into chromosome, plasmid, or virus based on the nucleotide sequence.              │
│  ──────────────────────────────────────────────────────────────────────────────────────────────────────────────────────────────────────────────────────────────────────  │
│  Outputs:                                                                                                                                                                │
│    XVP26_nn_classification                                                                                                                                               │
│    ├── XVP26_nn_classification.json (execution parameters)                                                                                                               │
│    ├── XVP26_encoded_sequences (directory containing encoded sequence data)                                                                                              │
│    ├── XVP26_nn_classification.tsv (contig classification: tabular format)                                                                                               │
│    ├── XVP26_nn_classification.npz (contig classification: binary format)                                                                                                │
│    ├── XVP26_encoded_proviruses (directory containing encoded sequence data)                                                                                             │
│    ├── XVP26_provirus_nn_classification.tsv (provirus classification: tabular format)                                                                                    │
│    └── XVP26_provirus_nn_classification.npz (provirus classification: binary format)                                                                                     │
╰──────────────────────────────────────────────────────────────────────────────────────────────────────────────────────────────────────────────────────────────────────────╯
[13:16:11] Executing genomad nn-classification.                                                                                                                             
[13:16:11] Creating the XVP26_nn_classification directory.                                                                                                                  
[13:16:11] Creating the XVP26_nn_classification/XVP26_encoded_sequences directory.                                                                                          
[13:16:12] Encoded sequence data written to XVP26_encoded_sequences.                                                                                                        
[13:16:12] Creating the XVP26_nn_classification/XVP26_encoded_proviruses directory.                                                                                         
[13:16:12] Encoded provirus data written to XVP26_encoded_proviruses.                                                                                                       
[13:16:18] Sequences classified.                                                                                                                                            
[13:16:18] Sequence classification in binary format written to XVP26_nn_classification.npz.                                                                                 
[13:16:18] Deleting encoded sequence data.                                                                                                                                  
[13:16:18] Sequence classification in tabular format written to XVP26_nn_classification.tsv.                                                                                
[13:16:20] Proviruses classified.                                                                                                                                           
[13:16:20] Provirus classification in binary format written to XVP26_provirus_nn_classification.npz.                                                                        
[13:16:20] Deleting encoded provirus data.                                                                                                                                  
[13:16:20] Provirus classification in tabular format written to XVP26_provirus_nn_classification.tsv.                                                                       
[13:16:20] geNomad nn-classification finished!                                                                                                                              
