
Running self-nucmer on /data/djs217/PROJECTS/42_Xanthomonas/xanthomonas-euvesicatoria-serbia/03_workdir/files/ATCC_11633.fna
[RUNNING:] nucmer --maxmatch --nosimplify --prefix=seq_seq3498691 /data/djs217/PROJECTS/42_Xanthomonas/xanthomonas-euvesicatoria-serbia/03_workdir/files/ATCC_11633.fna /data/djs217/PROJECTS/42_Xanthomonas/xanthomonas-euvesicatoria-serbia/03_workdir/files/ATCC_11633.fna 2>/dev/null
[RUNNING:] show-coords -r -I 97 -L 75 -T seq_seq3498691.delta | awk '$1 != $3 || $2 != $4 && $8==$9 {print}' > seq_seq3498691.coords

Repeat coords for all references found.
Self-NUCmer complete
==================================================================
Aligning to the reference genome /data/djs217/PROJECTS/42_Xanthomonas/xanthomonas-euvesicatoria-serbia/03_workdir/files/ATCC_11633.fna

Running nucmer on ATCC_11633_ATCC_11633

NUCmer on all reference genomes complete.
==================================================================

runContigNUCmer.pl -r /data/djs217/PROJECTS/42_Xanthomonas/xanthomonas-euvesicatoria-serbia/03_workdir/files/ATCC_11633.fna -q /data/djs217/PROJECTS/42_Xanthomonas/xanthomonas-euvesicatoria-serbia/03_workdir -d /data/djs217/PROJECTS/42_Xanthomonas/xanthomonas-euvesicatoria-serbia/03_workdir/results -l /data/djs217/PROJECTS/42_Xanthomonas/xanthomonas-euvesicatoria-serbia/03_workdir/contigs_list.txt -t 1 -y 2 2>>/data/djs217/PROJECTS/42_Xanthomonas/xanthomonas-euvesicatoria-serbia/03_workdir/results/Xeu.error >> /data/djs217/PROJECTS/42_Xanthomonas/xanthomonas-euvesicatoria-serbia/03_workdir/results/Xeu.log


Using given reference:  /data/djs217/PROJECTS/42_Xanthomonas/xanthomonas-euvesicatoria-serbia/03_workdir/files/ATCC_11633.fna
Running nucmer on ATCC_11633_65XENP1_contig
Running nucmer on ATCC_11633_DOA_1721_contig
Running nucmer on ATCC_11633_DOA_2990_contig
Running nucmer on ATCC_11633_Xe173_contig
Running nucmer on ATCC_11633_86_46_contig
Running nucmer on ATCC_11633_X31_contig
Running nucmer on ATCC_11633_85_10_contig
Running nucmer on ATCC_11633_87_21_contig
Running nucmer on ATCC_11633_Tu_06_contig
Running nucmer on ATCC_11633_85_16_contig
Running nucmer on ATCC_11633_Xcv_DC_96_4_contig
Running nucmer on ATCC_11633_Xcv_DC_97_P3A_contig
Running nucmer on ATCC_11633_Xcv_DC_93_6_contig
Running nucmer on ATCC_11633_VTM15_contig
Running nucmer on ATCC_11633_89_16_contig
Running nucmer on ATCC_11633_72_7_contig
Running nucmer on ATCC_11633_X82_8P_C1_contig
Running nucmer on ATCC_11633_87_7_contig
Running nucmer on ATCC_11633_DOA_2985_contig
Running nucmer on ATCC_11633_X13_contig
Running nucmer on ATCC_11633_Tu_10_contig
Running nucmer on ATCC_11633_E3_contig
Running nucmer on ATCC_11633_VTM12_contig
Running nucmer on ATCC_11633_X82_8P_C5_contig
Running nucmer on ATCC_11633_71_21_contig
Running nucmer on ATCC_11633_Xcv_DC_96_1_contig
Running nucmer on ATCC_11633_LMG_933_contig
Running nucmer on ATCC_11633_66b_contig
Running nucmer on ATCC_11633_FB570_contig
Running nucmer on ATCC_11633_65XENP3_contig
Running nucmer on ATCC_11633_Xv_72_contig
Running nucmer on ATCC_11633_Xcv_DC_93_9_contig
Running nucmer on ATCC_11633_LMG_930_contig
Running nucmer on ATCC_11633_XCVKK_C_4_contig
Running nucmer on ATCC_11633_Xcv_DC_93_7_contig
Running nucmer on ATCC_11633_X82_8P_C6_contig
Running nucmer on ATCC_11633_VTM4_contig
Running nucmer on ATCC_11633_Xcv_DC_93_8_contig
Running nucmer on ATCC_11633_LMG_909_contig
Running nucmer on ATCC_11633_DOA_2989_contig
Running nucmer on ATCC_11633_Xcv_DC_96_5_contig
Running nucmer on ATCC_11633_86_2_contig
Running nucmer on ATCC_11633_VTM10_contig
Running nucmer on ATCC_11633_20HP1595_contig
Running nucmer on ATCC_11633_XCVCP_C_43_contig
Running nucmer on ATCC_11633_20HP1614_contig
Running nucmer on ATCC_11633_LMG_667_contig
Running nucmer on ATCC_11633_86_22_contig
Running nucmer on ATCC_11633_DOA_2983_contig
Running nucmer on ATCC_11633_Xcv_DC_96_2_contig
Running nucmer on ATCC_11633_Xv157_contig
Running nucmer on ATCC_11633_83M_contig
Running nucmer on ATCC_11633_LMG_27970_contig
Running nucmer on ATCC_11633_X22_contig
Running nucmer on ATCC_11633_XVP26_contig
Running nucmer on ATCC_11633_69_24_contig
Running nucmer on ATCC_11633_80_5_contig
Running nucmer on ATCC_11633_Xcv_DC_97_P2A_contig
Running nucmer on ATCC_11633_20HP1594_contig
Running nucmer on ATCC_11633_Xcv_Sspep_92_contig
Running nucmer on ATCC_11633_DOA_2036_contig
Running nucmer on ATCC_11633_XCVKK_C_2_contig
Running nucmer on ATCC_11633_87_13_contig
Running nucmer on ATCC_11633_DOA_1726_contig
Running nucmer on ATCC_11633_20HP1591_contig
Running nucmer on ATCC_11633_20HP1609_2_contig
Running nucmer on ATCC_11633_20HP1613_contig
Running nucmer on ATCC_11633_65XENP2_contig
