
Starting Unicycler (2025-09-22 19:07:47)
----------------------------------------
    Welcome to Unicycler, an assembly pipeline for bacterial genomes. Since you provided only short reads, Unicycler will essentially function as a SPAdes-optimiser. It will try many k-mer sizes, choose the best based on contig length and graph connectivity, and scaffold the graph using SPAdes repeat resolution.
    For more information, please see https://github.com/rrwick/Unicycler

Command: /data/djs217/miniconda3/envs/unicycler_env/bin/unicycler -1 SRR24958750_1_val_1.fq.gz -2 SRR24958750_2_val_2.fq.gz -o SRR24958750.unicycler

Unicycler version: v0.5.1
Using 8 threads

Making output directory:
  /data/djs217/PROJECTS/42_Xanthomonas/xanthomonas-euvesicatoria-serbia/01-genome-de-novo-assembly/SRR24958750.unicycler

Dependencies:
  Program       Version   Status  
  spades.py     4.0.0     good    
  racon                   not used
  makeblastdb   2.16.0+   good    
  tblastn       2.16.0+   good    


Choosing k-mer range for assembly (2025-09-22 19:08:03)
-------------------------------------------------------
    Unicycler chooses a k-mer range for SPAdes based on the length of the input reads. It uses a wide range of many k-mer sizes to maximise the chance of finding an ideal assembly.

SPAdes maximum k-mer: 127
Median read length: 151
K-mer range: 27, 53, 71, 87, 99, 111, 119, 127


SPAdes assemblies (2025-09-22 19:08:19)
---------------------------------------
    Unicycler now uses SPAdes to assemble the short reads. It scores the assembly graph for each k-mer using the number of contigs (fewer is better) and the number of dead ends (fewer is better). The score function is 1/(c*(d+2)), where c is the contig count and d is the dead end count.

spades.py -o /data/djs217/PROJECTS/42_Xanthomonas/xanthomonas-euvesicatoria-serbia/01-genome-de-novo-assembly/SRR24958750.unicycler/spades_assembly -k 27 --threads 8 --gfa11 --isolate -1 /data/djs217/PROJECTS/42_Xanthomonas/xanthomonas-euvesicatoria-serbia/01-genome-de-novo-assembly/SRR24958750_1_val_1.fq.gz -2 /data/djs217/PROJECTS/42_Xanthomonas/xanthomonas-euvesicatoria-serbia/01-genome-de-novo-assembly/SRR24958750_2_val_2.fq.gz -m 1024
