
Running self-nucmer on /data/djs217/PROJECTS/42_Xanthomonas/xanthomonas-euvesicatoria-serbia/01_phylogenomics/02_cluster_6_only/03_workdir/files/Xe173.fna
[RUNNING:] nucmer --maxmatch --nosimplify --prefix=seq_seq370959 /data/djs217/PROJECTS/42_Xanthomonas/xanthomonas-euvesicatoria-serbia/01_phylogenomics/02_cluster_6_only/03_workdir/files/Xe173.fna /data/djs217/PROJECTS/42_Xanthomonas/xanthomonas-euvesicatoria-serbia/01_phylogenomics/02_cluster_6_only/03_workdir/files/Xe173.fna 2>/dev/null
[RUNNING:] show-coords -r -I 97 -L 75 -T seq_seq370959.delta | awk '$1 != $3 || $2 != $4 && $8==$9 {print}' > seq_seq370959.coords

Repeat coords for all references found.
Self-NUCmer complete
==================================================================
Aligning to the reference genome /data/djs217/PROJECTS/42_Xanthomonas/xanthomonas-euvesicatoria-serbia/01_phylogenomics/02_cluster_6_only/03_workdir/files/Xe173.fna

Running nucmer on Xe173_Xe173

NUCmer on all reference genomes complete.
==================================================================

runContigNUCmer.pl -r /data/djs217/PROJECTS/42_Xanthomonas/xanthomonas-euvesicatoria-serbia/01_phylogenomics/02_cluster_6_only/03_workdir/files/Xe173.fna -q /data/djs217/PROJECTS/42_Xanthomonas/xanthomonas-euvesicatoria-serbia/01_phylogenomics/02_cluster_6_only/03_workdir -d /data/djs217/PROJECTS/42_Xanthomonas/xanthomonas-euvesicatoria-serbia/01_phylogenomics/02_cluster_6_only/03_workdir/results -l /data/djs217/PROJECTS/42_Xanthomonas/xanthomonas-euvesicatoria-serbia/01_phylogenomics/02_cluster_6_only/03_workdir/contigs_list.txt -t 1 -y 2 2>>/data/djs217/PROJECTS/42_Xanthomonas/xanthomonas-euvesicatoria-serbia/01_phylogenomics/02_cluster_6_only/03_workdir/results/Xeu_cluster6.error >> /data/djs217/PROJECTS/42_Xanthomonas/xanthomonas-euvesicatoria-serbia/01_phylogenomics/02_cluster_6_only/03_workdir/results/Xeu_cluster6.log


Using given reference:  /data/djs217/PROJECTS/42_Xanthomonas/xanthomonas-euvesicatoria-serbia/01_phylogenomics/02_cluster_6_only/03_workdir/files/Xe173.fna
Running nucmer on Xe173_DOA_1721_contig
Running nucmer on Xe173_Xe173_contig
Running nucmer on Xe173_X31_contig
Running nucmer on Xe173_VTM15_contig
Running nucmer on Xe173_87_7_contig
Running nucmer on Xe173_X13_contig
Running nucmer on Xe173_Tu_10_contig
Running nucmer on Xe173_VTM12_contig
Running nucmer on Xe173_66b_contig
Running nucmer on Xe173_XCVKK_C_4_contig
Running nucmer on Xe173_VTM4_contig
Running nucmer on Xe173_DOA_2989_contig
Running nucmer on Xe173_Xcv_DC_96_5_contig
Running nucmer on Xe173_VTM10_contig
Running nucmer on Xe173_XCVCP_C_43_contig
Running nucmer on Xe173_20HP1614_contig
Running nucmer on Xe173_DOA_2983_contig
Running nucmer on Xe173_X22_contig
Running nucmer on Xe173_20HP1594_contig
Running nucmer on Xe173_DOA_2036_contig
Running nucmer on Xe173_XCVKK_C_2_contig
Running nucmer on Xe173_87_13_contig
Running nucmer on Xe173_DOA_1726_contig
Running nucmer on Xe173_20HP1591_contig
Running nucmer on Xe173_62XEKK5_contig
Running nucmer on Xe173_20HP1608_1_contig
Running nucmer on Xe173_Xcv_DC_97_P1A_contig
Running nucmer on Xe173_DC99P1A1_contig
Running nucmer on Xe173_XCVKK_C_3_contig
Running nucmer on Xe173_DC99P1B1_contig
Running nucmer on Xe173_90_13_contig
Running nucmer on Xe173_69_1_contig
Running nucmer on Xe173_XCVCP_C_51_contig
Running nucmer on Xe173_20HP1597_contig
Running nucmer on Xe173_VTM16_contig
Running nucmer on Xe173_Xcv_DC_96_3_contig
Running nucmer on Xe173_XCVKK_C_5_contig
Running nucmer on Xe173_20HP1615_contig
Running nucmer on Xe173_DOA_2987_contig
Running nucmer on Xe173_20HP1608_2_contig
Running nucmer on Xe173_XCVKK_C_1_contig
NUCmer on all contig/draft genomes complete.

Empty Gap Files: /data/djs217/PROJECTS/42_Xanthomonas/xanthomonas-euvesicatoria-serbia/01_phylogenomics/02_cluster_6_only/03_workdir/results/gaps/Xe173_Xe173_contig.gaps
Empty Gap Files: /data/djs217/PROJECTS/42_Xanthomonas/xanthomonas-euvesicatoria-serbia/01_phylogenomics/02_cluster_6_only/03_workdir/results/gaps/Xe173_Xe173.gaps

buildSNPDB.pl -i /data/djs217/PROJECTS/42_Xanthomonas/xanthomonas-euvesicatoria-serbia/01_phylogenomics/02_cluster_6_only/03_workdir/results -r /data/djs217/PROJECTS/42_Xanthomonas/xanthomonas-euvesicatoria-serbia/01_phylogenomics/02_cluster_6_only/03_workdir/files/Xe173.fna -l /data/djs217/PROJECTS/42_Xanthomonas/xanthomonas-euvesicatoria-serbia/01_phylogenomics/02_cluster_6_only/03_workdir/working_list.txt -p Xeu_cluster6 -c 0 -g 0.1 2>>/data/djs217/PROJECTS/42_Xanthomonas/xanthomonas-euvesicatoria-serbia/01_phylogenomics/02_cluster_6_only/03_workdir/results/Xeu_cluster6.error >> /data/djs217/PROJECTS/42_Xanthomonas/xanthomonas-euvesicatoria-serbia/01_phylogenomics/02_cluster_6_only/03_workdir/results/Xeu_cluster6.log

Reading Gaps file.
X31_contig covered 0.96176 of the Xe173 (<cutoff = 0.1). It will be used to build SNP tree and matrix.
20HP1614_contig covered 0.96528 of the Xe173 (<cutoff = 0.1). It will be used to build SNP tree and matrix.
66b_contig covered 0.99424 of the Xe173 (<cutoff = 0.1). It will be used to build SNP tree and matrix.
Xcv_DC_96_5_contig covered 0.96314 of the Xe173 (<cutoff = 0.1). It will be used to build SNP tree and matrix.
DC99P1B1_contig covered 0.99474 of the Xe173 (<cutoff = 0.1). It will be used to build SNP tree and matrix.
87_13_contig covered 0.99514 of the Xe173 (<cutoff = 0.1). It will be used to build SNP tree and matrix.
DC99P1A1_contig covered 0.99456 of the Xe173 (<cutoff = 0.1). It will be used to build SNP tree and matrix.
VTM4_contig covered 0.96692 of the Xe173 (<cutoff = 0.1). It will be used to build SNP tree and matrix.
20HP1591_contig covered 0.96750 of the Xe173 (<cutoff = 0.1). It will be used to build SNP tree and matrix.
Tu_10_contig covered 0.96549 of the Xe173 (<cutoff = 0.1). It will be used to build SNP tree and matrix.
20HP1615_contig covered 0.96769 of the Xe173 (<cutoff = 0.1). It will be used to build SNP tree and matrix.
XCVCP_C_51_contig covered 0.96702 of the Xe173 (<cutoff = 0.1). It will be used to build SNP tree and matrix.
69_1_contig covered 0.95887 of the Xe173 (<cutoff = 0.1). It will be used to build SNP tree and matrix.
20HP1594_contig covered 0.96683 of the Xe173 (<cutoff = 0.1). It will be used to build SNP tree and matrix.
20HP1608_1_contig covered 0.96528 of the Xe173 (<cutoff = 0.1). It will be used to build SNP tree and matrix.
XCVKK_C_5_contig covered 0.96717 of the Xe173 (<cutoff = 0.1). It will be used to build SNP tree and matrix.
XCVKK_C_3_contig covered 0.96717 of the Xe173 (<cutoff = 0.1). It will be used to build SNP tree and matrix.
DOA_2036_contig covered 0.96720 of the Xe173 (<cutoff = 0.1). It will be used to build SNP tree and matrix.
87_7_contig covered 0.98620 of the Xe173 (<cutoff = 0.1). It will be used to build SNP tree and matrix.
Xcv_DC_97_P1A_contig covered 0.99206 of the Xe173 (<cutoff = 0.1). It will be used to build SNP tree and matrix.
Xcv_DC_96_3_contig covered 0.96219 of the Xe173 (<cutoff = 0.1). It will be used to build SNP tree and matrix.
DOA_2983_contig covered 0.96836 of the Xe173 (<cutoff = 0.1). It will be used to build SNP tree and matrix.
XCVCP_C_43_contig covered 0.96704 of the Xe173 (<cutoff = 0.1). It will be used to build SNP tree and matrix.
62XEKK5_contig covered 0.96706 of the Xe173 (<cutoff = 0.1). It will be used to build SNP tree and matrix.
X13_contig covered 0.99009 of the Xe173 (<cutoff = 0.1). It will be used to build SNP tree and matrix.
VTM15_contig covered 0.96849 of the Xe173 (<cutoff = 0.1). It will be used to build SNP tree and matrix.
DOA_1726_contig covered 0.96693 of the Xe173 (<cutoff = 0.1). It will be used to build SNP tree and matrix.
XCVKK_C_4_contig covered 0.96706 of the Xe173 (<cutoff = 0.1). It will be used to build SNP tree and matrix.
REPEATS covered 0.97675 of the Xe173 (<cutoff = 0.1). It will be used to build SNP tree and matrix.
X22_contig covered 0.96298 of the Xe173 (<cutoff = 0.1). It will be used to build SNP tree and matrix.
DOA_1721_contig covered 0.96650 of the Xe173 (<cutoff = 0.1). It will be used to build SNP tree and matrix.
XCVKK_C_2_contig covered 0.96717 of the Xe173 (<cutoff = 0.1). It will be used to build SNP tree and matrix.
DOA_2987_contig covered 0.96742 of the Xe173 (<cutoff = 0.1). It will be used to build SNP tree and matrix.
VTM10_contig covered 0.96848 of the Xe173 (<cutoff = 0.1). It will be used to build SNP tree and matrix.
20HP1608_2_contig covered 0.96538 of the Xe173 (<cutoff = 0.1). It will be used to build SNP tree and matrix.
90_13_contig covered 0.99191 of the Xe173 (<cutoff = 0.1). It will be used to build SNP tree and matrix.
20HP1597_contig covered 0.96773 of the Xe173 (<cutoff = 0.1). It will be used to build SNP tree and matrix.
DOA_2989_contig covered 0.96820 of the Xe173 (<cutoff = 0.1). It will be used to build SNP tree and matrix.
VTM12_contig covered 0.96851 of the Xe173 (<cutoff = 0.1). It will be used to build SNP tree and matrix.
XCVKK_C_1_contig covered 0.96710 of the Xe173 (<cutoff = 0.1). It will be used to build SNP tree and matrix.
VTM16_contig covered 0.96675 of the Xe173 (<cutoff = 0.1). It will be used to build SNP tree and matrix.
Printing Summary Statistics.
Creating SNP alignment.
Creating SNP stats file. 
SNP alignment complete.
Reconstructing phylogeny using FastTree
export OMP_NUM_THREADS=1; FastTree -quiet -nt -gtr < /data/djs217/PROJECTS/42_Xanthomonas/xanthomonas-euvesicatoria-serbia/01_phylogenomics/02_cluster_6_only/03_workdir/results/Xeu_cluster6_all_snp_alignment.fna > /data/djs217/PROJECTS/42_Xanthomonas/xanthomonas-euvesicatoria-serbia/01_phylogenomics/02_cluster_6_only/03_workdir/results/Xeu_cluster6_all.fasttree 2>>/data/djs217/PROJECTS/42_Xanthomonas/xanthomonas-euvesicatoria-serbia/01_phylogenomics/02_cluster_6_only/03_workdir/results/Xeu_cluster6.error 

Tree phylogeny complete.
